Archive member included to satisfy reference by file (symbol)

c:/progra~2/gnuarm~1/102021~1.10/bin/../lib/gcc/arm-none-eabi/10.3.1/thumb/v6-m/nofp\libgcc.a(_dvmd_tls.o)
                              CMakeFiles/pio-bdm.dir/C_/Pico/pico-sdk/src/rp2_common/pico_divider/divider.S.obj (__aeabi_idiv0)
c:/progra~2/gnuarm~1/102021~1.10/bin/../lib/gcc/arm-none-eabi/10.3.1/../../../../arm-none-eabi/lib/thumb/v6-m/nofp\libg.a(lib_a-calloc.o)
                              CMakeFiles/pio-bdm.dir/C_/Pico/pico-sdk/src/rp2_common/pico_malloc/pico_malloc.c.obj (calloc)
c:/progra~2/gnuarm~1/102021~1.10/bin/../lib/gcc/arm-none-eabi/10.3.1/../../../../arm-none-eabi/lib/thumb/v6-m/nofp\libg.a(lib_a-callocr.o)
                              c:/progra~2/gnuarm~1/102021~1.10/bin/../lib/gcc/arm-none-eabi/10.3.1/../../../../arm-none-eabi/lib/thumb/v6-m/nofp\libg.a(lib_a-calloc.o) (_calloc_r)
c:/progra~2/gnuarm~1/102021~1.10/bin/../lib/gcc/arm-none-eabi/10.3.1/../../../../arm-none-eabi/lib/thumb/v6-m/nofp\libg.a(lib_a-ctype_.o)
                              CMakeFiles/pio-bdm.dir/C_/Pico/pico-sdk/lib/tinyusb/src/tusb.c.obj (_ctype_)
c:/progra~2/gnuarm~1/102021~1.10/bin/../lib/gcc/arm-none-eabi/10.3.1/../../../../arm-none-eabi/lib/thumb/v6-m/nofp\libg.a(lib_a-errno.o)
                              c:/progra~2/gnuarm~1/102021~1.10/bin/../lib/gcc/arm-none-eabi/10.3.1/../../../../arm-none-eabi/lib/thumb/v6-m/nofp\libg.a(lib_a-callocr.o) (__errno)
c:/progra~2/gnuarm~1/102021~1.10/bin/../lib/gcc/arm-none-eabi/10.3.1/../../../../arm-none-eabi/lib/thumb/v6-m/nofp\libg.a(lib_a-impure.o)
                              c:/progra~2/gnuarm~1/102021~1.10/bin/../lib/gcc/arm-none-eabi/10.3.1/../../../../arm-none-eabi/lib/thumb/v6-m/nofp\libg.a(lib_a-calloc.o) (_impure_ptr)
c:/progra~2/gnuarm~1/102021~1.10/bin/../lib/gcc/arm-none-eabi/10.3.1/../../../../arm-none-eabi/lib/thumb/v6-m/nofp\libg.a(lib_a-init.o)
                              c:/progra~2/gnuarm~1/102021~1.10/bin/../lib/gcc/arm-none-eabi/10.3.1/../../../../arm-none-eabi/lib/thumb/v6-m/nofp/crt0.o (__libc_init_array)
c:/progra~2/gnuarm~1/102021~1.10/bin/../lib/gcc/arm-none-eabi/10.3.1/../../../../arm-none-eabi/lib/thumb/v6-m/nofp\libg.a(lib_a-malloc.o)
                              CMakeFiles/pio-bdm.dir/C_/Pico/pico-sdk/src/rp2_common/pico_malloc/pico_malloc.c.obj (malloc)
c:/progra~2/gnuarm~1/102021~1.10/bin/../lib/gcc/arm-none-eabi/10.3.1/../../../../arm-none-eabi/lib/thumb/v6-m/nofp\libg.a(lib_a-mallocr.o)
                              c:/progra~2/gnuarm~1/102021~1.10/bin/../lib/gcc/arm-none-eabi/10.3.1/../../../../arm-none-eabi/lib/thumb/v6-m/nofp\libg.a(lib_a-callocr.o) (_malloc_r)
c:/progra~2/gnuarm~1/102021~1.10/bin/../lib/gcc/arm-none-eabi/10.3.1/../../../../arm-none-eabi/lib/thumb/v6-m/nofp\libg.a(lib_a-mlock.o)
                              c:/progra~2/gnuarm~1/102021~1.10/bin/../lib/gcc/arm-none-eabi/10.3.1/../../../../arm-none-eabi/lib/thumb/v6-m/nofp\libg.a(lib_a-mallocr.o) (__malloc_lock)
c:/progra~2/gnuarm~1/102021~1.10/bin/../lib/gcc/arm-none-eabi/10.3.1/../../../../arm-none-eabi/lib/thumb/v6-m/nofp\libg.a(lib_a-realloc.o)
                              CMakeFiles/pio-bdm.dir/C_/Pico/pico-sdk/src/rp2_common/pico_malloc/pico_malloc.c.obj (realloc)
c:/progra~2/gnuarm~1/102021~1.10/bin/../lib/gcc/arm-none-eabi/10.3.1/../../../../arm-none-eabi/lib/thumb/v6-m/nofp\libg.a(lib_a-reallocr.o)
                              c:/progra~2/gnuarm~1/102021~1.10/bin/../lib/gcc/arm-none-eabi/10.3.1/../../../../arm-none-eabi/lib/thumb/v6-m/nofp\libg.a(lib_a-realloc.o) (_realloc_r)
c:/progra~2/gnuarm~1/102021~1.10/bin/../lib/gcc/arm-none-eabi/10.3.1/../../../../arm-none-eabi/lib/thumb/v6-m/nofp\libg.a(lib_a-sbrkr.o)
                              c:/progra~2/gnuarm~1/102021~1.10/bin/../lib/gcc/arm-none-eabi/10.3.1/../../../../arm-none-eabi/lib/thumb/v6-m/nofp\libg.a(lib_a-mallocr.o) (_sbrk_r)
c:/progra~2/gnuarm~1/102021~1.10/bin/../lib/gcc/arm-none-eabi/10.3.1/../../../../arm-none-eabi/lib/thumb/v6-m/nofp\libg.a(lib_a-scanf.o)
                              CMakeFiles/pio-bdm.dir/functions.c.obj (scanf)
c:/progra~2/gnuarm~1/102021~1.10/bin/../lib/gcc/arm-none-eabi/10.3.1/../../../../arm-none-eabi/lib/thumb/v6-m/nofp\libg.a(lib_a-strlen-stub.o)
                              CMakeFiles/pio-bdm.dir/main.c.obj (strlen)
c:/progra~2/gnuarm~1/102021~1.10/bin/../lib/gcc/arm-none-eabi/10.3.1/../../../../arm-none-eabi/lib/thumb/v6-m/nofp\libg.a(lib_a-strtok_r.o)
                              CMakeFiles/pio-bdm.dir/main.c.obj (strtok_r)
c:/progra~2/gnuarm~1/102021~1.10/bin/../lib/gcc/arm-none-eabi/10.3.1/../../../../arm-none-eabi/lib/thumb/v6-m/nofp\libg.a(lib_a-strtol.o)
                              CMakeFiles/pio-bdm.dir/functions.c.obj (strtol)
c:/progra~2/gnuarm~1/102021~1.10/bin/../lib/gcc/arm-none-eabi/10.3.1/../../../../arm-none-eabi/lib/thumb/v6-m/nofp\libg.a(lib_a-vfscanf.o)
[...]
Memory Configuration

Name             Origin             Length             Attributes
FLASH            0x10000000         0x00200000         xr
RAM              0x20000000         0x00040000         xrw
SCRATCH_X        0x20040000         0x00001000         xrw
SCRATCH_Y        0x20041000         0x00001000         xrw
*default*        0x00000000         0xffffffff

Linker script and memory map

LOAD c:/progra~2/gnuarm~1/102021~1.10/bin/../lib/gcc/arm-none-eabi/10.3.1/thumb/v6-m/nofp/crti.o
LOAD c:/progra~2/gnuarm~1/102021~1.10/bin/../lib/gcc/arm-none-eabi/10.3.1/thumb/v6-m/nofp/crtbegin.o
LOAD c:/progra~2/gnuarm~1/102021~1.10/bin/../lib/gcc/arm-none-eabi/10.3.1/../../../../arm-none-eabi/lib/thumb/v6-m/nofp/crt0.o

.flash_begin    0x10000000        0x0
                0x10000000                __flash_binary_start = .

.boot2          0x10000000      0x100
                0x10000000                __boot2_start__ = .
 *(.boot2)
 .boot2         0x10000000      0x100 C:\Users\Lori\AppData\Local\Temp\ccOQ0xZK.o
                0x10000100                __boot2_end__ = .
                0x00000001                ASSERT (((__boot2_end__ - __boot2_start__) == 0x100), ERROR: Pico second stage bootloader must be 256 bytes in size)

.text           0x10000100     0xe0d8
                0x10000100                __logical_binary_start = .
 *(.vectors)
 .vectors       0x10000100       0xd4 CMakeFiles/pio-bdm.dir/C_/Pico/pico-sdk/src/rp2_common/pico_standard_link/crt0.S.obj
                0x10000100                __VECTOR_TABLE
                0x10000100                __vectors
                0x100001c0                isr_invalid
                0x100001c0                __default_isrs_start
                0x100001c2                isr_nmi
                0x100001c4                isr_hardfault
                0x100001c6                isr_svcall
                0x100001c8                isr_pendsv
                0x100001ca                isr_systick
                0x100001cc                isr_irq23
                0x100001cc                isr_irq18
                0x100001cc                isr_irq11
                0x100001cc                isr_irq28
                0x100001cc                isr_irq19
                0x100001cc                isr_irq0
                0x100001cc                isr_irq6
                0x100001cc                isr_irq5
                0x100001cc                isr_irq12
                0x100001cc                isr_irq22
                0x100001cc                isr_irq31
                0x100001cc                isr_irq17
                0x100001cc                isr_irq27
                0x100001cc                isr_irq30
                0x100001cc                isr_irq2
                0x100001cc                isr_irq10
                0x100001cc                isr_irq8
                0x100001cc                isr_irq24
                0x100001cc                isr_irq1
                0x100001cc                isr_irq7
                0x100001cc                isr_irq21
                0x100001cc                isr_irq20
                0x100001cc                isr_irq15
                0x100001cc                isr_irq25
                0x100001cc                isr_irq13
                0x100001cc                __unhandled_user_irq
                0x100001cc                isr_irq4
                0x100001cc                isr_irq16
                0x100001cc                isr_irq29
                0x100001cc                isr_irq26
                0x100001cc                __default_isrs_end
                0x100001cc                isr_irq3
                0x100001cc                isr_irq14
                0x100001cc                isr_irq9
                0x100001d2                unhandled_user_irq_num_in_r0
 *(.binary_info_header)
 .binary_info_header
                0x100001d4       0x14 CMakeFiles/pio-bdm.dir/C_/Pico/pico-sdk/src/rp2_common/pico_standard_link/crt0.S.obj
                0x100001e8                __binary_info_header_end = .
 *(.reset)
 .reset         0x100001e8       0xa8 CMakeFiles/pio-bdm.dir/C_/Pico/pico-sdk/src/rp2_common/pico_standard_link/crt0.S.obj
                0x100001e8                _entry_point
                0x10000266                __get_current_exception
 .reset         0x10000290       0x30 CMakeFiles/pio-bdm.dir/C_/Pico/pico-sdk/src/rp2_common/pico_standard_link/binary_info.c.obj
 *(.init)
 .init          0x100002c0        0x4 c:/progra~2/gnuarm~1/102021~1.10/bin/../lib/gcc/arm-none-eabi/10.3.1/thumb/v6-m/nofp/crti.o
                0x100002c0                _init
 *(EXCLUDE_FILE(*libm.a: *libc.a:*lib_a-mem*.o *libgcc.a:) .text*)
 .text          0x100002c4       0x48 c:/progra~2/gnuarm~1/102021~1.10/bin/../lib/gcc/arm-none-eabi/10.3.1/thumb/v6-m/nofp/crtbegin.o
 .text.main     0x1000030c      0x1d8 CMakeFiles/pio-bdm.dir/main.c.obj
                0x1000030c                main
 .text.is_input_data_valid
                0x100004e4       0x3c CMakeFiles/pio-bdm.dir/functions.c.obj
                0x100004e4                is_input_data_valid
 .text.is_output_data_valid
                0x10000520       0x3c CMakeFiles/pio-bdm.dir/functions.c.obj
                0x10000520                is_output_data_valid
 .text.convert_to_hex
                0x1000055c        0xc CMakeFiles/pio-bdm.dir/functions.c.obj
                0x1000055c                convert_to_hex
 .text.is_command_valid
                0x10000568       0x58 CMakeFiles/pio-bdm.dir/functions.c.obj
                0x10000568                is_command_valid
 .text.get_delay_position
                0x100005c0       0x70 CMakeFiles/pio-bdm.dir/functions.c.obj
                0x100005c0                get_delay_position
 .text.get_string
                0x10000630       0x4c CMakeFiles/pio-bdm.dir/functions.c.obj
                0x10000630                get_string
 .text.bdm_out_program_init
                0x1000067c      0x170 CMakeFiles/pio-bdm.dir/pio_functions.c.obj
                0x1000067c                bdm_out_program_init
 .text.bdm_in_program_init
                0x100007ec      0x164 CMakeFiles/pio-bdm.dir/pio_functions.c.obj
                0x100007ec                bdm_in_program_init
 .text.bdm_delay_program_init
                0x10000950      0x110 CMakeFiles/pio-bdm.dir/pio_functions.c.obj
                0x10000950                bdm_delay_program_init
 .text.measure_freqs
                0x10000a60       0xb8 CMakeFiles/pio-bdm.dir/pio_functions.c.obj
                0x10000a60                measure_freqs
 .text.get_pio_clk_div
                0x10000b18       0x16 CMakeFiles/pio-bdm.dir/pio_functions.c.obj
                0x10000b18                get_pio_clk_div
 *fill*         0x10000b2e        0x2 
 .text.start_usb_connection
                0x10000b30       0x28 CMakeFiles/pio-bdm.dir/pio_functions.c.obj
                0x10000b30                start_usb_connection
 .text.put_tx_fifo
                0x10000b58       0x26 CMakeFiles/pio-bdm.dir/pio_functions.c.obj
                0x10000b58                put_tx_fifo
 .text.wait_end_operation
                0x10000b7e       0x12 CMakeFiles/pio-bdm.dir/pio_functions.c.obj
                0x10000b7e                wait_end_operation
 .text.pio_init
                0x10000b90       0x38 CMakeFiles/pio-bdm.dir/pio_functions.c.obj
                0x10000b90                pio_init
 .text.pio_data_out
                0x10000bc8       0x5c CMakeFiles/pio-bdm.dir/pio_functions.c.obj
                0x10000bc8                pio_data_out
 .text.pio_data_in
                0x10000c24       0x64 CMakeFiles/pio-bdm.dir/pio_functions.c.obj
                0x10000c24                pio_data_in
 .text.delay    0x10000c88       0x64 CMakeFiles/pio-bdm.dir/pio_functions.c.obj
                0x10000c88                delay
 .text.set_sys_clock_pll
                0x10000cec       0x78 CMakeFiles/pio-bdm.dir/C_/Pico/pico-sdk/src/rp2_common/pico_stdlib/stdlib.c.obj
                0x10000cec                set_sys_clock_pll
 .text.gpio_set_function
                0x10000d64       0x30 CMakeFiles/pio-bdm.dir/C_/Pico/pico-sdk/src/rp2_common/hardware_gpio/gpio.c.obj
                0x10000d64                gpio_set_function
 .text.gpio_set_pulls
                0x10000d94       0x34 CMakeFiles/pio-bdm.dir/C_/Pico/pico-sdk/src/rp2_common/hardware_gpio/gpio.c.obj
                0x10000d94                gpio_set_pulls
 .text.gpio_set_oeover
                0x10000dc8       0x24 CMakeFiles/pio-bdm.dir/C_/Pico/pico-sdk/src/rp2_common/hardware_gpio/gpio.c.obj
                0x10000dc8                gpio_set_oeover
 .text.hw_claim_lock
                0x10000dec       0x18 CMakeFiles/pio-bdm.dir/C_/Pico/pico-sdk/src/rp2_common/hardware_claim/claim.c.obj
                0x10000dec                hw_claim_lock
 .text.hw_claim_unlock
                0x10000e04       0x14 CMakeFiles/pio-bdm.dir/C_/Pico/pico-sdk/src/rp2_common/hardware_claim/claim.c.obj
                0x10000e04                hw_claim_unlock
 .text.hw_claim_or_assert
                0x10000e18       0x32 CMakeFiles/pio-bdm.dir/C_/Pico/pico-sdk/src/rp2_common/hardware_claim/claim.c.obj
                0x10000e18                hw_claim_or_assert
 .text.hw_claim_unused_from_range
                0x10000e4a       0x50 CMakeFiles/pio-bdm.dir/C_/Pico/pico-sdk/src/rp2_common/hardware_claim/claim.c.obj
                0x10000e4a                hw_claim_unused_from_range
 *fill*         0x10000e9a        0x2 
 .text.running_on_fpga
                0x10000e9c       0x14 CMakeFiles/pio-bdm.dir/C_/Pico/pico-sdk/src/rp2_common/pico_platform/platform.c.obj
                0x10000e9c                running_on_fpga
 .text.spin_locks_reset
                0x10000eb0       0x20 CMakeFiles/pio-bdm.dir/C_/Pico/pico-sdk/src/rp2_common/hardware_sync/sync.c.obj
                0x10000eb0                spin_locks_reset
 .text.next_striped_spin_lock_num
                0x10000ed0       0x1c CMakeFiles/pio-bdm.dir/C_/Pico/pico-sdk/src/rp2_common/hardware_sync/sync.c.obj
                0x10000ed0                next_striped_spin_lock_num
 .text.spin_lock_claim_unused
                0x10000eec       0x20 CMakeFiles/pio-bdm.dir/C_/Pico/pico-sdk/src/rp2_common/hardware_sync/sync.c.obj
                0x10000eec                spin_lock_claim_unused
 .text.set_raw_irq_handler_and_unlock
                0x10000f0c       0x28 CMakeFiles/pio-bdm.dir/C_/Pico/pico-sdk/src/rp2_common/hardware_irq/irq.c.obj
 .text.make_branch
                0x10000f34       0x48 CMakeFiles/pio-bdm.dir/C_/Pico/pico-sdk/src/rp2_common/hardware_irq/irq.c.obj
 .text.insert_branch_and_link
                0x10000f7c       0x40 CMakeFiles/pio-bdm.dir/C_/Pico/pico-sdk/src/rp2_common/hardware_irq/irq.c.obj
 .text.irq_is_enabled
                0x10000fbc       0x18 CMakeFiles/pio-bdm.dir/C_/Pico/pico-sdk/src/rp2_common/hardware_irq/irq.c.obj
                0x10000fbc                irq_is_enabled
 .text.irq_set_mask_enabled
                0x10000fd4       0x20 CMakeFiles/pio-bdm.dir/C_/Pico/pico-sdk/src/rp2_common/hardware_irq/irq.c.obj
                0x10000fd4                irq_set_mask_enabled
 .text.irq_set_enabled
                0x10000ff4        0xe CMakeFiles/pio-bdm.dir/C_/Pico/pico-sdk/src/rp2_common/hardware_irq/irq.c.obj
                0x10000ff4                irq_set_enabled
 *fill*         0x10001002        0x2 
 .text.irq_set_pending
                0x10001004       0x10 CMakeFiles/pio-bdm.dir/C_/Pico/pico-sdk/src/rp2_common/hardware_irq/irq.c.obj
                0x10001004                irq_set_pending
 .text.irq_get_vtable_handler
                0x10001014       0x10 CMakeFiles/pio-bdm.dir/C_/Pico/pico-sdk/src/rp2_common/hardware_irq/irq.c.obj
                0x10001014                irq_get_vtable_handler
 .text.irq_has_shared_handler
                0x10001024       0x24 CMakeFiles/pio-bdm.dir/C_/Pico/pico-sdk/src/rp2_common/hardware_irq/irq.c.obj
                0x10001024                irq_has_shared_handler
 .text.irq_set_exclusive_handler
                0x10001048       0x54 CMakeFiles/pio-bdm.dir/C_/Pico/pico-sdk/src/rp2_common/hardware_irq/irq.c.obj
                0x10001048                irq_set_exclusive_handler
 .text.irq_add_shared_handler
                0x1000109c      0x230 CMakeFiles/pio-bdm.dir/C_/Pico/pico-sdk/src/rp2_common/hardware_irq/irq.c.obj
                0x1000109c                irq_add_shared_handler
 .text.irq_remove_handler
                0x100012cc      0x1a8 CMakeFiles/pio-bdm.dir/C_/Pico/pico-sdk/src/rp2_common/hardware_irq/irq.c.obj
                0x100012cc                irq_remove_handler
 .text.irq_add_tail_to_free_list
                0x10001474       0xf0 CMakeFiles/pio-bdm.dir/C_/Pico/pico-sdk/src/rp2_common/hardware_irq/irq.c.obj
                0x10001474                irq_add_tail_to_free_list
 .text.irq_init_priorities
                0x10001564       0x1c CMakeFiles/pio-bdm.dir/C_/Pico/pico-sdk/src/rp2_common/hardware_irq/irq.c.obj
                0x10001564                irq_init_priorities
 .text.user_irq_claim_unused
                0x10001580       0x30 CMakeFiles/pio-bdm.dir/C_/Pico/pico-sdk/src/rp2_common/hardware_irq/irq.c.obj
                0x10001580                user_irq_claim_unused
 .text.lock_init
                0x100015b0       0x10 CMakeFiles/pio-bdm.dir/C_/Pico/pico-sdk/src/common/pico_sync/lock_core.c.obj
                0x100015b0                lock_init
 .text.alarm_pool_post_alloc_init
                0x100015c0       0x40 CMakeFiles/pio-bdm.dir/C_/Pico/pico-sdk/src/common/pico_time/time.c.obj
 .text.sleep_until_callback
                0x10001600       0x30 CMakeFiles/pio-bdm.dir/C_/Pico/pico-sdk/src/common/pico_time/time.c.obj
 .text.timer_pool_entry_comparator
                0x10001630       0x7c CMakeFiles/pio-bdm.dir/C_/Pico/pico-sdk/src/common/pico_time/time.c.obj
                0x10001630                timer_pool_entry_comparator
 .text.ph_add_child_node
                0x100016ac       0xa4 CMakeFiles/pio-bdm.dir/C_/Pico/pico-sdk/src/common/pico_time/time.c.obj
 .text.ph_merge_nodes
                0x10001750       0x3e CMakeFiles/pio-bdm.dir/C_/Pico/pico-sdk/src/common/pico_time/time.c.obj
 *fill*         0x1000178e        0x2 
 .text.add_alarm_under_lock
                0x10001790      0x174 CMakeFiles/pio-bdm.dir/C_/Pico/pico-sdk/src/common/pico_time/time.c.obj
 .text.alarm_pool_alarm_callback
                0x10001904      0x328 CMakeFiles/pio-bdm.dir/C_/Pico/pico-sdk/src/common/pico_time/time.c.obj
 .text.alarm_pool_init_default
                0x10001c2c       0x38 CMakeFiles/pio-bdm.dir/C_/Pico/pico-sdk/src/common/pico_time/time.c.obj
                0x10001c2c                alarm_pool_init_default
 .text.alarm_pool_get_default
                0x10001c64       0x2c CMakeFiles/pio-bdm.dir/C_/Pico/pico-sdk/src/common/pico_time/time.c.obj
                0x10001c64                alarm_pool_get_default
 .text.alarm_pool_add_alarm_at
                0x10001c90      0x170 CMakeFiles/pio-bdm.dir/C_/Pico/pico-sdk/src/common/pico_time/time.c.obj
                0x10001c90                alarm_pool_add_alarm_at
 .text.alarm_pool_cancel_alarm
                0x10001e00       0xf0 CMakeFiles/pio-bdm.dir/C_/Pico/pico-sdk/src/common/pico_time/time.c.obj
                0x10001e00                alarm_pool_cancel_alarm
 .text.sleep_until
                0x10001ef0       0xfc CMakeFiles/pio-bdm.dir/C_/Pico/pico-sdk/src/common/pico_time/time.c.obj
                0x10001ef0                sleep_until
 .text.sleep_us
                0x10001fec       0x58 CMakeFiles/pio-bdm.dir/C_/Pico/pico-sdk/src/common/pico_time/time.c.obj
                0x10001fec                sleep_us
 .text.sleep_ms
                0x10002044       0x14 CMakeFiles/pio-bdm.dir/C_/Pico/pico-sdk/src/common/pico_time/time.c.obj
                0x10002044                sleep_ms
 .text.best_effort_wfe_or_timeout
                0x10002058       0x80 CMakeFiles/pio-bdm.dir/C_/Pico/pico-sdk/src/common/pico_time/time.c.obj
                0x10002058                best_effort_wfe_or_timeout
 .text.hardware_alarm_irq_handler
                0x100020d8       0x8c CMakeFiles/pio-bdm.dir/C_/Pico/pico-sdk/src/rp2_common/hardware_timer/timer.c.obj
 .text.hardware_alarm_claim
                0x10002164       0x18 CMakeFiles/pio-bdm.dir/C_/Pico/pico-sdk/src/rp2_common/hardware_timer/timer.c.obj
                0x10002164                hardware_alarm_claim
 .text.time_us_64
                0x1000217c       0x18 CMakeFiles/pio-bdm.dir/C_/Pico/pico-sdk/src/rp2_common/hardware_timer/timer.c.obj
                0x1000217c                time_us_64
 .text.busy_wait_until
                0x10002194       0x28 CMakeFiles/pio-bdm.dir/C_/Pico/pico-sdk/src/rp2_common/hardware_timer/timer.c.obj
                0x10002194                busy_wait_until
 .text.busy_wait_us
                0x100021bc       0x48 CMakeFiles/pio-bdm.dir/C_/Pico/pico-sdk/src/rp2_common/hardware_timer/timer.c.obj
                0x100021bc                busy_wait_us
 .text.hardware_alarm_set_callback
                0x10002204       0x90 CMakeFiles/pio-bdm.dir/C_/Pico/pico-sdk/src/rp2_common/hardware_timer/timer.c.obj
                0x10002204                hardware_alarm_set_callback
 .text.hardware_alarm_set_target
                0x10002294       0xe8 CMakeFiles/pio-bdm.dir/C_/Pico/pico-sdk/src/rp2_common/hardware_timer/timer.c.obj
                0x10002294                hardware_alarm_set_target
 .text.hardware_alarm_cancel
                0x1000237c       0x40 CMakeFiles/pio-bdm.dir/C_/Pico/pico-sdk/src/rp2_common/hardware_timer/timer.c.obj
                0x1000237c                hardware_alarm_cancel
 .text.ph_add_child_node
                0x100023bc       0xa4 CMakeFiles/pio-bdm.dir/C_/Pico/pico-sdk/src/common/pico_util/pheap.c.obj
 .text.ph_merge_nodes
                0x10002460       0x3e CMakeFiles/pio-bdm.dir/C_/Pico/pico-sdk/src/common/pico_util/pheap.c.obj
 *fill*         0x1000249e        0x2 
 .text.ph_clear
                0x100024a0       0x70 CMakeFiles/pio-bdm.dir/C_/Pico/pico-sdk/src/common/pico_util/pheap.c.obj
                0x100024a0                ph_clear
 .text.ph_post_alloc_init
                0x10002510        0xe CMakeFiles/pio-bdm.dir/C_/Pico/pico-sdk/src/common/pico_util/pheap.c.obj
                0x10002510                ph_post_alloc_init
 *fill*         0x1000251e        0x2 
 .text.ph_merge_two_pass
                0x10002520       0xa8 CMakeFiles/pio-bdm.dir/C_/Pico/pico-sdk/src/common/pico_util/pheap.c.obj
                0x10002520                ph_merge_two_pass
 .text.ph_remove_any_head
                0x100025c8      0x108 CMakeFiles/pio-bdm.dir/C_/Pico/pico-sdk/src/common/pico_util/pheap.c.obj
 .text.ph_remove_head
                0x100026d0       0x14 CMakeFiles/pio-bdm.dir/C_/Pico/pico-sdk/src/common/pico_util/pheap.c.obj
                0x100026d0                ph_remove_head
 .text.ph_remove_and_free_node
                0x100026e4       0xf8 CMakeFiles/pio-bdm.dir/C_/Pico/pico-sdk/src/common/pico_util/pheap.c.obj
                0x100026e4                ph_remove_and_free_node
 .text.mutex_init
                0x100027dc       0x1a CMakeFiles/pio-bdm.dir/C_/Pico/pico-sdk/src/common/pico_sync/mutex.c.obj
                0x100027dc                mutex_init
 .text.recursive_mutex_init
                0x100027f6       0x1e CMakeFiles/pio-bdm.dir/C_/Pico/pico-sdk/src/common/pico_sync/mutex.c.obj
                0x100027f6                recursive_mutex_init
 .text.critical_section_init_with_lock_num
                0x10002814       0x14 CMakeFiles/pio-bdm.dir/C_/Pico/pico-sdk/src/common/pico_sync/critical_section.c.obj
                0x10002814                critical_section_init_with_lock_num
 .text.critical_section_init
                0x10002828       0x14 CMakeFiles/pio-bdm.dir/C_/Pico/pico-sdk/src/common/pico_sync/critical_section.c.obj
                0x10002828                critical_section_init
 .text._exit    0x1000283c        0x4 CMakeFiles/pio-bdm.dir/C_/Pico/pico-sdk/src/rp2_common/pico_runtime/runtime.c.obj
                0x1000283c                _exit
 .text._sbrk    0x10002840       0x38 CMakeFiles/pio-bdm.dir/C_/Pico/pico-sdk/src/rp2_common/pico_runtime/runtime.c.obj
                0x10002840                _sbrk
 .text.exit     0x10002878        0x6 CMakeFiles/pio-bdm.dir/C_/Pico/pico-sdk/src/rp2_common/pico_runtime/runtime.c.obj
                0x10002878                exit
 *fill*         0x1000287e        0x2 
 .text.__assert_func
                0x10002880       0x3c CMakeFiles/pio-bdm.dir/C_/Pico/pico-sdk/src/rp2_common/pico_runtime/runtime.c.obj
                0x10002880                __assert_func
 .text.runtime_init
                0x100028bc       0xf8 CMakeFiles/pio-bdm.dir/C_/Pico/pico-sdk/src/rp2_common/pico_runtime/runtime.c.obj
                0x100028bc                runtime_init
 .text.panic    0x100029b4       0x30 CMakeFiles/pio-bdm.dir/C_/Pico/pico-sdk/src/rp2_common/pico_runtime/runtime.c.obj
                0x100029b4                panic
 .text.clock_configure
                0x100029e4      0x104 CMakeFiles/pio-bdm.dir/C_/Pico/pico-sdk/src/rp2_common/hardware_clocks/clocks.c.obj
                0x100029e4                clock_configure
 .text.clocks_init
                0x10002ae8      0x100 CMakeFiles/pio-bdm.dir/C_/Pico/pico-sdk/src/rp2_common/hardware_clocks/clocks.c.obj
                0x10002ae8                clocks_init
 .text.clock_get_hz
                0x10002be8        0xc CMakeFiles/pio-bdm.dir/C_/Pico/pico-sdk/src/rp2_common/hardware_clocks/clocks.c.obj
                0x10002be8                clock_get_hz
 .text.frequency_count_khz
                0x10002bf4       0x40 CMakeFiles/pio-bdm.dir/C_/Pico/pico-sdk/src/rp2_common/hardware_clocks/clocks.c.obj
                0x10002bf4                frequency_count_khz
 .text.pll_init
                0x10002c34      0x140 CMakeFiles/pio-bdm.dir/C_/Pico/pico-sdk/src/rp2_common/hardware_pll/pll.c.obj
                0x10002c34                pll_init
 .text.watchdog_start_tick
                0x10002d74       0x10 CMakeFiles/pio-bdm.dir/C_/Pico/pico-sdk/src/rp2_common/hardware_watchdog/watchdog.c.obj
                0x10002d74                watchdog_start_tick
 .text.watchdog_update
                0x10002d84       0x14 CMakeFiles/pio-bdm.dir/C_/Pico/pico-sdk/src/rp2_common/hardware_watchdog/watchdog.c.obj
                0x10002d84                watchdog_update
 .text._watchdog_enable
                0x10002d98       0x78 CMakeFiles/pio-bdm.dir/C_/Pico/pico-sdk/src/rp2_common/hardware_watchdog/watchdog.c.obj
                0x10002d98                _watchdog_enable
 .text.watchdog_reboot
                0x10002e10       0x48 CMakeFiles/pio-bdm.dir/C_/Pico/pico-sdk/src/rp2_common/hardware_watchdog/watchdog.c.obj
                0x10002e10                watchdog_reboot
 .text.xosc_init
                0x10002e58       0x28 CMakeFiles/pio-bdm.dir/C_/Pico/pico-sdk/src/rp2_common/hardware_xosc/xosc.c.obj
                0x10002e58                xosc_init
 .text._out_buffer
                0x10002e80        0x8 CMakeFiles/pio-bdm.dir/C_/Pico/pico-sdk/src/rp2_common/pico_printf/printf.c.obj
 .text._out_null
                0x10002e88        0x2 CMakeFiles/pio-bdm.dir/C_/Pico/pico-sdk/src/rp2_common/pico_printf/printf.c.obj
 .text._out_fct
                0x10002e8a        0xe CMakeFiles/pio-bdm.dir/C_/Pico/pico-sdk/src/rp2_common/pico_printf/printf.c.obj
 .text._atoi    0x10002e98       0x24 CMakeFiles/pio-bdm.dir/C_/Pico/pico-sdk/src/rp2_common/pico_printf/printf.c.obj
 .text._out_rev
                0x10002ebc       0xae CMakeFiles/pio-bdm.dir/C_/Pico/pico-sdk/src/rp2_common/pico_printf/printf.c.obj
 .text._ntoa_format
                0x10002f6a      0x112 CMakeFiles/pio-bdm.dir/C_/Pico/pico-sdk/src/rp2_common/pico_printf/printf.c.obj
 .text._ntoa_long
                0x1000307c       0xbc CMakeFiles/pio-bdm.dir/C_/Pico/pico-sdk/src/rp2_common/pico_printf/printf.c.obj
 .text._ntoa_long_long
                0x10003138       0xe2 CMakeFiles/pio-bdm.dir/C_/Pico/pico-sdk/src/rp2_common/pico_printf/printf.c.obj
 *fill*         0x1000321a        0x2 
 .text._etoa    0x1000321c      0x414 CMakeFiles/pio-bdm.dir/C_/Pico/pico-sdk/src/rp2_common/pico_printf/printf.c.obj
 .text._ftoa    0x10003630      0x354 CMakeFiles/pio-bdm.dir/C_/Pico/pico-sdk/src/rp2_common/pico_printf/printf.c.obj
 .text._vsnprintf
                0x10003984      0x624 CMakeFiles/pio-bdm.dir/C_/Pico/pico-sdk/src/rp2_common/pico_printf/printf.c.obj
 .text.__wrap_sprintf
                0x10003fa8       0x28 CMakeFiles/pio-bdm.dir/C_/Pico/pico-sdk/src/rp2_common/pico_printf/printf.c.obj
                0x10003fa8                __wrap_sprintf
 .text.vfctprintf
                0x10003fd0       0x20 CMakeFiles/pio-bdm.dir/C_/Pico/pico-sdk/src/rp2_common/pico_printf/printf.c.obj
                0x10003fd0                vfctprintf
 .text          0x10003ff0       0x10 CMakeFiles/pio-bdm.dir/C_/Pico/pico-sdk/src/rp2_common/pico_bit_ops/bit_ops_aeabi.S.obj
 .text.rom_func_lookup
                0x10004000       0x10 CMakeFiles/pio-bdm.dir/C_/Pico/pico-sdk/src/rp2_common/pico_bootrom/bootrom.c.obj
                0x10004000                rom_func_lookup
 .text.rom_data_lookup
                0x10004010       0x10 CMakeFiles/pio-bdm.dir/C_/Pico/pico-sdk/src/rp2_common/pico_bootrom/bootrom.c.obj
                0x10004010                rom_data_lookup
 .text.rom_funcs_lookup
                0x10004020       0x36 CMakeFiles/pio-bdm.dir/C_/Pico/pico-sdk/src/rp2_common/pico_bootrom/bootrom.c.obj
                0x10004020                rom_funcs_lookup
 *fill*         0x10004056        0x2 
 .text.__wrap___aeabi_idiv
                0x10004058       0x50 CMakeFiles/pio-bdm.dir/C_/Pico/pico-sdk/src/rp2_common/pico_divider/divider.S.obj
                0x10004058                __wrap___aeabi_idivmod
                0x10004058                divmod_s32s32
                0x10004058                div_s32s32
                0x10004058                __wrap___aeabi_idiv
                0x10004060                divmod_s32s32_unsafe
                0x1000408c                divmod_s32s32_savestate
 .text.__wrap___aeabi_uidiv
                0x100040a8       0x4c CMakeFiles/pio-bdm.dir/C_/Pico/pico-sdk/src/rp2_common/pico_divider/divider.S.obj
                0x100040a8                __wrap___aeabi_uidiv
                0x100040a8                __wrap___aeabi_uidivmod
                0x100040a8                div_u32u32
                0x100040a8                divmod_u32u32
                0x100040b0                divmod_u32u32_unsafe
                0x100040d8                divmod_u32u32_savestate
 .text.__wrap___aeabi_ldiv
                0x100040f4      0x434 CMakeFiles/pio-bdm.dir/C_/Pico/pico-sdk/src/rp2_common/pico_divider/divider.S.obj
                0x100040f4                div_s64s64
                0x100040f4                divmod_s64s64
                0x100040f4                __wrap___aeabi_ldivmod
                0x1000412c                divmod_u64u64
                0x1000412c                div_u64u64
                0x1000412c                __wrap___aeabi_uldivmod
                0x1000413c                divmod_u64u64_savestate
                0x10004164                divmod_s64s64_unsafe
                0x100041ec                divmod_u64u64_unsafe
 .text.__wrap___aeabi_darithmetic
                0x10004528       0x80 CMakeFiles/pio-bdm.dir/C_/Pico/pico-sdk/src/rp2_common/pico_double/double_aeabi.S.obj
                0x10004528                __wrap___aeabi_drsub
                0x1000452e                __wrap___aeabi_dsub
                0x10004540                __wrap___aeabi_dadd
                0x10004552                __wrap___aeabi_ddiv
                0x1000458e                __wrap___aeabi_dmul
 .text.__wrap___aeabi_cdcmple
                0x100045a8       0x6c CMakeFiles/pio-bdm.dir/C_/Pico/pico-sdk/src/rp2_common/pico_double/double_aeabi.S.obj
                0x100045a8                __wrap___aeabi_cdrcmple
                0x100045b8                __wrap___aeabi_cdcmpeq
                0x100045b8                __wrap___aeabi_cdcmple
 .text.__wrap___aeabi_dcmpeq
                0x10004614       0x10 CMakeFiles/pio-bdm.dir/C_/Pico/pico-sdk/src/rp2_common/pico_double/double_aeabi.S.obj
                0x10004614                __wrap___aeabi_dcmpeq
 .text.__wrap___aeabi_dcmplt
                0x10004624        0xc CMakeFiles/pio-bdm.dir/C_/Pico/pico-sdk/src/rp2_common/pico_double/double_aeabi.S.obj
                0x10004624                __wrap___aeabi_dcmplt
 .text.__wrap___aeabi_dcmple
                0x10004630       0x10 CMakeFiles/pio-bdm.dir/C_/Pico/pico-sdk/src/rp2_common/pico_double/double_aeabi.S.obj
                0x10004630                __wrap___aeabi_dcmple
 .text.__wrap___aeabi_dcmpge
                0x10004640       0x10 CMakeFiles/pio-bdm.dir/C_/Pico/pico-sdk/src/rp2_common/pico_double/double_aeabi.S.obj
                0x10004640                __wrap___aeabi_dcmpge
 .text.__wrap___aeabi_dcmpgt
                0x10004650        0xa CMakeFiles/pio-bdm.dir/C_/Pico/pico-sdk/src/rp2_common/pico_double/double_aeabi.S.obj
                0x10004650                __wrap___aeabi_dcmpgt
 .text.__wrap___aeabi_dcmpun
                0x1000465a       0x1c CMakeFiles/pio-bdm.dir/C_/Pico/pico-sdk/src/rp2_common/pico_double/double_aeabi.S.obj
                0x1000465a                __wrap___aeabi_dcmpun
 *fill*         0x10004676        0x2 
 .text.__wrap___aeabi_i2d
                0x10004678       0x38 CMakeFiles/pio-bdm.dir/C_/Pico/pico-sdk/src/rp2_common/pico_double/double_aeabi.S.obj
                0x10004678                __wrap___aeabi_ui2d
                0x10004680                __wrap___aeabi_i2d
 .text.__wrap___aeabi_d2iz
                0x100046b0       0x48 CMakeFiles/pio-bdm.dir/C_/Pico/pico-sdk/src/rp2_common/pico_double/double_aeabi.S.obj
                0x100046b0                double2int_z
                0x100046b0                __wrap___aeabi_d2iz
 .text.__wrap___aeabi_d2uiz
                0x100046f8       0x18 CMakeFiles/pio-bdm.dir/C_/Pico/pico-sdk/src/rp2_common/pico_double/double_aeabi.S.obj
                0x100046f8                __wrap___aeabi_d2uiz
                0x100046f8                double2uint
 .text.__wrap___aeabi_l2d
                0x10004710       0x18 CMakeFiles/pio-bdm.dir/C_/Pico/pico-sdk/src/rp2_common/pico_double/double_aeabi.S.obj
                0x10004710                __wrap___aeabi_l2d
 .text.__wrap___aeabi_d2lz
                0x10004728       0x26 CMakeFiles/pio-bdm.dir/C_/Pico/pico-sdk/src/rp2_common/pico_double/double_aeabi.S.obj
                0x10004728                double2int64_z
                0x10004728                __wrap___aeabi_d2lz
 *fill*         0x1000474e        0x2 
 .text.double2int64
                0x10004750       0x18 CMakeFiles/pio-bdm.dir/C_/Pico/pico-sdk/src/rp2_common/pico_double/double_aeabi.S.obj
                0x10004750                double2int64
 .text.double2ufix64
                0x10004768       0x18 CMakeFiles/pio-bdm.dir/C_/Pico/pico-sdk/src/rp2_common/pico_double/double_aeabi.S.obj
                0x10004768                double2ufix64
 .text.__wrap___aeabi_d2f
                0x10004780       0x18 CMakeFiles/pio-bdm.dir/C_/Pico/pico-sdk/src/rp2_common/pico_double/double_aeabi.S.obj
                0x10004780                __wrap___aeabi_d2f
 .text.__aeabi_double_init
                0x10004798       0xc8 CMakeFiles/pio-bdm.dir/C_/Pico/pico-sdk/src/rp2_common/pico_double/double_init_rom.c.obj
                0x10004798                __aeabi_double_init
 .text.double_table_shim_on_use_helper
                0x10004860       0x34 CMakeFiles/pio-bdm.dir/C_/Pico/pico-sdk/src/rp2_common/pico_double/double_v1_rom_shim.S.obj
                0x10004860                double_table_shim_on_use_helper
 .text.__wrap___aeabi_dsub
                0x10004894       0x10 CMakeFiles/pio-bdm.dir/C_/Pico/pico-sdk/src/rp2_common/pico_double/double_v1_rom_shim.S.obj
                0x10004894                drsub_shim
                0x1000489a                dsub_shim
 .text.dadd_shim
                0x100048a4      0x15c CMakeFiles/pio-bdm.dir/C_/Pico/pico-sdk/src/rp2_common/pico_double/double_v1_rom_shim.S.obj
                0x100048a4                dadd_shim
 .text.dmul_shim
                0x10004a00      0x15c CMakeFiles/pio-bdm.dir/C_/Pico/pico-sdk/src/rp2_common/pico_double/double_v1_rom_shim.S.obj
                0x10004a00                dmul_shim
 .text.ddiv_shim
                0x10004b5c      0x1b0 CMakeFiles/pio-bdm.dir/C_/Pico/pico-sdk/src/rp2_common/pico_double/double_v1_rom_shim.S.obj
                0x10004b5c                ddiv_shim
 .text.double2uint_shim
                0x10004d0c        0xe CMakeFiles/pio-bdm.dir/C_/Pico/pico-sdk/src/rp2_common/pico_double/double_v1_rom_shim.S.obj
                0x10004d0c                double2uint_shim
                0x10004d0e                double2ufix_shim
 .text.double2int64_shim
                0x10004d1a       0x1a CMakeFiles/pio-bdm.dir/C_/Pico/pico-sdk/src/rp2_common/pico_double/double_v1_rom_shim.S.obj
                0x10004d1a                double2int64_shim
                0x10004d1c                double2fix64_shim
 .text.double2uint64_shim
                0x10004d34       0x70 CMakeFiles/pio-bdm.dir/C_/Pico/pico-sdk/src/rp2_common/pico_double/double_v1_rom_shim.S.obj
                0x10004d34                double2uint64_shim
                0x10004d36                double2ufix64_shim
                0x10004d56                d2fix_a
 .text.double2float_shim
                0x10004da4       0x5c CMakeFiles/pio-bdm.dir/C_/Pico/pico-sdk/src/rp2_common/pico_double/double_v1_rom_shim.S.obj
                0x10004da4                double2float_shim
 .text.x2double_shims
                0x10004e00       0x90 CMakeFiles/pio-bdm.dir/C_/Pico/pico-sdk/src/rp2_common/pico_double/double_v1_rom_shim.S.obj
                0x10004e00                uint2double_shim
                0x10004e02                ufix2double_shim
                0x10004e08                int2double_shim
                0x10004e0a                fix2double_shim
                0x10004e10                uint642double_shim
                0x10004e12                ufix642double_shim
                0x10004e18                int642double_shim
                0x10004e1a                fix642double_shim
 .text.dunpacks
                0x10004e90       0x3c CMakeFiles/pio-bdm.dir/C_/Pico/pico-sdk/src/rp2_common/pico_double/double_v1_rom_shim.S.obj
                0x10004e90                dunpacks
 .text.__aeabi_lmul
                0x10004ecc       0x32 CMakeFiles/pio-bdm.dir/C_/Pico/pico-sdk/src/rp2_common/pico_int64_ops/pico_int64_ops_aeabi.S.obj
                0x10004ecc                __wrap___aeabi_lmul
 *fill*         0x10004efe        0x2 
 .text.__wrap___aeabi_farithmetic
                0x10004f00       0x58 CMakeFiles/pio-bdm.dir/C_/Pico/pico-sdk/src/rp2_common/pico_float/float_aeabi.S.obj
                0x10004f00                __wrap___aeabi_frsub
                0x10004f06                __wrap___aeabi_fsub
                0x10004f10                __wrap___aeabi_fadd
                0x10004f1a                __wrap___aeabi_fdiv
                0x10004f46                __wrap___aeabi_fmul
 .text.__wrap___aeabi_ui2f
                0x10004f58        0xa CMakeFiles/pio-bdm.dir/C_/Pico/pico-sdk/src/rp2_common/pico_float/float_aeabi.S.obj
                0x10004f58                __wrap___aeabi_ui2f
 *fill*         0x10004f62        0x2 
 .text.__wrap___aeabi_i2f
                0x10004f64       0x44 CMakeFiles/pio-bdm.dir/C_/Pico/pico-sdk/src/rp2_common/pico_float/float_aeabi.S.obj
                0x10004f64                __wrap___aeabi_i2f
 .text.__wrap___aeabi_f2uiz
                0x10004fa8       0x10 CMakeFiles/pio-bdm.dir/C_/Pico/pico-sdk/src/rp2_common/pico_float/float_aeabi.S.obj
                0x10004fa8                __wrap___aeabi_f2uiz
 .text.__aeabi_float_init
                0x10004fb8       0xfc CMakeFiles/pio-bdm.dir/C_/Pico/pico-sdk/src/rp2_common/pico_float/float_init_rom.c.obj
                0x10004fb8                __aeabi_float_init
 .text.float_table_shim_on_use_helper
                0x100050b4       0x34 CMakeFiles/pio-bdm.dir/C_/Pico/pico-sdk/src/rp2_common/pico_float/float_v1_rom_shim.S.obj
                0x100050b4                float_table_shim_on_use_helper
 .text.__wrap_malloc
                0x100050e8       0x24 CMakeFiles/pio-bdm.dir/C_/Pico/pico-sdk/src/rp2_common/pico_malloc/pico_malloc.c.obj
                0x100050e8                __wrap_malloc
 .text.__wrap_realloc
                0x1000510c       0x24 CMakeFiles/pio-bdm.dir/C_/Pico/pico-sdk/src/rp2_common/pico_malloc/pico_malloc.c.obj
                0x1000510c                __wrap_realloc
 .text.__wrap_free
                0x10005130        0x8 CMakeFiles/pio-bdm.dir/C_/Pico/pico-sdk/src/rp2_common/pico_malloc/pico_malloc.c.obj
                0x10005130                __wrap_free
 .text          0x10005138       0x10 CMakeFiles/pio-bdm.dir/C_/Pico/pico-sdk/src/rp2_common/pico_mem_ops/mem_ops_aeabi.S.obj
                0x10005138                __aeabi_mem_init
 .text.memset   0x10005148        0xc CMakeFiles/pio-bdm.dir/C_/Pico/pico-sdk/src/rp2_common/pico_mem_ops/mem_ops_aeabi.S.obj
                0x10005148                __wrap_memset
 .text.memcpy   0x10005154        0xc CMakeFiles/pio-bdm.dir/C_/Pico/pico-sdk/src/rp2_common/pico_mem_ops/mem_ops_aeabi.S.obj
                0x10005154                __wrap_memcpy
                0x10005154                __wrap___aeabi_memcpy
 .text.stdio_out_chars_no_crlf
                0x10005160        0xe CMakeFiles/pio-bdm.dir/C_/Pico/pico-sdk/src/rp2_common/pico_stdio/stdio.c.obj
 *fill*         0x1000516e        0x2 
 .text.stdio_out_chars_crlf
                0x10005170       0x80 CMakeFiles/pio-bdm.dir/C_/Pico/pico-sdk/src/rp2_common/pico_stdio/stdio.c.obj
 .text.stdio_stack_buffer_flush
                0x100051f0       0x44 CMakeFiles/pio-bdm.dir/C_/Pico/pico-sdk/src/rp2_common/pico_stdio/stdio.c.obj
 .text.stdio_buffered_printer
                0x10005234       0x20 CMakeFiles/pio-bdm.dir/C_/Pico/pico-sdk/src/rp2_common/pico_stdio/stdio.c.obj
 .text.stdio_get_until
                0x10005254       0x80 CMakeFiles/pio-bdm.dir/C_/Pico/pico-sdk/src/rp2_common/pico_stdio/stdio.c.obj
 .text.stdout_serialize_begin
                0x100052d4       0x30 CMakeFiles/pio-bdm.dir/C_/Pico/pico-sdk/src/rp2_common/pico_stdio/stdio.c.obj
                0x100052d4                stdout_serialize_begin
 .text.stdout_serialize_end
                0x10005304       0x10 CMakeFiles/pio-bdm.dir/C_/Pico/pico-sdk/src/rp2_common/pico_stdio/stdio.c.obj
                0x10005304                stdout_serialize_end
 .text.stdio_put_string
                0x10005314       0x98 CMakeFiles/pio-bdm.dir/C_/Pico/pico-sdk/src/rp2_common/pico_stdio/stdio.c.obj
 .text.__wrap_putchar
                0x100053ac       0x1c CMakeFiles/pio-bdm.dir/C_/Pico/pico-sdk/src/rp2_common/pico_stdio/stdio.c.obj
                0x100053ac                __wrap_putchar
 .text._read    0x100053c8       0x24 CMakeFiles/pio-bdm.dir/C_/Pico/pico-sdk/src/rp2_common/pico_stdio/stdio.c.obj
                0x100053c8                _read
 .text._write   0x100053ec       0x22 CMakeFiles/pio-bdm.dir/C_/Pico/pico-sdk/src/rp2_common/pico_stdio/stdio.c.obj
                0x100053ec                _write
 *fill*         0x1000540e        0x2 
 .text.stdio_set_driver_enabled
                0x10005410       0x2c CMakeFiles/pio-bdm.dir/C_/Pico/pico-sdk/src/rp2_common/pico_stdio/stdio.c.obj
                0x10005410                stdio_set_driver_enabled
 .text.stdio_flush
                0x1000543c       0x20 CMakeFiles/pio-bdm.dir/C_/Pico/pico-sdk/src/rp2_common/pico_stdio/stdio.c.obj
                0x1000543c                stdio_flush
 .text.__wrap_puts
                0x1000545c       0x1e CMakeFiles/pio-bdm.dir/C_/Pico/pico-sdk/src/rp2_common/pico_stdio/stdio.c.obj
                0x1000545c                __wrap_puts
 *fill*         0x1000547a        0x2 
 .text.__wrap_vprintf
                0x1000547c       0x44 CMakeFiles/pio-bdm.dir/C_/Pico/pico-sdk/src/rp2_common/pico_stdio/stdio.c.obj
                0x1000547c                __wrap_vprintf
 .text.__wrap_printf
                0x100054c0       0x18 CMakeFiles/pio-bdm.dir/C_/Pico/pico-sdk/src/rp2_common/pico_stdio/stdio.c.obj
                0x100054c0                __wrap_printf
 .text.stdio_init_all
                0x100054d8        0x8 CMakeFiles/pio-bdm.dir/C_/Pico/pico-sdk/src/rp2_common/pico_stdio/stdio.c.obj
                0x100054d8                stdio_init_all
 .text.resetd_init
                0x100054e0        0x2 CMakeFiles/pio-bdm.dir/C_/Pico/pico-sdk/src/rp2_common/pico_stdio_usb/reset_interface.c.obj
 *fill*         0x100054e2        0x2 
 .text.resetd_reset
                0x100054e4        0xc CMakeFiles/pio-bdm.dir/C_/Pico/pico-sdk/src/rp2_common/pico_stdio_usb/reset_interface.c.obj
 .text.resetd_open
                0x100054f0       0x34 CMakeFiles/pio-bdm.dir/C_/Pico/pico-sdk/src/rp2_common/pico_stdio_usb/reset_interface.c.obj
 .text.resetd_xfer_cb
                0x10005524        0x4 CMakeFiles/pio-bdm.dir/C_/Pico/pico-sdk/src/rp2_common/pico_stdio_usb/reset_interface.c.obj
 .text.reset_usb_boot
                0x10005528       0x18 CMakeFiles/pio-bdm.dir/C_/Pico/pico-sdk/src/rp2_common/pico_stdio_usb/reset_interface.c.obj
 .text.resetd_control_xfer_cb
                0x10005540       0x5c CMakeFiles/pio-bdm.dir/C_/Pico/pico-sdk/src/rp2_common/pico_stdio_usb/reset_interface.c.obj
 .text.usbd_app_driver_get_cb
                0x1000559c        0xc CMakeFiles/pio-bdm.dir/C_/Pico/pico-sdk/src/rp2_common/pico_stdio_usb/reset_interface.c.obj
                0x1000559c                usbd_app_driver_get_cb
 .text.tud_cdc_line_coding_cb
                0x100055a8       0x28 CMakeFiles/pio-bdm.dir/C_/Pico/pico-sdk/src/rp2_common/pico_stdio_usb/reset_interface.c.obj
                0x100055a8                tud_cdc_line_coding_cb
 .text.stdio_usb_in_chars
                0x100055d0       0x70 CMakeFiles/pio-bdm.dir/C_/Pico/pico-sdk/src/rp2_common/pico_stdio_usb/stdio_usb.c.obj
                0x100055d0                stdio_usb_in_chars
 .text.low_priority_worker_irq
                0x10005640       0x20 CMakeFiles/pio-bdm.dir/C_/Pico/pico-sdk/src/rp2_common/pico_stdio_usb/stdio_usb.c.obj
 .text.stdio_usb_out_chars
                0x10005660       0xd4 CMakeFiles/pio-bdm.dir/C_/Pico/pico-sdk/src/rp2_common/pico_stdio_usb/stdio_usb.c.obj
 .text.timer_task
                0x10005734       0x40 CMakeFiles/pio-bdm.dir/C_/Pico/pico-sdk/src/rp2_common/pico_stdio_usb/stdio_usb.c.obj
 .text.usb_irq  0x10005774       0x10 CMakeFiles/pio-bdm.dir/C_/Pico/pico-sdk/src/rp2_common/pico_stdio_usb/stdio_usb.c.obj
 .text.stdio_usb_init
                0x10005784       0xec CMakeFiles/pio-bdm.dir/C_/Pico/pico-sdk/src/rp2_common/pico_stdio_usb/stdio_usb.c.obj
                0x10005784                stdio_usb_init
 .text.tud_descriptor_device_cb
                0x10005870        0x8 CMakeFiles/pio-bdm.dir/C_/Pico/pico-sdk/src/rp2_common/pico_stdio_usb/stdio_usb_descriptors.c.obj
                0x10005870                tud_descriptor_device_cb
 .text.tud_descriptor_configuration_cb
                0x10005878        0x8 CMakeFiles/pio-bdm.dir/C_/Pico/pico-sdk/src/rp2_common/pico_stdio_usb/stdio_usb_descriptors.c.obj
                0x10005878                tud_descriptor_configuration_cb
 .text.tud_descriptor_string_cb
                0x10005880       0x6c CMakeFiles/pio-bdm.dir/C_/Pico/pico-sdk/src/rp2_common/pico_stdio_usb/stdio_usb_descriptors.c.obj
                0x10005880                tud_descriptor_string_cb
 .text.hw_endpoint_get_by_addr
                0x100058ec       0x18 CMakeFiles/pio-bdm.dir/C_/Pico/pico-sdk/lib/tinyusb/src/portable/raspberrypi/rp2040/dcd_rp2040.c.obj
 .text.reset_ep0_pid
                0x10005904       0x28 CMakeFiles/pio-bdm.dir/C_/Pico/pico-sdk/lib/tinyusb/src/portable/raspberrypi/rp2040/dcd_rp2040.c.obj
 .text._hw_endpoint_alloc
                0x1000592c       0x70 CMakeFiles/pio-bdm.dir/C_/Pico/pico-sdk/lib/tinyusb/src/portable/raspberrypi/rp2040/dcd_rp2040.c.obj
 .text.hw_endpoint_init
                0x1000599c       0x88 CMakeFiles/pio-bdm.dir/C_/Pico/pico-sdk/lib/tinyusb/src/portable/raspberrypi/rp2040/dcd_rp2040.c.obj
 .text.reset_non_control_endpoints
                0x10005a24       0x40 CMakeFiles/pio-bdm.dir/C_/Pico/pico-sdk/lib/tinyusb/src/portable/raspberrypi/rp2040/dcd_rp2040.c.obj
 .text.hw_handle_buff_status
                0x10005a64       0x8c CMakeFiles/pio-bdm.dir/C_/Pico/pico-sdk/lib/tinyusb/src/portable/raspberrypi/rp2040/dcd_rp2040.c.obj
 .text.dcd_rp2040_irq
                0x10005af0       0xc0 CMakeFiles/pio-bdm.dir/C_/Pico/pico-sdk/lib/tinyusb/src/portable/raspberrypi/rp2040/dcd_rp2040.c.obj
 .text.hw_endpoint_xfer
                0x10005bb0       0x14 CMakeFiles/pio-bdm.dir/C_/Pico/pico-sdk/lib/tinyusb/src/portable/raspberrypi/rp2040/dcd_rp2040.c.obj
 .text.dcd_int_enable
                0x10005bc4       0x2c CMakeFiles/pio-bdm.dir/C_/Pico/pico-sdk/lib/tinyusb/src/portable/raspberrypi/rp2040/dcd_rp2040.c.obj
                0x10005bc4                dcd_int_enable
 .text.dcd_set_address
                0x10005bf0       0x2c CMakeFiles/pio-bdm.dir/C_/Pico/pico-sdk/lib/tinyusb/src/portable/raspberrypi/rp2040/dcd_rp2040.c.obj
                0x10005bf0                dcd_set_address
 .text.dcd_connect
                0x10005c1c       0x10 CMakeFiles/pio-bdm.dir/C_/Pico/pico-sdk/lib/tinyusb/src/portable/raspberrypi/rp2040/dcd_rp2040.c.obj
                0x10005c1c                dcd_connect
 .text.dcd_init
                0x10005c2c       0x7c CMakeFiles/pio-bdm.dir/C_/Pico/pico-sdk/lib/tinyusb/src/portable/raspberrypi/rp2040/dcd_rp2040.c.obj
                0x10005c2c                dcd_init
 .text.dcd_edpt0_status_complete
                0x10005ca8       0x1c CMakeFiles/pio-bdm.dir/C_/Pico/pico-sdk/lib/tinyusb/src/portable/raspberrypi/rp2040/dcd_rp2040.c.obj
                0x10005ca8                dcd_edpt0_status_complete
 .text.dcd_edpt_open
                0x10005cc4       0x40 CMakeFiles/pio-bdm.dir/C_/Pico/pico-sdk/lib/tinyusb/src/portable/raspberrypi/rp2040/dcd_rp2040.c.obj
                0x10005cc4                dcd_edpt_open
 .text.dcd_edpt_close_all
                0x10005d04        0x8 CMakeFiles/pio-bdm.dir/C_/Pico/pico-sdk/lib/tinyusb/src/portable/raspberrypi/rp2040/dcd_rp2040.c.obj
                0x10005d04                dcd_edpt_close_all
 .text.dcd_edpt_xfer
                0x10005d0c       0x30 CMakeFiles/pio-bdm.dir/C_/Pico/pico-sdk/lib/tinyusb/src/portable/raspberrypi/rp2040/dcd_rp2040.c.obj
                0x10005d0c                dcd_edpt_xfer
 .text.dcd_edpt_stall
                0x10005d3c       0x2c CMakeFiles/pio-bdm.dir/C_/Pico/pico-sdk/lib/tinyusb/src/portable/raspberrypi/rp2040/dcd_rp2040.c.obj
                0x10005d3c                dcd_edpt_stall
 .text.dcd_edpt_clear_stall
                0x10005d68       0x20 CMakeFiles/pio-bdm.dir/C_/Pico/pico-sdk/lib/tinyusb/src/portable/raspberrypi/rp2040/dcd_rp2040.c.obj
                0x10005d68                dcd_edpt_clear_stall
 .text.prepare_ep_buffer
                0x10005d88       0x70 CMakeFiles/pio-bdm.dir/C_/Pico/pico-sdk/lib/tinyusb/src/portable/raspberrypi/rp2040/rp2040_usb.c.obj
 .text.sync_ep_buffer
                0x10005df8       0x7c CMakeFiles/pio-bdm.dir/C_/Pico/pico-sdk/lib/tinyusb/src/portable/raspberrypi/rp2040/rp2040_usb.c.obj
 .text._hw_endpoint_xfer_sync
                0x10005e74       0x28 CMakeFiles/pio-bdm.dir/C_/Pico/pico-sdk/lib/tinyusb/src/portable/raspberrypi/rp2040/rp2040_usb.c.obj
 .text.rp2040_usb_init
                0x10005e9c       0x4c CMakeFiles/pio-bdm.dir/C_/Pico/pico-sdk/lib/tinyusb/src/portable/raspberrypi/rp2040/rp2040_usb.c.obj
                0x10005e9c                rp2040_usb_init
 .text.hw_endpoint_reset_transfer
                0x10005ee8        0xc CMakeFiles/pio-bdm.dir/C_/Pico/pico-sdk/lib/tinyusb/src/portable/raspberrypi/rp2040/rp2040_usb.c.obj
                0x10005ee8                hw_endpoint_reset_transfer
 .text._hw_endpoint_buffer_control_update32
                0x10005ef4       0x58 CMakeFiles/pio-bdm.dir/C_/Pico/pico-sdk/lib/tinyusb/src/portable/raspberrypi/rp2040/rp2040_usb.c.obj
                0x10005ef4                _hw_endpoint_buffer_control_update32
 .text._hw_endpoint_start_next_buffer
                0x10005f4c       0x74 CMakeFiles/pio-bdm.dir/C_/Pico/pico-sdk/lib/tinyusb/src/portable/raspberrypi/rp2040/rp2040_usb.c.obj
 .text.hw_endpoint_xfer_start
                0x10005fc0       0x48 CMakeFiles/pio-bdm.dir/C_/Pico/pico-sdk/lib/tinyusb/src/portable/raspberrypi/rp2040/rp2040_usb.c.obj
                0x10005fc0                hw_endpoint_xfer_start
 .text.hw_endpoint_xfer_continue
                0x10006008       0x38 CMakeFiles/pio-bdm.dir/C_/Pico/pico-sdk/lib/tinyusb/src/portable/raspberrypi/rp2040/rp2040_usb.c.obj
                0x10006008                hw_endpoint_xfer_continue
 .text.configuration_reset
                0x10006040       0x84 CMakeFiles/pio-bdm.dir/C_/Pico/pico-sdk/lib/tinyusb/src/device/usbd.c.obj
 .text.usbd_reset
                0x100060c4        0xc CMakeFiles/pio-bdm.dir/C_/Pico/pico-sdk/lib/tinyusb/src/device/usbd.c.obj
 .text.invoke_class_control
                0x100060d0       0x1a CMakeFiles/pio-bdm.dir/C_/Pico/pico-sdk/lib/tinyusb/src/device/usbd.c.obj
 *fill*         0x100060ea        0x2 
 .text.process_set_config
                0x100060ec      0x1b0 CMakeFiles/pio-bdm.dir/C_/Pico/pico-sdk/lib/tinyusb/src/device/usbd.c.obj
 .text.process_get_descriptor
                0x1000629c       0xec CMakeFiles/pio-bdm.dir/C_/Pico/pico-sdk/lib/tinyusb/src/device/usbd.c.obj
 .text.tud_mounted
                0x10006388       0x10 CMakeFiles/pio-bdm.dir/C_/Pico/pico-sdk/lib/tinyusb/src/device/usbd.c.obj
                0x10006388                tud_mounted
 .text.tud_suspended
                0x10006398       0x10 CMakeFiles/pio-bdm.dir/C_/Pico/pico-sdk/lib/tinyusb/src/device/usbd.c.obj
                0x10006398                tud_suspended
 .text.tud_inited
                0x100063a8        0xc CMakeFiles/pio-bdm.dir/C_/Pico/pico-sdk/lib/tinyusb/src/device/usbd.c.obj
                0x100063a8                tud_inited
 .text.tud_init
                0x100063b4       0xcc CMakeFiles/pio-bdm.dir/C_/Pico/pico-sdk/lib/tinyusb/src/device/usbd.c.obj
                0x100063b4                tud_init
 .text.dcd_event_handler
                0x10006480      0x1e0 CMakeFiles/pio-bdm.dir/C_/Pico/pico-sdk/lib/tinyusb/src/device/usbd.c.obj
                0x10006480                dcd_event_handler
 .text.dcd_event_bus_signal
                0x10006660       0x26 CMakeFiles/pio-bdm.dir/C_/Pico/pico-sdk/lib/tinyusb/src/device/usbd.c.obj
                0x10006660                dcd_event_bus_signal
 .text.dcd_event_bus_reset
                0x10006686       0x2a CMakeFiles/pio-bdm.dir/C_/Pico/pico-sdk/lib/tinyusb/src/device/usbd.c.obj
                0x10006686                dcd_event_bus_reset
 .text.dcd_event_setup_received
                0x100066b0       0x34 CMakeFiles/pio-bdm.dir/C_/Pico/pico-sdk/lib/tinyusb/src/device/usbd.c.obj
                0x100066b0                dcd_event_setup_received
 .text.dcd_event_xfer_complete
                0x100066e4       0x44 CMakeFiles/pio-bdm.dir/C_/Pico/pico-sdk/lib/tinyusb/src/device/usbd.c.obj
                0x100066e4                dcd_event_xfer_complete
 .text.usbd_edpt_open
                0x10006728       0x58 CMakeFiles/pio-bdm.dir/C_/Pico/pico-sdk/lib/tinyusb/src/device/usbd.c.obj
                0x10006728                usbd_edpt_open
 .text.usbd_open_edpt_pair
                0x10006780       0x8c CMakeFiles/pio-bdm.dir/C_/Pico/pico-sdk/lib/tinyusb/src/device/usbd.c.obj
                0x10006780                usbd_open_edpt_pair
 .text.usbd_edpt_claim
                0x1000680c       0x8c CMakeFiles/pio-bdm.dir/C_/Pico/pico-sdk/lib/tinyusb/src/device/usbd.c.obj
                0x1000680c                usbd_edpt_claim
 .text.usbd_edpt_release
                0x10006898       0x68 CMakeFiles/pio-bdm.dir/C_/Pico/pico-sdk/lib/tinyusb/src/device/usbd.c.obj
                0x10006898                usbd_edpt_release
 .text.usbd_edpt_xfer
                0x10006900       0x80 CMakeFiles/pio-bdm.dir/C_/Pico/pico-sdk/lib/tinyusb/src/device/usbd.c.obj
                0x10006900                usbd_edpt_xfer
 .text.usbd_edpt_stall
                0x10006980       0x40 CMakeFiles/pio-bdm.dir/C_/Pico/pico-sdk/lib/tinyusb/src/device/usbd.c.obj
                0x10006980                usbd_edpt_stall
 .text.usbd_edpt_clear_stall
                0x100069c0       0x40 CMakeFiles/pio-bdm.dir/C_/Pico/pico-sdk/lib/tinyusb/src/device/usbd.c.obj
                0x100069c0                usbd_edpt_clear_stall
 .text.usbd_edpt_stalled
                0x10006a00       0x1c CMakeFiles/pio-bdm.dir/C_/Pico/pico-sdk/lib/tinyusb/src/device/usbd.c.obj
                0x10006a00                usbd_edpt_stalled
 .text.process_control_request
                0x10006a1c      0x3b8 CMakeFiles/pio-bdm.dir/C_/Pico/pico-sdk/lib/tinyusb/src/device/usbd.c.obj
 .text.tud_task
                0x10006dd4      0x218 CMakeFiles/pio-bdm.dir/C_/Pico/pico-sdk/lib/tinyusb/src/device/usbd.c.obj
                0x10006dd4                tud_task
 .text._data_stage_xact
                0x10006fec       0x58 CMakeFiles/pio-bdm.dir/C_/Pico/pico-sdk/lib/tinyusb/src/device/usbd_control.c.obj
 .text.tud_control_status
                0x10007044       0x38 CMakeFiles/pio-bdm.dir/C_/Pico/pico-sdk/lib/tinyusb/src/device/usbd_control.c.obj
                0x10007044                tud_control_status
 .text.tud_control_xfer
                0x1000707c       0xa8 CMakeFiles/pio-bdm.dir/C_/Pico/pico-sdk/lib/tinyusb/src/device/usbd_control.c.obj
                0x1000707c                tud_control_xfer
 .text.usbd_control_reset
                0x10007124       0x14 CMakeFiles/pio-bdm.dir/C_/Pico/pico-sdk/lib/tinyusb/src/device/usbd_control.c.obj
                0x10007124                usbd_control_reset
 .text.usbd_control_set_complete_callback
                0x10007138        0xc CMakeFiles/pio-bdm.dir/C_/Pico/pico-sdk/lib/tinyusb/src/device/usbd_control.c.obj
                0x10007138                usbd_control_set_complete_callback
 .text.usbd_control_set_request
                0x10007144       0x1c CMakeFiles/pio-bdm.dir/C_/Pico/pico-sdk/lib/tinyusb/src/device/usbd_control.c.obj
                0x10007144                usbd_control_set_request
 .text.usbd_control_xfer_cb
                0x10007160       0xfc CMakeFiles/pio-bdm.dir/C_/Pico/pico-sdk/lib/tinyusb/src/device/usbd_control.c.obj
                0x10007160                usbd_control_xfer_cb
 .text._prep_out_transaction
                0x1000725c       0x46 CMakeFiles/pio-bdm.dir/C_/Pico/pico-sdk/lib/tinyusb/src/class/cdc/cdc_device.c.obj
 *fill*         0x100072a2        0x2 
 .text.tud_cdc_n_connected
                0x100072a4       0x44 CMakeFiles/pio-bdm.dir/C_/Pico/pico-sdk/lib/tinyusb/src/class/cdc/cdc_device.c.obj
                0x100072a4                tud_cdc_n_connected
 .text.tud_cdc_n_available
                0x100072e8       0x18 CMakeFiles/pio-bdm.dir/C_/Pico/pico-sdk/lib/tinyusb/src/class/cdc/cdc_device.c.obj
                0x100072e8                tud_cdc_n_available
 .text.tud_cdc_n_read
                0x10007300       0x28 CMakeFiles/pio-bdm.dir/C_/Pico/pico-sdk/lib/tinyusb/src/class/cdc/cdc_device.c.obj
                0x10007300                tud_cdc_n_read
 .text.tud_cdc_n_write_flush
                0x10007328       0xcc CMakeFiles/pio-bdm.dir/C_/Pico/pico-sdk/lib/tinyusb/src/class/cdc/cdc_device.c.obj
                0x10007328                tud_cdc_n_write_flush
 .text.tud_cdc_n_write
                0x100073f4       0x38 CMakeFiles/pio-bdm.dir/C_/Pico/pico-sdk/lib/tinyusb/src/class/cdc/cdc_device.c.obj
                0x100073f4                tud_cdc_n_write
 .text.tud_cdc_n_write_available
                0x1000742c       0x1c CMakeFiles/pio-bdm.dir/C_/Pico/pico-sdk/lib/tinyusb/src/class/cdc/cdc_device.c.obj
                0x1000742c                tud_cdc_n_write_available
 .text.cdcd_init
                0x10007448       0xbc CMakeFiles/pio-bdm.dir/C_/Pico/pico-sdk/lib/tinyusb/src/class/cdc/cdc_device.c.obj
                0x10007448                cdcd_init
 .text.cdcd_reset
                0x10007504       0x44 CMakeFiles/pio-bdm.dir/C_/Pico/pico-sdk/lib/tinyusb/src/class/cdc/cdc_device.c.obj
                0x10007504                cdcd_reset
 .text.cdcd_open
                0x10007548       0xf8 CMakeFiles/pio-bdm.dir/C_/Pico/pico-sdk/lib/tinyusb/src/class/cdc/cdc_device.c.obj
                0x10007548                cdcd_open
 .text.cdcd_control_xfer_cb
                0x10007640      0x134 CMakeFiles/pio-bdm.dir/C_/Pico/pico-sdk/lib/tinyusb/src/class/cdc/cdc_device.c.obj
                0x10007640                cdcd_control_xfer_cb
 .text.cdcd_xfer_cb
                0x10007774      0x144 CMakeFiles/pio-bdm.dir/C_/Pico/pico-sdk/lib/tinyusb/src/class/cdc/cdc_device.c.obj
                0x10007774                cdcd_xfer_cb
 .text.tusb_init
                0x100078b8       0x24 CMakeFiles/pio-bdm.dir/C_/Pico/pico-sdk/lib/tinyusb/src/tusb.c.obj
                0x100078b8                tusb_init
 .text.tusb_inited
                0x100078dc        0xe CMakeFiles/pio-bdm.dir/C_/Pico/pico-sdk/lib/tinyusb/src/tusb.c.obj
                0x100078dc                tusb_inited
 *fill*         0x100078ea        0x2 
 .text.tu_edpt_validate
                0x100078ec       0xa8 CMakeFiles/pio-bdm.dir/C_/Pico/pico-sdk/lib/tinyusb/src/tusb.c.obj
                0x100078ec                tu_edpt_validate
 .text.tu_edpt_bind_driver
                0x10007994       0x2a CMakeFiles/pio-bdm.dir/C_/Pico/pico-sdk/lib/tinyusb/src/tusb.c.obj
                0x10007994                tu_edpt_bind_driver
 .text.advance_pointer
                0x100079be       0x18 CMakeFiles/pio-bdm.dir/C_/Pico/pico-sdk/lib/tinyusb/src/common/tusb_fifo.c.obj
 .text.backward_pointer
                0x100079d6       0x1e CMakeFiles/pio-bdm.dir/C_/Pico/pico-sdk/lib/tinyusb/src/common/tusb_fifo.c.obj
 .text.get_relative_pointer
                0x100079f4       0x10 CMakeFiles/pio-bdm.dir/C_/Pico/pico-sdk/lib/tinyusb/src/common/tusb_fifo.c.obj
 .text._tu_fifo_peek
                0x10007a04       0x50 CMakeFiles/pio-bdm.dir/C_/Pico/pico-sdk/lib/tinyusb/src/common/tusb_fifo.c.obj
 .text._ff_pull_const_addr
                0x10007a54       0x4c CMakeFiles/pio-bdm.dir/C_/Pico/pico-sdk/lib/tinyusb/src/common/tusb_fifo.c.obj
 .text._ff_pull_n
                0x10007aa0      0x10c CMakeFiles/pio-bdm.dir/C_/Pico/pico-sdk/lib/tinyusb/src/common/tusb_fifo.c.obj
 .text._tu_fifo_peek_n
                0x10007bac       0x5e CMakeFiles/pio-bdm.dir/C_/Pico/pico-sdk/lib/tinyusb/src/common/tusb_fifo.c.obj
 .text._tu_fifo_read_n
                0x10007c0a       0x4e CMakeFiles/pio-bdm.dir/C_/Pico/pico-sdk/lib/tinyusb/src/common/tusb_fifo.c.obj
 .text._ff_push_const_addr
                0x10007c58       0x40 CMakeFiles/pio-bdm.dir/C_/Pico/pico-sdk/lib/tinyusb/src/common/tusb_fifo.c.obj
 .text._ff_push_n
                0x10007c98      0x108 CMakeFiles/pio-bdm.dir/C_/Pico/pico-sdk/lib/tinyusb/src/common/tusb_fifo.c.obj
 .text._tu_fifo_write_n
                0x10007da0       0x9e CMakeFiles/pio-bdm.dir/C_/Pico/pico-sdk/lib/tinyusb/src/common/tusb_fifo.c.obj
 .text.tu_fifo_config
                0x10007e3e       0x72 CMakeFiles/pio-bdm.dir/C_/Pico/pico-sdk/lib/tinyusb/src/common/tusb_fifo.c.obj
                0x10007e3e                tu_fifo_config
 .text.tu_fifo_count
                0x10007eb0       0x26 CMakeFiles/pio-bdm.dir/C_/Pico/pico-sdk/lib/tinyusb/src/common/tusb_fifo.c.obj
                0x10007eb0                tu_fifo_count
 .text.tu_fifo_empty
                0x10007ed6       0x10 CMakeFiles/pio-bdm.dir/C_/Pico/pico-sdk/lib/tinyusb/src/common/tusb_fifo.c.obj
                0x10007ed6                tu_fifo_empty
 .text.tu_fifo_remaining
                0x10007ee6       0x20 CMakeFiles/pio-bdm.dir/C_/Pico/pico-sdk/lib/tinyusb/src/common/tusb_fifo.c.obj
                0x10007ee6                tu_fifo_remaining
 .text.tu_fifo_read
                0x10007f06       0x42 CMakeFiles/pio-bdm.dir/C_/Pico/pico-sdk/lib/tinyusb/src/common/tusb_fifo.c.obj
                0x10007f06                tu_fifo_read
 .text.tu_fifo_read_n
                0x10007f48        0xa CMakeFiles/pio-bdm.dir/C_/Pico/pico-sdk/lib/tinyusb/src/common/tusb_fifo.c.obj
                0x10007f48                tu_fifo_read_n
 .text.tu_fifo_write
                0x10007f52       0x6c CMakeFiles/pio-bdm.dir/C_/Pico/pico-sdk/lib/tinyusb/src/common/tusb_fifo.c.obj
                0x10007f52                tu_fifo_write
 .text.tu_fifo_write_n
                0x10007fbe        0xa CMakeFiles/pio-bdm.dir/C_/Pico/pico-sdk/lib/tinyusb/src/common/tusb_fifo.c.obj
                0x10007fbe                tu_fifo_write_n
 .text.tu_fifo_clear
                0x10007fc8       0x4c CMakeFiles/pio-bdm.dir/C_/Pico/pico-sdk/lib/tinyusb/src/common/tusb_fifo.c.obj
                0x10007fc8                tu_fifo_clear
 .text.tu_fifo_set_overwritable
                0x10008014       0x3c CMakeFiles/pio-bdm.dir/C_/Pico/pico-sdk/lib/tinyusb/src/common/tusb_fifo.c.obj
                0x10008014                tu_fifo_set_overwritable
 .text._retrieve_unique_id_on_boot
                0x10008050       0x10 CMakeFiles/pio-bdm.dir/C_/Pico/pico-sdk/src/rp2_common/pico_unique_id/unique_id.c.obj
 .text.pico_get_unique_board_id_string
                0x10008060       0x60 CMakeFiles/pio-bdm.dir/C_/Pico/pico-sdk/src/rp2_common/pico_unique_id/unique_id.c.obj
                0x10008060                pico_get_unique_board_id_string
 .text.flash_get_unique_id
                0x100080c0       0x46 CMakeFiles/pio-bdm.dir/C_/Pico/pico-sdk/src/rp2_common/hardware_flash/flash.c.obj
                0x100080c0                flash_get_unique_id
 *fill*         0x10008106        0x2 
 .text._pio_can_add_program_at_offset
                0x10008108       0x3c CMakeFiles/pio-bdm.dir/C_/Pico/pico-sdk/src/rp2_common/hardware_pio/pio.c.obj
 .text._pio_find_offset_for_program
                0x10008144       0x7c CMakeFiles/pio-bdm.dir/C_/Pico/pico-sdk/src/rp2_common/hardware_pio/pio.c.obj
 .text._pio_add_program_at_offset
                0x100081c0       0x78 CMakeFiles/pio-bdm.dir/C_/Pico/pico-sdk/src/rp2_common/hardware_pio/pio.c.obj
 .text.pio_claim_unused_sm
                0x10008238       0x3c CMakeFiles/pio-bdm.dir/C_/Pico/pico-sdk/src/rp2_common/hardware_pio/pio.c.obj
                0x10008238                pio_claim_unused_sm
 .text.pio_add_program
                0x10008274       0x38 CMakeFiles/pio-bdm.dir/C_/Pico/pico-sdk/src/rp2_common/hardware_pio/pio.c.obj
                0x10008274                pio_add_program
 .text.pio_clear_instruction_memory
                0x100082ac       0x3c CMakeFiles/pio-bdm.dir/C_/Pico/pico-sdk/src/rp2_common/hardware_pio/pio.c.obj
                0x100082ac                pio_clear_instruction_memory
 .text.pio_sm_set_consecutive_pindirs
                0x100082e8       0x70 CMakeFiles/pio-bdm.dir/C_/Pico/pico-sdk/src/rp2_common/hardware_pio/pio.c.obj
                0x100082e8                pio_sm_set_consecutive_pindirs
 .text.pio_sm_init
                0x10008358       0xe4 CMakeFiles/pio-bdm.dir/C_/Pico/pico-sdk/src/rp2_common/hardware_pio/pio.c.obj
                0x10008358                pio_sm_init
 .text._calloc_r
                0x1000843c       0x9c c:/progra~2/gnuarm~1/102021~1.10/bin/../lib/gcc/arm-none-eabi/10.3.1/../../../../arm-none-eabi/lib/thumb/v6-m/nofp\libg.a(lib_a-callocr.o)
                0x1000843c                _calloc_r
 .text.__errno  0x100084d8        0xc c:/progra~2/gnuarm~1/102021~1.10/bin/../lib/gcc/arm-none-eabi/10.3.1/../../../../arm-none-eabi/lib/thumb/v6-m/nofp\libg.a(lib_a-errno.o)
                0x100084d8                __errno
 .text.malloc   0x100084e4       0x14 c:/progra~2/gnuarm~1/102021~1.10/bin/../lib/gcc/arm-none-eabi/10.3.1/../../../../arm-none-eabi/lib/thumb/v6-m/nofp\libg.a(lib_a-malloc.o)
                0x100084e4                malloc
 .text.free     0x100084f8       0x14 c:/progra~2/gnuarm~1/102021~1.10/bin/../lib/gcc/arm-none-eabi/10.3.1/../../../../arm-none-eabi/lib/thumb/v6-m/nofp\libg.a(lib_a-malloc.o)
                0x100084f8                free
 .text._malloc_r
                0x1000850c      0x584 c:/progra~2/gnuarm~1/102021~1.10/bin/../lib/gcc/arm-none-eabi/10.3.1/../../../../arm-none-eabi/lib/thumb/v6-m/nofp\libg.a(lib_a-mallocr.o)
                0x1000850c                _malloc_r
 .text.__malloc_lock
                0x10008a90       0x10 c:/progra~2/gnuarm~1/102021~1.10/bin/../lib/gcc/arm-none-eabi/10.3.1/../../../../arm-none-eabi/lib/thumb/v6-m/nofp\libg.a(lib_a-mlock.o)
                0x10008a90                __malloc_lock
 .text.__malloc_unlock
                0x10008aa0       0x10 c:/progra~2/gnuarm~1/102021~1.10/bin/../lib/gcc/arm-none-eabi/10.3.1/../../../../arm-none-eabi/lib/thumb/v6-m/nofp\libg.a(lib_a-mlock.o)
                0x10008aa0                __malloc_unlock
 .text.realloc  0x10008ab0       0x18 c:/progra~2/gnuarm~1/102021~1.10/bin/../lib/gcc/arm-none-eabi/10.3.1/../../../../arm-none-eabi/lib/thumb/v6-m/nofp\libg.a(lib_a-realloc.o)
                0x10008ab0                realloc
 .text._realloc_r
                0x10008ac8      0x354 c:/progra~2/gnuarm~1/102021~1.10/bin/../lib/gcc/arm-none-eabi/10.3.1/../../../../arm-none-eabi/lib/thumb/v6-m/nofp\libg.a(lib_a-reallocr.o)
                0x10008ac8                _realloc_r
 .text._sbrk_r  0x10008e1c       0x24 c:/progra~2/gnuarm~1/102021~1.10/bin/../lib/gcc/arm-none-eabi/10.3.1/../../../../arm-none-eabi/lib/thumb/v6-m/nofp\libg.a(lib_a-sbrkr.o)
                0x10008e1c                _sbrk_r
 .text.scanf    0x10008e40       0x24 c:/progra~2/gnuarm~1/102021~1.10/bin/../lib/gcc/arm-none-eabi/10.3.1/../../../../arm-none-eabi/lib/thumb/v6-m/nofp\libg.a(lib_a-scanf.o)
                0x10008e40                scanf
 .text.strlen   0x10008e64       0x5c c:/progra~2/gnuarm~1/102021~1.10/bin/../lib/gcc/arm-none-eabi/10.3.1/../../../../arm-none-eabi/lib/thumb/v6-m/nofp\libg.a(lib_a-strlen-stub.o)
                0x10008e64                strlen
 .text.__strtok_r
                0x10008ec0       0x6c c:/progra~2/gnuarm~1/102021~1.10/bin/../lib/gcc/arm-none-eabi/10.3.1/../../../../arm-none-eabi/lib/thumb/v6-m/nofp\libg.a(lib_a-strtok_r.o)
                0x10008ec0                __strtok_r
 .text.strtok_r
                0x10008f2c        0xc c:/progra~2/gnuarm~1/102021~1.10/bin/../lib/gcc/arm-none-eabi/10.3.1/../../../../arm-none-eabi/lib/thumb/v6-m/nofp\libg.a(lib_a-strtok_r.o)
                0x10008f2c                strtok_r
 .text._strtol_l.part.0
                0x10008f38      0x144 c:/progra~2/gnuarm~1/102021~1.10/bin/../lib/gcc/arm-none-eabi/10.3.1/../../../../arm-none-eabi/lib/thumb/v6-m/nofp\libg.a(lib_a-strtol.o)
 .text._strtol_r
                0x1000907c       0x1c c:/progra~2/gnuarm~1/102021~1.10/bin/../lib/gcc/arm-none-eabi/10.3.1/../../../../arm-none-eabi/lib/thumb/v6-m/nofp\libg.a(lib_a-strtol.o)
                0x1000907c                _strtol_r
 .text.strtol   0x10009098       0x2c c:/progra~2/gnuarm~1/102021~1.10/bin/../lib/gcc/arm-none-eabi/10.3.1/../../../../arm-none-eabi/lib/thumb/v6-m/nofp\libg.a(lib_a-strtol.o)
                0x10009098                strtol
 .text.__svfscanf_r
                0x100090c4     0x17d8 c:/progra~2/gnuarm~1/102021~1.10/bin/../lib/gcc/arm-none-eabi/10.3.1/../../../../arm-none-eabi/lib/thumb/v6-m/nofp\libg.a(lib_a-vfscanf.o)
                0x100090c4                __svfscanf_r
 .text._vfscanf_r
                0x1000a89c       0x28 c:/progra~2/gnuarm~1/102021~1.10/bin/../lib/gcc/arm-none-eabi/10.3.1/../../../../arm-none-eabi/lib/thumb/v6-m/nofp\libg.a(lib_a-vfscanf.o)
                0x1000a89c                _vfscanf_r
 .text._cleanup_r
                0x1000a8c4       0x10 c:/progra~2/gnuarm~1/102021~1.10/bin/../lib/gcc/arm-none-eabi/10.3.1/../../../../arm-none-eabi/lib/thumb/v6-m/nofp\libg.a(lib_a-findfp.o)
                0x1000a8c4                _cleanup_r
 .text.__sinit  0x1000a8d4      0x120 c:/progra~2/gnuarm~1/102021~1.10/bin/../lib/gcc/arm-none-eabi/10.3.1/../../../../arm-none-eabi/lib/thumb/v6-m/nofp\libg.a(lib_a-findfp.o)
                0x1000a8d4                __sinit
 .text.__sfp_lock_acquire
                0x1000a9f4       0x10 c:/progra~2/gnuarm~1/102021~1.10/bin/../lib/gcc/arm-none-eabi/10.3.1/../../../../arm-none-eabi/lib/thumb/v6-m/nofp\libg.a(lib_a-findfp.o)
                0x1000a9f4                __sfp_lock_acquire
 .text.__sfp_lock_release
                0x1000aa04       0x10 c:/progra~2/gnuarm~1/102021~1.10/bin/../lib/gcc/arm-none-eabi/10.3.1/../../../../arm-none-eabi/lib/thumb/v6-m/nofp\libg.a(lib_a-findfp.o)
                0x1000aa04                __sfp_lock_release
 .text._fread_r
                0x1000aa14      0x1bc c:/progra~2/gnuarm~1/102021~1.10/bin/../lib/gcc/arm-none-eabi/10.3.1/../../../../arm-none-eabi/lib/thumb/v6-m/nofp\libg.a(lib_a-fread.o)
                0x1000aa14                _fread_r
 .text._malloc_trim_r
                0x1000abd0       0x9c c:/progra~2/gnuarm~1/102021~1.10/bin/../lib/gcc/arm-none-eabi/10.3.1/../../../../arm-none-eabi/lib/thumb/v6-m/nofp\libg.a(lib_a-freer.o)
                0x1000abd0                _malloc_trim_r
 .text._free_r  0x1000ac6c      0x1c4 c:/progra~2/gnuarm~1/102021~1.10/bin/../lib/gcc/arm-none-eabi/10.3.1/../../../../arm-none-eabi/lib/thumb/v6-m/nofp\libg.a(lib_a-freer.o)
                0x1000ac6c                _free_r
 .text._fwalk   0x1000ae30       0x40 c:/progra~2/gnuarm~1/102021~1.10/bin/../lib/gcc/arm-none-eabi/10.3.1/../../../../arm-none-eabi/lib/thumb/v6-m/nofp\libg.a(lib_a-fwalk.o)
                0x1000ae30                _fwalk
 .text._fwalk_reent
                0x1000ae70       0x48 c:/progra~2/gnuarm~1/102021~1.10/bin/../lib/gcc/arm-none-eabi/10.3.1/../../../../arm-none-eabi/lib/thumb/v6-m/nofp\libg.a(lib_a-fwalk.o)
                0x1000ae70                _fwalk_reent
 .text.iswspace
                0x1000aeb8        0xc c:/progra~2/gnuarm~1/102021~1.10/bin/../lib/gcc/arm-none-eabi/10.3.1/../../../../arm-none-eabi/lib/thumb/v6-m/nofp\libg.a(lib_a-iswspace.o)
                0x1000aeb8                iswspace
 .text.iswspace_l
                0x1000aec4       0x18 c:/progra~2/gnuarm~1/102021~1.10/bin/../lib/gcc/arm-none-eabi/10.3.1/../../../../arm-none-eabi/lib/thumb/v6-m/nofp\libg.a(lib_a-iswspace_l.o)
                0x1000aec4                iswspace_l
 .text.__locale_mb_cur_max
                0x1000aedc       0x10 c:/progra~2/gnuarm~1/102021~1.10/bin/../lib/gcc/arm-none-eabi/10.3.1/../../../../arm-none-eabi/lib/thumb/v6-m/nofp\libg.a(lib_a-locale.o)
                0x1000aedc                __locale_mb_cur_max
 .text._localeconv_r
                0x1000aeec        0x8 c:/progra~2/gnuarm~1/102021~1.10/bin/../lib/gcc/arm-none-eabi/10.3.1/../../../../arm-none-eabi/lib/thumb/v6-m/nofp\libg.a(lib_a-localeconv.o)
                0x1000aeec                _localeconv_r
 .text.__retarget_lock_init_recursive
                0x1000aef4        0x4 c:/progra~2/gnuarm~1/102021~1.10/bin/../lib/gcc/arm-none-eabi/10.3.1/../../../../arm-none-eabi/lib/thumb/v6-m/nofp\libg.a(lib_a-lock.o)
                0x1000aef4                __retarget_lock_init_recursive
 .text.__retarget_lock_close_recursive
                0x1000aef8        0x4 c:/progra~2/gnuarm~1/102021~1.10/bin/../lib/gcc/arm-none-eabi/10.3.1/../../../../arm-none-eabi/lib/thumb/v6-m/nofp\libg.a(lib_a-lock.o)
                0x1000aef8                __retarget_lock_close_recursive
 .text.__retarget_lock_acquire_recursive
                0x1000aefc        0x4 c:/progra~2/gnuarm~1/102021~1.10/bin/../lib/gcc/arm-none-eabi/10.3.1/../../../../arm-none-eabi/lib/thumb/v6-m/nofp\libg.a(lib_a-lock.o)
                0x1000aefc                __retarget_lock_acquire_recursive
 .text.__retarget_lock_release_recursive
                0x1000af00        0x4 c:/progra~2/gnuarm~1/102021~1.10/bin/../lib/gcc/arm-none-eabi/10.3.1/../../../../arm-none-eabi/lib/thumb/v6-m/nofp\libg.a(lib_a-lock.o)
                0x1000af00                __retarget_lock_release_recursive
 .text._mbrtowc_r
                0x1000af04       0x4c c:/progra~2/gnuarm~1/102021~1.10/bin/../lib/gcc/arm-none-eabi/10.3.1/../../../../arm-none-eabi/lib/thumb/v6-m/nofp\libg.a(lib_a-mbrtowc.o)
                0x1000af04                _mbrtowc_r
 .text.__ascii_mbtowc
                0x1000af50       0x2c c:/progra~2/gnuarm~1/102021~1.10/bin/../lib/gcc/arm-none-eabi/10.3.1/../../../../arm-none-eabi/lib/thumb/v6-m/nofp\libg.a(lib_a-mbtowc_r.o)
                0x1000af50                __ascii_mbtowc
 .text.memmove  0x1000af7c       0xac c:/progra~2/gnuarm~1/102021~1.10/bin/../lib/gcc/arm-none-eabi/10.3.1/../../../../arm-none-eabi/lib/thumb/v6-m/nofp\libg.a(lib_a-memmove.o)
                0x1000af7c                memmove
 .text.lflush   0x1000b028       0x1c c:/progra~2/gnuarm~1/102021~1.10/bin/../lib/gcc/arm-none-eabi/10.3.1/../../../../arm-none-eabi/lib/thumb/v6-m/nofp\libg.a(lib_a-refill.o)
 .text.__srefill_r
                0x1000b044      0x124 c:/progra~2/gnuarm~1/102021~1.10/bin/../lib/gcc/arm-none-eabi/10.3.1/../../../../arm-none-eabi/lib/thumb/v6-m/nofp\libg.a(lib_a-refill.o)
                0x1000b044                __srefill_r
 .text.__sccl   0x1000b168       0x80 c:/progra~2/gnuarm~1/102021~1.10/bin/../lib/gcc/arm-none-eabi/10.3.1/../../../../arm-none-eabi/lib/thumb/v6-m/nofp\libg.a(lib_a-sccl.o)
                0x1000b168                __sccl
 .text.nanf     0x1000b1e8        0x8 c:/progra~2/gnuarm~1/102021~1.10/bin/../lib/gcc/arm-none-eabi/10.3.1/../../../../arm-none-eabi/lib/thumb/v6-m/nofp\libg.a(lib_a-sf_nan.o)
                0x1000b1e8                nanf
 .text.__sread  0x1000b1f0       0x28 c:/progra~2/gnuarm~1/102021~1.10/bin/../lib/gcc/arm-none-eabi/10.3.1/../../../../arm-none-eabi/lib/thumb/v6-m/nofp\libg.a(lib_a-stdio.o)
                0x1000b1f0                __sread
 .text.__swrite
                0x1000b218       0x40 c:/progra~2/gnuarm~1/102021~1.10/bin/../lib/gcc/arm-none-eabi/10.3.1/../../../../arm-none-eabi/lib/thumb/v6-m/nofp\libg.a(lib_a-stdio.o)
                0x1000b218                __swrite
 .text.__sseek  0x1000b258       0x2c c:/progra~2/gnuarm~1/102021~1.10/bin/../lib/gcc/arm-none-eabi/10.3.1/../../../../arm-none-eabi/lib/thumb/v6-m/nofp\libg.a(lib_a-stdio.o)
                0x1000b258                __sseek
 .text.__sclose
                0x1000b284        0xc c:/progra~2/gnuarm~1/102021~1.10/bin/../lib/gcc/arm-none-eabi/10.3.1/../../../../arm-none-eabi/lib/thumb/v6-m/nofp\libg.a(lib_a-stdio.o)
                0x1000b284                __sclose
 .text._strtod_l
                0x1000b290      0xf78 c:/progra~2/gnuarm~1/102021~1.10/bin/../lib/gcc/arm-none-eabi/10.3.1/../../../../arm-none-eabi/lib/thumb/v6-m/nofp\libg.a(lib_a-strtod.o)
                0x1000b290                _strtod_l
 .text._strtod_r
                0x1000c208       0x10 c:/progra~2/gnuarm~1/102021~1.10/bin/../lib/gcc/arm-none-eabi/10.3.1/../../../../arm-none-eabi/lib/thumb/v6-m/nofp\libg.a(lib_a-strtod.o)
                0x1000c208                _strtod_r
 .text._strtoll_l.constprop.0
                0x1000c218      0x198 c:/progra~2/gnuarm~1/102021~1.10/bin/../lib/gcc/arm-none-eabi/10.3.1/../../../../arm-none-eabi/lib/thumb/v6-m/nofp\libg.a(lib_a-strtoll.o)
 .text._strtoll_r
                0x1000c3b0        0x8 c:/progra~2/gnuarm~1/102021~1.10/bin/../lib/gcc/arm-none-eabi/10.3.1/../../../../arm-none-eabi/lib/thumb/v6-m/nofp\libg.a(lib_a-strtoll.o)
                0x1000c3b0                _strtoll_r
 .text._strtoul_l.constprop.0
                0x1000c3b8      0x148 c:/progra~2/gnuarm~1/102021~1.10/bin/../lib/gcc/arm-none-eabi/10.3.1/../../../../arm-none-eabi/lib/thumb/v6-m/nofp\libg.a(lib_a-strtoul.o)
 .text._strtoul_r
                0x1000c500        0x8 c:/progra~2/gnuarm~1/102021~1.10/bin/../lib/gcc/arm-none-eabi/10.3.1/../../../../arm-none-eabi/lib/thumb/v6-m/nofp\libg.a(lib_a-strtoul.o)
                0x1000c500                _strtoul_r
 .text._strtoull_l.constprop.0
                0x1000c508      0x1bc c:/progra~2/gnuarm~1/102021~1.10/bin/../lib/gcc/arm-none-eabi/10.3.1/../../../../arm-none-eabi/lib/thumb/v6-m/nofp\libg.a(lib_a-strtoull.o)
 .text._strtoull_r
                0x1000c6c4        0x8 c:/progra~2/gnuarm~1/102021~1.10/bin/../lib/gcc/arm-none-eabi/10.3.1/../../../../arm-none-eabi/lib/thumb/v6-m/nofp\libg.a(lib_a-strtoull.o)
                0x1000c6c4                _strtoull_r
 .text.__submore
                0x1000c6cc       0x84 c:/progra~2/gnuarm~1/102021~1.10/bin/../lib/gcc/arm-none-eabi/10.3.1/../../../../arm-none-eabi/lib/thumb/v6-m/nofp\libg.a(lib_a-ungetc.o)
                0x1000c6cc                __submore
 .text._ungetc_r
                0x1000c750      0x138 c:/progra~2/gnuarm~1/102021~1.10/bin/../lib/gcc/arm-none-eabi/10.3.1/../../../../arm-none-eabi/lib/thumb/v6-m/nofp\libg.a(lib_a-ungetc.o)
                0x1000c750                _ungetc_r
 .text.__ascii_wctomb
                0x1000c888       0x1c c:/progra~2/gnuarm~1/102021~1.10/bin/../lib/gcc/arm-none-eabi/10.3.1/../../../../arm-none-eabi/lib/thumb/v6-m/nofp\libg.a(lib_a-wctomb_r.o)
                0x1000c888                __ascii_wctomb
 .text._write_r
                0x1000c8a4       0x28 c:/progra~2/gnuarm~1/102021~1.10/bin/../lib/gcc/arm-none-eabi/10.3.1/../../../../arm-none-eabi/lib/thumb/v6-m/nofp\libg.a(lib_a-writer.o)
                0x1000c8a4                _write_r
 .text._close_r
                0x1000c8cc       0x24 c:/progra~2/gnuarm~1/102021~1.10/bin/../lib/gcc/arm-none-eabi/10.3.1/../../../../arm-none-eabi/lib/thumb/v6-m/nofp\libg.a(lib_a-closer.o)
                0x1000c8cc                _close_r
 .text._fclose_r
                0x1000c8f0       0xdc c:/progra~2/gnuarm~1/102021~1.10/bin/../lib/gcc/arm-none-eabi/10.3.1/../../../../arm-none-eabi/lib/thumb/v6-m/nofp\libg.a(lib_a-fclose.o)
                0x1000c8f0                _fclose_r
 .text.__sflush_r
                0x1000c9cc      0x140 c:/progra~2/gnuarm~1/102021~1.10/bin/../lib/gcc/arm-none-eabi/10.3.1/../../../../arm-none-eabi/lib/thumb/v6-m/nofp\libg.a(lib_a-fflush.o)
                0x1000c9cc                __sflush_r
 .text._fflush_r
                0x1000cb0c       0x6c c:/progra~2/gnuarm~1/102021~1.10/bin/../lib/gcc/arm-none-eabi/10.3.1/../../../../arm-none-eabi/lib/thumb/v6-m/nofp\libg.a(lib_a-fflush.o)
                0x1000cb0c                _fflush_r
 .text.fflush   0x1000cb78       0x78 c:/progra~2/gnuarm~1/102021~1.10/bin/../lib/gcc/arm-none-eabi/10.3.1/../../../../arm-none-eabi/lib/thumb/v6-m/nofp\libg.a(lib_a-fflush.o)
                0x1000cb78                fflush
 .text.rshift   0x1000cbf0       0xa4 c:/progra~2/gnuarm~1/102021~1.10/bin/../lib/gcc/arm-none-eabi/10.3.1/../../../../arm-none-eabi/lib/thumb/v6-m/nofp\libg.a(lib_a-gdtoa-gethex.o)
 .text.__gethex
                0x1000cc94      0x5cc c:/progra~2/gnuarm~1/102021~1.10/bin/../lib/gcc/arm-none-eabi/10.3.1/../../../../arm-none-eabi/lib/thumb/v6-m/nofp\libg.a(lib_a-gdtoa-gethex.o)
                0x1000cc94                __gethex
 .text.__match  0x1000d260       0x2c c:/progra~2/gnuarm~1/102021~1.10/bin/../lib/gcc/arm-none-eabi/10.3.1/../../../../arm-none-eabi/lib/thumb/v6-m/nofp\libg.a(lib_a-gdtoa-hexnan.o)
                0x1000d260                __match
 .text.__hexnan
                0x1000d28c      0x1d0 c:/progra~2/gnuarm~1/102021~1.10/bin/../lib/gcc/arm-none-eabi/10.3.1/../../../../arm-none-eabi/lib/thumb/v6-m/nofp\libg.a(lib_a-gdtoa-hexnan.o)
                0x1000d28c                __hexnan
 .text._lseek_r
                0x1000d45c       0x28 c:/progra~2/gnuarm~1/102021~1.10/bin/../lib/gcc/arm-none-eabi/10.3.1/../../../../arm-none-eabi/lib/thumb/v6-m/nofp\libg.a(lib_a-lseekr.o)
                0x1000d45c                _lseek_r
 .text.__smakebuf_r
                0x1000d484       0xe4 c:/progra~2/gnuarm~1/102021~1.10/bin/../lib/gcc/arm-none-eabi/10.3.1/../../../../arm-none-eabi/lib/thumb/v6-m/nofp\libg.a(lib_a-makebuf.o)
                0x1000d484                __smakebuf_r
 .text._Balloc  0x1000d568       0x50 c:/progra~2/gnuarm~1/102021~1.10/bin/../lib/gcc/arm-none-eabi/10.3.1/../../../../arm-none-eabi/lib/thumb/v6-m/nofp\libg.a(lib_a-mprec.o)
                0x1000d568                _Balloc
 .text._Bfree   0x1000d5b8       0x14 c:/progra~2/gnuarm~1/102021~1.10/bin/../lib/gcc/arm-none-eabi/10.3.1/../../../../arm-none-eabi/lib/thumb/v6-m/nofp\libg.a(lib_a-mprec.o)
                0x1000d5b8                _Bfree
 .text.__multadd
                0x1000d5cc       0xa8 c:/progra~2/gnuarm~1/102021~1.10/bin/../lib/gcc/arm-none-eabi/10.3.1/../../../../arm-none-eabi/lib/thumb/v6-m/nofp\libg.a(lib_a-mprec.o)
                0x1000d5cc                __multadd
 .text.__s2b    0x1000d674       0xb0 c:/progra~2/gnuarm~1/102021~1.10/bin/../lib/gcc/arm-none-eabi/10.3.1/../../../../arm-none-eabi/lib/thumb/v6-m/nofp\libg.a(lib_a-mprec.o)
                0x1000d674                __s2b
 .text.__hi0bits
                0x1000d724       0x38 c:/progra~2/gnuarm~1/102021~1.10/bin/../lib/gcc/arm-none-eabi/10.3.1/../../../../arm-none-eabi/lib/thumb/v6-m/nofp\libg.a(lib_a-mprec.o)
                0x1000d724                __hi0bits
 .text.__lo0bits
                0x1000d75c       0x5c c:/progra~2/gnuarm~1/102021~1.10/bin/../lib/gcc/arm-none-eabi/10.3.1/../../../../arm-none-eabi/lib/thumb/v6-m/nofp\libg.a(lib_a-mprec.o)
                0x1000d75c                __lo0bits
 .text.__i2b    0x1000d7b8       0x60 c:/progra~2/gnuarm~1/102021~1.10/bin/../lib/gcc/arm-none-eabi/10.3.1/../../../../arm-none-eabi/lib/thumb/v6-m/nofp\libg.a(lib_a-mprec.o)
                0x1000d7b8                __i2b
 .text.__multiply
                0x1000d818      0x1a4 c:/progra~2/gnuarm~1/102021~1.10/bin/../lib/gcc/arm-none-eabi/10.3.1/../../../../arm-none-eabi/lib/thumb/v6-m/nofp\libg.a(lib_a-mprec.o)
                0x1000d818                __multiply
 .text.__pow5mult
                0x1000d9bc       0xd8 c:/progra~2/gnuarm~1/102021~1.10/bin/../lib/gcc/arm-none-eabi/10.3.1/../../../../arm-none-eabi/lib/thumb/v6-m/nofp\libg.a(lib_a-mprec.o)
                0x1000d9bc                __pow5mult
 .text.__lshift
                0x1000da94       0xfc c:/progra~2/gnuarm~1/102021~1.10/bin/../lib/gcc/arm-none-eabi/10.3.1/../../../../arm-none-eabi/lib/thumb/v6-m/nofp\libg.a(lib_a-mprec.o)
                0x1000da94                __lshift
 .text.__mcmp   0x1000db90       0x34 c:/progra~2/gnuarm~1/102021~1.10/bin/../lib/gcc/arm-none-eabi/10.3.1/../../../../arm-none-eabi/lib/thumb/v6-m/nofp\libg.a(lib_a-mprec.o)
                0x1000db90                __mcmp
 .text.__mdiff  0x1000dbc4      0x18c c:/progra~2/gnuarm~1/102021~1.10/bin/../lib/gcc/arm-none-eabi/10.3.1/../../../../arm-none-eabi/lib/thumb/v6-m/nofp\libg.a(lib_a-mprec.o)
                0x1000dbc4                __mdiff
 .text.__ulp    0x1000dd50       0x48 c:/progra~2/gnuarm~1/102021~1.10/bin/../lib/gcc/arm-none-eabi/10.3.1/../../../../arm-none-eabi/lib/thumb/v6-m/nofp\libg.a(lib_a-mprec.o)
                0x1000dd50                __ulp
 .text.__b2d    0x1000dd98       0xc8 c:/progra~2/gnuarm~1/102021~1.10/bin/../lib/gcc/arm-none-eabi/10.3.1/../../../../arm-none-eabi/lib/thumb/v6-m/nofp\libg.a(lib_a-mprec.o)
                0x1000dd98                __b2d
 .text.__d2b    0x1000de60       0xd8 c:/progra~2/gnuarm~1/102021~1.10/bin/../lib/gcc/arm-none-eabi/10.3.1/../../../../arm-none-eabi/lib/thumb/v6-m/nofp\libg.a(lib_a-mprec.o)
                0x1000de60                __d2b
 .text.__ratio  0x1000df38       0x68 c:/progra~2/gnuarm~1/102021~1.10/bin/../lib/gcc/arm-none-eabi/10.3.1/../../../../arm-none-eabi/lib/thumb/v6-m/nofp\libg.a(lib_a-mprec.o)
                0x1000df38                __ratio
 .text.__copybits
                0x1000dfa0       0x40 c:/progra~2/gnuarm~1/102021~1.10/bin/../lib/gcc/arm-none-eabi/10.3.1/../../../../arm-none-eabi/lib/thumb/v6-m/nofp\libg.a(lib_a-mprec.o)
                0x1000dfa0                __copybits
 .text.__any_on
                0x1000dfe0       0x50 c:/progra~2/gnuarm~1/102021~1.10/bin/../lib/gcc/arm-none-eabi/10.3.1/../../../../arm-none-eabi/lib/thumb/v6-m/nofp\libg.a(lib_a-mprec.o)
                0x1000dfe0                __any_on
 .text._read_r  0x1000e030       0x28 c:/progra~2/gnuarm~1/102021~1.10/bin/../lib/gcc/arm-none-eabi/10.3.1/../../../../arm-none-eabi/lib/thumb/v6-m/nofp\libg.a(lib_a-readr.o)
                0x1000e030                _read_r
 .text.nan      0x1000e058        0xc c:/progra~2/gnuarm~1/102021~1.10/bin/../lib/gcc/arm-none-eabi/10.3.1/../../../../arm-none-eabi/lib/thumb/v6-m/nofp\libg.a(lib_a-s_nan.o)
                0x1000e058                nan
 .text.strncmp  0x1000e064       0x74 c:/progra~2/gnuarm~1/102021~1.10/bin/../lib/gcc/arm-none-eabi/10.3.1/../../../../arm-none-eabi/lib/thumb/v6-m/nofp\libg.a(lib_a-strncmp.o)
                0x1000e064                strncmp
 .text._fstat_r
                0x1000e0d8       0x28 c:/progra~2/gnuarm~1/102021~1.10/bin/../lib/gcc/arm-none-eabi/10.3.1/../../../../arm-none-eabi/lib/thumb/v6-m/nofp\libg.a(lib_a-fstatr.o)
                0x1000e0d8                _fstat_r
 .text._isatty_r
                0x1000e100       0x24 c:/progra~2/gnuarm~1/102021~1.10/bin/../lib/gcc/arm-none-eabi/10.3.1/../../../../arm-none-eabi/lib/thumb/v6-m/nofp\libg.a(lib_a-isattyr.o)
                0x1000e100                _isatty_r
 .text._close   0x1000e124       0x10 c:/progra~2/gnuarm~1/102021~1.10/bin/../lib/gcc/arm-none-eabi/10.3.1/../../../../arm-none-eabi/lib/thumb/v6-m/nofp\libnosys.a(close.o)
                0x1000e124                _close
 .text._fstat   0x1000e134       0x10 c:/progra~2/gnuarm~1/102021~1.10/bin/../lib/gcc/arm-none-eabi/10.3.1/../../../../arm-none-eabi/lib/thumb/v6-m/nofp\libnosys.a(fstat.o)
                0x1000e134                _fstat
 .text._isatty  0x1000e144       0x10 c:/progra~2/gnuarm~1/102021~1.10/bin/../lib/gcc/arm-none-eabi/10.3.1/../../../../arm-none-eabi/lib/thumb/v6-m/nofp\libnosys.a(isatty.o)
                0x1000e144                _isatty
 .text._lseek   0x1000e154       0x10 c:/progra~2/gnuarm~1/102021~1.10/bin/../lib/gcc/arm-none-eabi/10.3.1/../../../../arm-none-eabi/lib/thumb/v6-m/nofp\libnosys.a(lseek.o)
                0x1000e154                _lseek
 *(.fini)
 .fini          0x1000e164        0x4 c:/progra~2/gnuarm~1/102021~1.10/bin/../lib/gcc/arm-none-eabi/10.3.1/thumb/v6-m/nofp/crti.o
                0x1000e164                _fini
 .fini.__stub   0x1000e168       0x70 linker stubs
 *crtbegin.o(.ctors)
 *crtbegin?.o(.ctors)
 *(EXCLUDE_FILE(*crtend.o *crtend?.o) .ctors)
 *(SORT_BY_NAME(.ctors.*))
 *(.ctors)
 *crtbegin.o(.dtors)
 *crtbegin?.o(.dtors)
 *(EXCLUDE_FILE(*crtend.o *crtend?.o) .dtors)
 *(SORT_BY_NAME(.dtors.*))
 *(.dtors)
 *(.eh_frame*)
 .eh_frame      0x1000e1d8        0x0 c:/progra~2/gnuarm~1/102021~1.10/bin/../lib/gcc/arm-none-eabi/10.3.1/thumb/v6-m/nofp/crtbegin.o
                0x1000e1d8                . = ALIGN (0x4)

.glue_7         0x1000e1d8        0x0
 .glue_7        0x1000e1d8        0x0 linker stubs

.glue_7t        0x1000e1d8        0x0
 .glue_7t       0x1000e1d8        0x0 linker stubs

.vfp11_veneer   0x1000e1d8        0x0
 .vfp11_veneer  0x1000e1d8        0x0 linker stubs

.v4_bx          0x1000e1d8        0x0
 .v4_bx         0x1000e1d8        0x0 linker stubs

.iplt           0x1000e1d8        0x0
 .iplt          0x1000e1d8        0x0 c:/progra~2/gnuarm~1/102021~1.10/bin/../lib/gcc/arm-none-eabi/10.3.1/thumb/v6-m/nofp/crtbegin.o

.rodata         0x1000e1d8     0x27ac
 *(EXCLUDE_FILE(*libm.a: *libc.a:*lib_a-mem*.o *libgcc.a:) .rodata*)
 .rodata.main.str1.4
                0x1000e1d8       0x9e CMakeFiles/pio-bdm.dir/main.c.obj
 *fill*         0x1000e276        0x2 
 .rodata.is_input_data_valid.str1.4
                0x1000e278        0xe CMakeFiles/pio-bdm.dir/functions.c.obj
 *fill*         0x1000e286        0x2 
 .rodata.is_command_valid
                0x1000e288      0x284 CMakeFiles/pio-bdm.dir/functions.c.obj
 .rodata.get_delay_position
                0x1000e50c      0x310 CMakeFiles/pio-bdm.dir/functions.c.obj
 .rodata.get_string.str1.4
                0x1000e81c        0x3 CMakeFiles/pio-bdm.dir/functions.c.obj
 *fill*         0x1000e81f        0x1 
 .rodata.measure_freqs.str1.4
                0x1000e820       0x9e CMakeFiles/pio-bdm.dir/pio_functions.c.obj
 *fill*         0x1000e8be        0x2 
 .rodata.start_usb_connection.str1.4
                0x1000e8c0       0x1d CMakeFiles/pio-bdm.dir/pio_functions.c.obj
 *fill*         0x1000e8dd        0x3 
 .rodata.bdm_delay_program
                0x1000e8e0        0x6 CMakeFiles/pio-bdm.dir/pio_functions.c.obj
 *fill*         0x1000e8e6        0x2 
 .rodata.bdm_delay_program_instructions
                0x1000e8e8        0xa CMakeFiles/pio-bdm.dir/pio_functions.c.obj
 *fill*         0x1000e8f2        0x2 
 .rodata.bdm_in_program
                0x1000e8f4        0x6 CMakeFiles/pio-bdm.dir/pio_functions.c.obj
 *fill*         0x1000e8fa        0x2 
 .rodata.bdm_in_program_instructions
                0x1000e8fc       0x10 CMakeFiles/pio-bdm.dir/pio_functions.c.obj
 .rodata.bdm_out_program
                0x1000e90c        0x6 CMakeFiles/pio-bdm.dir/pio_functions.c.obj
 *fill*         0x1000e912        0x2 
 .rodata.bdm_out_program_instructions
                0x1000e914       0x14 CMakeFiles/pio-bdm.dir/pio_functions.c.obj
 .rodata.spin_lock_claim_unused.str1.4
                0x1000e928       0x1b CMakeFiles/pio-bdm.dir/C_/Pico/pico-sdk/src/rp2_common/hardware_sync/sync.c.obj
 *fill*         0x1000e943        0x1 
 .rodata.make_branch.str1.4
                0x1000e944       0x63 CMakeFiles/pio-bdm.dir/C_/Pico/pico-sdk/src/rp2_common/hardware_irq/irq.c.obj
 *fill*         0x1000e9a7        0x1 
 .rodata.insert_branch_and_link.str1.4
                0x1000e9a8       0x10 CMakeFiles/pio-bdm.dir/C_/Pico/pico-sdk/src/rp2_common/hardware_irq/irq.c.obj
 .rodata.irq_set_exclusive_handler.str1.4
                0x1000e9b8       0x36 CMakeFiles/pio-bdm.dir/C_/Pico/pico-sdk/src/rp2_common/hardware_irq/irq.c.obj
 *fill*         0x1000e9ee        0x2 
 .rodata.irq_add_shared_handler.str1.4
                0x1000e9f0       0xd9 CMakeFiles/pio-bdm.dir/C_/Pico/pico-sdk/src/rp2_common/hardware_irq/irq.c.obj
 *fill*         0x1000eac9        0x3 
 .rodata.irq_remove_handler.str1.4
                0x1000eacc       0x2a CMakeFiles/pio-bdm.dir/C_/Pico/pico-sdk/src/rp2_common/hardware_irq/irq.c.obj
 *fill*         0x1000eaf6        0x2 
 .rodata.irq_add_tail_to_free_list.str1.4
                0x1000eaf8       0x32 CMakeFiles/pio-bdm.dir/C_/Pico/pico-sdk/src/rp2_common/hardware_irq/irq.c.obj
                                 0x3a (size before relaxing)
 *fill*         0x1000eb2a        0x2 
 .rodata.user_irq_claim_unused.str1.4
                0x1000eb2c       0x1b CMakeFiles/pio-bdm.dir/C_/Pico/pico-sdk/src/rp2_common/hardware_irq/irq.c.obj
 *fill*         0x1000eb47        0x1 
 .rodata.__func__.0
                0x1000eb48       0x1a CMakeFiles/pio-bdm.dir/C_/Pico/pico-sdk/src/rp2_common/hardware_irq/irq.c.obj
 *fill*         0x1000eb62        0x2 
 .rodata.__func__.1
                0x1000eb64       0x17 CMakeFiles/pio-bdm.dir/C_/Pico/pico-sdk/src/rp2_common/hardware_irq/irq.c.obj
 *fill*         0x1000eb7b        0x1 
 .rodata.__func__.2
                0x1000eb7c       0x13 CMakeFiles/pio-bdm.dir/C_/Pico/pico-sdk/src/rp2_common/hardware_irq/irq.c.obj
 *fill*         0x1000eb8f        0x1 
 .rodata.__func__.3
                0x1000eb90        0xc CMakeFiles/pio-bdm.dir/C_/Pico/pico-sdk/src/rp2_common/hardware_irq/irq.c.obj
 .rodata.__func__.4
                0x1000eb9c        0xf CMakeFiles/pio-bdm.dir/C_/Pico/pico-sdk/src/rp2_common/hardware_irq/irq.c.obj
 *fill*         0x1000ebab        0x1 
 .rodata.__func__.5
                0x1000ebac       0x17 CMakeFiles/pio-bdm.dir/C_/Pico/pico-sdk/src/rp2_common/hardware_irq/irq.c.obj
 *fill*         0x1000ebc3        0x1 
 .rodata.__func__.6
                0x1000ebc4       0x1a CMakeFiles/pio-bdm.dir/C_/Pico/pico-sdk/src/rp2_common/hardware_irq/irq.c.obj
 *fill*         0x1000ebde        0x2 
 .rodata.repeating_timer_callback.str1.4
                0x1000ebe0       0x41 CMakeFiles/pio-bdm.dir/C_/Pico/pico-sdk/src/common/pico_time/time.c.obj
 *fill*         0x1000ec21        0x3 
 .rodata.alarm_pool_dump_key.str1.4
                0x1000ec24       0x33 CMakeFiles/pio-bdm.dir/C_/Pico/pico-sdk/src/common/pico_time/time.c.obj
 *fill*         0x1000ec57        0x1 
 .rodata.ph_add_child_node.str1.4
                0x1000ec58       0x8a CMakeFiles/pio-bdm.dir/C_/Pico/pico-sdk/src/common/pico_time/time.c.obj
 *fill*         0x1000ece2        0x2 
 .rodata.add_alarm_under_lock.str1.4
                0x1000ece4       0x28 CMakeFiles/pio-bdm.dir/C_/Pico/pico-sdk/src/common/pico_time/time.c.obj
                                 0x2b (size before relaxing)
 .rodata.alarm_pool_alarm_callback.str1.4
                0x1000ed0c       0xda CMakeFiles/pio-bdm.dir/C_/Pico/pico-sdk/src/common/pico_time/time.c.obj
 *fill*         0x1000ede6        0x2 
 .rodata.alarm_pool_get_default.str1.4
                0x1000ede8       0x21 CMakeFiles/pio-bdm.dir/C_/Pico/pico-sdk/src/common/pico_time/time.c.obj
 *fill*         0x1000ee09        0x3 
 .rodata.alarm_pool_cancel_alarm.str1.4
                0x1000ee0c       0x27 CMakeFiles/pio-bdm.dir/C_/Pico/pico-sdk/src/common/pico_time/time.c.obj
 *fill*         0x1000ee33        0x1 
 .rodata.sleep_until.str1.4
                0x1000ee34       0x4d CMakeFiles/pio-bdm.dir/C_/Pico/pico-sdk/src/common/pico_time/time.c.obj
 *fill*         0x1000ee81        0x3 
 .rodata.__func__.1
                0x1000ee84       0x18 CMakeFiles/pio-bdm.dir/C_/Pico/pico-sdk/src/common/pico_time/time.c.obj
 .rodata.__func__.10
                0x1000ee9c       0x15 CMakeFiles/pio-bdm.dir/C_/Pico/pico-sdk/src/common/pico_time/time.c.obj
 *fill*         0x1000eeb1        0x3 