Archive member included to satisfy reference by file (symbol)

c:/progra~2/gnuarm~1/102021~1.10/bin/../lib/gcc/arm-none-eabi/10.3.1/thumb/v6-m/nofp\libgcc.a(_dvmd_tls.o)
                              CMakeFiles/pio-bdm.dir/C_/Pico/pico-sdk/src/rp2_common/pico_divider/divider.S.obj (__aeabi_idiv0)
c:/progra~2/gnuarm~1/102021~1.10/bin/../lib/gcc/arm-none-eabi/10.3.1/../../../../arm-none-eabi/lib/thumb/v6-m/nofp\libg.a(lib_a-calloc.o)
                              CMakeFiles/pio-bdm.dir/C_/Pico/pico-sdk/src/rp2_common/pico_malloc/pico_malloc.c.obj (calloc)
c:/progra~2/gnuarm~1/102021~1.10/bin/../lib/gcc/arm-none-eabi/10.3.1/../../../../arm-none-eabi/lib/thumb/v6-m/nofp\libg.a(lib_a-callocr.o)
                              c:/progra~2/gnuarm~1/102021~1.10/bin/../lib/gcc/arm-none-eabi/10.3.1/../../../../arm-none-eabi/lib/thumb/v6-m/nofp\libg.a(lib_a-calloc.o) (_calloc_r)
c:/progra~2/gnuarm~1/102021~1.10/bin/../lib/gcc/arm-none-eabi/10.3.1/../../../../arm-none-eabi/lib/thumb/v6-m/nofp\libg.a(lib_a-ctype_.o)
                              CMakeFiles/pio-bdm.dir/C_/Pico/pico-sdk/lib/tinyusb/src/tusb.c.obj (_ctype_)
c:/progra~2/gnuarm~1/102021~1.10/bin/../lib/gcc/arm-none-eabi/10.3.1/../../../../arm-none-eabi/lib/thumb/v6-m/nofp\libg.a(lib_a-errno.o)
                              c:/progra~2/gnuarm~1/102021~1.10/bin/../lib/gcc/arm-none-eabi/10.3.1/../../../../arm-none-eabi/lib/thumb/v6-m/nofp\libg.a(lib_a-callocr.o) (__errno)
c:/progra~2/gnuarm~1/102021~1.10/bin/../lib/gcc/arm-none-eabi/10.3.1/../../../../arm-none-eabi/lib/thumb/v6-m/nofp\libg.a(lib_a-impure.o)
                              c:/progra~2/gnuarm~1/102021~1.10/bin/../lib/gcc/arm-none-eabi/10.3.1/../../../../arm-none-eabi/lib/thumb/v6-m/nofp\libg.a(lib_a-calloc.o) (_impure_ptr)
c:/progra~2/gnuarm~1/102021~1.10/bin/../lib/gcc/arm-none-eabi/10.3.1/../../../../arm-none-eabi/lib/thumb/v6-m/nofp\libg.a(lib_a-init.o)
                              c:/progra~2/gnuarm~1/102021~1.10/bin/../lib/gcc/arm-none-eabi/10.3.1/../../../../arm-none-eabi/lib/thumb/v6-m/nofp/crt0.o (__libc_init_array)
c:/progra~2/gnuarm~1/102021~1.10/bin/../lib/gcc/arm-none-eabi/10.3.1/../../../../arm-none-eabi/lib/thumb/v6-m/nofp\libg.a(lib_a-malloc.o)
                              CMakeFiles/pio-bdm.dir/C_/Pico/pico-sdk/src/rp2_common/pico_malloc/pico_malloc.c.obj (malloc)
c:/progra~2/gnuarm~1/102021~1.10/bin/../lib/gcc/arm-none-eabi/10.3.1/../../../../arm-none-eabi/lib/thumb/v6-m/nofp\libg.a(lib_a-mallocr.o)
                              c:/progra~2/gnuarm~1/102021~1.10/bin/../lib/gcc/arm-none-eabi/10.3.1/../../../../arm-none-eabi/lib/thumb/v6-m/nofp\libg.a(lib_a-callocr.o) (_malloc_r)
c:/progra~2/gnuarm~1/102021~1.10/bin/../lib/gcc/arm-none-eabi/10.3.1/../../../../arm-none-eabi/lib/thumb/v6-m/nofp\libg.a(lib_a-mlock.o)
                              c:/progra~2/gnuarm~1/102021~1.10/bin/../lib/gcc/arm-none-eabi/10.3.1/../../../../arm-none-eabi/lib/thumb/v6-m/nofp\libg.a(lib_a-mallocr.o) (__malloc_lock)
c:/progra~2/gnuarm~1/102021~1.10/bin/../lib/gcc/arm-none-eabi/10.3.1/../../../../arm-none-eabi/lib/thumb/v6-m/nofp\libg.a(lib_a-realloc.o)
                              CMakeFiles/pio-bdm.dir/C_/Pico/pico-sdk/src/rp2_common/pico_malloc/pico_malloc.c.obj (realloc)
c:/progra~2/gnuarm~1/102021~1.10/bin/../lib/gcc/arm-none-eabi/10.3.1/../../../../arm-none-eabi/lib/thumb/v6-m/nofp\libg.a(lib_a-reallocr.o)
                              c:/progra~2/gnuarm~1/102021~1.10/bin/../lib/gcc/arm-none-eabi/10.3.1/../../../../arm-none-eabi/lib/thumb/v6-m/nofp\libg.a(lib_a-realloc.o) (_realloc_r)
c:/progra~2/gnuarm~1/102021~1.10/bin/../lib/gcc/arm-none-eabi/10.3.1/../../../../arm-none-eabi/lib/thumb/v6-m/nofp\libg.a(lib_a-sbrkr.o)
                              c:/progra~2/gnuarm~1/102021~1.10/bin/../lib/gcc/arm-none-eabi/10.3.1/../../../../arm-none-eabi/lib/thumb/v6-m/nofp\libg.a(lib_a-mallocr.o) (_sbrk_r)
c:/progra~2/gnuarm~1/102021~1.10/bin/../lib/gcc/arm-none-eabi/10.3.1/../../../../arm-none-eabi/lib/thumb/v6-m/nofp\libg.a(lib_a-scanf.o)
                              CMakeFiles/pio-bdm.dir/functions.c.obj (scanf)
c:/progra~2/gnuarm~1/102021~1.10/bin/../lib/gcc/arm-none-eabi/10.3.1/../../../../arm-none-eabi/lib/thumb/v6-m/nofp\libg.a(lib_a-strcmp.o)
                              CMakeFiles/pio-bdm.dir/functions.c.obj (strcmp)
c:/progra~2/gnuarm~1/102021~1.10/bin/../lib/gcc/arm-none-eabi/10.3.1/../../../../arm-none-eabi/lib/thumb/v6-m/nofp\libg.a(lib_a-strlen-stub.o)
                              CMakeFiles/pio-bdm.dir/main.c.obj (strlen)
c:/progra~2/gnuarm~1/102021~1.10/bin/../lib/gcc/arm-none-eabi/10.3.1/../../../../arm-none-eabi/lib/thumb/v6-m/nofp\libg.a(lib_a-strtok_r.o)
                              CMakeFiles/pio-bdm.dir/main.c.obj (strtok_r)
c:/progra~2/gnuarm~1/102021~1.10/bin/../lib/gcc/arm-none-eabi/10.3.1/../../../../arm-none-eabi/lib/thumb/v6-m/nofp\libg.a(lib_a-strtol.o)
                              CMakeFiles/pio-bdm.dir/functions.c.obj (strtol)
[...]
Memory Configuration

Name             Origin             Length             Attributes
FLASH            0x10000000         0x00200000         xr
RAM              0x20000000         0x00040000         xrw
SCRATCH_X        0x20040000         0x00001000         xrw
SCRATCH_Y        0x20041000         0x00001000         xrw
*default*        0x00000000         0xffffffff

Linker script and memory map

LOAD c:/progra~2/gnuarm~1/102021~1.10/bin/../lib/gcc/arm-none-eabi/10.3.1/thumb/v6-m/nofp/crti.o
LOAD c:/progra~2/gnuarm~1/102021~1.10/bin/../lib/gcc/arm-none-eabi/10.3.1/thumb/v6-m/nofp/crtbegin.o
LOAD c:/progra~2/gnuarm~1/102021~1.10/bin/../lib/gcc/arm-none-eabi/10.3.1/../../../../arm-none-eabi/lib/thumb/v6-m/nofp/crt0.o

.flash_begin    0x10000000        0x0
                0x10000000                __flash_binary_start = .

.boot2          0x10000000      0x100
                0x10000000                __boot2_start__ = .
 *(.boot2)
 .boot2         0x10000000      0x100 C:\Users\Lori\AppData\Local\Temp\ccgyWG7c.o
                0x10000100                __boot2_end__ = .
                0x00000001                ASSERT (((__boot2_end__ - __boot2_start__) == 0x100), ERROR: Pico second stage bootloader must be 256 bytes in size)

.text           0x10000100     0xeee0
                0x10000100                __logical_binary_start = .
 *(.vectors)
 .vectors       0x10000100       0xd4 CMakeFiles/pio-bdm.dir/C_/Pico/pico-sdk/src/rp2_common/pico_standard_link/crt0.S.obj
                0x10000100                __VECTOR_TABLE
                0x10000100                __vectors
                0x100001c0                isr_invalid
                0x100001c0                __default_isrs_start
                0x100001c2                isr_nmi
                0x100001c4                isr_hardfault
                0x100001c6                isr_svcall
                0x100001c8                isr_pendsv
                0x100001ca                isr_systick
                0x100001cc                isr_irq23
                0x100001cc                isr_irq18
                0x100001cc                isr_irq11
                0x100001cc                isr_irq28
                0x100001cc                isr_irq19
                0x100001cc                isr_irq0
                0x100001cc                isr_irq6
                0x100001cc                isr_irq5
                0x100001cc                isr_irq12
                0x100001cc                isr_irq22
                0x100001cc                isr_irq31
                0x100001cc                isr_irq17
                0x100001cc                isr_irq27
                0x100001cc                isr_irq30
                0x100001cc                isr_irq2
                0x100001cc                isr_irq10
                0x100001cc                isr_irq8
                0x100001cc                isr_irq24
                0x100001cc                isr_irq1
                0x100001cc                isr_irq7
                0x100001cc                isr_irq21
                0x100001cc                isr_irq20
                0x100001cc                isr_irq15
                0x100001cc                isr_irq25
                0x100001cc                isr_irq13
                0x100001cc                __unhandled_user_irq
                0x100001cc                isr_irq4
                0x100001cc                isr_irq16
                0x100001cc                isr_irq29
                0x100001cc                isr_irq26
                0x100001cc                __default_isrs_end
                0x100001cc                isr_irq3
                0x100001cc                isr_irq14
                0x100001cc                isr_irq9
                0x100001d2                unhandled_user_irq_num_in_r0
 *(.binary_info_header)
 .binary_info_header
                0x100001d4       0x14 CMakeFiles/pio-bdm.dir/C_/Pico/pico-sdk/src/rp2_common/pico_standard_link/crt0.S.obj
                0x100001e8                __binary_info_header_end = .
 *(.reset)
 .reset         0x100001e8       0xa8 CMakeFiles/pio-bdm.dir/C_/Pico/pico-sdk/src/rp2_common/pico_standard_link/crt0.S.obj
                0x100001e8                _entry_point
                0x10000266                __get_current_exception
 .reset         0x10000290       0x30 CMakeFiles/pio-bdm.dir/C_/Pico/pico-sdk/src/rp2_common/pico_standard_link/binary_info.c.obj
 *(.init)
 .init          0x100002c0        0x4 c:/progra~2/gnuarm~1/102021~1.10/bin/../lib/gcc/arm-none-eabi/10.3.1/thumb/v6-m/nofp/crti.o
                0x100002c0                _init
 *(EXCLUDE_FILE(*libm.a: *libc.a:*lib_a-mem*.o *libgcc.a:) .text*)
 .text          0x100002c4       0x48 c:/progra~2/gnuarm~1/102021~1.10/bin/../lib/gcc/arm-none-eabi/10.3.1/thumb/v6-m/nofp/crtbegin.o
 .text.main     0x1000030c      0x264 CMakeFiles/pio-bdm.dir/main.c.obj
                0x1000030c                main
 .text.is_input_data_valid
                0x10000570       0x3c CMakeFiles/pio-bdm.dir/functions.c.obj
                0x10000570                is_input_data_valid
 .text.is_output_data_valid
                0x100005ac       0x3c CMakeFiles/pio-bdm.dir/functions.c.obj
                0x100005ac                is_output_data_valid
 .text.convert_to_hex
                0x100005e8        0xc CMakeFiles/pio-bdm.dir/functions.c.obj
                0x100005e8                convert_to_hex
 .text.hex2int  0x100005f4       0x30 CMakeFiles/pio-bdm.dir/functions.c.obj
                0x100005f4                hex2int
 .text.nibble2byte
                0x10000624        0x6 CMakeFiles/pio-bdm.dir/functions.c.obj
                0x10000624                nibble2byte
 .text.array2dec
                0x1000062a       0x54 CMakeFiles/pio-bdm.dir/functions.c.obj
                0x1000062a                array2dec
 *fill*         0x1000067e        0x2 
 .text.is_command_valid
                0x10000680       0x58 CMakeFiles/pio-bdm.dir/functions.c.obj
                0x10000680                is_command_valid
 .text.get_string
                0x100006d8       0x4c CMakeFiles/pio-bdm.dir/functions.c.obj
                0x100006d8                get_string
 .text.is_command_sync
                0x10000724       0x14 CMakeFiles/pio-bdm.dir/functions.c.obj
                0x10000724                is_command_sync
 .text.bdm_data_program_init
                0x10000738      0x1a8 CMakeFiles/pio-bdm.dir/pio_functions.c.obj
                0x10000738                bdm_data_program_init
 .text.bdm_sync_program_init
                0x100008e0      0x134 CMakeFiles/pio-bdm.dir/pio_functions.c.obj
                0x100008e0                bdm_sync_program_init
 .text.measure_freqs
                0x10000a14       0xb8 CMakeFiles/pio-bdm.dir/pio_functions.c.obj
                0x10000a14                measure_freqs
 .text.get_pio_clk_div
                0x10000acc       0x16 CMakeFiles/pio-bdm.dir/pio_functions.c.obj
                0x10000acc                get_pio_clk_div
 *fill*         0x10000ae2        0x2 
 .text.start_usb_connection
                0x10000ae4       0x28 CMakeFiles/pio-bdm.dir/pio_functions.c.obj
                0x10000ae4                start_usb_connection
 .text.put_tx_fifo
                0x10000b0c       0x26 CMakeFiles/pio-bdm.dir/pio_functions.c.obj
                0x10000b0c                put_tx_fifo
 .text.fill_tx_fifo
                0x10000b32       0x46 CMakeFiles/pio-bdm.dir/pio_functions.c.obj
                0x10000b32                fill_tx_fifo
 .text.pio_init
                0x10000b78       0x38 CMakeFiles/pio-bdm.dir/pio_functions.c.obj
                0x10000b78                pio_init
 .text.do_bdm_command
                0x10000bb0       0x78 CMakeFiles/pio-bdm.dir/pio_functions.c.obj
                0x10000bb0                do_bdm_command
 .text.sync     0x10000c28       0xe0 CMakeFiles/pio-bdm.dir/pio_functions.c.obj
                0x10000c28                sync
 .text.set_sys_clock_pll
                0x10000d08       0x78 CMakeFiles/pio-bdm.dir/C_/Pico/pico-sdk/src/rp2_common/pico_stdlib/stdlib.c.obj
                0x10000d08                set_sys_clock_pll
 .text.gpio_set_function
                0x10000d80       0x30 CMakeFiles/pio-bdm.dir/C_/Pico/pico-sdk/src/rp2_common/hardware_gpio/gpio.c.obj
                0x10000d80                gpio_set_function
 .text.gpio_set_pulls
                0x10000db0       0x34 CMakeFiles/pio-bdm.dir/C_/Pico/pico-sdk/src/rp2_common/hardware_gpio/gpio.c.obj
                0x10000db0                gpio_set_pulls
 .text.gpio_init
                0x10000de4       0x16 CMakeFiles/pio-bdm.dir/C_/Pico/pico-sdk/src/rp2_common/hardware_gpio/gpio.c.obj
                0x10000de4                gpio_init
 *fill*         0x10000dfa        0x2 
 .text.hw_claim_lock
                0x10000dfc       0x18 CMakeFiles/pio-bdm.dir/C_/Pico/pico-sdk/src/rp2_common/hardware_claim/claim.c.obj
                0x10000dfc                hw_claim_lock
 .text.hw_claim_unlock
                0x10000e14       0x14 CMakeFiles/pio-bdm.dir/C_/Pico/pico-sdk/src/rp2_common/hardware_claim/claim.c.obj
                0x10000e14                hw_claim_unlock
 .text.hw_claim_or_assert
                0x10000e28       0x32 CMakeFiles/pio-bdm.dir/C_/Pico/pico-sdk/src/rp2_common/hardware_claim/claim.c.obj
                0x10000e28                hw_claim_or_assert
 .text.hw_claim_unused_from_range
                0x10000e5a       0x50 CMakeFiles/pio-bdm.dir/C_/Pico/pico-sdk/src/rp2_common/hardware_claim/claim.c.obj
                0x10000e5a                hw_claim_unused_from_range
 *fill*         0x10000eaa        0x2 
 .text.running_on_fpga
                0x10000eac       0x14 CMakeFiles/pio-bdm.dir/C_/Pico/pico-sdk/src/rp2_common/pico_platform/platform.c.obj
                0x10000eac                running_on_fpga
 .text.spin_locks_reset
                0x10000ec0       0x20 CMakeFiles/pio-bdm.dir/C_/Pico/pico-sdk/src/rp2_common/hardware_sync/sync.c.obj
                0x10000ec0                spin_locks_reset
 .text.next_striped_spin_lock_num
                0x10000ee0       0x1c CMakeFiles/pio-bdm.dir/C_/Pico/pico-sdk/src/rp2_common/hardware_sync/sync.c.obj
                0x10000ee0                next_striped_spin_lock_num
 .text.spin_lock_claim_unused
                0x10000efc       0x20 CMakeFiles/pio-bdm.dir/C_/Pico/pico-sdk/src/rp2_common/hardware_sync/sync.c.obj
                0x10000efc                spin_lock_claim_unused
 .text.set_raw_irq_handler_and_unlock
                0x10000f1c       0x28 CMakeFiles/pio-bdm.dir/C_/Pico/pico-sdk/src/rp2_common/hardware_irq/irq.c.obj
 .text.make_branch
                0x10000f44       0x48 CMakeFiles/pio-bdm.dir/C_/Pico/pico-sdk/src/rp2_common/hardware_irq/irq.c.obj
 .text.insert_branch_and_link
                0x10000f8c       0x40 CMakeFiles/pio-bdm.dir/C_/Pico/pico-sdk/src/rp2_common/hardware_irq/irq.c.obj
 .text.irq_is_enabled
                0x10000fcc       0x18 CMakeFiles/pio-bdm.dir/C_/Pico/pico-sdk/src/rp2_common/hardware_irq/irq.c.obj
                0x10000fcc                irq_is_enabled
 .text.irq_set_mask_enabled
                0x10000fe4       0x20 CMakeFiles/pio-bdm.dir/C_/Pico/pico-sdk/src/rp2_common/hardware_irq/irq.c.obj
                0x10000fe4                irq_set_mask_enabled
 .text.irq_set_enabled
                0x10001004        0xe CMakeFiles/pio-bdm.dir/C_/Pico/pico-sdk/src/rp2_common/hardware_irq/irq.c.obj
                0x10001004                irq_set_enabled
 *fill*         0x10001012        0x2 
 .text.irq_set_pending
                0x10001014       0x10 CMakeFiles/pio-bdm.dir/C_/Pico/pico-sdk/src/rp2_common/hardware_irq/irq.c.obj
                0x10001014                irq_set_pending
 .text.irq_get_vtable_handler
                0x10001024       0x10 CMakeFiles/pio-bdm.dir/C_/Pico/pico-sdk/src/rp2_common/hardware_irq/irq.c.obj
                0x10001024                irq_get_vtable_handler
 .text.irq_has_shared_handler
                0x10001034       0x24 CMakeFiles/pio-bdm.dir/C_/Pico/pico-sdk/src/rp2_common/hardware_irq/irq.c.obj
                0x10001034                irq_has_shared_handler
 .text.irq_set_exclusive_handler
                0x10001058       0x54 CMakeFiles/pio-bdm.dir/C_/Pico/pico-sdk/src/rp2_common/hardware_irq/irq.c.obj
                0x10001058                irq_set_exclusive_handler
 .text.irq_add_shared_handler
                0x100010ac      0x230 CMakeFiles/pio-bdm.dir/C_/Pico/pico-sdk/src/rp2_common/hardware_irq/irq.c.obj
                0x100010ac                irq_add_shared_handler
 .text.irq_remove_handler
                0x100012dc      0x1a8 CMakeFiles/pio-bdm.dir/C_/Pico/pico-sdk/src/rp2_common/hardware_irq/irq.c.obj
                0x100012dc                irq_remove_handler
 .text.irq_add_tail_to_free_list
                0x10001484       0xf0 CMakeFiles/pio-bdm.dir/C_/Pico/pico-sdk/src/rp2_common/hardware_irq/irq.c.obj
                0x10001484                irq_add_tail_to_free_list
 .text.irq_init_priorities
                0x10001574       0x1c CMakeFiles/pio-bdm.dir/C_/Pico/pico-sdk/src/rp2_common/hardware_irq/irq.c.obj
                0x10001574                irq_init_priorities
 .text.user_irq_claim_unused
                0x10001590       0x30 CMakeFiles/pio-bdm.dir/C_/Pico/pico-sdk/src/rp2_common/hardware_irq/irq.c.obj
                0x10001590                user_irq_claim_unused
 .text.lock_init
                0x100015c0       0x10 CMakeFiles/pio-bdm.dir/C_/Pico/pico-sdk/src/common/pico_sync/lock_core.c.obj
                0x100015c0                lock_init
 .text.alarm_pool_post_alloc_init
                0x100015d0       0x40 CMakeFiles/pio-bdm.dir/C_/Pico/pico-sdk/src/common/pico_time/time.c.obj
 .text.sleep_until_callback
                0x10001610       0x30 CMakeFiles/pio-bdm.dir/C_/Pico/pico-sdk/src/common/pico_time/time.c.obj
 .text.timer_pool_entry_comparator
                0x10001640       0x7c CMakeFiles/pio-bdm.dir/C_/Pico/pico-sdk/src/common/pico_time/time.c.obj
                0x10001640                timer_pool_entry_comparator
 .text.ph_add_child_node
                0x100016bc       0xa4 CMakeFiles/pio-bdm.dir/C_/Pico/pico-sdk/src/common/pico_time/time.c.obj
 .text.ph_merge_nodes
                0x10001760       0x3e CMakeFiles/pio-bdm.dir/C_/Pico/pico-sdk/src/common/pico_time/time.c.obj
 *fill*         0x1000179e        0x2 
 .text.add_alarm_under_lock
                0x100017a0      0x174 CMakeFiles/pio-bdm.dir/C_/Pico/pico-sdk/src/common/pico_time/time.c.obj
 .text.alarm_pool_alarm_callback
                0x10001914      0x328 CMakeFiles/pio-bdm.dir/C_/Pico/pico-sdk/src/common/pico_time/time.c.obj
 .text.alarm_pool_init_default
                0x10001c3c       0x38 CMakeFiles/pio-bdm.dir/C_/Pico/pico-sdk/src/common/pico_time/time.c.obj
                0x10001c3c                alarm_pool_init_default
 .text.alarm_pool_get_default
                0x10001c74       0x2c CMakeFiles/pio-bdm.dir/C_/Pico/pico-sdk/src/common/pico_time/time.c.obj
                0x10001c74                alarm_pool_get_default
 .text.alarm_pool_add_alarm_at
                0x10001ca0      0x170 CMakeFiles/pio-bdm.dir/C_/Pico/pico-sdk/src/common/pico_time/time.c.obj
                0x10001ca0                alarm_pool_add_alarm_at
 .text.alarm_pool_cancel_alarm
                0x10001e10       0xf0 CMakeFiles/pio-bdm.dir/C_/Pico/pico-sdk/src/common/pico_time/time.c.obj
                0x10001e10                alarm_pool_cancel_alarm
 .text.sleep_until
                0x10001f00       0xfc CMakeFiles/pio-bdm.dir/C_/Pico/pico-sdk/src/common/pico_time/time.c.obj
                0x10001f00                sleep_until
 .text.sleep_us
                0x10001ffc       0x58 CMakeFiles/pio-bdm.dir/C_/Pico/pico-sdk/src/common/pico_time/time.c.obj
                0x10001ffc                sleep_us
 .text.sleep_ms
                0x10002054       0x14 CMakeFiles/pio-bdm.dir/C_/Pico/pico-sdk/src/common/pico_time/time.c.obj
                0x10002054                sleep_ms
 .text.best_effort_wfe_or_timeout
                0x10002068       0x80 CMakeFiles/pio-bdm.dir/C_/Pico/pico-sdk/src/common/pico_time/time.c.obj
                0x10002068                best_effort_wfe_or_timeout
 .text.hardware_alarm_irq_handler
                0x100020e8       0x8c CMakeFiles/pio-bdm.dir/C_/Pico/pico-sdk/src/rp2_common/hardware_timer/timer.c.obj
 .text.hardware_alarm_claim
                0x10002174       0x18 CMakeFiles/pio-bdm.dir/C_/Pico/pico-sdk/src/rp2_common/hardware_timer/timer.c.obj
                0x10002174                hardware_alarm_claim
 .text.time_us_64
                0x1000218c       0x18 CMakeFiles/pio-bdm.dir/C_/Pico/pico-sdk/src/rp2_common/hardware_timer/timer.c.obj
                0x1000218c                time_us_64
 .text.busy_wait_until
                0x100021a4       0x28 CMakeFiles/pio-bdm.dir/C_/Pico/pico-sdk/src/rp2_common/hardware_timer/timer.c.obj
                0x100021a4                busy_wait_until
 .text.busy_wait_us
                0x100021cc       0x48 CMakeFiles/pio-bdm.dir/C_/Pico/pico-sdk/src/rp2_common/hardware_timer/timer.c.obj
                0x100021cc                busy_wait_us
 .text.hardware_alarm_set_callback
                0x10002214       0x90 CMakeFiles/pio-bdm.dir/C_/Pico/pico-sdk/src/rp2_common/hardware_timer/timer.c.obj
                0x10002214                hardware_alarm_set_callback
 .text.hardware_alarm_set_target
                0x100022a4       0xe8 CMakeFiles/pio-bdm.dir/C_/Pico/pico-sdk/src/rp2_common/hardware_timer/timer.c.obj
                0x100022a4                hardware_alarm_set_target
 .text.hardware_alarm_cancel
                0x1000238c       0x40 CMakeFiles/pio-bdm.dir/C_/Pico/pico-sdk/src/rp2_common/hardware_timer/timer.c.obj
                0x1000238c                hardware_alarm_cancel
 .text.ph_add_child_node
                0x100023cc       0xa4 CMakeFiles/pio-bdm.dir/C_/Pico/pico-sdk/src/common/pico_util/pheap.c.obj
 .text.ph_merge_nodes
                0x10002470       0x3e CMakeFiles/pio-bdm.dir/C_/Pico/pico-sdk/src/common/pico_util/pheap.c.obj
 *fill*         0x100024ae        0x2 
 .text.ph_clear
                0x100024b0       0x70 CMakeFiles/pio-bdm.dir/C_/Pico/pico-sdk/src/common/pico_util/pheap.c.obj
                0x100024b0                ph_clear
 .text.ph_post_alloc_init
                0x10002520        0xe CMakeFiles/pio-bdm.dir/C_/Pico/pico-sdk/src/common/pico_util/pheap.c.obj
                0x10002520                ph_post_alloc_init
 *fill*         0x1000252e        0x2 
 .text.ph_merge_two_pass
                0x10002530       0xa8 CMakeFiles/pio-bdm.dir/C_/Pico/pico-sdk/src/common/pico_util/pheap.c.obj
                0x10002530                ph_merge_two_pass
 .text.ph_remove_any_head
                0x100025d8      0x108 CMakeFiles/pio-bdm.dir/C_/Pico/pico-sdk/src/common/pico_util/pheap.c.obj
 .text.ph_remove_head
                0x100026e0       0x14 CMakeFiles/pio-bdm.dir/C_/Pico/pico-sdk/src/common/pico_util/pheap.c.obj
                0x100026e0                ph_remove_head
 .text.ph_remove_and_free_node
                0x100026f4       0xf8 CMakeFiles/pio-bdm.dir/C_/Pico/pico-sdk/src/common/pico_util/pheap.c.obj
                0x100026f4                ph_remove_and_free_node
 .text.mutex_init
                0x100027ec       0x1a CMakeFiles/pio-bdm.dir/C_/Pico/pico-sdk/src/common/pico_sync/mutex.c.obj
                0x100027ec                mutex_init
 .text.recursive_mutex_init
                0x10002806       0x1e CMakeFiles/pio-bdm.dir/C_/Pico/pico-sdk/src/common/pico_sync/mutex.c.obj
                0x10002806                recursive_mutex_init
 .text.critical_section_init_with_lock_num
                0x10002824       0x14 CMakeFiles/pio-bdm.dir/C_/Pico/pico-sdk/src/common/pico_sync/critical_section.c.obj
                0x10002824                critical_section_init_with_lock_num
 .text.critical_section_init
                0x10002838       0x14 CMakeFiles/pio-bdm.dir/C_/Pico/pico-sdk/src/common/pico_sync/critical_section.c.obj
                0x10002838                critical_section_init
 .text._exit    0x1000284c        0x4 CMakeFiles/pio-bdm.dir/C_/Pico/pico-sdk/src/rp2_common/pico_runtime/runtime.c.obj
                0x1000284c                _exit
 .text._sbrk    0x10002850       0x38 CMakeFiles/pio-bdm.dir/C_/Pico/pico-sdk/src/rp2_common/pico_runtime/runtime.c.obj
                0x10002850                _sbrk
 .text.exit     0x10002888        0x6 CMakeFiles/pio-bdm.dir/C_/Pico/pico-sdk/src/rp2_common/pico_runtime/runtime.c.obj
                0x10002888                exit
 *fill*         0x1000288e        0x2 
 .text.__assert_func
                0x10002890       0x3c CMakeFiles/pio-bdm.dir/C_/Pico/pico-sdk/src/rp2_common/pico_runtime/runtime.c.obj
                0x10002890                __assert_func
 .text.runtime_init
                0x100028cc       0xf8 CMakeFiles/pio-bdm.dir/C_/Pico/pico-sdk/src/rp2_common/pico_runtime/runtime.c.obj
                0x100028cc                runtime_init
 .text.panic    0x100029c4       0x30 CMakeFiles/pio-bdm.dir/C_/Pico/pico-sdk/src/rp2_common/pico_runtime/runtime.c.obj
                0x100029c4                panic
 .text.clock_configure
                0x100029f4      0x104 CMakeFiles/pio-bdm.dir/C_/Pico/pico-sdk/src/rp2_common/hardware_clocks/clocks.c.obj
                0x100029f4                clock_configure
 .text.clocks_init
                0x10002af8      0x100 CMakeFiles/pio-bdm.dir/C_/Pico/pico-sdk/src/rp2_common/hardware_clocks/clocks.c.obj
                0x10002af8                clocks_init
 .text.clock_get_hz
                0x10002bf8        0xc CMakeFiles/pio-bdm.dir/C_/Pico/pico-sdk/src/rp2_common/hardware_clocks/clocks.c.obj
                0x10002bf8                clock_get_hz
 .text.frequency_count_khz
                0x10002c04       0x40 CMakeFiles/pio-bdm.dir/C_/Pico/pico-sdk/src/rp2_common/hardware_clocks/clocks.c.obj
                0x10002c04                frequency_count_khz
 .text.pll_init
                0x10002c44      0x140 CMakeFiles/pio-bdm.dir/C_/Pico/pico-sdk/src/rp2_common/hardware_pll/pll.c.obj
                0x10002c44                pll_init
 .text.watchdog_start_tick
                0x10002d84       0x10 CMakeFiles/pio-bdm.dir/C_/Pico/pico-sdk/src/rp2_common/hardware_watchdog/watchdog.c.obj
                0x10002d84                watchdog_start_tick
 .text.watchdog_update
                0x10002d94       0x14 CMakeFiles/pio-bdm.dir/C_/Pico/pico-sdk/src/rp2_common/hardware_watchdog/watchdog.c.obj
                0x10002d94                watchdog_update
 .text._watchdog_enable
                0x10002da8       0x78 CMakeFiles/pio-bdm.dir/C_/Pico/pico-sdk/src/rp2_common/hardware_watchdog/watchdog.c.obj
                0x10002da8                _watchdog_enable
 .text.watchdog_reboot
                0x10002e20       0x48 CMakeFiles/pio-bdm.dir/C_/Pico/pico-sdk/src/rp2_common/hardware_watchdog/watchdog.c.obj
                0x10002e20                watchdog_reboot
 .text.xosc_init
                0x10002e68       0x28 CMakeFiles/pio-bdm.dir/C_/Pico/pico-sdk/src/rp2_common/hardware_xosc/xosc.c.obj
                0x10002e68                xosc_init
 .text._out_buffer
                0x10002e90        0x8 CMakeFiles/pio-bdm.dir/C_/Pico/pico-sdk/src/rp2_common/pico_printf/printf.c.obj
 .text._out_null
                0x10002e98        0x2 CMakeFiles/pio-bdm.dir/C_/Pico/pico-sdk/src/rp2_common/pico_printf/printf.c.obj
 .text._out_fct
                0x10002e9a        0xe CMakeFiles/pio-bdm.dir/C_/Pico/pico-sdk/src/rp2_common/pico_printf/printf.c.obj
 .text._atoi    0x10002ea8       0x24 CMakeFiles/pio-bdm.dir/C_/Pico/pico-sdk/src/rp2_common/pico_printf/printf.c.obj
 .text._out_rev
                0x10002ecc       0xae CMakeFiles/pio-bdm.dir/C_/Pico/pico-sdk/src/rp2_common/pico_printf/printf.c.obj
 .text._ntoa_format
                0x10002f7a      0x112 CMakeFiles/pio-bdm.dir/C_/Pico/pico-sdk/src/rp2_common/pico_printf/printf.c.obj
 .text._ntoa_long
                0x1000308c       0xbc CMakeFiles/pio-bdm.dir/C_/Pico/pico-sdk/src/rp2_common/pico_printf/printf.c.obj
 .text._ntoa_long_long
                0x10003148       0xe2 CMakeFiles/pio-bdm.dir/C_/Pico/pico-sdk/src/rp2_common/pico_printf/printf.c.obj
 *fill*         0x1000322a        0x2 
 .text._etoa    0x1000322c      0x414 CMakeFiles/pio-bdm.dir/C_/Pico/pico-sdk/src/rp2_common/pico_printf/printf.c.obj
 .text._ftoa    0x10003640      0x354 CMakeFiles/pio-bdm.dir/C_/Pico/pico-sdk/src/rp2_common/pico_printf/printf.c.obj
 .text._vsnprintf
                0x10003994      0x624 CMakeFiles/pio-bdm.dir/C_/Pico/pico-sdk/src/rp2_common/pico_printf/printf.c.obj
 .text.__wrap_sprintf
                0x10003fb8       0x28 CMakeFiles/pio-bdm.dir/C_/Pico/pico-sdk/src/rp2_common/pico_printf/printf.c.obj
                0x10003fb8                __wrap_sprintf
 .text.vfctprintf
                0x10003fe0       0x20 CMakeFiles/pio-bdm.dir/C_/Pico/pico-sdk/src/rp2_common/pico_printf/printf.c.obj
                0x10003fe0                vfctprintf
 .text          0x10004000       0x10 CMakeFiles/pio-bdm.dir/C_/Pico/pico-sdk/src/rp2_common/pico_bit_ops/bit_ops_aeabi.S.obj
 .text.rom_func_lookup
                0x10004010       0x10 CMakeFiles/pio-bdm.dir/C_/Pico/pico-sdk/src/rp2_common/pico_bootrom/bootrom.c.obj
                0x10004010                rom_func_lookup
 .text.rom_data_lookup
                0x10004020       0x10 CMakeFiles/pio-bdm.dir/C_/Pico/pico-sdk/src/rp2_common/pico_bootrom/bootrom.c.obj
                0x10004020                rom_data_lookup
 .text.rom_funcs_lookup
                0x10004030       0x36 CMakeFiles/pio-bdm.dir/C_/Pico/pico-sdk/src/rp2_common/pico_bootrom/bootrom.c.obj
                0x10004030                rom_funcs_lookup
 *fill*         0x10004066        0x2 
 .text.__wrap___aeabi_idiv
                0x10004068       0x50 CMakeFiles/pio-bdm.dir/C_/Pico/pico-sdk/src/rp2_common/pico_divider/divider.S.obj
                0x10004068                __wrap___aeabi_idivmod
                0x10004068                divmod_s32s32
                0x10004068                div_s32s32
                0x10004068                __wrap___aeabi_idiv
                0x10004070                divmod_s32s32_unsafe
                0x1000409c                divmod_s32s32_savestate
 .text.__wrap___aeabi_uidiv
                0x100040b8       0x4c CMakeFiles/pio-bdm.dir/C_/Pico/pico-sdk/src/rp2_common/pico_divider/divider.S.obj
                0x100040b8                __wrap___aeabi_uidiv
                0x100040b8                __wrap___aeabi_uidivmod
                0x100040b8                div_u32u32
                0x100040b8                divmod_u32u32
                0x100040c0                divmod_u32u32_unsafe
                0x100040e8                divmod_u32u32_savestate
 .text.__wrap___aeabi_ldiv
                0x10004104      0x434 CMakeFiles/pio-bdm.dir/C_/Pico/pico-sdk/src/rp2_common/pico_divider/divider.S.obj
                0x10004104                div_s64s64
                0x10004104                divmod_s64s64
                0x10004104                __wrap___aeabi_ldivmod
                0x1000413c                divmod_u64u64
                0x1000413c                div_u64u64
                0x1000413c                __wrap___aeabi_uldivmod
                0x1000414c                divmod_u64u64_savestate
                0x10004174                divmod_s64s64_unsafe
                0x100041fc                divmod_u64u64_unsafe
 .text.__wrap___aeabi_darithmetic
                0x10004538       0x80 CMakeFiles/pio-bdm.dir/C_/Pico/pico-sdk/src/rp2_common/pico_double/double_aeabi.S.obj
                0x10004538                __wrap___aeabi_drsub
                0x1000453e                __wrap___aeabi_dsub
                0x10004550                __wrap___aeabi_dadd
                0x10004562                __wrap___aeabi_ddiv
                0x1000459e                __wrap___aeabi_dmul
 .text.__wrap___aeabi_cdcmple
                0x100045b8       0x6c CMakeFiles/pio-bdm.dir/C_/Pico/pico-sdk/src/rp2_common/pico_double/double_aeabi.S.obj
                0x100045b8                __wrap___aeabi_cdrcmple
                0x100045c8                __wrap___aeabi_cdcmpeq
                0x100045c8                __wrap___aeabi_cdcmple
 .text.__wrap___aeabi_dcmpeq
                0x10004624       0x10 CMakeFiles/pio-bdm.dir/C_/Pico/pico-sdk/src/rp2_common/pico_double/double_aeabi.S.obj
                0x10004624                __wrap___aeabi_dcmpeq
 .text.__wrap___aeabi_dcmplt
                0x10004634        0xc CMakeFiles/pio-bdm.dir/C_/Pico/pico-sdk/src/rp2_common/pico_double/double_aeabi.S.obj
                0x10004634                __wrap___aeabi_dcmplt
 .text.__wrap___aeabi_dcmple
                0x10004640       0x10 CMakeFiles/pio-bdm.dir/C_/Pico/pico-sdk/src/rp2_common/pico_double/double_aeabi.S.obj
                0x10004640                __wrap___aeabi_dcmple
 .text.__wrap___aeabi_dcmpge
                0x10004650       0x10 CMakeFiles/pio-bdm.dir/C_/Pico/pico-sdk/src/rp2_common/pico_double/double_aeabi.S.obj
                0x10004650                __wrap___aeabi_dcmpge
 .text.__wrap___aeabi_dcmpgt
                0x10004660        0xa CMakeFiles/pio-bdm.dir/C_/Pico/pico-sdk/src/rp2_common/pico_double/double_aeabi.S.obj
                0x10004660                __wrap___aeabi_dcmpgt
 .text.__wrap___aeabi_dcmpun
                0x1000466a       0x1c CMakeFiles/pio-bdm.dir/C_/Pico/pico-sdk/src/rp2_common/pico_double/double_aeabi.S.obj
                0x1000466a                __wrap___aeabi_dcmpun
 *fill*         0x10004686        0x2 
 .text.__wrap___aeabi_i2d
                0x10004688       0x38 CMakeFiles/pio-bdm.dir/C_/Pico/pico-sdk/src/rp2_common/pico_double/double_aeabi.S.obj
                0x10004688                __wrap___aeabi_ui2d
                0x10004690                __wrap___aeabi_i2d
 .text.__wrap___aeabi_d2iz
                0x100046c0       0x48 CMakeFiles/pio-bdm.dir/C_/Pico/pico-sdk/src/rp2_common/pico_double/double_aeabi.S.obj
                0x100046c0                double2int_z
                0x100046c0                __wrap___aeabi_d2iz
 .text.__wrap___aeabi_d2uiz
                0x10004708       0x18 CMakeFiles/pio-bdm.dir/C_/Pico/pico-sdk/src/rp2_common/pico_double/double_aeabi.S.obj
                0x10004708                __wrap___aeabi_d2uiz
                0x10004708                double2uint
 .text.__wrap___aeabi_l2d
                0x10004720       0x18 CMakeFiles/pio-bdm.dir/C_/Pico/pico-sdk/src/rp2_common/pico_double/double_aeabi.S.obj
                0x10004720                __wrap___aeabi_l2d
 .text.__wrap___aeabi_d2lz
                0x10004738       0x26 CMakeFiles/pio-bdm.dir/C_/Pico/pico-sdk/src/rp2_common/pico_double/double_aeabi.S.obj
                0x10004738                double2int64_z
                0x10004738                __wrap___aeabi_d2lz
 *fill*         0x1000475e        0x2 
 .text.double2int64
                0x10004760       0x18 CMakeFiles/pio-bdm.dir/C_/Pico/pico-sdk/src/rp2_common/pico_double/double_aeabi.S.obj
                0x10004760                double2int64
 .text.double2ufix64
                0x10004778       0x18 CMakeFiles/pio-bdm.dir/C_/Pico/pico-sdk/src/rp2_common/pico_double/double_aeabi.S.obj
                0x10004778                double2ufix64
 .text.__wrap___aeabi_d2f
                0x10004790       0x18 CMakeFiles/pio-bdm.dir/C_/Pico/pico-sdk/src/rp2_common/pico_double/double_aeabi.S.obj
                0x10004790                __wrap___aeabi_d2f
 .text.__wrap_exp
                0x100047a8       0x18 CMakeFiles/pio-bdm.dir/C_/Pico/pico-sdk/src/rp2_common/pico_double/double_aeabi.S.obj
                0x100047a8                __wrap_exp
 .text.__wrap_log
                0x100047c0       0x18 CMakeFiles/pio-bdm.dir/C_/Pico/pico-sdk/src/rp2_common/pico_double/double_aeabi.S.obj
                0x100047c0                __wrap_log
 .text.__aeabi_double_init
                0x100047d8       0xc8 CMakeFiles/pio-bdm.dir/C_/Pico/pico-sdk/src/rp2_common/pico_double/double_init_rom.c.obj
                0x100047d8                __aeabi_double_init
 .text.dpow_int2
                0x100048a0       0x2c CMakeFiles/pio-bdm.dir/C_/Pico/pico-sdk/src/rp2_common/pico_double/double_math.c.obj
 .text.dpow_1   0x100048cc      0x2a8 CMakeFiles/pio-bdm.dir/C_/Pico/pico-sdk/src/rp2_common/pico_double/double_math.c.obj
 .text.dpow_0   0x10004b74      0x1a0 CMakeFiles/pio-bdm.dir/C_/Pico/pico-sdk/src/rp2_common/pico_double/double_math.c.obj
 .text.__wrap_ldexp
                0x10004d14       0x50 CMakeFiles/pio-bdm.dir/C_/Pico/pico-sdk/src/rp2_common/pico_double/double_math.c.obj
                0x10004d14                __wrap_ldexp
 .text.__wrap_round
                0x10004d64       0x9c CMakeFiles/pio-bdm.dir/C_/Pico/pico-sdk/src/rp2_common/pico_double/double_math.c.obj
                0x10004d64                __wrap_round
 .text.__wrap_exp2
                0x10004e00       0xcc CMakeFiles/pio-bdm.dir/C_/Pico/pico-sdk/src/rp2_common/pico_double/double_math.c.obj
                0x10004e00                __wrap_exp2
 .text.__wrap_pow
                0x10004ecc      0x37c CMakeFiles/pio-bdm.dir/C_/Pico/pico-sdk/src/rp2_common/pico_double/double_math.c.obj
                0x10004ecc                __wrap_pow
 .text.double_table_shim_on_use_helper
                0x10005248       0x34 CMakeFiles/pio-bdm.dir/C_/Pico/pico-sdk/src/rp2_common/pico_double/double_v1_rom_shim.S.obj
                0x10005248                double_table_shim_on_use_helper
 .text.__wrap___aeabi_dsub
                0x1000527c       0x10 CMakeFiles/pio-bdm.dir/C_/Pico/pico-sdk/src/rp2_common/pico_double/double_v1_rom_shim.S.obj
                0x1000527c                drsub_shim
                0x10005282                dsub_shim
 .text.dadd_shim
                0x1000528c      0x15c CMakeFiles/pio-bdm.dir/C_/Pico/pico-sdk/src/rp2_common/pico_double/double_v1_rom_shim.S.obj
                0x1000528c                dadd_shim
 .text.dmul_shim
                0x100053e8      0x15c CMakeFiles/pio-bdm.dir/C_/Pico/pico-sdk/src/rp2_common/pico_double/double_v1_rom_shim.S.obj
                0x100053e8                dmul_shim
 .text.ddiv_shim
                0x10005544      0x1b0 CMakeFiles/pio-bdm.dir/C_/Pico/pico-sdk/src/rp2_common/pico_double/double_v1_rom_shim.S.obj
                0x10005544                ddiv_shim
 .text.double2uint_shim
                0x100056f4        0xe CMakeFiles/pio-bdm.dir/C_/Pico/pico-sdk/src/rp2_common/pico_double/double_v1_rom_shim.S.obj
                0x100056f4                double2uint_shim
                0x100056f6                double2ufix_shim
 .text.double2int64_shim
                0x10005702       0x1a CMakeFiles/pio-bdm.dir/C_/Pico/pico-sdk/src/rp2_common/pico_double/double_v1_rom_shim.S.obj
                0x10005702                double2int64_shim
                0x10005704                double2fix64_shim
 .text.double2uint64_shim
                0x1000571c       0x70 CMakeFiles/pio-bdm.dir/C_/Pico/pico-sdk/src/rp2_common/pico_double/double_v1_rom_shim.S.obj
                0x1000571c                double2uint64_shim
                0x1000571e                double2ufix64_shim
                0x1000573e                d2fix_a
 .text.double2float_shim
                0x1000578c       0x5c CMakeFiles/pio-bdm.dir/C_/Pico/pico-sdk/src/rp2_common/pico_double/double_v1_rom_shim.S.obj
                0x1000578c                double2float_shim
 .text.x2double_shims
                0x100057e8       0x90 CMakeFiles/pio-bdm.dir/C_/Pico/pico-sdk/src/rp2_common/pico_double/double_v1_rom_shim.S.obj
                0x100057e8                uint2double_shim
                0x100057ea                ufix2double_shim
                0x100057f0                int2double_shim
                0x100057f2                fix2double_shim
                0x100057f8                uint642double_shim
                0x100057fa                ufix642double_shim
                0x10005800                int642double_shim
                0x10005802                fix642double_shim
 .text.dunpacks
                0x10005878       0x3c CMakeFiles/pio-bdm.dir/C_/Pico/pico-sdk/src/rp2_common/pico_double/double_v1_rom_shim.S.obj
                0x10005878                dunpacks
 .text.dreduce  0x100058b4       0x82 CMakeFiles/pio-bdm.dir/C_/Pico/pico-sdk/src/rp2_common/pico_double/double_v1_rom_shim.S.obj
                0x100058b4                dreduce
 *fill*         0x10005936        0x2 
 .text.dexp_guts
                0x10005938      0x268 CMakeFiles/pio-bdm.dir/C_/Pico/pico-sdk/src/rp2_common/pico_double/double_v1_rom_shim.S.obj
                0x10005938                dexp_shim
                0x100059d4                dln_shim
 .text.__aeabi_lmul
                0x10005ba0       0x32 CMakeFiles/pio-bdm.dir/C_/Pico/pico-sdk/src/rp2_common/pico_int64_ops/pico_int64_ops_aeabi.S.obj
                0x10005ba0                __wrap___aeabi_lmul
 *fill*         0x10005bd2        0x2 
 .text.__wrap___aeabi_farithmetic
                0x10005bd4       0x58 CMakeFiles/pio-bdm.dir/C_/Pico/pico-sdk/src/rp2_common/pico_float/float_aeabi.S.obj
                0x10005bd4                __wrap___aeabi_frsub
                0x10005bda                __wrap___aeabi_fsub
                0x10005be4                __wrap___aeabi_fadd
                0x10005bee                __wrap___aeabi_fdiv
                0x10005c1a                __wrap___aeabi_fmul
 .text.__wrap___aeabi_ui2f
                0x10005c2c        0xa CMakeFiles/pio-bdm.dir/C_/Pico/pico-sdk/src/rp2_common/pico_float/float_aeabi.S.obj
                0x10005c2c                __wrap___aeabi_ui2f
 *fill*         0x10005c36        0x2 
 .text.__wrap___aeabi_i2f
                0x10005c38       0x44 CMakeFiles/pio-bdm.dir/C_/Pico/pico-sdk/src/rp2_common/pico_float/float_aeabi.S.obj
                0x10005c38                __wrap___aeabi_i2f
 .text.__wrap___aeabi_f2uiz
                0x10005c7c       0x10 CMakeFiles/pio-bdm.dir/C_/Pico/pico-sdk/src/rp2_common/pico_float/float_aeabi.S.obj
                0x10005c7c                __wrap___aeabi_f2uiz
 .text.__wrap___aeabi_ul2f
                0x10005c8c       0x20 CMakeFiles/pio-bdm.dir/C_/Pico/pico-sdk/src/rp2_common/pico_float/float_aeabi.S.obj
                0x10005c90                __wrap___aeabi_ul2f
 .text.__wrap___aeabi_f2d
                0x10005cac       0x14 CMakeFiles/pio-bdm.dir/C_/Pico/pico-sdk/src/rp2_common/pico_float/float_aeabi.S.obj
                0x10005cac                __wrap___aeabi_f2d
 .text.__aeabi_float_init
                0x10005cc0       0xfc CMakeFiles/pio-bdm.dir/C_/Pico/pico-sdk/src/rp2_common/pico_float/float_init_rom.c.obj
                0x10005cc0                __aeabi_float_init
 .text.float_table_shim_on_use_helper
                0x10005dbc       0x34 CMakeFiles/pio-bdm.dir/C_/Pico/pico-sdk/src/rp2_common/pico_float/float_v1_rom_shim.S.obj
                0x10005dbc                float_table_shim_on_use_helper
 .text.642float_shims
                0x10005df0       0x44 CMakeFiles/pio-bdm.dir/C_/Pico/pico-sdk/src/rp2_common/pico_float/float_v1_rom_shim.S.obj
                0x10005df0                uint642float_shim
                0x10005df2                ufix642float_shim
                0x10005e02                int642float_shim
                0x10005e04                fix642float_shim
 .text.float2double_shim
                0x10005e34       0x30 CMakeFiles/pio-bdm.dir/C_/Pico/pico-sdk/src/rp2_common/pico_float/float_v1_rom_shim.S.obj
                0x10005e34                float2double_shim
 .text.__wrap_malloc
                0x10005e64       0x24 CMakeFiles/pio-bdm.dir/C_/Pico/pico-sdk/src/rp2_common/pico_malloc/pico_malloc.c.obj
                0x10005e64                __wrap_malloc
 .text.__wrap_realloc
                0x10005e88       0x24 CMakeFiles/pio-bdm.dir/C_/Pico/pico-sdk/src/rp2_common/pico_malloc/pico_malloc.c.obj
                0x10005e88                __wrap_realloc
 .text.__wrap_free
                0x10005eac        0x8 CMakeFiles/pio-bdm.dir/C_/Pico/pico-sdk/src/rp2_common/pico_malloc/pico_malloc.c.obj
                0x10005eac                __wrap_free
 .text          0x10005eb4       0x10 CMakeFiles/pio-bdm.dir/C_/Pico/pico-sdk/src/rp2_common/pico_mem_ops/mem_ops_aeabi.S.obj
                0x10005eb4                __aeabi_mem_init
 .text.memset   0x10005ec4        0xc CMakeFiles/pio-bdm.dir/C_/Pico/pico-sdk/src/rp2_common/pico_mem_ops/mem_ops_aeabi.S.obj
                0x10005ec4                __wrap_memset
 .text.memcpy   0x10005ed0        0xc CMakeFiles/pio-bdm.dir/C_/Pico/pico-sdk/src/rp2_common/pico_mem_ops/mem_ops_aeabi.S.obj
                0x10005ed0                __wrap_memcpy
                0x10005ed0                __wrap___aeabi_memcpy
 .text.stdio_out_chars_no_crlf
                0x10005edc        0xe CMakeFiles/pio-bdm.dir/C_/Pico/pico-sdk/src/rp2_common/pico_stdio/stdio.c.obj
 *fill*         0x10005eea        0x2 
 .text.stdio_out_chars_crlf
                0x10005eec       0x80 CMakeFiles/pio-bdm.dir/C_/Pico/pico-sdk/src/rp2_common/pico_stdio/stdio.c.obj
 .text.stdio_stack_buffer_flush
                0x10005f6c       0x44 CMakeFiles/pio-bdm.dir/C_/Pico/pico-sdk/src/rp2_common/pico_stdio/stdio.c.obj
 .text.stdio_buffered_printer
                0x10005fb0       0x20 CMakeFiles/pio-bdm.dir/C_/Pico/pico-sdk/src/rp2_common/pico_stdio/stdio.c.obj
 .text.stdio_get_until
                0x10005fd0       0x80 CMakeFiles/pio-bdm.dir/C_/Pico/pico-sdk/src/rp2_common/pico_stdio/stdio.c.obj
 .text.stdout_serialize_begin
                0x10006050       0x30 CMakeFiles/pio-bdm.dir/C_/Pico/pico-sdk/src/rp2_common/pico_stdio/stdio.c.obj
                0x10006050                stdout_serialize_begin
 .text.stdout_serialize_end
                0x10006080       0x10 CMakeFiles/pio-bdm.dir/C_/Pico/pico-sdk/src/rp2_common/pico_stdio/stdio.c.obj
                0x10006080                stdout_serialize_end
 .text.stdio_put_string
                0x10006090       0x98 CMakeFiles/pio-bdm.dir/C_/Pico/pico-sdk/src/rp2_common/pico_stdio/stdio.c.obj
 .text.__wrap_putchar
                0x10006128       0x1c CMakeFiles/pio-bdm.dir/C_/Pico/pico-sdk/src/rp2_common/pico_stdio/stdio.c.obj
                0x10006128                __wrap_putchar
 .text._read    0x10006144       0x24 CMakeFiles/pio-bdm.dir/C_/Pico/pico-sdk/src/rp2_common/pico_stdio/stdio.c.obj
                0x10006144                _read
 .text._write   0x10006168       0x22 CMakeFiles/pio-bdm.dir/C_/Pico/pico-sdk/src/rp2_common/pico_stdio/stdio.c.obj
                0x10006168                _write
 *fill*         0x1000618a        0x2 
 .text.stdio_set_driver_enabled
                0x1000618c       0x2c CMakeFiles/pio-bdm.dir/C_/Pico/pico-sdk/src/rp2_common/pico_stdio/stdio.c.obj
                0x1000618c                stdio_set_driver_enabled
 .text.stdio_flush
                0x100061b8       0x20 CMakeFiles/pio-bdm.dir/C_/Pico/pico-sdk/src/rp2_common/pico_stdio/stdio.c.obj
                0x100061b8                stdio_flush
 .text.__wrap_puts
                0x100061d8       0x1e CMakeFiles/pio-bdm.dir/C_/Pico/pico-sdk/src/rp2_common/pico_stdio/stdio.c.obj
                0x100061d8                __wrap_puts
 *fill*         0x100061f6        0x2 
 .text.__wrap_vprintf
                0x100061f8       0x44 CMakeFiles/pio-bdm.dir/C_/Pico/pico-sdk/src/rp2_common/pico_stdio/stdio.c.obj
                0x100061f8                __wrap_vprintf
 .text.__wrap_printf
                0x1000623c       0x18 CMakeFiles/pio-bdm.dir/C_/Pico/pico-sdk/src/rp2_common/pico_stdio/stdio.c.obj
                0x1000623c                __wrap_printf
 .text.stdio_init_all
                0x10006254        0x8 CMakeFiles/pio-bdm.dir/C_/Pico/pico-sdk/src/rp2_common/pico_stdio/stdio.c.obj
                0x10006254                stdio_init_all
 .text.resetd_init
                0x1000625c        0x2 CMakeFiles/pio-bdm.dir/C_/Pico/pico-sdk/src/rp2_common/pico_stdio_usb/reset_interface.c.obj
 *fill*         0x1000625e        0x2 
 .text.resetd_reset
                0x10006260        0xc CMakeFiles/pio-bdm.dir/C_/Pico/pico-sdk/src/rp2_common/pico_stdio_usb/reset_interface.c.obj
 .text.resetd_open
                0x1000626c       0x34 CMakeFiles/pio-bdm.dir/C_/Pico/pico-sdk/src/rp2_common/pico_stdio_usb/reset_interface.c.obj
 .text.resetd_xfer_cb
                0x100062a0        0x4 CMakeFiles/pio-bdm.dir/C_/Pico/pico-sdk/src/rp2_common/pico_stdio_usb/reset_interface.c.obj
 .text.reset_usb_boot
                0x100062a4       0x18 CMakeFiles/pio-bdm.dir/C_/Pico/pico-sdk/src/rp2_common/pico_stdio_usb/reset_interface.c.obj
 .text.resetd_control_xfer_cb
                0x100062bc       0x5c CMakeFiles/pio-bdm.dir/C_/Pico/pico-sdk/src/rp2_common/pico_stdio_usb/reset_interface.c.obj
 .text.usbd_app_driver_get_cb
                0x10006318        0xc CMakeFiles/pio-bdm.dir/C_/Pico/pico-sdk/src/rp2_common/pico_stdio_usb/reset_interface.c.obj
                0x10006318                usbd_app_driver_get_cb
 .text.tud_cdc_line_coding_cb
                0x10006324       0x28 CMakeFiles/pio-bdm.dir/C_/Pico/pico-sdk/src/rp2_common/pico_stdio_usb/reset_interface.c.obj
                0x10006324                tud_cdc_line_coding_cb
 .text.stdio_usb_in_chars
                0x1000634c       0x70 CMakeFiles/pio-bdm.dir/C_/Pico/pico-sdk/src/rp2_common/pico_stdio_usb/stdio_usb.c.obj
                0x1000634c                stdio_usb_in_chars
 .text.low_priority_worker_irq
                0x100063bc       0x20 CMakeFiles/pio-bdm.dir/C_/Pico/pico-sdk/src/rp2_common/pico_stdio_usb/stdio_usb.c.obj
 .text.stdio_usb_out_chars
                0x100063dc       0xd4 CMakeFiles/pio-bdm.dir/C_/Pico/pico-sdk/src/rp2_common/pico_stdio_usb/stdio_usb.c.obj
 .text.timer_task
                0x100064b0       0x40 CMakeFiles/pio-bdm.dir/C_/Pico/pico-sdk/src/rp2_common/pico_stdio_usb/stdio_usb.c.obj
 .text.usb_irq  0x100064f0       0x10 CMakeFiles/pio-bdm.dir/C_/Pico/pico-sdk/src/rp2_common/pico_stdio_usb/stdio_usb.c.obj
 .text.stdio_usb_init
                0x10006500       0xec CMakeFiles/pio-bdm.dir/C_/Pico/pico-sdk/src/rp2_common/pico_stdio_usb/stdio_usb.c.obj
                0x10006500                stdio_usb_init
 .text.tud_descriptor_device_cb
                0x100065ec        0x8 CMakeFiles/pio-bdm.dir/C_/Pico/pico-sdk/src/rp2_common/pico_stdio_usb/stdio_usb_descriptors.c.obj
                0x100065ec                tud_descriptor_device_cb
 .text.tud_descriptor_configuration_cb
                0x100065f4        0x8 CMakeFiles/pio-bdm.dir/C_/Pico/pico-sdk/src/rp2_common/pico_stdio_usb/stdio_usb_descriptors.c.obj
                0x100065f4                tud_descriptor_configuration_cb
 .text.tud_descriptor_string_cb
                0x100065fc       0x6c CMakeFiles/pio-bdm.dir/C_/Pico/pico-sdk/src/rp2_common/pico_stdio_usb/stdio_usb_descriptors.c.obj
                0x100065fc                tud_descriptor_string_cb
 .text.hw_endpoint_get_by_addr
                0x10006668       0x18 CMakeFiles/pio-bdm.dir/C_/Pico/pico-sdk/lib/tinyusb/src/portable/raspberrypi/rp2040/dcd_rp2040.c.obj
 .text.reset_ep0_pid
                0x10006680       0x28 CMakeFiles/pio-bdm.dir/C_/Pico/pico-sdk/lib/tinyusb/src/portable/raspberrypi/rp2040/dcd_rp2040.c.obj
 .text._hw_endpoint_alloc
                0x100066a8       0x70 CMakeFiles/pio-bdm.dir/C_/Pico/pico-sdk/lib/tinyusb/src/portable/raspberrypi/rp2040/dcd_rp2040.c.obj
 .text.hw_endpoint_init
                0x10006718       0x88 CMakeFiles/pio-bdm.dir/C_/Pico/pico-sdk/lib/tinyusb/src/portable/raspberrypi/rp2040/dcd_rp2040.c.obj
 .text.reset_non_control_endpoints
                0x100067a0       0x40 CMakeFiles/pio-bdm.dir/C_/Pico/pico-sdk/lib/tinyusb/src/portable/raspberrypi/rp2040/dcd_rp2040.c.obj
 .text.hw_handle_buff_status
                0x100067e0       0x8c CMakeFiles/pio-bdm.dir/C_/Pico/pico-sdk/lib/tinyusb/src/portable/raspberrypi/rp2040/dcd_rp2040.c.obj
 .text.dcd_rp2040_irq
                0x1000686c       0xc0 CMakeFiles/pio-bdm.dir/C_/Pico/pico-sdk/lib/tinyusb/src/portable/raspberrypi/rp2040/dcd_rp2040.c.obj
 .text.hw_endpoint_xfer
                0x1000692c       0x14 CMakeFiles/pio-bdm.dir/C_/Pico/pico-sdk/lib/tinyusb/src/portable/raspberrypi/rp2040/dcd_rp2040.c.obj
 .text.dcd_int_enable
                0x10006940       0x2c CMakeFiles/pio-bdm.dir/C_/Pico/pico-sdk/lib/tinyusb/src/portable/raspberrypi/rp2040/dcd_rp2040.c.obj
                0x10006940                dcd_int_enable
 .text.dcd_set_address
                0x1000696c       0x2c CMakeFiles/pio-bdm.dir/C_/Pico/pico-sdk/lib/tinyusb/src/portable/raspberrypi/rp2040/dcd_rp2040.c.obj
                0x1000696c                dcd_set_address
 .text.dcd_connect
                0x10006998       0x10 CMakeFiles/pio-bdm.dir/C_/Pico/pico-sdk/lib/tinyusb/src/portable/raspberrypi/rp2040/dcd_rp2040.c.obj
                0x10006998                dcd_connect
 .text.dcd_init
                0x100069a8       0x7c CMakeFiles/pio-bdm.dir/C_/Pico/pico-sdk/lib/tinyusb/src/portable/raspberrypi/rp2040/dcd_rp2040.c.obj
                0x100069a8                dcd_init
 .text.dcd_edpt0_status_complete
                0x10006a24       0x1c CMakeFiles/pio-bdm.dir/C_/Pico/pico-sdk/lib/tinyusb/src/portable/raspberrypi/rp2040/dcd_rp2040.c.obj
                0x10006a24                dcd_edpt0_status_complete
 .text.dcd_edpt_open
                0x10006a40       0x40 CMakeFiles/pio-bdm.dir/C_/Pico/pico-sdk/lib/tinyusb/src/portable/raspberrypi/rp2040/dcd_rp2040.c.obj
                0x10006a40                dcd_edpt_open
 .text.dcd_edpt_close_all
                0x10006a80        0x8 CMakeFiles/pio-bdm.dir/C_/Pico/pico-sdk/lib/tinyusb/src/portable/raspberrypi/rp2040/dcd_rp2040.c.obj
                0x10006a80                dcd_edpt_close_all
 .text.dcd_edpt_xfer
                0x10006a88       0x30 CMakeFiles/pio-bdm.dir/C_/Pico/pico-sdk/lib/tinyusb/src/portable/raspberrypi/rp2040/dcd_rp2040.c.obj
                0x10006a88                dcd_edpt_xfer
 .text.dcd_edpt_stall
                0x10006ab8       0x2c CMakeFiles/pio-bdm.dir/C_/Pico/pico-sdk/lib/tinyusb/src/portable/raspberrypi/rp2040/dcd_rp2040.c.obj
                0x10006ab8                dcd_edpt_stall
 .text.dcd_edpt_clear_stall
                0x10006ae4       0x20 CMakeFiles/pio-bdm.dir/C_/Pico/pico-sdk/lib/tinyusb/src/portable/raspberrypi/rp2040/dcd_rp2040.c.obj
                0x10006ae4                dcd_edpt_clear_stall
 .text.prepare_ep_buffer
                0x10006b04       0x70 CMakeFiles/pio-bdm.dir/C_/Pico/pico-sdk/lib/tinyusb/src/portable/raspberrypi/rp2040/rp2040_usb.c.obj
 .text.sync_ep_buffer
                0x10006b74       0x7c CMakeFiles/pio-bdm.dir/C_/Pico/pico-sdk/lib/tinyusb/src/portable/raspberrypi/rp2040/rp2040_usb.c.obj
 .text._hw_endpoint_xfer_sync
                0x10006bf0       0x28 CMakeFiles/pio-bdm.dir/C_/Pico/pico-sdk/lib/tinyusb/src/portable/raspberrypi/rp2040/rp2040_usb.c.obj
 .text.rp2040_usb_init
                0x10006c18       0x4c CMakeFiles/pio-bdm.dir/C_/Pico/pico-sdk/lib/tinyusb/src/portable/raspberrypi/rp2040/rp2040_usb.c.obj
                0x10006c18                rp2040_usb_init
 .text.hw_endpoint_reset_transfer
                0x10006c64        0xc CMakeFiles/pio-bdm.dir/C_/Pico/pico-sdk/lib/tinyusb/src/portable/raspberrypi/rp2040/rp2040_usb.c.obj
                0x10006c64                hw_endpoint_reset_transfer
 .text._hw_endpoint_buffer_control_update32
                0x10006c70       0x58 CMakeFiles/pio-bdm.dir/C_/Pico/pico-sdk/lib/tinyusb/src/portable/raspberrypi/rp2040/rp2040_usb.c.obj
                0x10006c70                _hw_endpoint_buffer_control_update32
 .text._hw_endpoint_start_next_buffer
                0x10006cc8       0x74 CMakeFiles/pio-bdm.dir/C_/Pico/pico-sdk/lib/tinyusb/src/portable/raspberrypi/rp2040/rp2040_usb.c.obj
 .text.hw_endpoint_xfer_start
                0x10006d3c       0x48 CMakeFiles/pio-bdm.dir/C_/Pico/pico-sdk/lib/tinyusb/src/portable/raspberrypi/rp2040/rp2040_usb.c.obj
                0x10006d3c                hw_endpoint_xfer_start
 .text.hw_endpoint_xfer_continue
                0x10006d84       0x38 CMakeFiles/pio-bdm.dir/C_/Pico/pico-sdk/lib/tinyusb/src/portable/raspberrypi/rp2040/rp2040_usb.c.obj
                0x10006d84                hw_endpoint_xfer_continue
 .text.configuration_reset
                0x10006dbc       0x84 CMakeFiles/pio-bdm.dir/C_/Pico/pico-sdk/lib/tinyusb/src/device/usbd.c.obj
 .text.usbd_reset
                0x10006e40        0xc CMakeFiles/pio-bdm.dir/C_/Pico/pico-sdk/lib/tinyusb/src/device/usbd.c.obj
 .text.invoke_class_control
                0x10006e4c       0x1a CMakeFiles/pio-bdm.dir/C_/Pico/pico-sdk/lib/tinyusb/src/device/usbd.c.obj
 *fill*         0x10006e66        0x2 
 .text.process_set_config
                0x10006e68      0x1b0 CMakeFiles/pio-bdm.dir/C_/Pico/pico-sdk/lib/tinyusb/src/device/usbd.c.obj
 .text.process_get_descriptor
                0x10007018       0xec CMakeFiles/pio-bdm.dir/C_/Pico/pico-sdk/lib/tinyusb/src/device/usbd.c.obj
 .text.tud_mounted
                0x10007104       0x10 CMakeFiles/pio-bdm.dir/C_/Pico/pico-sdk/lib/tinyusb/src/device/usbd.c.obj
                0x10007104                tud_mounted
 .text.tud_suspended
                0x10007114       0x10 CMakeFiles/pio-bdm.dir/C_/Pico/pico-sdk/lib/tinyusb/src/device/usbd.c.obj
                0x10007114                tud_suspended
 .text.tud_inited
                0x10007124        0xc CMakeFiles/pio-bdm.dir/C_/Pico/pico-sdk/lib/tinyusb/src/device/usbd.c.obj
                0x10007124                tud_inited
 .text.tud_init
                0x10007130       0xcc CMakeFiles/pio-bdm.dir/C_/Pico/pico-sdk/lib/tinyusb/src/device/usbd.c.obj
                0x10007130                tud_init
 .text.dcd_event_handler
                0x100071fc      0x1e0 CMakeFiles/pio-bdm.dir/C_/Pico/pico-sdk/lib/tinyusb/src/device/usbd.c.obj
                0x100071fc                dcd_event_handler
 .text.dcd_event_bus_signal
                0x100073dc       0x26 CMakeFiles/pio-bdm.dir/C_/Pico/pico-sdk/lib/tinyusb/src/device/usbd.c.obj
                0x100073dc                dcd_event_bus_signal
 .text.dcd_event_bus_reset
                0x10007402       0x2a CMakeFiles/pio-bdm.dir/C_/Pico/pico-sdk/lib/tinyusb/src/device/usbd.c.obj
                0x10007402                dcd_event_bus_reset
 .text.dcd_event_setup_received
                0x1000742c       0x34 CMakeFiles/pio-bdm.dir/C_/Pico/pico-sdk/lib/tinyusb/src/device/usbd.c.obj
                0x1000742c                dcd_event_setup_received
 .text.dcd_event_xfer_complete
                0x10007460       0x44 CMakeFiles/pio-bdm.dir/C_/Pico/pico-sdk/lib/tinyusb/src/device/usbd.c.obj
                0x10007460                dcd_event_xfer_complete
 .text.usbd_edpt_open
                0x100074a4       0x58 CMakeFiles/pio-bdm.dir/C_/Pico/pico-sdk/lib/tinyusb/src/device/usbd.c.obj
                0x100074a4                usbd_edpt_open
 .text.usbd_open_edpt_pair
                0x100074fc       0x8c CMakeFiles/pio-bdm.dir/C_/Pico/pico-sdk/lib/tinyusb/src/device/usbd.c.obj
                0x100074fc                usbd_open_edpt_pair
 .text.usbd_edpt_claim
                0x10007588       0x8c CMakeFiles/pio-bdm.dir/C_/Pico/pico-sdk/lib/tinyusb/src/device/usbd.c.obj
                0x10007588                usbd_edpt_claim
 .text.usbd_edpt_release
                0x10007614       0x68 CMakeFiles/pio-bdm.dir/C_/Pico/pico-sdk/lib/tinyusb/src/device/usbd.c.obj
                0x10007614                usbd_edpt_release
 .text.usbd_edpt_xfer
                0x1000767c       0x80 CMakeFiles/pio-bdm.dir/C_/Pico/pico-sdk/lib/tinyusb/src/device/usbd.c.obj
                0x1000767c                usbd_edpt_xfer
 .text.usbd_edpt_stall
                0x100076fc       0x40 CMakeFiles/pio-bdm.dir/C_/Pico/pico-sdk/lib/tinyusb/src/device/usbd.c.obj
                0x100076fc                usbd_edpt_stall
 .text.usbd_edpt_clear_stall
                0x1000773c       0x40 CMakeFiles/pio-bdm.dir/C_/Pico/pico-sdk/lib/tinyusb/src/device/usbd.c.obj
                0x1000773c                usbd_edpt_clear_stall
 .text.usbd_edpt_stalled
                0x1000777c       0x1c CMakeFiles/pio-bdm.dir/C_/Pico/pico-sdk/lib/tinyusb/src/device/usbd.c.obj
                0x1000777c                usbd_edpt_stalled
 .text.process_control_request
                0x10007798      0x3b8 CMakeFiles/pio-bdm.dir/C_/Pico/pico-sdk/lib/tinyusb/src/device/usbd.c.obj
 .text.tud_task
                0x10007b50      0x218 CMakeFiles/pio-bdm.dir/C_/Pico/pico-sdk/lib/tinyusb/src/device/usbd.c.obj
                0x10007b50                tud_task
 .text._data_stage_xact
                0x10007d68       0x58 CMakeFiles/pio-bdm.dir/C_/Pico/pico-sdk/lib/tinyusb/src/device/usbd_control.c.obj
 .text.tud_control_status
                0x10007dc0       0x38 CMakeFiles/pio-bdm.dir/C_/Pico/pico-sdk/lib/tinyusb/src/device/usbd_control.c.obj
                0x10007dc0                tud_control_status
 .text.tud_control_xfer
                0x10007df8       0xa8 CMakeFiles/pio-bdm.dir/C_/Pico/pico-sdk/lib/tinyusb/src/device/usbd_control.c.obj
                0x10007df8                tud_control_xfer
 .text.usbd_control_reset
                0x10007ea0       0x14 CMakeFiles/pio-bdm.dir/C_/Pico/pico-sdk/lib/tinyusb/src/device/usbd_control.c.obj
                0x10007ea0                usbd_control_reset
 .text.usbd_control_set_complete_callback
                0x10007eb4        0xc CMakeFiles/pio-bdm.dir/C_/Pico/pico-sdk/lib/tinyusb/src/device/usbd_control.c.obj
                0x10007eb4                usbd_control_set_complete_callback
 .text.usbd_control_set_request
                0x10007ec0       0x1c CMakeFiles/pio-bdm.dir/C_/Pico/pico-sdk/lib/tinyusb/src/device/usbd_control.c.obj
                0x10007ec0                usbd_control_set_request
 .text.usbd_control_xfer_cb
                0x10007edc       0xfc CMakeFiles/pio-bdm.dir/C_/Pico/pico-sdk/lib/tinyusb/src/device/usbd_control.c.obj
                0x10007edc                usbd_control_xfer_cb
 .text._prep_out_transaction
                0x10007fd8       0x46 CMakeFiles/pio-bdm.dir/C_/Pico/pico-sdk/lib/tinyusb/src/class/cdc/cdc_device.c.obj
 *fill*         0x1000801e        0x2 
 .text.tud_cdc_n_connected
                0x10008020       0x44 CMakeFiles/pio-bdm.dir/C_/Pico/pico-sdk/lib/tinyusb/src/class/cdc/cdc_device.c.obj
                0x10008020                tud_cdc_n_connected
 .text.tud_cdc_n_available
                0x10008064       0x18 CMakeFiles/pio-bdm.dir/C_/Pico/pico-sdk/lib/tinyusb/src/class/cdc/cdc_device.c.obj
                0x10008064                tud_cdc_n_available
 .text.tud_cdc_n_read
                0x1000807c       0x28 CMakeFiles/pio-bdm.dir/C_/Pico/pico-sdk/lib/tinyusb/src/class/cdc/cdc_device.c.obj
                0x1000807c                tud_cdc_n_read
 .text.tud_cdc_n_write_flush
                0x100080a4       0xcc CMakeFiles/pio-bdm.dir/C_/Pico/pico-sdk/lib/tinyusb/src/class/cdc/cdc_device.c.obj
                0x100080a4                tud_cdc_n_write_flush
 .text.tud_cdc_n_write
                0x10008170       0x38 CMakeFiles/pio-bdm.dir/C_/Pico/pico-sdk/lib/tinyusb/src/class/cdc/cdc_device.c.obj
                0x10008170                tud_cdc_n_write
 .text.tud_cdc_n_write_available
                0x100081a8       0x1c CMakeFiles/pio-bdm.dir/C_/Pico/pico-sdk/lib/tinyusb/src/class/cdc/cdc_device.c.obj
                0x100081a8                tud_cdc_n_write_available
 .text.cdcd_init
                0x100081c4       0xbc CMakeFiles/pio-bdm.dir/C_/Pico/pico-sdk/lib/tinyusb/src/class/cdc/cdc_device.c.obj
                0x100081c4                cdcd_init
 .text.cdcd_reset
                0x10008280       0x44 CMakeFiles/pio-bdm.dir/C_/Pico/pico-sdk/lib/tinyusb/src/class/cdc/cdc_device.c.obj
                0x10008280                cdcd_reset
 .text.cdcd_open
                0x100082c4       0xf8 CMakeFiles/pio-bdm.dir/C_/Pico/pico-sdk/lib/tinyusb/src/class/cdc/cdc_device.c.obj
                0x100082c4                cdcd_open
 .text.cdcd_control_xfer_cb
                0x100083bc      0x134 CMakeFiles/pio-bdm.dir/C_/Pico/pico-sdk/lib/tinyusb/src/class/cdc/cdc_device.c.obj
                0x100083bc                cdcd_control_xfer_cb
 .text.cdcd_xfer_cb
                0x100084f0      0x144 CMakeFiles/pio-bdm.dir/C_/Pico/pico-sdk/lib/tinyusb/src/class/cdc/cdc_device.c.obj
                0x100084f0                cdcd_xfer_cb
 .text.tusb_init
                0x10008634       0x24 CMakeFiles/pio-bdm.dir/C_/Pico/pico-sdk/lib/tinyusb/src/tusb.c.obj
                0x10008634                tusb_init
 .text.tusb_inited
                0x10008658        0xe CMakeFiles/pio-bdm.dir/C_/Pico/pico-sdk/lib/tinyusb/src/tusb.c.obj
                0x10008658                tusb_inited
 *fill*         0x10008666        0x2 
 .text.tu_edpt_validate
                0x10008668       0xa8 CMakeFiles/pio-bdm.dir/C_/Pico/pico-sdk/lib/tinyusb/src/tusb.c.obj
                0x10008668                tu_edpt_validate
 .text.tu_edpt_bind_driver
                0x10008710       0x2a CMakeFiles/pio-bdm.dir/C_/Pico/pico-sdk/lib/tinyusb/src/tusb.c.obj
                0x10008710                tu_edpt_bind_driver
 .text.advance_pointer
                0x1000873a       0x18 CMakeFiles/pio-bdm.dir/C_/Pico/pico-sdk/lib/tinyusb/src/common/tusb_fifo.c.obj
 .text.backward_pointer
                0x10008752       0x1e CMakeFiles/pio-bdm.dir/C_/Pico/pico-sdk/lib/tinyusb/src/common/tusb_fifo.c.obj
 .text.get_relative_pointer
                0x10008770       0x10 CMakeFiles/pio-bdm.dir/C_/Pico/pico-sdk/lib/tinyusb/src/common/tusb_fifo.c.obj
 .text._tu_fifo_peek
                0x10008780       0x50 CMakeFiles/pio-bdm.dir/C_/Pico/pico-sdk/lib/tinyusb/src/common/tusb_fifo.c.obj
 .text._ff_pull_const_addr
                0x100087d0       0x4c CMakeFiles/pio-bdm.dir/C_/Pico/pico-sdk/lib/tinyusb/src/common/tusb_fifo.c.obj
 .text._ff_pull_n
                0x1000881c      0x10c CMakeFiles/pio-bdm.dir/C_/Pico/pico-sdk/lib/tinyusb/src/common/tusb_fifo.c.obj
 .text._tu_fifo_peek_n
                0x10008928       0x5e CMakeFiles/pio-bdm.dir/C_/Pico/pico-sdk/lib/tinyusb/src/common/tusb_fifo.c.obj
 .text._tu_fifo_read_n
                0x10008986       0x4e CMakeFiles/pio-bdm.dir/C_/Pico/pico-sdk/lib/tinyusb/src/common/tusb_fifo.c.obj
 .text._ff_push_const_addr
                0x100089d4       0x40 CMakeFiles/pio-bdm.dir/C_/Pico/pico-sdk/lib/tinyusb/src/common/tusb_fifo.c.obj
 .text._ff_push_n
                0x10008a14      0x108 CMakeFiles/pio-bdm.dir/C_/Pico/pico-sdk/lib/tinyusb/src/common/tusb_fifo.c.obj
 .text._tu_fifo_write_n
                0x10008b1c       0x9e CMakeFiles/pio-bdm.dir/C_/Pico/pico-sdk/lib/tinyusb/src/common/tusb_fifo.c.obj
 .text.tu_fifo_config
                0x10008bba       0x72 CMakeFiles/pio-bdm.dir/C_/Pico/pico-sdk/lib/tinyusb/src/common/tusb_fifo.c.obj
                0x10008bba                tu_fifo_config
 .text.tu_fifo_count
                0x10008c2c       0x26 CMakeFiles/pio-bdm.dir/C_/Pico/pico-sdk/lib/tinyusb/src/common/tusb_fifo.c.obj
                0x10008c2c                tu_fifo_count
 .text.tu_fifo_empty
                0x10008c52       0x10 CMakeFiles/pio-bdm.dir/C_/Pico/pico-sdk/lib/tinyusb/src/common/tusb_fifo.c.obj
                0x10008c52                tu_fifo_empty
 .text.tu_fifo_remaining
                0x10008c62       0x20 CMakeFiles/pio-bdm.dir/C_/Pico/pico-sdk/lib/tinyusb/src/common/tusb_fifo.c.obj
                0x10008c62                tu_fifo_remaining
 .text.tu_fifo_read
                0x10008c82       0x42 CMakeFiles/pio-bdm.dir/C_/Pico/pico-sdk/lib/tinyusb/src/common/tusb_fifo.c.obj
                0x10008c82                tu_fifo_read
 .text.tu_fifo_read_n
                0x10008cc4        0xa CMakeFiles/pio-bdm.dir/C_/Pico/pico-sdk/lib/tinyusb/src/common/tusb_fifo.c.obj
                0x10008cc4                tu_fifo_read_n
 .text.tu_fifo_write
                0x10008cce       0x6c CMakeFiles/pio-bdm.dir/C_/Pico/pico-sdk/lib/tinyusb/src/common/tusb_fifo.c.obj
                0x10008cce                tu_fifo_write
 .text.tu_fifo_write_n
                0x10008d3a        0xa CMakeFiles/pio-bdm.dir/C_/Pico/pico-sdk/lib/tinyusb/src/common/tusb_fifo.c.obj
                0x10008d3a                tu_fifo_write_n
 .text.tu_fifo_clear
                0x10008d44       0x4c CMakeFiles/pio-bdm.dir/C_/Pico/pico-sdk/lib/tinyusb/src/common/tusb_fifo.c.obj
                0x10008d44                tu_fifo_clear
 .text.tu_fifo_set_overwritable
                0x10008d90       0x3c CMakeFiles/pio-bdm.dir/C_/Pico/pico-sdk/lib/tinyusb/src/common/tusb_fifo.c.obj
                0x10008d90                tu_fifo_set_overwritable
 .text._retrieve_unique_id_on_boot
                0x10008dcc       0x10 CMakeFiles/pio-bdm.dir/C_/Pico/pico-sdk/src/rp2_common/pico_unique_id/unique_id.c.obj
 .text.pico_get_unique_board_id_string
                0x10008ddc       0x60 CMakeFiles/pio-bdm.dir/C_/Pico/pico-sdk/src/rp2_common/pico_unique_id/unique_id.c.obj
                0x10008ddc                pico_get_unique_board_id_string
 .text.flash_get_unique_id
                0x10008e3c       0x46 CMakeFiles/pio-bdm.dir/C_/Pico/pico-sdk/src/rp2_common/hardware_flash/flash.c.obj
                0x10008e3c                flash_get_unique_id
 *fill*         0x10008e82        0x2 
 .text._pio_can_add_program_at_offset
                0x10008e84       0x3c CMakeFiles/pio-bdm.dir/C_/Pico/pico-sdk/src/rp2_common/hardware_pio/pio.c.obj
 .text._pio_find_offset_for_program
                0x10008ec0       0x7c CMakeFiles/pio-bdm.dir/C_/Pico/pico-sdk/src/rp2_common/hardware_pio/pio.c.obj
 .text._pio_add_program_at_offset
                0x10008f3c       0x78 CMakeFiles/pio-bdm.dir/C_/Pico/pico-sdk/src/rp2_common/hardware_pio/pio.c.obj
 .text.pio_claim_unused_sm
                0x10008fb4       0x3c CMakeFiles/pio-bdm.dir/C_/Pico/pico-sdk/src/rp2_common/hardware_pio/pio.c.obj
                0x10008fb4                pio_claim_unused_sm
 .text.pio_add_program
                0x10008ff0       0x38 CMakeFiles/pio-bdm.dir/C_/Pico/pico-sdk/src/rp2_common/hardware_pio/pio.c.obj
                0x10008ff0                pio_add_program
 .text.pio_clear_instruction_memory
                0x10009028       0x3c CMakeFiles/pio-bdm.dir/C_/Pico/pico-sdk/src/rp2_common/hardware_pio/pio.c.obj
                0x10009028                pio_clear_instruction_memory
 .text.pio_sm_set_consecutive_pindirs
                0x10009064       0x70 CMakeFiles/pio-bdm.dir/C_/Pico/pico-sdk/src/rp2_common/hardware_pio/pio.c.obj
                0x10009064                pio_sm_set_consecutive_pindirs
 .text.pio_sm_init
                0x100090d4       0xe4 CMakeFiles/pio-bdm.dir/C_/Pico/pico-sdk/src/rp2_common/hardware_pio/pio.c.obj
                0x100090d4                pio_sm_init
 .text._calloc_r
                0x100091b8       0x9c c:/progra~2/gnuarm~1/102021~1.10/bin/../lib/gcc/arm-none-eabi/10.3.1/../../../../arm-none-eabi/lib/thumb/v6-m/nofp\libg.a(lib_a-callocr.o)
                0x100091b8                _calloc_r
 .text.__errno  0x10009254        0xc c:/progra~2/gnuarm~1/102021~1.10/bin/../lib/gcc/arm-none-eabi/10.3.1/../../../../arm-none-eabi/lib/thumb/v6-m/nofp\libg.a(lib_a-errno.o)
                0x10009254                __errno
 .text.malloc   0x10009260       0x14 c:/progra~2/gnuarm~1/102021~1.10/bin/../lib/gcc/arm-none-eabi/10.3.1/../../../../arm-none-eabi/lib/thumb/v6-m/nofp\libg.a(lib_a-malloc.o)
                0x10009260                malloc
 .text.free     0x10009274       0x14 c:/progra~2/gnuarm~1/102021~1.10/bin/../lib/gcc/arm-none-eabi/10.3.1/../../../../arm-none-eabi/lib/thumb/v6-m/nofp\libg.a(lib_a-malloc.o)
                0x10009274                free
 .text._malloc_r
                0x10009288      0x584 c:/progra~2/gnuarm~1/102021~1.10/bin/../lib/gcc/arm-none-eabi/10.3.1/../../../../arm-none-eabi/lib/thumb/v6-m/nofp\libg.a(lib_a-mallocr.o)
                0x10009288                _malloc_r
 .text.__malloc_lock
                0x1000980c       0x10 c:/progra~2/gnuarm~1/102021~1.10/bin/../lib/gcc/arm-none-eabi/10.3.1/../../../../arm-none-eabi/lib/thumb/v6-m/nofp\libg.a(lib_a-mlock.o)
                0x1000980c                __malloc_lock
 .text.__malloc_unlock
                0x1000981c       0x10 c:/progra~2/gnuarm~1/102021~1.10/bin/../lib/gcc/arm-none-eabi/10.3.1/../../../../arm-none-eabi/lib/thumb/v6-m/nofp\libg.a(lib_a-mlock.o)
                0x1000981c                __malloc_unlock
 .text.realloc  0x1000982c       0x18 c:/progra~2/gnuarm~1/102021~1.10/bin/../lib/gcc/arm-none-eabi/10.3.1/../../../../arm-none-eabi/lib/thumb/v6-m/nofp\libg.a(lib_a-realloc.o)
                0x1000982c                realloc
 .text._realloc_r
                0x10009844      0x354 c:/progra~2/gnuarm~1/102021~1.10/bin/../lib/gcc/arm-none-eabi/10.3.1/../../../../arm-none-eabi/lib/thumb/v6-m/nofp\libg.a(lib_a-reallocr.o)
                0x10009844                _realloc_r
 .text._sbrk_r  0x10009b98       0x24 c:/progra~2/gnuarm~1/102021~1.10/bin/../lib/gcc/arm-none-eabi/10.3.1/../../../../arm-none-eabi/lib/thumb/v6-m/nofp\libg.a(lib_a-sbrkr.o)
                0x10009b98                _sbrk_r
 .text.scanf    0x10009bbc       0x24 c:/progra~2/gnuarm~1/102021~1.10/bin/../lib/gcc/arm-none-eabi/10.3.1/../../../../arm-none-eabi/lib/thumb/v6-m/nofp\libg.a(lib_a-scanf.o)
                0x10009bbc                scanf
 .text          0x10009be0       0x88 c:/progra~2/gnuarm~1/102021~1.10/bin/../lib/gcc/arm-none-eabi/10.3.1/../../../../arm-none-eabi/lib/thumb/v6-m/nofp\libg.a(lib_a-strcmp.o)
                0x10009be0                strcmp
 .text.strlen   0x10009c68       0x5c c:/progra~2/gnuarm~1/102021~1.10/bin/../lib/gcc/arm-none-eabi/10.3.1/../../../../arm-none-eabi/lib/thumb/v6-m/nofp\libg.a(lib_a-strlen-stub.o)
                0x10009c68                strlen
 .text.__strtok_r
                0x10009cc4       0x6c c:/progra~2/gnuarm~1/102021~1.10/bin/../lib/gcc/arm-none-eabi/10.3.1/../../../../arm-none-eabi/lib/thumb/v6-m/nofp\libg.a(lib_a-strtok_r.o)
                0x10009cc4                __strtok_r
 .text.strtok_r
                0x10009d30        0xc c:/progra~2/gnuarm~1/102021~1.10/bin/../lib/gcc/arm-none-eabi/10.3.1/../../../../arm-none-eabi/lib/thumb/v6-m/nofp\libg.a(lib_a-strtok_r.o)
                0x10009d30                strtok_r
 .text._strtol_l.part.0
                0x10009d3c      0x144 c:/progra~2/gnuarm~1/102021~1.10/bin/../lib/gcc/arm-none-eabi/10.3.1/../../../../arm-none-eabi/lib/thumb/v6-m/nofp\libg.a(lib_a-strtol.o)
 .text._strtol_r
                0x10009e80       0x1c c:/progra~2/gnuarm~1/102021~1.10/bin/../lib/gcc/arm-none-eabi/10.3.1/../../../../arm-none-eabi/lib/thumb/v6-m/nofp\libg.a(lib_a-strtol.o)
                0x10009e80                _strtol_r
 .text.strtol   0x10009e9c       0x2c c:/progra~2/gnuarm~1/102021~1.10/bin/../lib/gcc/arm-none-eabi/10.3.1/../../../../arm-none-eabi/lib/thumb/v6-m/nofp\libg.a(lib_a-strtol.o)
                0x10009e9c                strtol
 .text.__svfscanf_r
                0x10009ec8     0x17d8 c:/progra~2/gnuarm~1/102021~1.10/bin/../lib/gcc/arm-none-eabi/10.3.1/../../../../arm-none-eabi/lib/thumb/v6-m/nofp\libg.a(lib_a-vfscanf.o)
                0x10009ec8                __svfscanf_r
 .text._vfscanf_r
                0x1000b6a0       0x28 c:/progra~2/gnuarm~1/102021~1.10/bin/../lib/gcc/arm-none-eabi/10.3.1/../../../../arm-none-eabi/lib/thumb/v6-m/nofp\libg.a(lib_a-vfscanf.o)
                0x1000b6a0                _vfscanf_r
 .text._cleanup_r
                0x1000b6c8       0x10 c:/progra~2/gnuarm~1/102021~1.10/bin/../lib/gcc/arm-none-eabi/10.3.1/../../../../arm-none-eabi/lib/thumb/v6-m/nofp\libg.a(lib_a-findfp.o)
                0x1000b6c8                _cleanup_r
 .text.__sinit  0x1000b6d8      0x120 c:/progra~2/gnuarm~1/102021~1.10/bin/../lib/gcc/arm-none-eabi/10.3.1/../../../../arm-none-eabi/lib/thumb/v6-m/nofp\libg.a(lib_a-findfp.o)
                0x1000b6d8                __sinit
 .text.__sfp_lock_acquire
                0x1000b7f8       0x10 c:/progra~2/gnuarm~1/102021~1.10/bin/../lib/gcc/arm-none-eabi/10.3.1/../../../../arm-none-eabi/lib/thumb/v6-m/nofp\libg.a(lib_a-findfp.o)
                0x1000b7f8                __sfp_lock_acquire
 .text.__sfp_lock_release
                0x1000b808       0x10 c:/progra~2/gnuarm~1/102021~1.10/bin/../lib/gcc/arm-none-eabi/10.3.1/../../../../arm-none-eabi/lib/thumb/v6-m/nofp\libg.a(lib_a-findfp.o)
                0x1000b808                __sfp_lock_release
 .text._fread_r
                0x1000b818      0x1bc c:/progra~2/gnuarm~1/102021~1.10/bin/../lib/gcc/arm-none-eabi/10.3.1/../../../../arm-none-eabi/lib/thumb/v6-m/nofp\libg.a(lib_a-fread.o)
                0x1000b818                _fread_r
 .text._malloc_trim_r
                0x1000b9d4       0x9c c:/progra~2/gnuarm~1/102021~1.10/bin/../lib/gcc/arm-none-eabi/10.3.1/../../../../arm-none-eabi/lib/thumb/v6-m/nofp\libg.a(lib_a-freer.o)
                0x1000b9d4                _malloc_trim_r
 .text._free_r  0x1000ba70      0x1c4 c:/progra~2/gnuarm~1/102021~1.10/bin/../lib/gcc/arm-none-eabi/10.3.1/../../../../arm-none-eabi/lib/thumb/v6-m/nofp\libg.a(lib_a-freer.o)
                0x1000ba70                _free_r
 .text._fwalk   0x1000bc34       0x40 c:/progra~2/gnuarm~1/102021~1.10/bin/../lib/gcc/arm-none-eabi/10.3.1/../../../../arm-none-eabi/lib/thumb/v6-m/nofp\libg.a(lib_a-fwalk.o)
                0x1000bc34                _fwalk
 .text._fwalk_reent
                0x1000bc74       0x48 c:/progra~2/gnuarm~1/102021~1.10/bin/../lib/gcc/arm-none-eabi/10.3.1/../../../../arm-none-eabi/lib/thumb/v6-m/nofp\libg.a(lib_a-fwalk.o)
                0x1000bc74                _fwalk_reent
 .text.iswspace
                0x1000bcbc        0xc c:/progra~2/gnuarm~1/102021~1.10/bin/../lib/gcc/arm-none-eabi/10.3.1/../../../../arm-none-eabi/lib/thumb/v6-m/nofp\libg.a(lib_a-iswspace.o)
                0x1000bcbc                iswspace
 .text.iswspace_l
                0x1000bcc8       0x18 c:/progra~2/gnuarm~1/102021~1.10/bin/../lib/gcc/arm-none-eabi/10.3.1/../../../../arm-none-eabi/lib/thumb/v6-m/nofp\libg.a(lib_a-iswspace_l.o)
                0x1000bcc8                iswspace_l
 .text.__locale_mb_cur_max
                0x1000bce0       0x10 c:/progra~2/gnuarm~1/102021~1.10/bin/../lib/gcc/arm-none-eabi/10.3.1/../../../../arm-none-eabi/lib/thumb/v6-m/nofp\libg.a(lib_a-locale.o)
                0x1000bce0                __locale_mb_cur_max
 .text._localeconv_r
                0x1000bcf0        0x8 c:/progra~2/gnuarm~1/102021~1.10/bin/../lib/gcc/arm-none-eabi/10.3.1/../../../../arm-none-eabi/lib/thumb/v6-m/nofp\libg.a(lib_a-localeconv.o)
                0x1000bcf0                _localeconv_r
 .text.__retarget_lock_init_recursive
                0x1000bcf8        0x4 c:/progra~2/gnuarm~1/102021~1.10/bin/../lib/gcc/arm-none-eabi/10.3.1/../../../../arm-none-eabi/lib/thumb/v6-m/nofp\libg.a(lib_a-lock.o)
                0x1000bcf8                __retarget_lock_init_recursive
 .text.__retarget_lock_close_recursive
                0x1000bcfc        0x4 c:/progra~2/gnuarm~1/102021~1.10/bin/../lib/gcc/arm-none-eabi/10.3.1/../../../../arm-none-eabi/lib/thumb/v6-m/nofp\libg.a(lib_a-lock.o)
                0x1000bcfc                __retarget_lock_close_recursive
 .text.__retarget_lock_acquire_recursive
                0x1000bd00        0x4 c:/progra~2/gnuarm~1/102021~1.10/bin/../lib/gcc/arm-none-eabi/10.3.1/../../../../arm-none-eabi/lib/thumb/v6-m/nofp\libg.a(lib_a-lock.o)
                0x1000bd00                __retarget_lock_acquire_recursive
 .text.__retarget_lock_release_recursive
                0x1000bd04        0x4 c:/progra~2/gnuarm~1/102021~1.10/bin/../lib/gcc/arm-none-eabi/10.3.1/../../../../arm-none-eabi/lib/thumb/v6-m/nofp\libg.a(lib_a-lock.o)
                0x1000bd04                __retarget_lock_release_recursive
 .text._mbrtowc_r
                0x1000bd08       0x4c c:/progra~2/gnuarm~1/102021~1.10/bin/../lib/gcc/arm-none-eabi/10.3.1/../../../../arm-none-eabi/lib/thumb/v6-m/nofp\libg.a(lib_a-mbrtowc.o)
                0x1000bd08                _mbrtowc_r
 .text.__ascii_mbtowc
                0x1000bd54       0x2c c:/progra~2/gnuarm~1/102021~1.10/bin/../lib/gcc/arm-none-eabi/10.3.1/../../../../arm-none-eabi/lib/thumb/v6-m/nofp\libg.a(lib_a-mbtowc_r.o)
                0x1000bd54                __ascii_mbtowc
 .text.memmove  0x1000bd80       0xac c:/progra~2/gnuarm~1/102021~1.10/bin/../lib/gcc/arm-none-eabi/10.3.1/../../../../arm-none-eabi/lib/thumb/v6-m/nofp\libg.a(lib_a-memmove.o)
                0x1000bd80                memmove
 .text.lflush   0x1000be2c       0x1c c:/progra~2/gnuarm~1/102021~1.10/bin/../lib/gcc/arm-none-eabi/10.3.1/../../../../arm-none-eabi/lib/thumb/v6-m/nofp\libg.a(lib_a-refill.o)
 .text.__srefill_r
                0x1000be48      0x124 c:/progra~2/gnuarm~1/102021~1.10/bin/../lib/gcc/arm-none-eabi/10.3.1/../../../../arm-none-eabi/lib/thumb/v6-m/nofp\libg.a(lib_a-refill.o)
                0x1000be48                __srefill_r
 .text.__sccl   0x1000bf6c       0x80 c:/progra~2/gnuarm~1/102021~1.10/bin/../lib/gcc/arm-none-eabi/10.3.1/../../../../arm-none-eabi/lib/thumb/v6-m/nofp\libg.a(lib_a-sccl.o)
                0x1000bf6c                __sccl
 .text.nanf     0x1000bfec        0x8 c:/progra~2/gnuarm~1/102021~1.10/bin/../lib/gcc/arm-none-eabi/10.3.1/../../../../arm-none-eabi/lib/thumb/v6-m/nofp\libg.a(lib_a-sf_nan.o)
                0x1000bfec                nanf
 .text.__sread  0x1000bff4       0x28 c:/progra~2/gnuarm~1/102021~1.10/bin/../lib/gcc/arm-none-eabi/10.3.1/../../../../arm-none-eabi/lib/thumb/v6-m/nofp\libg.a(lib_a-stdio.o)
                0x1000bff4                __sread
 .text.__swrite
                0x1000c01c       0x40 c:/progra~2/gnuarm~1/102021~1.10/bin/../lib/gcc/arm-none-eabi/10.3.1/../../../../arm-none-eabi/lib/thumb/v6-m/nofp\libg.a(lib_a-stdio.o)
                0x1000c01c                __swrite
 .text.__sseek  0x1000c05c       0x2c c:/progra~2/gnuarm~1/102021~1.10/bin/../lib/gcc/arm-none-eabi/10.3.1/../../../../arm-none-eabi/lib/thumb/v6-m/nofp\libg.a(lib_a-stdio.o)
                0x1000c05c                __sseek
 .text.__sclose
                0x1000c088        0xc c:/progra~2/gnuarm~1/102021~1.10/bin/../lib/gcc/arm-none-eabi/10.3.1/../../../../arm-none-eabi/lib/thumb/v6-m/nofp\libg.a(lib_a-stdio.o)
                0x1000c088                __sclose
 .text._strtod_l
                0x1000c094      0xf78 c:/progra~2/gnuarm~1/102021~1.10/bin/../lib/gcc/arm-none-eabi/10.3.1/../../../../arm-none-eabi/lib/thumb/v6-m/nofp\libg.a(lib_a-strtod.o)
                0x1000c094                _strtod_l
 .text._strtod_r
                0x1000d00c       0x10 c:/progra~2/gnuarm~1/102021~1.10/bin/../lib/gcc/arm-none-eabi/10.3.1/../../../../arm-none-eabi/lib/thumb/v6-m/nofp\libg.a(lib_a-strtod.o)
                0x1000d00c                _strtod_r
 .text._strtoll_l.constprop.0
                0x1000d01c      0x198 c:/progra~2/gnuarm~1/102021~1.10/bin/../lib/gcc/arm-none-eabi/10.3.1/../../../../arm-none-eabi/lib/thumb/v6-m/nofp\libg.a(lib_a-strtoll.o)
 .text._strtoll_r
                0x1000d1b4        0x8 c:/progra~2/gnuarm~1/102021~1.10/bin/../lib/gcc/arm-none-eabi/10.3.1/../../../../arm-none-eabi/lib/thumb/v6-m/nofp\libg.a(lib_a-strtoll.o)
                0x1000d1b4                _strtoll_r
 .text._strtoul_l.constprop.0
                0x1000d1bc      0x148 c:/progra~2/gnuarm~1/102021~1.10/bin/../lib/gcc/arm-none-eabi/10.3.1/../../../../arm-none-eabi/lib/thumb/v6-m/nofp\libg.a(lib_a-strtoul.o)
 .text._strtoul_r
                0x1000d304        0x8 c:/progra~2/gnuarm~1/102021~1.10/bin/../lib/gcc/arm-none-eabi/10.3.1/../../../../arm-none-eabi/lib/thumb/v6-m/nofp\libg.a(lib_a-strtoul.o)
                0x1000d304                _strtoul_r
 .text._strtoull_l.constprop.0
                0x1000d30c      0x1bc c:/progra~2/gnuarm~1/102021~1.10/bin/../lib/gcc/arm-none-eabi/10.3.1/../../../../arm-none-eabi/lib/thumb/v6-m/nofp\libg.a(lib_a-strtoull.o)
 .text._strtoull_r
                0x1000d4c8        0x8 c:/progra~2/gnuarm~1/102021~1.10/bin/../lib/gcc/arm-none-eabi/10.3.1/../../../../arm-none-eabi/lib/thumb/v6-m/nofp\libg.a(lib_a-strtoull.o)
                0x1000d4c8                _strtoull_r
 .text.__submore
                0x1000d4d0       0x84 c:/progra~2/gnuarm~1/102021~1.10/bin/../lib/gcc/arm-none-eabi/10.3.1/../../../../arm-none-eabi/lib/thumb/v6-m/nofp\libg.a(lib_a-ungetc.o)
                0x1000d4d0                __submore
 .text._ungetc_r
                0x1000d554      0x138 c:/progra~2/gnuarm~1/102021~1.10/bin/../lib/gcc/arm-none-eabi/10.3.1/../../../../arm-none-eabi/lib/thumb/v6-m/nofp\libg.a(lib_a-ungetc.o)
                0x1000d554                _ungetc_r
 .text.__ascii_wctomb
                0x1000d68c       0x1c c:/progra~2/gnuarm~1/102021~1.10/bin/../lib/gcc/arm-none-eabi/10.3.1/../../../../arm-none-eabi/lib/thumb/v6-m/nofp\libg.a(lib_a-wctomb_r.o)
                0x1000d68c                __ascii_wctomb
 .text._write_r
                0x1000d6a8       0x28 c:/progra~2/gnuarm~1/102021~1.10/bin/../lib/gcc/arm-none-eabi/10.3.1/../../../../arm-none-eabi/lib/thumb/v6-m/nofp\libg.a(lib_a-writer.o)
                0x1000d6a8                _write_r
 .text._close_r
                0x1000d6d0       0x24 c:/progra~2/gnuarm~1/102021~1.10/bin/../lib/gcc/arm-none-eabi/10.3.1/../../../../arm-none-eabi/lib/thumb/v6-m/nofp\libg.a(lib_a-closer.o)
                0x1000d6d0                _close_r
 .text._fclose_r
                0x1000d6f4       0xdc c:/progra~2/gnuarm~1/102021~1.10/bin/../lib/gcc/arm-none-eabi/10.3.1/../../../../arm-none-eabi/lib/thumb/v6-m/nofp\libg.a(lib_a-fclose.o)
                0x1000d6f4                _fclose_r
 .text.__sflush_r
                0x1000d7d0      0x140 c:/progra~2/gnuarm~1/102021~1.10/bin/../lib/gcc/arm-none-eabi/10.3.1/../../../../arm-none-eabi/lib/thumb/v6-m/nofp\libg.a(lib_a-fflush.o)
                0x1000d7d0                __sflush_r
 .text._fflush_r
                0x1000d910       0x6c c:/progra~2/gnuarm~1/102021~1.10/bin/../lib/gcc/arm-none-eabi/10.3.1/../../../../arm-none-eabi/lib/thumb/v6-m/nofp\libg.a(lib_a-fflush.o)
                0x1000d910                _fflush_r
 .text.fflush   0x1000d97c       0x78 c:/progra~2/gnuarm~1/102021~1.10/bin/../lib/gcc/arm-none-eabi/10.3.1/../../../../arm-none-eabi/lib/thumb/v6-m/nofp\libg.a(lib_a-fflush.o)
                0x1000d97c                fflush
 .text.rshift   0x1000d9f4       0xa4 c:/progra~2/gnuarm~1/102021~1.10/bin/../lib/gcc/arm-none-eabi/10.3.1/../../../../arm-none-eabi/lib/thumb/v6-m/nofp\libg.a(lib_a-gdtoa-gethex.o)
 .text.__gethex
                0x1000da98      0x5cc c:/progra~2/gnuarm~1/102021~1.10/bin/../lib/gcc/arm-none-eabi/10.3.1/../../../../arm-none-eabi/lib/thumb/v6-m/nofp\libg.a(lib_a-gdtoa-gethex.o)
                0x1000da98                __gethex
 .text.__match  0x1000e064       0x2c c:/progra~2/gnuarm~1/102021~1.10/bin/../lib/gcc/arm-none-eabi/10.3.1/../../../../arm-none-eabi/lib/thumb/v6-m/nofp\libg.a(lib_a-gdtoa-hexnan.o)
                0x1000e064                __match
 .text.__hexnan
                0x1000e090      0x1d0 c:/progra~2/gnuarm~1/102021~1.10/bin/../lib/gcc/arm-none-eabi/10.3.1/../../../../arm-none-eabi/lib/thumb/v6-m/nofp\libg.a(lib_a-gdtoa-hexnan.o)
                0x1000e090                __hexnan
 .text._lseek_r
                0x1000e260       0x28 c:/progra~2/gnuarm~1/102021~1.10/bin/../lib/gcc/arm-none-eabi/10.3.1/../../../../arm-none-eabi/lib/thumb/v6-m/nofp\libg.a(lib_a-lseekr.o)
                0x1000e260                _lseek_r
 .text.__smakebuf_r
                0x1000e288       0xe4 c:/progra~2/gnuarm~1/102021~1.10/bin/../lib/gcc/arm-none-eabi/10.3.1/../../../../arm-none-eabi/lib/thumb/v6-m/nofp\libg.a(lib_a-makebuf.o)
                0x1000e288                __smakebuf_r
 .text._Balloc  0x1000e36c       0x50 c:/progra~2/gnuarm~1/102021~1.10/bin/../lib/gcc/arm-none-eabi/10.3.1/../../../../arm-none-eabi/lib/thumb/v6-m/nofp\libg.a(lib_a-mprec.o)
                0x1000e36c                _Balloc
 .text._Bfree   0x1000e3bc       0x14 c:/progra~2/gnuarm~1/102021~1.10/bin/../lib/gcc/arm-none-eabi/10.3.1/../../../../arm-none-eabi/lib/thumb/v6-m/nofp\libg.a(lib_a-mprec.o)
                0x1000e3bc                _Bfree
 .text.__multadd
                0x1000e3d0       0xa8 c:/progra~2/gnuarm~1/102021~1.10/bin/../lib/gcc/arm-none-eabi/10.3.1/../../../../arm-none-eabi/lib/thumb/v6-m/nofp\libg.a(lib_a-mprec.o)
                0x1000e3d0                __multadd
 .text.__s2b    0x1000e478       0xb0 c:/progra~2/gnuarm~1/102021~1.10/bin/../lib/gcc/arm-none-eabi/10.3.1/../../../../arm-none-eabi/lib/thumb/v6-m/nofp\libg.a(lib_a-mprec.o)
                0x1000e478                __s2b
 .text.__hi0bits
                0x1000e528       0x38 c:/progra~2/gnuarm~1/102021~1.10/bin/../lib/gcc/arm-none-eabi/10.3.1/../../../../arm-none-eabi/lib/thumb/v6-m/nofp\libg.a(lib_a-mprec.o)
                0x1000e528                __hi0bits
 .text.__lo0bits
                0x1000e560       0x5c c:/progra~2/gnuarm~1/102021~1.10/bin/../lib/gcc/arm-none-eabi/10.3.1/../../../../arm-none-eabi/lib/thumb/v6-m/nofp\libg.a(lib_a-mprec.o)
                0x1000e560                __lo0bits
 .text.__i2b    0x1000e5bc       0x60 c:/progra~2/gnuarm~1/102021~1.10/bin/../lib/gcc/arm-none-eabi/10.3.1/../../../../arm-none-eabi/lib/thumb/v6-m/nofp\libg.a(lib_a-mprec.o)
                0x1000e5bc                __i2b
 .text.__multiply
                0x1000e61c      0x1a4 c:/progra~2/gnuarm~1/102021~1.10/bin/../lib/gcc/arm-none-eabi/10.3.1/../../../../arm-none-eabi/lib/thumb/v6-m/nofp\libg.a(lib_a-mprec.o)
                0x1000e61c                __multiply
 .text.__pow5mult
                0x1000e7c0       0xd8 c:/progra~2/gnuarm~1/102021~1.10/bin/../lib/gcc/arm-none-eabi/10.3.1/../../../../arm-none-eabi/lib/thumb/v6-m/nofp\libg.a(lib_a-mprec.o)
                0x1000e7c0                __pow5mult
 .text.__lshift
                0x1000e898       0xfc c:/progra~2/gnuarm~1/102021~1.10/bin/../lib/gcc/arm-none-eabi/10.3.1/../../../../arm-none-eabi/lib/thumb/v6-m/nofp\libg.a(lib_a-mprec.o)
                0x1000e898                __lshift
 .text.__mcmp   0x1000e994       0x34 c:/progra~2/gnuarm~1/102021~1.10/bin/../lib/gcc/arm-none-eabi/10.3.1/../../../../arm-none-eabi/lib/thumb/v6-m/nofp\libg.a(lib_a-mprec.o)
                0x1000e994                __mcmp
 .text.__mdiff  0x1000e9c8      0x18c c:/progra~2/gnuarm~1/102021~1.10/bin/../lib/gcc/arm-none-eabi/10.3.1/../../../../arm-none-eabi/lib/thumb/v6-m/nofp\libg.a(lib_a-mprec.o)
                0x1000e9c8                __mdiff
 .text.__ulp    0x1000eb54       0x48 c:/progra~2/gnuarm~1/102021~1.10/bin/../lib/gcc/arm-none-eabi/10.3.1/../../../../arm-none-eabi/lib/thumb/v6-m/nofp\libg.a(lib_a-mprec.o)
                0x1000eb54                __ulp
 .text.__b2d    0x1000eb9c       0xc8 c:/progra~2/gnuarm~1/102021~1.10/bin/../lib/gcc/arm-none-eabi/10.3.1/../../../../arm-none-eabi/lib/thumb/v6-m/nofp\libg.a(lib_a-mprec.o)
                0x1000eb9c                __b2d
 .text.__d2b    0x1000ec64       0xd8 c:/progra~2/gnuarm~1/102021~1.10/bin/../lib/gcc/arm-none-eabi/10.3.1/../../../../arm-none-eabi/lib/thumb/v6-m/nofp\libg.a(lib_a-mprec.o)
                0x1000ec64                __d2b
 .text.__ratio  0x1000ed3c       0x68 c:/progra~2/gnuarm~1/102021~1.10/bin/../lib/gcc/arm-none-eabi/10.3.1/../../../../arm-none-eabi/lib/thumb/v6-m/nofp\libg.a(lib_a-mprec.o)
                0x1000ed3c                __ratio
 .text.__copybits
                0x1000eda4       0x40 c:/progra~2/gnuarm~1/102021~1.10/bin/../lib/gcc/arm-none-eabi/10.3.1/../../../../arm-none-eabi/lib/thumb/v6-m/nofp\libg.a(lib_a-mprec.o)
                0x1000eda4                __copybits
 .text.__any_on
                0x1000ede4       0x50 c:/progra~2/gnuarm~1/102021~1.10/bin/../lib/gcc/arm-none-eabi/10.3.1/../../../../arm-none-eabi/lib/thumb/v6-m/nofp\libg.a(lib_a-mprec.o)
                0x1000ede4                __any_on
 .text._read_r  0x1000ee34       0x28 c:/progra~2/gnuarm~1/102021~1.10/bin/../lib/gcc/arm-none-eabi/10.3.1/../../../../arm-none-eabi/lib/thumb/v6-m/nofp\libg.a(lib_a-readr.o)
                0x1000ee34                _read_r
 .text.nan      0x1000ee5c        0xc c:/progra~2/gnuarm~1/102021~1.10/bin/../lib/gcc/arm-none-eabi/10.3.1/../../../../arm-none-eabi/lib/thumb/v6-m/nofp\libg.a(lib_a-s_nan.o)
                0x1000ee5c                nan
 .text.strncmp  0x1000ee68       0x74 c:/progra~2/gnuarm~1/102021~1.10/bin/../lib/gcc/arm-none-eabi/10.3.1/../../../../arm-none-eabi/lib/thumb/v6-m/nofp\libg.a(lib_a-strncmp.o)
                0x1000ee68                strncmp
 .text._fstat_r
                0x1000eedc       0x28 c:/progra~2/gnuarm~1/102021~1.10/bin/../lib/gcc/arm-none-eabi/10.3.1/../../../../arm-none-eabi/lib/thumb/v6-m/nofp\libg.a(lib_a-fstatr.o)
                0x1000eedc                _fstat_r
 .text._isatty_r
                0x1000ef04       0x24 c:/progra~2/gnuarm~1/102021~1.10/bin/../lib/gcc/arm-none-eabi/10.3.1/../../../../arm-none-eabi/lib/thumb/v6-m/nofp\libg.a(lib_a-isattyr.o)
                0x1000ef04                _isatty_r
 .text._close   0x1000ef28       0x10 c:/progra~2/gnuarm~1/102021~1.10/bin/../lib/gcc/arm-none-eabi/10.3.1/../../../../arm-none-eabi/lib/thumb/v6-m/nofp\libnosys.a(close.o)
                0x1000ef28                _close
 .text._fstat   0x1000ef38       0x10 c:/progra~2/gnuarm~1/102021~1.10/bin/../lib/gcc/arm-none-eabi/10.3.1/../../../../arm-none-eabi/lib/thumb/v6-m/nofp\libnosys.a(fstat.o)
                0x1000ef38                _fstat
 .text._isatty  0x1000ef48       0x10 c:/progra~2/gnuarm~1/102021~1.10/bin/../lib/gcc/arm-none-eabi/10.3.1/../../../../arm-none-eabi/lib/thumb/v6-m/nofp\libnosys.a(isatty.o)
                0x1000ef48                _isatty
 .text._lseek   0x1000ef58       0x10 c:/progra~2/gnuarm~1/102021~1.10/bin/../lib/gcc/arm-none-eabi/10.3.1/../../../../arm-none-eabi/lib/thumb/v6-m/nofp\libnosys.a(lseek.o)
                0x1000ef58                _lseek
 *(.fini)
 .fini          0x1000ef68        0x4 c:/progra~2/gnuarm~1/102021~1.10/bin/../lib/gcc/arm-none-eabi/10.3.1/thumb/v6-m/nofp/crti.o
                0x1000ef68                _fini
 *fill*         0x1000ef6c        0x4 
 .fini.__stub   0x1000ef70       0x70 linker stubs
 *crtbegin.o(.ctors)
 *crtbegin?.o(.ctors)
 *(EXCLUDE_FILE(*crtend.o *crtend?.o) .ctors)
 *(SORT_BY_NAME(.ctors.*))
 *(.ctors)
 *crtbegin.o(.dtors)
 *crtbegin?.o(.dtors)
 *(EXCLUDE_FILE(*crtend.o *crtend?.o) .dtors)
 *(SORT_BY_NAME(.dtors.*))
 *(.dtors)
 *(.eh_frame*)
 .eh_frame      0x1000efe0        0x0 c:/progra~2/gnuarm~1/102021~1.10/bin/../lib/gcc/arm-none-eabi/10.3.1/thumb/v6-m/nofp/crtbegin.o
                0x1000efe0                . = ALIGN (0x4)

.glue_7         0x1000efe0        0x0
 .glue_7        0x1000efe0        0x0 linker stubs

.glue_7t        0x1000efe0        0x0
 .glue_7t       0x1000efe0        0x0 linker stubs

.vfp11_veneer   0x1000efe0        0x0
 .vfp11_veneer  0x1000efe0        0x0 linker stubs

.v4_bx          0x1000efe0        0x0
 .v4_bx         0x1000efe0        0x0 linker stubs

.iplt           0x1000efe0        0x0
 .iplt          0x1000efe0        0x0 c:/progra~2/gnuarm~1/102021~1.10/bin/../lib/gcc/arm-none-eabi/10.3.1/thumb/v6-m/nofp/crtbegin.o

.rodata         0x1000efe0     0x250c
 *(EXCLUDE_FILE(*libm.a: *libc.a:*lib_a-mem*.o *libgcc.a:) .rodata*)
 .rodata.main.str1.4
                0x1000efe0       0xb2 CMakeFiles/pio-bdm.dir/main.c.obj
 *fill*         0x1000f092        0x2 
 .rodata.is_input_data_valid.str1.4
                0x1000f094        0xe CMakeFiles/pio-bdm.dir/functions.c.obj
 *fill*         0x1000f0a2        0x2 
 .rodata.is_command_valid
                0x1000f0a4      0x284 CMakeFiles/pio-bdm.dir/functions.c.obj
 .rodata.get_string.str1.4
                0x1000f328        0x3 CMakeFiles/pio-bdm.dir/functions.c.obj
 *fill*         0x1000f32b        0x1 
 .rodata.is_command_sync.str1.4
                0x1000f32c        0x5 CMakeFiles/pio-bdm.dir/functions.c.obj
 *fill*         0x1000f331        0x3 
 .rodata.measure_freqs.str1.4
                0x1000f334       0x9e CMakeFiles/pio-bdm.dir/pio_functions.c.obj
 *fill*         0x1000f3d2        0x2 
 .rodata.start_usb_connection.str1.4
                0x1000f3d4       0x1d CMakeFiles/pio-bdm.dir/pio_functions.c.obj
 *fill*         0x1000f3f1        0x3 
 .rodata.sync.str1.4
                0x1000f3f4       0x75 CMakeFiles/pio-bdm.dir/pio_functions.c.obj
 *fill*         0x1000f469        0x3 
 .rodata.__func__.0
                0x1000f46c       0x15 CMakeFiles/pio-bdm.dir/pio_functions.c.obj
 *fill*         0x1000f481        0x3 
 .rodata.bdm_data_program
                0x1000f484        0x6 CMakeFiles/pio-bdm.dir/pio_functions.c.obj
 *fill*         0x1000f48a        0x2 
 .rodata.bdm_data_program_instructions
                0x1000f48c       0x3a CMakeFiles/pio-bdm.dir/pio_functions.c.obj
 *fill*         0x1000f4c6        0x2 
 .rodata.bdm_sync_program
                0x1000f4c8        0x6 CMakeFiles/pio-bdm.dir/pio_functions.c.obj
 *fill*         0x1000f4ce        0x2 
 .rodata.bdm_sync_program_instructions
                0x1000f4d0       0x16 CMakeFiles/pio-bdm.dir/pio_functions.c.obj
 *fill*         0x1000f4e6        0x2 
 .rodata.spin_lock_claim_unused.str1.4
                0x1000f4e8       0x1b CMakeFiles/pio-bdm.dir/C_/Pico/pico-sdk/src/rp2_common/hardware_sync/sync.c.obj
 *fill*         0x1000f503        0x1 
 .rodata.make_branch.str1.4
                0x1000f504       0x63 CMakeFiles/pio-bdm.dir/C_/Pico/pico-sdk/src/rp2_common/hardware_irq/irq.c.obj
 *fill*         0x1000f567        0x1 
 .rodata.insert_branch_and_link.str1.4
                0x1000f568       0x10 CMakeFiles/pio-bdm.dir/C_/Pico/pico-sdk/src/rp2_common/hardware_irq/irq.c.obj
 .rodata.irq_set_exclusive_handler.str1.4
                0x1000f578       0x36 CMakeFiles/pio-bdm.dir/C_/Pico/pico-sdk/src/rp2_common/hardware_irq/irq.c.obj
 *fill*         0x1000f5ae        0x2 
 .rodata.irq_add_shared_handler.str1.4
                0x1000f5b0       0xd9 CMakeFiles/pio-bdm.dir/C_/Pico/pico-sdk/src/rp2_common/hardware_irq/irq.c.obj
 *fill*         0x1000f689        0x3 
 .rodata.irq_remove_handler.str1.4