Archive member included to satisfy reference by file (symbol)

c:/progra~2/gnuarm~1/102021~1.10/bin/../lib/gcc/arm-none-eabi/10.3.1/thumb/v6-m/nofp\libgcc.a(_dvmd_tls.o)
                              CMakeFiles/pio-bdm.dir/C_/Pico/pico-sdk/src/rp2_common/pico_divider/divider.S.obj (__aeabi_idiv0)
c:/progra~2/gnuarm~1/102021~1.10/bin/../lib/gcc/arm-none-eabi/10.3.1/../../../../arm-none-eabi/lib/thumb/v6-m/nofp\libg.a(lib_a-calloc.o)
                              CMakeFiles/pio-bdm.dir/C_/Pico/pico-sdk/src/rp2_common/pico_malloc/pico_malloc.c.obj (calloc)
c:/progra~2/gnuarm~1/102021~1.10/bin/../lib/gcc/arm-none-eabi/10.3.1/../../../../arm-none-eabi/lib/thumb/v6-m/nofp\libg.a(lib_a-callocr.o)
                              c:/progra~2/gnuarm~1/102021~1.10/bin/../lib/gcc/arm-none-eabi/10.3.1/../../../../arm-none-eabi/lib/thumb/v6-m/nofp\libg.a(lib_a-calloc.o) (_calloc_r)
c:/progra~2/gnuarm~1/102021~1.10/bin/../lib/gcc/arm-none-eabi/10.3.1/../../../../arm-none-eabi/lib/thumb/v6-m/nofp\libg.a(lib_a-ctype_.o)
                              CMakeFiles/pio-bdm.dir/C_/Pico/pico-sdk/lib/tinyusb/src/tusb.c.obj (_ctype_)
c:/progra~2/gnuarm~1/102021~1.10/bin/../lib/gcc/arm-none-eabi/10.3.1/../../../../arm-none-eabi/lib/thumb/v6-m/nofp\libg.a(lib_a-errno.o)
                              c:/progra~2/gnuarm~1/102021~1.10/bin/../lib/gcc/arm-none-eabi/10.3.1/../../../../arm-none-eabi/lib/thumb/v6-m/nofp\libg.a(lib_a-callocr.o) (__errno)
c:/progra~2/gnuarm~1/102021~1.10/bin/../lib/gcc/arm-none-eabi/10.3.1/../../../../arm-none-eabi/lib/thumb/v6-m/nofp\libg.a(lib_a-impure.o)
                              c:/progra~2/gnuarm~1/102021~1.10/bin/../lib/gcc/arm-none-eabi/10.3.1/../../../../arm-none-eabi/lib/thumb/v6-m/nofp\libg.a(lib_a-calloc.o) (_impure_ptr)
c:/progra~2/gnuarm~1/102021~1.10/bin/../lib/gcc/arm-none-eabi/10.3.1/../../../../arm-none-eabi/lib/thumb/v6-m/nofp\libg.a(lib_a-init.o)
                              c:/progra~2/gnuarm~1/102021~1.10/bin/../lib/gcc/arm-none-eabi/10.3.1/../../../../arm-none-eabi/lib/thumb/v6-m/nofp/crt0.o (__libc_init_array)
c:/progra~2/gnuarm~1/102021~1.10/bin/../lib/gcc/arm-none-eabi/10.3.1/../../../../arm-none-eabi/lib/thumb/v6-m/nofp\libg.a(lib_a-malloc.o)
                              CMakeFiles/pio-bdm.dir/C_/Pico/pico-sdk/src/rp2_common/pico_malloc/pico_malloc.c.obj (malloc)
c:/progra~2/gnuarm~1/102021~1.10/bin/../lib/gcc/arm-none-eabi/10.3.1/../../../../arm-none-eabi/lib/thumb/v6-m/nofp\libg.a(lib_a-mallocr.o)
                              c:/progra~2/gnuarm~1/102021~1.10/bin/../lib/gcc/arm-none-eabi/10.3.1/../../../../arm-none-eabi/lib/thumb/v6-m/nofp\libg.a(lib_a-callocr.o) (_malloc_r)
c:/progra~2/gnuarm~1/102021~1.10/bin/../lib/gcc/arm-none-eabi/10.3.1/../../../../arm-none-eabi/lib/thumb/v6-m/nofp\libg.a(lib_a-mlock.o)
                              c:/progra~2/gnuarm~1/102021~1.10/bin/../lib/gcc/arm-none-eabi/10.3.1/../../../../arm-none-eabi/lib/thumb/v6-m/nofp\libg.a(lib_a-mallocr.o) (__malloc_lock)
c:/progra~2/gnuarm~1/102021~1.10/bin/../lib/gcc/arm-none-eabi/10.3.1/../../../../arm-none-eabi/lib/thumb/v6-m/nofp\libg.a(lib_a-realloc.o)
                              CMakeFiles/pio-bdm.dir/C_/Pico/pico-sdk/src/rp2_common/pico_malloc/pico_malloc.c.obj (realloc)
c:/progra~2/gnuarm~1/102021~1.10/bin/../lib/gcc/arm-none-eabi/10.3.1/../../../../arm-none-eabi/lib/thumb/v6-m/nofp\libg.a(lib_a-reallocr.o)
                              c:/progra~2/gnuarm~1/102021~1.10/bin/../lib/gcc/arm-none-eabi/10.3.1/../../../../arm-none-eabi/lib/thumb/v6-m/nofp\libg.a(lib_a-realloc.o) (_realloc_r)
c:/progra~2/gnuarm~1/102021~1.10/bin/../lib/gcc/arm-none-eabi/10.3.1/../../../../arm-none-eabi/lib/thumb/v6-m/nofp\libg.a(lib_a-sbrkr.o)
                              c:/progra~2/gnuarm~1/102021~1.10/bin/../lib/gcc/arm-none-eabi/10.3.1/../../../../arm-none-eabi/lib/thumb/v6-m/nofp\libg.a(lib_a-mallocr.o) (_sbrk_r)
c:/progra~2/gnuarm~1/102021~1.10/bin/../lib/gcc/arm-none-eabi/10.3.1/../../../../arm-none-eabi/lib/thumb/v6-m/nofp\libg.a(lib_a-scanf.o)
                              CMakeFiles/pio-bdm.dir/functions.c.obj (scanf)
c:/progra~2/gnuarm~1/102021~1.10/bin/../lib/gcc/arm-none-eabi/10.3.1/../../../../arm-none-eabi/lib/thumb/v6-m/nofp\libg.a(lib_a-strlen-stub.o)
                              CMakeFiles/pio-bdm.dir/main.c.obj (strlen)
c:/progra~2/gnuarm~1/102021~1.10/bin/../lib/gcc/arm-none-eabi/10.3.1/../../../../arm-none-eabi/lib/thumb/v6-m/nofp\libg.a(lib_a-strtok_r.o)
                              CMakeFiles/pio-bdm.dir/main.c.obj (strtok_r)
c:/progra~2/gnuarm~1/102021~1.10/bin/../lib/gcc/arm-none-eabi/10.3.1/../../../../arm-none-eabi/lib/thumb/v6-m/nofp\libg.a(lib_a-strtol.o)
                              CMakeFiles/pio-bdm.dir/functions.c.obj (strtol)
c:/progra~2/gnuarm~1/102021~1.10/bin/../lib/gcc/arm-none-eabi/10.3.1/../../../../arm-none-eabi/lib/thumb/v6-m/nofp\libg.a(lib_a-vfscanf.o)
[...]
Memory Configuration

Name             Origin             Length             Attributes
FLASH            0x10000000         0x00200000         xr
RAM              0x20000000         0x00040000         xrw
SCRATCH_X        0x20040000         0x00001000         xrw
SCRATCH_Y        0x20041000         0x00001000         xrw
*default*        0x00000000         0xffffffff

Linker script and memory map

LOAD c:/progra~2/gnuarm~1/102021~1.10/bin/../lib/gcc/arm-none-eabi/10.3.1/thumb/v6-m/nofp/crti.o
LOAD c:/progra~2/gnuarm~1/102021~1.10/bin/../lib/gcc/arm-none-eabi/10.3.1/thumb/v6-m/nofp/crtbegin.o
LOAD c:/progra~2/gnuarm~1/102021~1.10/bin/../lib/gcc/arm-none-eabi/10.3.1/../../../../arm-none-eabi/lib/thumb/v6-m/nofp/crt0.o

.flash_begin    0x10000000        0x0
                0x10000000                __flash_binary_start = .

.boot2          0x10000000      0x100
                0x10000000                __boot2_start__ = .
 *(.boot2)
 .boot2         0x10000000      0x100 C:\Users\Lori\AppData\Local\Temp\ccmTgmh9.o
                0x10000100                __boot2_end__ = .
                0x00000001                ASSERT (((__boot2_end__ - __boot2_start__) == 0x100), ERROR: Pico second stage bootloader must be 256 bytes in size)

.text           0x10000100     0xdea0
                0x10000100                __logical_binary_start = .
 *(.vectors)
 .vectors       0x10000100       0xd4 CMakeFiles/pio-bdm.dir/C_/Pico/pico-sdk/src/rp2_common/pico_standard_link/crt0.S.obj
                0x10000100                __VECTOR_TABLE
                0x10000100                __vectors
                0x100001c0                isr_invalid
                0x100001c0                __default_isrs_start
                0x100001c2                isr_nmi
                0x100001c4                isr_hardfault
                0x100001c6                isr_svcall
                0x100001c8                isr_pendsv
                0x100001ca                isr_systick
                0x100001cc                isr_irq23
                0x100001cc                isr_irq18
                0x100001cc                isr_irq11
                0x100001cc                isr_irq28
                0x100001cc                isr_irq19
                0x100001cc                isr_irq0
                0x100001cc                isr_irq6
                0x100001cc                isr_irq5
                0x100001cc                isr_irq12
                0x100001cc                isr_irq22
                0x100001cc                isr_irq31
                0x100001cc                isr_irq17
                0x100001cc                isr_irq27
                0x100001cc                isr_irq30
                0x100001cc                isr_irq2
                0x100001cc                isr_irq10
                0x100001cc                isr_irq8
                0x100001cc                isr_irq24
                0x100001cc                isr_irq1
                0x100001cc                isr_irq7
                0x100001cc                isr_irq21
                0x100001cc                isr_irq20
                0x100001cc                isr_irq15
                0x100001cc                isr_irq25
                0x100001cc                isr_irq13
                0x100001cc                __unhandled_user_irq
                0x100001cc                isr_irq4
                0x100001cc                isr_irq16
                0x100001cc                isr_irq29
                0x100001cc                isr_irq26
                0x100001cc                __default_isrs_end
                0x100001cc                isr_irq3
                0x100001cc                isr_irq14
                0x100001cc                isr_irq9
                0x100001d2                unhandled_user_irq_num_in_r0
 *(.binary_info_header)
 .binary_info_header
                0x100001d4       0x14 CMakeFiles/pio-bdm.dir/C_/Pico/pico-sdk/src/rp2_common/pico_standard_link/crt0.S.obj
                0x100001e8                __binary_info_header_end = .
 *(.reset)
 .reset         0x100001e8       0xa8 CMakeFiles/pio-bdm.dir/C_/Pico/pico-sdk/src/rp2_common/pico_standard_link/crt0.S.obj
                0x100001e8                _entry_point
                0x10000266                __get_current_exception
 .reset         0x10000290       0x30 CMakeFiles/pio-bdm.dir/C_/Pico/pico-sdk/src/rp2_common/pico_standard_link/binary_info.c.obj
 *(.init)
 .init          0x100002c0        0x4 c:/progra~2/gnuarm~1/102021~1.10/bin/../lib/gcc/arm-none-eabi/10.3.1/thumb/v6-m/nofp/crti.o
                0x100002c0                _init
 *(EXCLUDE_FILE(*libm.a: *libc.a:*lib_a-mem*.o *libgcc.a:) .text*)
 .text          0x100002c4       0x48 c:/progra~2/gnuarm~1/102021~1.10/bin/../lib/gcc/arm-none-eabi/10.3.1/thumb/v6-m/nofp/crtbegin.o
 .text.main     0x1000030c      0x19c CMakeFiles/pio-bdm.dir/main.c.obj
                0x1000030c                main
 .text.is_input_data_valid
                0x100004a8       0x3c CMakeFiles/pio-bdm.dir/functions.c.obj
                0x100004a8                is_input_data_valid
 .text.is_output_data_valid
                0x100004e4       0x3c CMakeFiles/pio-bdm.dir/functions.c.obj
                0x100004e4                is_output_data_valid
 .text.convert_to_hex
                0x10000520        0xc CMakeFiles/pio-bdm.dir/functions.c.obj
                0x10000520                convert_to_hex
 .text.is_command_valid
                0x1000052c       0x58 CMakeFiles/pio-bdm.dir/functions.c.obj
                0x1000052c                is_command_valid
 .text.is_delay_present
                0x10000584       0x50 CMakeFiles/pio-bdm.dir/functions.c.obj
                0x10000584                is_delay_present
 .text.get_string
                0x100005d4       0x4c CMakeFiles/pio-bdm.dir/functions.c.obj
                0x100005d4                get_string
 .text.bdm_out_program_init
                0x10000620      0x15c CMakeFiles/pio-bdm.dir/pio_functions.c.obj
                0x10000620                bdm_out_program_init
 .text.bdm_delay_program_init
                0x1000077c      0x110 CMakeFiles/pio-bdm.dir/pio_functions.c.obj
                0x1000077c                bdm_delay_program_init
 .text.measure_freqs
                0x1000088c       0xb8 CMakeFiles/pio-bdm.dir/pio_functions.c.obj
                0x1000088c                measure_freqs
 .text.get_pio_clk_div
                0x10000944       0x16 CMakeFiles/pio-bdm.dir/pio_functions.c.obj
                0x10000944                get_pio_clk_div
 *fill*         0x1000095a        0x2 
 .text.start_usb_connection
                0x1000095c       0x28 CMakeFiles/pio-bdm.dir/pio_functions.c.obj
                0x1000095c                start_usb_connection
 .text.put_tx_fifo
                0x10000984       0x1e CMakeFiles/pio-bdm.dir/pio_functions.c.obj
                0x10000984                put_tx_fifo
 .text.wait_end_operation
                0x100009a2       0x12 CMakeFiles/pio-bdm.dir/pio_functions.c.obj
                0x100009a2                wait_end_operation
 .text.pio_data_out
                0x100009b4       0x88 CMakeFiles/pio-bdm.dir/pio_functions.c.obj
                0x100009b4                pio_data_out
 .text.delay    0x10000a3c       0x9c CMakeFiles/pio-bdm.dir/pio_functions.c.obj
                0x10000a3c                delay
 .text.set_sys_clock_pll
                0x10000ad8       0x78 CMakeFiles/pio-bdm.dir/C_/Pico/pico-sdk/src/rp2_common/pico_stdlib/stdlib.c.obj
                0x10000ad8                set_sys_clock_pll
 .text.gpio_set_function
                0x10000b50       0x30 CMakeFiles/pio-bdm.dir/C_/Pico/pico-sdk/src/rp2_common/hardware_gpio/gpio.c.obj
                0x10000b50                gpio_set_function
 .text.gpio_set_pulls
                0x10000b80       0x34 CMakeFiles/pio-bdm.dir/C_/Pico/pico-sdk/src/rp2_common/hardware_gpio/gpio.c.obj
                0x10000b80                gpio_set_pulls
 .text.hw_claim_lock
                0x10000bb4       0x18 CMakeFiles/pio-bdm.dir/C_/Pico/pico-sdk/src/rp2_common/hardware_claim/claim.c.obj
                0x10000bb4                hw_claim_lock
 .text.hw_claim_unlock
                0x10000bcc       0x14 CMakeFiles/pio-bdm.dir/C_/Pico/pico-sdk/src/rp2_common/hardware_claim/claim.c.obj
                0x10000bcc                hw_claim_unlock
 .text.hw_claim_or_assert
                0x10000be0       0x32 CMakeFiles/pio-bdm.dir/C_/Pico/pico-sdk/src/rp2_common/hardware_claim/claim.c.obj
                0x10000be0                hw_claim_or_assert
 .text.hw_claim_unused_from_range
                0x10000c12       0x50 CMakeFiles/pio-bdm.dir/C_/Pico/pico-sdk/src/rp2_common/hardware_claim/claim.c.obj
                0x10000c12                hw_claim_unused_from_range
 *fill*         0x10000c62        0x2 
 .text.running_on_fpga
                0x10000c64       0x14 CMakeFiles/pio-bdm.dir/C_/Pico/pico-sdk/src/rp2_common/pico_platform/platform.c.obj
                0x10000c64                running_on_fpga
 .text.spin_locks_reset
                0x10000c78       0x20 CMakeFiles/pio-bdm.dir/C_/Pico/pico-sdk/src/rp2_common/hardware_sync/sync.c.obj
                0x10000c78                spin_locks_reset
 .text.next_striped_spin_lock_num
                0x10000c98       0x1c CMakeFiles/pio-bdm.dir/C_/Pico/pico-sdk/src/rp2_common/hardware_sync/sync.c.obj
                0x10000c98                next_striped_spin_lock_num
 .text.spin_lock_claim_unused
                0x10000cb4       0x20 CMakeFiles/pio-bdm.dir/C_/Pico/pico-sdk/src/rp2_common/hardware_sync/sync.c.obj
                0x10000cb4                spin_lock_claim_unused
 .text.set_raw_irq_handler_and_unlock
                0x10000cd4       0x28 CMakeFiles/pio-bdm.dir/C_/Pico/pico-sdk/src/rp2_common/hardware_irq/irq.c.obj
 .text.make_branch
                0x10000cfc       0x48 CMakeFiles/pio-bdm.dir/C_/Pico/pico-sdk/src/rp2_common/hardware_irq/irq.c.obj
 .text.insert_branch_and_link
                0x10000d44       0x40 CMakeFiles/pio-bdm.dir/C_/Pico/pico-sdk/src/rp2_common/hardware_irq/irq.c.obj
 .text.irq_is_enabled
                0x10000d84       0x18 CMakeFiles/pio-bdm.dir/C_/Pico/pico-sdk/src/rp2_common/hardware_irq/irq.c.obj
                0x10000d84                irq_is_enabled
 .text.irq_set_mask_enabled
                0x10000d9c       0x20 CMakeFiles/pio-bdm.dir/C_/Pico/pico-sdk/src/rp2_common/hardware_irq/irq.c.obj
                0x10000d9c                irq_set_mask_enabled
 .text.irq_set_enabled
                0x10000dbc        0xe CMakeFiles/pio-bdm.dir/C_/Pico/pico-sdk/src/rp2_common/hardware_irq/irq.c.obj
                0x10000dbc                irq_set_enabled
 *fill*         0x10000dca        0x2 
 .text.irq_set_pending
                0x10000dcc       0x10 CMakeFiles/pio-bdm.dir/C_/Pico/pico-sdk/src/rp2_common/hardware_irq/irq.c.obj
                0x10000dcc                irq_set_pending
 .text.irq_get_vtable_handler
                0x10000ddc       0x10 CMakeFiles/pio-bdm.dir/C_/Pico/pico-sdk/src/rp2_common/hardware_irq/irq.c.obj
                0x10000ddc                irq_get_vtable_handler
 .text.irq_has_shared_handler
                0x10000dec       0x24 CMakeFiles/pio-bdm.dir/C_/Pico/pico-sdk/src/rp2_common/hardware_irq/irq.c.obj
                0x10000dec                irq_has_shared_handler
 .text.irq_set_exclusive_handler
                0x10000e10       0x54 CMakeFiles/pio-bdm.dir/C_/Pico/pico-sdk/src/rp2_common/hardware_irq/irq.c.obj
                0x10000e10                irq_set_exclusive_handler
 .text.irq_add_shared_handler
                0x10000e64      0x230 CMakeFiles/pio-bdm.dir/C_/Pico/pico-sdk/src/rp2_common/hardware_irq/irq.c.obj
                0x10000e64                irq_add_shared_handler
 .text.irq_remove_handler
                0x10001094      0x1a8 CMakeFiles/pio-bdm.dir/C_/Pico/pico-sdk/src/rp2_common/hardware_irq/irq.c.obj
                0x10001094                irq_remove_handler
 .text.irq_add_tail_to_free_list
                0x1000123c       0xf0 CMakeFiles/pio-bdm.dir/C_/Pico/pico-sdk/src/rp2_common/hardware_irq/irq.c.obj
                0x1000123c                irq_add_tail_to_free_list
 .text.irq_init_priorities
                0x1000132c       0x1c CMakeFiles/pio-bdm.dir/C_/Pico/pico-sdk/src/rp2_common/hardware_irq/irq.c.obj
                0x1000132c                irq_init_priorities
 .text.user_irq_claim_unused
                0x10001348       0x30 CMakeFiles/pio-bdm.dir/C_/Pico/pico-sdk/src/rp2_common/hardware_irq/irq.c.obj
                0x10001348                user_irq_claim_unused
 .text.lock_init
                0x10001378       0x10 CMakeFiles/pio-bdm.dir/C_/Pico/pico-sdk/src/common/pico_sync/lock_core.c.obj
                0x10001378                lock_init
 .text.alarm_pool_post_alloc_init
                0x10001388       0x40 CMakeFiles/pio-bdm.dir/C_/Pico/pico-sdk/src/common/pico_time/time.c.obj
 .text.sleep_until_callback
                0x100013c8       0x30 CMakeFiles/pio-bdm.dir/C_/Pico/pico-sdk/src/common/pico_time/time.c.obj
 .text.timer_pool_entry_comparator
                0x100013f8       0x7c CMakeFiles/pio-bdm.dir/C_/Pico/pico-sdk/src/common/pico_time/time.c.obj
                0x100013f8                timer_pool_entry_comparator
 .text.ph_add_child_node
                0x10001474       0xa4 CMakeFiles/pio-bdm.dir/C_/Pico/pico-sdk/src/common/pico_time/time.c.obj
 .text.ph_merge_nodes
                0x10001518       0x3e CMakeFiles/pio-bdm.dir/C_/Pico/pico-sdk/src/common/pico_time/time.c.obj
 *fill*         0x10001556        0x2 
 .text.add_alarm_under_lock
                0x10001558      0x174 CMakeFiles/pio-bdm.dir/C_/Pico/pico-sdk/src/common/pico_time/time.c.obj
 .text.alarm_pool_alarm_callback
                0x100016cc      0x328 CMakeFiles/pio-bdm.dir/C_/Pico/pico-sdk/src/common/pico_time/time.c.obj
 .text.alarm_pool_init_default
                0x100019f4       0x38 CMakeFiles/pio-bdm.dir/C_/Pico/pico-sdk/src/common/pico_time/time.c.obj
                0x100019f4                alarm_pool_init_default
 .text.alarm_pool_get_default
                0x10001a2c       0x2c CMakeFiles/pio-bdm.dir/C_/Pico/pico-sdk/src/common/pico_time/time.c.obj
                0x10001a2c                alarm_pool_get_default
 .text.alarm_pool_add_alarm_at
                0x10001a58      0x170 CMakeFiles/pio-bdm.dir/C_/Pico/pico-sdk/src/common/pico_time/time.c.obj
                0x10001a58                alarm_pool_add_alarm_at
 .text.alarm_pool_cancel_alarm
                0x10001bc8       0xf0 CMakeFiles/pio-bdm.dir/C_/Pico/pico-sdk/src/common/pico_time/time.c.obj
                0x10001bc8                alarm_pool_cancel_alarm
 .text.sleep_until
                0x10001cb8       0xfc CMakeFiles/pio-bdm.dir/C_/Pico/pico-sdk/src/common/pico_time/time.c.obj
                0x10001cb8                sleep_until
 .text.sleep_us
                0x10001db4       0x58 CMakeFiles/pio-bdm.dir/C_/Pico/pico-sdk/src/common/pico_time/time.c.obj
                0x10001db4                sleep_us
 .text.sleep_ms
                0x10001e0c       0x14 CMakeFiles/pio-bdm.dir/C_/Pico/pico-sdk/src/common/pico_time/time.c.obj
                0x10001e0c                sleep_ms
 .text.best_effort_wfe_or_timeout
                0x10001e20       0x80 CMakeFiles/pio-bdm.dir/C_/Pico/pico-sdk/src/common/pico_time/time.c.obj
                0x10001e20                best_effort_wfe_or_timeout
 .text.hardware_alarm_irq_handler
                0x10001ea0       0x8c CMakeFiles/pio-bdm.dir/C_/Pico/pico-sdk/src/rp2_common/hardware_timer/timer.c.obj
 .text.hardware_alarm_claim
                0x10001f2c       0x18 CMakeFiles/pio-bdm.dir/C_/Pico/pico-sdk/src/rp2_common/hardware_timer/timer.c.obj
                0x10001f2c                hardware_alarm_claim
 .text.time_us_64
                0x10001f44       0x18 CMakeFiles/pio-bdm.dir/C_/Pico/pico-sdk/src/rp2_common/hardware_timer/timer.c.obj
                0x10001f44                time_us_64
 .text.busy_wait_until
                0x10001f5c       0x28 CMakeFiles/pio-bdm.dir/C_/Pico/pico-sdk/src/rp2_common/hardware_timer/timer.c.obj
                0x10001f5c                busy_wait_until
 .text.busy_wait_us
                0x10001f84       0x48 CMakeFiles/pio-bdm.dir/C_/Pico/pico-sdk/src/rp2_common/hardware_timer/timer.c.obj
                0x10001f84                busy_wait_us
 .text.hardware_alarm_set_callback
                0x10001fcc       0x90 CMakeFiles/pio-bdm.dir/C_/Pico/pico-sdk/src/rp2_common/hardware_timer/timer.c.obj
                0x10001fcc                hardware_alarm_set_callback
 .text.hardware_alarm_set_target
                0x1000205c       0xe8 CMakeFiles/pio-bdm.dir/C_/Pico/pico-sdk/src/rp2_common/hardware_timer/timer.c.obj
                0x1000205c                hardware_alarm_set_target
 .text.hardware_alarm_cancel
                0x10002144       0x40 CMakeFiles/pio-bdm.dir/C_/Pico/pico-sdk/src/rp2_common/hardware_timer/timer.c.obj
                0x10002144                hardware_alarm_cancel
 .text.ph_add_child_node
                0x10002184       0xa4 CMakeFiles/pio-bdm.dir/C_/Pico/pico-sdk/src/common/pico_util/pheap.c.obj
 .text.ph_merge_nodes
                0x10002228       0x3e CMakeFiles/pio-bdm.dir/C_/Pico/pico-sdk/src/common/pico_util/pheap.c.obj
 *fill*         0x10002266        0x2 
 .text.ph_clear
                0x10002268       0x70 CMakeFiles/pio-bdm.dir/C_/Pico/pico-sdk/src/common/pico_util/pheap.c.obj
                0x10002268                ph_clear
 .text.ph_post_alloc_init
                0x100022d8        0xe CMakeFiles/pio-bdm.dir/C_/Pico/pico-sdk/src/common/pico_util/pheap.c.obj
                0x100022d8                ph_post_alloc_init
 *fill*         0x100022e6        0x2 
 .text.ph_merge_two_pass
                0x100022e8       0xa8 CMakeFiles/pio-bdm.dir/C_/Pico/pico-sdk/src/common/pico_util/pheap.c.obj
                0x100022e8                ph_merge_two_pass
 .text.ph_remove_any_head
                0x10002390      0x108 CMakeFiles/pio-bdm.dir/C_/Pico/pico-sdk/src/common/pico_util/pheap.c.obj
 .text.ph_remove_head
                0x10002498       0x14 CMakeFiles/pio-bdm.dir/C_/Pico/pico-sdk/src/common/pico_util/pheap.c.obj
                0x10002498                ph_remove_head
 .text.ph_remove_and_free_node
                0x100024ac       0xf8 CMakeFiles/pio-bdm.dir/C_/Pico/pico-sdk/src/common/pico_util/pheap.c.obj
                0x100024ac                ph_remove_and_free_node
 .text.mutex_init
                0x100025a4       0x1a CMakeFiles/pio-bdm.dir/C_/Pico/pico-sdk/src/common/pico_sync/mutex.c.obj
                0x100025a4                mutex_init
 .text.recursive_mutex_init
                0x100025be       0x1e CMakeFiles/pio-bdm.dir/C_/Pico/pico-sdk/src/common/pico_sync/mutex.c.obj
                0x100025be                recursive_mutex_init
 .text.critical_section_init_with_lock_num
                0x100025dc       0x14 CMakeFiles/pio-bdm.dir/C_/Pico/pico-sdk/src/common/pico_sync/critical_section.c.obj
                0x100025dc                critical_section_init_with_lock_num
 .text.critical_section_init
                0x100025f0       0x14 CMakeFiles/pio-bdm.dir/C_/Pico/pico-sdk/src/common/pico_sync/critical_section.c.obj
                0x100025f0                critical_section_init
 .text._exit    0x10002604        0x4 CMakeFiles/pio-bdm.dir/C_/Pico/pico-sdk/src/rp2_common/pico_runtime/runtime.c.obj
                0x10002604                _exit
 .text._sbrk    0x10002608       0x38 CMakeFiles/pio-bdm.dir/C_/Pico/pico-sdk/src/rp2_common/pico_runtime/runtime.c.obj
                0x10002608                _sbrk
 .text.exit     0x10002640        0x6 CMakeFiles/pio-bdm.dir/C_/Pico/pico-sdk/src/rp2_common/pico_runtime/runtime.c.obj
                0x10002640                exit
 *fill*         0x10002646        0x2 
 .text.__assert_func
                0x10002648       0x3c CMakeFiles/pio-bdm.dir/C_/Pico/pico-sdk/src/rp2_common/pico_runtime/runtime.c.obj
                0x10002648                __assert_func
 .text.runtime_init
                0x10002684       0xf8 CMakeFiles/pio-bdm.dir/C_/Pico/pico-sdk/src/rp2_common/pico_runtime/runtime.c.obj
                0x10002684                runtime_init
 .text.panic    0x1000277c       0x30 CMakeFiles/pio-bdm.dir/C_/Pico/pico-sdk/src/rp2_common/pico_runtime/runtime.c.obj
                0x1000277c                panic
 .text.clock_configure
                0x100027ac      0x104 CMakeFiles/pio-bdm.dir/C_/Pico/pico-sdk/src/rp2_common/hardware_clocks/clocks.c.obj
                0x100027ac                clock_configure
 .text.clocks_init
                0x100028b0      0x100 CMakeFiles/pio-bdm.dir/C_/Pico/pico-sdk/src/rp2_common/hardware_clocks/clocks.c.obj
                0x100028b0                clocks_init
 .text.clock_get_hz
                0x100029b0        0xc CMakeFiles/pio-bdm.dir/C_/Pico/pico-sdk/src/rp2_common/hardware_clocks/clocks.c.obj
                0x100029b0                clock_get_hz
 .text.frequency_count_khz
                0x100029bc       0x40 CMakeFiles/pio-bdm.dir/C_/Pico/pico-sdk/src/rp2_common/hardware_clocks/clocks.c.obj
                0x100029bc                frequency_count_khz
 .text.pll_init
                0x100029fc      0x140 CMakeFiles/pio-bdm.dir/C_/Pico/pico-sdk/src/rp2_common/hardware_pll/pll.c.obj
                0x100029fc                pll_init
 .text.watchdog_start_tick
                0x10002b3c       0x10 CMakeFiles/pio-bdm.dir/C_/Pico/pico-sdk/src/rp2_common/hardware_watchdog/watchdog.c.obj
                0x10002b3c                watchdog_start_tick
 .text.watchdog_update
                0x10002b4c       0x14 CMakeFiles/pio-bdm.dir/C_/Pico/pico-sdk/src/rp2_common/hardware_watchdog/watchdog.c.obj
                0x10002b4c                watchdog_update
 .text._watchdog_enable
                0x10002b60       0x78 CMakeFiles/pio-bdm.dir/C_/Pico/pico-sdk/src/rp2_common/hardware_watchdog/watchdog.c.obj
                0x10002b60                _watchdog_enable
 .text.watchdog_reboot
                0x10002bd8       0x48 CMakeFiles/pio-bdm.dir/C_/Pico/pico-sdk/src/rp2_common/hardware_watchdog/watchdog.c.obj
                0x10002bd8                watchdog_reboot
 .text.xosc_init
                0x10002c20       0x28 CMakeFiles/pio-bdm.dir/C_/Pico/pico-sdk/src/rp2_common/hardware_xosc/xosc.c.obj
                0x10002c20                xosc_init
 .text._out_buffer
                0x10002c48        0x8 CMakeFiles/pio-bdm.dir/C_/Pico/pico-sdk/src/rp2_common/pico_printf/printf.c.obj
 .text._out_null
                0x10002c50        0x2 CMakeFiles/pio-bdm.dir/C_/Pico/pico-sdk/src/rp2_common/pico_printf/printf.c.obj
 .text._out_fct
                0x10002c52        0xe CMakeFiles/pio-bdm.dir/C_/Pico/pico-sdk/src/rp2_common/pico_printf/printf.c.obj
 .text._atoi    0x10002c60       0x24 CMakeFiles/pio-bdm.dir/C_/Pico/pico-sdk/src/rp2_common/pico_printf/printf.c.obj
 .text._out_rev
                0x10002c84       0xae CMakeFiles/pio-bdm.dir/C_/Pico/pico-sdk/src/rp2_common/pico_printf/printf.c.obj
 .text._ntoa_format
                0x10002d32      0x112 CMakeFiles/pio-bdm.dir/C_/Pico/pico-sdk/src/rp2_common/pico_printf/printf.c.obj
 .text._ntoa_long
                0x10002e44       0xbc CMakeFiles/pio-bdm.dir/C_/Pico/pico-sdk/src/rp2_common/pico_printf/printf.c.obj
 .text._ntoa_long_long
                0x10002f00       0xe2 CMakeFiles/pio-bdm.dir/C_/Pico/pico-sdk/src/rp2_common/pico_printf/printf.c.obj
 *fill*         0x10002fe2        0x2 
 .text._etoa    0x10002fe4      0x414 CMakeFiles/pio-bdm.dir/C_/Pico/pico-sdk/src/rp2_common/pico_printf/printf.c.obj
 .text._ftoa    0x100033f8      0x354 CMakeFiles/pio-bdm.dir/C_/Pico/pico-sdk/src/rp2_common/pico_printf/printf.c.obj
 .text._vsnprintf
                0x1000374c      0x624 CMakeFiles/pio-bdm.dir/C_/Pico/pico-sdk/src/rp2_common/pico_printf/printf.c.obj
 .text.__wrap_sprintf
                0x10003d70       0x28 CMakeFiles/pio-bdm.dir/C_/Pico/pico-sdk/src/rp2_common/pico_printf/printf.c.obj
                0x10003d70                __wrap_sprintf
 .text.vfctprintf
                0x10003d98       0x20 CMakeFiles/pio-bdm.dir/C_/Pico/pico-sdk/src/rp2_common/pico_printf/printf.c.obj
                0x10003d98                vfctprintf
 .text          0x10003db8       0x10 CMakeFiles/pio-bdm.dir/C_/Pico/pico-sdk/src/rp2_common/pico_bit_ops/bit_ops_aeabi.S.obj
 .text.rom_func_lookup
                0x10003dc8       0x10 CMakeFiles/pio-bdm.dir/C_/Pico/pico-sdk/src/rp2_common/pico_bootrom/bootrom.c.obj
                0x10003dc8                rom_func_lookup
 .text.rom_data_lookup
                0x10003dd8       0x10 CMakeFiles/pio-bdm.dir/C_/Pico/pico-sdk/src/rp2_common/pico_bootrom/bootrom.c.obj
                0x10003dd8                rom_data_lookup
 .text.rom_funcs_lookup
                0x10003de8       0x36 CMakeFiles/pio-bdm.dir/C_/Pico/pico-sdk/src/rp2_common/pico_bootrom/bootrom.c.obj
                0x10003de8                rom_funcs_lookup
 *fill*         0x10003e1e        0x2 
 .text.__wrap___aeabi_idiv
                0x10003e20       0x50 CMakeFiles/pio-bdm.dir/C_/Pico/pico-sdk/src/rp2_common/pico_divider/divider.S.obj
                0x10003e20                __wrap___aeabi_idivmod
                0x10003e20                divmod_s32s32
                0x10003e20                div_s32s32
                0x10003e20                __wrap___aeabi_idiv
                0x10003e28                divmod_s32s32_unsafe
                0x10003e54                divmod_s32s32_savestate
 .text.__wrap___aeabi_uidiv
                0x10003e70       0x4c CMakeFiles/pio-bdm.dir/C_/Pico/pico-sdk/src/rp2_common/pico_divider/divider.S.obj
                0x10003e70                __wrap___aeabi_uidiv
                0x10003e70                __wrap___aeabi_uidivmod
                0x10003e70                div_u32u32
                0x10003e70                divmod_u32u32
                0x10003e78                divmod_u32u32_unsafe
                0x10003ea0                divmod_u32u32_savestate
 .text.__wrap___aeabi_ldiv
                0x10003ebc      0x434 CMakeFiles/pio-bdm.dir/C_/Pico/pico-sdk/src/rp2_common/pico_divider/divider.S.obj
                0x10003ebc                div_s64s64
                0x10003ebc                divmod_s64s64
                0x10003ebc                __wrap___aeabi_ldivmod
                0x10003ef4                divmod_u64u64
                0x10003ef4                div_u64u64
                0x10003ef4                __wrap___aeabi_uldivmod
                0x10003f04                divmod_u64u64_savestate
                0x10003f2c                divmod_s64s64_unsafe
                0x10003fb4                divmod_u64u64_unsafe
 .text.__wrap___aeabi_darithmetic
                0x100042f0       0x80 CMakeFiles/pio-bdm.dir/C_/Pico/pico-sdk/src/rp2_common/pico_double/double_aeabi.S.obj
                0x100042f0                __wrap___aeabi_drsub
                0x100042f6                __wrap___aeabi_dsub
                0x10004308                __wrap___aeabi_dadd
                0x1000431a                __wrap___aeabi_ddiv
                0x10004356                __wrap___aeabi_dmul
 .text.__wrap___aeabi_cdcmple
                0x10004370       0x6c CMakeFiles/pio-bdm.dir/C_/Pico/pico-sdk/src/rp2_common/pico_double/double_aeabi.S.obj
                0x10004370                __wrap___aeabi_cdrcmple
                0x10004380                __wrap___aeabi_cdcmpeq
                0x10004380                __wrap___aeabi_cdcmple
 .text.__wrap___aeabi_dcmpeq
                0x100043dc       0x10 CMakeFiles/pio-bdm.dir/C_/Pico/pico-sdk/src/rp2_common/pico_double/double_aeabi.S.obj
                0x100043dc                __wrap___aeabi_dcmpeq
 .text.__wrap___aeabi_dcmplt
                0x100043ec        0xc CMakeFiles/pio-bdm.dir/C_/Pico/pico-sdk/src/rp2_common/pico_double/double_aeabi.S.obj
                0x100043ec                __wrap___aeabi_dcmplt
 .text.__wrap___aeabi_dcmple
                0x100043f8       0x10 CMakeFiles/pio-bdm.dir/C_/Pico/pico-sdk/src/rp2_common/pico_double/double_aeabi.S.obj
                0x100043f8                __wrap___aeabi_dcmple
 .text.__wrap___aeabi_dcmpge
                0x10004408       0x10 CMakeFiles/pio-bdm.dir/C_/Pico/pico-sdk/src/rp2_common/pico_double/double_aeabi.S.obj
                0x10004408                __wrap___aeabi_dcmpge
 .text.__wrap___aeabi_dcmpgt
                0x10004418        0xa CMakeFiles/pio-bdm.dir/C_/Pico/pico-sdk/src/rp2_common/pico_double/double_aeabi.S.obj
                0x10004418                __wrap___aeabi_dcmpgt
 .text.__wrap___aeabi_dcmpun
                0x10004422       0x1c CMakeFiles/pio-bdm.dir/C_/Pico/pico-sdk/src/rp2_common/pico_double/double_aeabi.S.obj
                0x10004422                __wrap___aeabi_dcmpun
 *fill*         0x1000443e        0x2 
 .text.__wrap___aeabi_i2d
                0x10004440       0x38 CMakeFiles/pio-bdm.dir/C_/Pico/pico-sdk/src/rp2_common/pico_double/double_aeabi.S.obj
                0x10004440                __wrap___aeabi_ui2d
                0x10004448                __wrap___aeabi_i2d
 .text.__wrap___aeabi_d2iz
                0x10004478       0x48 CMakeFiles/pio-bdm.dir/C_/Pico/pico-sdk/src/rp2_common/pico_double/double_aeabi.S.obj
                0x10004478                double2int_z
                0x10004478                __wrap___aeabi_d2iz
 .text.__wrap___aeabi_d2uiz
                0x100044c0       0x18 CMakeFiles/pio-bdm.dir/C_/Pico/pico-sdk/src/rp2_common/pico_double/double_aeabi.S.obj
                0x100044c0                __wrap___aeabi_d2uiz
                0x100044c0                double2uint
 .text.__wrap___aeabi_l2d
                0x100044d8       0x18 CMakeFiles/pio-bdm.dir/C_/Pico/pico-sdk/src/rp2_common/pico_double/double_aeabi.S.obj
                0x100044d8                __wrap___aeabi_l2d
 .text.__wrap___aeabi_d2lz
                0x100044f0       0x26 CMakeFiles/pio-bdm.dir/C_/Pico/pico-sdk/src/rp2_common/pico_double/double_aeabi.S.obj
                0x100044f0                double2int64_z
                0x100044f0                __wrap___aeabi_d2lz
 *fill*         0x10004516        0x2 
 .text.double2int64
                0x10004518       0x18 CMakeFiles/pio-bdm.dir/C_/Pico/pico-sdk/src/rp2_common/pico_double/double_aeabi.S.obj
                0x10004518                double2int64
 .text.double2ufix64
                0x10004530       0x18 CMakeFiles/pio-bdm.dir/C_/Pico/pico-sdk/src/rp2_common/pico_double/double_aeabi.S.obj
                0x10004530                double2ufix64
 .text.__wrap___aeabi_d2f
                0x10004548       0x18 CMakeFiles/pio-bdm.dir/C_/Pico/pico-sdk/src/rp2_common/pico_double/double_aeabi.S.obj
                0x10004548                __wrap___aeabi_d2f
 .text.__aeabi_double_init
                0x10004560       0xc8 CMakeFiles/pio-bdm.dir/C_/Pico/pico-sdk/src/rp2_common/pico_double/double_init_rom.c.obj
                0x10004560                __aeabi_double_init
 .text.double_table_shim_on_use_helper
                0x10004628       0x34 CMakeFiles/pio-bdm.dir/C_/Pico/pico-sdk/src/rp2_common/pico_double/double_v1_rom_shim.S.obj
                0x10004628                double_table_shim_on_use_helper
 .text.__wrap___aeabi_dsub
                0x1000465c       0x10 CMakeFiles/pio-bdm.dir/C_/Pico/pico-sdk/src/rp2_common/pico_double/double_v1_rom_shim.S.obj
                0x1000465c                drsub_shim
                0x10004662                dsub_shim
 .text.dadd_shim
                0x1000466c      0x15c CMakeFiles/pio-bdm.dir/C_/Pico/pico-sdk/src/rp2_common/pico_double/double_v1_rom_shim.S.obj
                0x1000466c                dadd_shim
 .text.dmul_shim
                0x100047c8      0x15c CMakeFiles/pio-bdm.dir/C_/Pico/pico-sdk/src/rp2_common/pico_double/double_v1_rom_shim.S.obj
                0x100047c8                dmul_shim
 .text.ddiv_shim
                0x10004924      0x1b0 CMakeFiles/pio-bdm.dir/C_/Pico/pico-sdk/src/rp2_common/pico_double/double_v1_rom_shim.S.obj
                0x10004924                ddiv_shim
 .text.double2uint_shim
                0x10004ad4        0xe CMakeFiles/pio-bdm.dir/C_/Pico/pico-sdk/src/rp2_common/pico_double/double_v1_rom_shim.S.obj
                0x10004ad4                double2uint_shim
                0x10004ad6                double2ufix_shim
 .text.double2int64_shim
                0x10004ae2       0x1a CMakeFiles/pio-bdm.dir/C_/Pico/pico-sdk/src/rp2_common/pico_double/double_v1_rom_shim.S.obj
                0x10004ae2                double2int64_shim
                0x10004ae4                double2fix64_shim
 .text.double2uint64_shim
                0x10004afc       0x70 CMakeFiles/pio-bdm.dir/C_/Pico/pico-sdk/src/rp2_common/pico_double/double_v1_rom_shim.S.obj
                0x10004afc                double2uint64_shim
                0x10004afe                double2ufix64_shim
                0x10004b1e                d2fix_a
 .text.double2float_shim
                0x10004b6c       0x5c CMakeFiles/pio-bdm.dir/C_/Pico/pico-sdk/src/rp2_common/pico_double/double_v1_rom_shim.S.obj
                0x10004b6c                double2float_shim
 .text.x2double_shims
                0x10004bc8       0x90 CMakeFiles/pio-bdm.dir/C_/Pico/pico-sdk/src/rp2_common/pico_double/double_v1_rom_shim.S.obj
                0x10004bc8                uint2double_shim
                0x10004bca                ufix2double_shim
                0x10004bd0                int2double_shim
                0x10004bd2                fix2double_shim
                0x10004bd8                uint642double_shim
                0x10004bda                ufix642double_shim
                0x10004be0                int642double_shim
                0x10004be2                fix642double_shim
 .text.dunpacks
                0x10004c58       0x3c CMakeFiles/pio-bdm.dir/C_/Pico/pico-sdk/src/rp2_common/pico_double/double_v1_rom_shim.S.obj
                0x10004c58                dunpacks
 .text.__aeabi_lmul
                0x10004c94       0x32 CMakeFiles/pio-bdm.dir/C_/Pico/pico-sdk/src/rp2_common/pico_int64_ops/pico_int64_ops_aeabi.S.obj
                0x10004c94                __wrap___aeabi_lmul
 *fill*         0x10004cc6        0x2 
 .text.__wrap___aeabi_farithmetic
                0x10004cc8       0x58 CMakeFiles/pio-bdm.dir/C_/Pico/pico-sdk/src/rp2_common/pico_float/float_aeabi.S.obj
                0x10004cc8                __wrap___aeabi_frsub
                0x10004cce                __wrap___aeabi_fsub
                0x10004cd8                __wrap___aeabi_fadd
                0x10004ce2                __wrap___aeabi_fdiv
                0x10004d0e                __wrap___aeabi_fmul
 .text.__wrap___aeabi_ui2f
                0x10004d20        0xa CMakeFiles/pio-bdm.dir/C_/Pico/pico-sdk/src/rp2_common/pico_float/float_aeabi.S.obj
                0x10004d20                __wrap___aeabi_ui2f
 *fill*         0x10004d2a        0x2 
 .text.__wrap___aeabi_i2f
                0x10004d2c       0x44 CMakeFiles/pio-bdm.dir/C_/Pico/pico-sdk/src/rp2_common/pico_float/float_aeabi.S.obj
                0x10004d2c                __wrap___aeabi_i2f
 .text.__wrap___aeabi_f2uiz
                0x10004d70       0x10 CMakeFiles/pio-bdm.dir/C_/Pico/pico-sdk/src/rp2_common/pico_float/float_aeabi.S.obj
                0x10004d70                __wrap___aeabi_f2uiz
 .text.__aeabi_float_init
                0x10004d80       0xfc CMakeFiles/pio-bdm.dir/C_/Pico/pico-sdk/src/rp2_common/pico_float/float_init_rom.c.obj
                0x10004d80                __aeabi_float_init
 .text.float_table_shim_on_use_helper
                0x10004e7c       0x34 CMakeFiles/pio-bdm.dir/C_/Pico/pico-sdk/src/rp2_common/pico_float/float_v1_rom_shim.S.obj
                0x10004e7c                float_table_shim_on_use_helper
 .text.__wrap_malloc
                0x10004eb0       0x24 CMakeFiles/pio-bdm.dir/C_/Pico/pico-sdk/src/rp2_common/pico_malloc/pico_malloc.c.obj
                0x10004eb0                __wrap_malloc
 .text.__wrap_realloc
                0x10004ed4       0x24 CMakeFiles/pio-bdm.dir/C_/Pico/pico-sdk/src/rp2_common/pico_malloc/pico_malloc.c.obj
                0x10004ed4                __wrap_realloc
 .text.__wrap_free
                0x10004ef8        0x8 CMakeFiles/pio-bdm.dir/C_/Pico/pico-sdk/src/rp2_common/pico_malloc/pico_malloc.c.obj
                0x10004ef8                __wrap_free
 .text          0x10004f00       0x10 CMakeFiles/pio-bdm.dir/C_/Pico/pico-sdk/src/rp2_common/pico_mem_ops/mem_ops_aeabi.S.obj
                0x10004f00                __aeabi_mem_init
 .text.memset   0x10004f10        0xc CMakeFiles/pio-bdm.dir/C_/Pico/pico-sdk/src/rp2_common/pico_mem_ops/mem_ops_aeabi.S.obj
                0x10004f10                __wrap_memset
 .text.memcpy   0x10004f1c        0xc CMakeFiles/pio-bdm.dir/C_/Pico/pico-sdk/src/rp2_common/pico_mem_ops/mem_ops_aeabi.S.obj
                0x10004f1c                __wrap_memcpy
                0x10004f1c                __wrap___aeabi_memcpy
 .text.stdio_out_chars_no_crlf
                0x10004f28        0xe CMakeFiles/pio-bdm.dir/C_/Pico/pico-sdk/src/rp2_common/pico_stdio/stdio.c.obj
 *fill*         0x10004f36        0x2 
 .text.stdio_out_chars_crlf
                0x10004f38       0x80 CMakeFiles/pio-bdm.dir/C_/Pico/pico-sdk/src/rp2_common/pico_stdio/stdio.c.obj
 .text.stdio_stack_buffer_flush
                0x10004fb8       0x44 CMakeFiles/pio-bdm.dir/C_/Pico/pico-sdk/src/rp2_common/pico_stdio/stdio.c.obj
 .text.stdio_buffered_printer
                0x10004ffc       0x20 CMakeFiles/pio-bdm.dir/C_/Pico/pico-sdk/src/rp2_common/pico_stdio/stdio.c.obj
 .text.stdio_get_until
                0x1000501c       0x80 CMakeFiles/pio-bdm.dir/C_/Pico/pico-sdk/src/rp2_common/pico_stdio/stdio.c.obj
 .text.stdout_serialize_begin
                0x1000509c       0x30 CMakeFiles/pio-bdm.dir/C_/Pico/pico-sdk/src/rp2_common/pico_stdio/stdio.c.obj
                0x1000509c                stdout_serialize_begin
 .text.stdout_serialize_end
                0x100050cc       0x10 CMakeFiles/pio-bdm.dir/C_/Pico/pico-sdk/src/rp2_common/pico_stdio/stdio.c.obj
                0x100050cc                stdout_serialize_end
 .text.stdio_put_string
                0x100050dc       0x98 CMakeFiles/pio-bdm.dir/C_/Pico/pico-sdk/src/rp2_common/pico_stdio/stdio.c.obj
 .text.__wrap_putchar
                0x10005174       0x1c CMakeFiles/pio-bdm.dir/C_/Pico/pico-sdk/src/rp2_common/pico_stdio/stdio.c.obj
                0x10005174                __wrap_putchar
 .text._read    0x10005190       0x24 CMakeFiles/pio-bdm.dir/C_/Pico/pico-sdk/src/rp2_common/pico_stdio/stdio.c.obj
                0x10005190                _read
 .text._write   0x100051b4       0x22 CMakeFiles/pio-bdm.dir/C_/Pico/pico-sdk/src/rp2_common/pico_stdio/stdio.c.obj
                0x100051b4                _write
 *fill*         0x100051d6        0x2 
 .text.stdio_set_driver_enabled
                0x100051d8       0x2c CMakeFiles/pio-bdm.dir/C_/Pico/pico-sdk/src/rp2_common/pico_stdio/stdio.c.obj
                0x100051d8                stdio_set_driver_enabled
 .text.stdio_flush
                0x10005204       0x20 CMakeFiles/pio-bdm.dir/C_/Pico/pico-sdk/src/rp2_common/pico_stdio/stdio.c.obj
                0x10005204                stdio_flush
 .text.__wrap_puts
                0x10005224       0x1e CMakeFiles/pio-bdm.dir/C_/Pico/pico-sdk/src/rp2_common/pico_stdio/stdio.c.obj
                0x10005224                __wrap_puts
 *fill*         0x10005242        0x2 
 .text.__wrap_vprintf
                0x10005244       0x44 CMakeFiles/pio-bdm.dir/C_/Pico/pico-sdk/src/rp2_common/pico_stdio/stdio.c.obj
                0x10005244                __wrap_vprintf
 .text.__wrap_printf
                0x10005288       0x18 CMakeFiles/pio-bdm.dir/C_/Pico/pico-sdk/src/rp2_common/pico_stdio/stdio.c.obj
                0x10005288                __wrap_printf
 .text.stdio_init_all
                0x100052a0        0x8 CMakeFiles/pio-bdm.dir/C_/Pico/pico-sdk/src/rp2_common/pico_stdio/stdio.c.obj
                0x100052a0                stdio_init_all
 .text.resetd_init
                0x100052a8        0x2 CMakeFiles/pio-bdm.dir/C_/Pico/pico-sdk/src/rp2_common/pico_stdio_usb/reset_interface.c.obj
 *fill*         0x100052aa        0x2 
 .text.resetd_reset
                0x100052ac        0xc CMakeFiles/pio-bdm.dir/C_/Pico/pico-sdk/src/rp2_common/pico_stdio_usb/reset_interface.c.obj
 .text.resetd_open
                0x100052b8       0x34 CMakeFiles/pio-bdm.dir/C_/Pico/pico-sdk/src/rp2_common/pico_stdio_usb/reset_interface.c.obj
 .text.resetd_xfer_cb
                0x100052ec        0x4 CMakeFiles/pio-bdm.dir/C_/Pico/pico-sdk/src/rp2_common/pico_stdio_usb/reset_interface.c.obj
 .text.reset_usb_boot
                0x100052f0       0x18 CMakeFiles/pio-bdm.dir/C_/Pico/pico-sdk/src/rp2_common/pico_stdio_usb/reset_interface.c.obj
 .text.resetd_control_xfer_cb
                0x10005308       0x5c CMakeFiles/pio-bdm.dir/C_/Pico/pico-sdk/src/rp2_common/pico_stdio_usb/reset_interface.c.obj
 .text.usbd_app_driver_get_cb
                0x10005364        0xc CMakeFiles/pio-bdm.dir/C_/Pico/pico-sdk/src/rp2_common/pico_stdio_usb/reset_interface.c.obj
                0x10005364                usbd_app_driver_get_cb
 .text.tud_cdc_line_coding_cb
                0x10005370       0x28 CMakeFiles/pio-bdm.dir/C_/Pico/pico-sdk/src/rp2_common/pico_stdio_usb/reset_interface.c.obj
                0x10005370                tud_cdc_line_coding_cb
 .text.stdio_usb_in_chars
                0x10005398       0x70 CMakeFiles/pio-bdm.dir/C_/Pico/pico-sdk/src/rp2_common/pico_stdio_usb/stdio_usb.c.obj
                0x10005398                stdio_usb_in_chars
 .text.low_priority_worker_irq
                0x10005408       0x20 CMakeFiles/pio-bdm.dir/C_/Pico/pico-sdk/src/rp2_common/pico_stdio_usb/stdio_usb.c.obj
 .text.stdio_usb_out_chars
                0x10005428       0xd4 CMakeFiles/pio-bdm.dir/C_/Pico/pico-sdk/src/rp2_common/pico_stdio_usb/stdio_usb.c.obj
 .text.timer_task
                0x100054fc       0x40 CMakeFiles/pio-bdm.dir/C_/Pico/pico-sdk/src/rp2_common/pico_stdio_usb/stdio_usb.c.obj
 .text.usb_irq  0x1000553c       0x10 CMakeFiles/pio-bdm.dir/C_/Pico/pico-sdk/src/rp2_common/pico_stdio_usb/stdio_usb.c.obj
 .text.stdio_usb_init
                0x1000554c       0xec CMakeFiles/pio-bdm.dir/C_/Pico/pico-sdk/src/rp2_common/pico_stdio_usb/stdio_usb.c.obj
                0x1000554c                stdio_usb_init
 .text.tud_descriptor_device_cb
                0x10005638        0x8 CMakeFiles/pio-bdm.dir/C_/Pico/pico-sdk/src/rp2_common/pico_stdio_usb/stdio_usb_descriptors.c.obj
                0x10005638                tud_descriptor_device_cb
 .text.tud_descriptor_configuration_cb
                0x10005640        0x8 CMakeFiles/pio-bdm.dir/C_/Pico/pico-sdk/src/rp2_common/pico_stdio_usb/stdio_usb_descriptors.c.obj
                0x10005640                tud_descriptor_configuration_cb
 .text.tud_descriptor_string_cb
                0x10005648       0x6c CMakeFiles/pio-bdm.dir/C_/Pico/pico-sdk/src/rp2_common/pico_stdio_usb/stdio_usb_descriptors.c.obj
                0x10005648                tud_descriptor_string_cb
 .text.hw_endpoint_get_by_addr
                0x100056b4       0x18 CMakeFiles/pio-bdm.dir/C_/Pico/pico-sdk/lib/tinyusb/src/portable/raspberrypi/rp2040/dcd_rp2040.c.obj
 .text.reset_ep0_pid
                0x100056cc       0x28 CMakeFiles/pio-bdm.dir/C_/Pico/pico-sdk/lib/tinyusb/src/portable/raspberrypi/rp2040/dcd_rp2040.c.obj
 .text._hw_endpoint_alloc
                0x100056f4       0x70 CMakeFiles/pio-bdm.dir/C_/Pico/pico-sdk/lib/tinyusb/src/portable/raspberrypi/rp2040/dcd_rp2040.c.obj
 .text.hw_endpoint_init
                0x10005764       0x88 CMakeFiles/pio-bdm.dir/C_/Pico/pico-sdk/lib/tinyusb/src/portable/raspberrypi/rp2040/dcd_rp2040.c.obj
 .text.reset_non_control_endpoints
                0x100057ec       0x40 CMakeFiles/pio-bdm.dir/C_/Pico/pico-sdk/lib/tinyusb/src/portable/raspberrypi/rp2040/dcd_rp2040.c.obj
 .text.hw_handle_buff_status
                0x1000582c       0x8c CMakeFiles/pio-bdm.dir/C_/Pico/pico-sdk/lib/tinyusb/src/portable/raspberrypi/rp2040/dcd_rp2040.c.obj
 .text.dcd_rp2040_irq
                0x100058b8       0xc0 CMakeFiles/pio-bdm.dir/C_/Pico/pico-sdk/lib/tinyusb/src/portable/raspberrypi/rp2040/dcd_rp2040.c.obj
 .text.hw_endpoint_xfer
                0x10005978       0x14 CMakeFiles/pio-bdm.dir/C_/Pico/pico-sdk/lib/tinyusb/src/portable/raspberrypi/rp2040/dcd_rp2040.c.obj
 .text.dcd_int_enable
                0x1000598c       0x2c CMakeFiles/pio-bdm.dir/C_/Pico/pico-sdk/lib/tinyusb/src/portable/raspberrypi/rp2040/dcd_rp2040.c.obj
                0x1000598c                dcd_int_enable
 .text.dcd_set_address
                0x100059b8       0x2c CMakeFiles/pio-bdm.dir/C_/Pico/pico-sdk/lib/tinyusb/src/portable/raspberrypi/rp2040/dcd_rp2040.c.obj
                0x100059b8                dcd_set_address
 .text.dcd_connect
                0x100059e4       0x10 CMakeFiles/pio-bdm.dir/C_/Pico/pico-sdk/lib/tinyusb/src/portable/raspberrypi/rp2040/dcd_rp2040.c.obj
                0x100059e4                dcd_connect
 .text.dcd_init
                0x100059f4       0x7c CMakeFiles/pio-bdm.dir/C_/Pico/pico-sdk/lib/tinyusb/src/portable/raspberrypi/rp2040/dcd_rp2040.c.obj
                0x100059f4                dcd_init
 .text.dcd_edpt0_status_complete
                0x10005a70       0x1c CMakeFiles/pio-bdm.dir/C_/Pico/pico-sdk/lib/tinyusb/src/portable/raspberrypi/rp2040/dcd_rp2040.c.obj
                0x10005a70                dcd_edpt0_status_complete
 .text.dcd_edpt_open
                0x10005a8c       0x40 CMakeFiles/pio-bdm.dir/C_/Pico/pico-sdk/lib/tinyusb/src/portable/raspberrypi/rp2040/dcd_rp2040.c.obj
                0x10005a8c                dcd_edpt_open
 .text.dcd_edpt_close_all
                0x10005acc        0x8 CMakeFiles/pio-bdm.dir/C_/Pico/pico-sdk/lib/tinyusb/src/portable/raspberrypi/rp2040/dcd_rp2040.c.obj
                0x10005acc                dcd_edpt_close_all
 .text.dcd_edpt_xfer
                0x10005ad4       0x30 CMakeFiles/pio-bdm.dir/C_/Pico/pico-sdk/lib/tinyusb/src/portable/raspberrypi/rp2040/dcd_rp2040.c.obj
                0x10005ad4                dcd_edpt_xfer
 .text.dcd_edpt_stall
                0x10005b04       0x2c CMakeFiles/pio-bdm.dir/C_/Pico/pico-sdk/lib/tinyusb/src/portable/raspberrypi/rp2040/dcd_rp2040.c.obj
                0x10005b04                dcd_edpt_stall
 .text.dcd_edpt_clear_stall
                0x10005b30       0x20 CMakeFiles/pio-bdm.dir/C_/Pico/pico-sdk/lib/tinyusb/src/portable/raspberrypi/rp2040/dcd_rp2040.c.obj
                0x10005b30                dcd_edpt_clear_stall
 .text.prepare_ep_buffer
                0x10005b50       0x70 CMakeFiles/pio-bdm.dir/C_/Pico/pico-sdk/lib/tinyusb/src/portable/raspberrypi/rp2040/rp2040_usb.c.obj
 .text.sync_ep_buffer
                0x10005bc0       0x7c CMakeFiles/pio-bdm.dir/C_/Pico/pico-sdk/lib/tinyusb/src/portable/raspberrypi/rp2040/rp2040_usb.c.obj
 .text._hw_endpoint_xfer_sync
                0x10005c3c       0x28 CMakeFiles/pio-bdm.dir/C_/Pico/pico-sdk/lib/tinyusb/src/portable/raspberrypi/rp2040/rp2040_usb.c.obj
 .text.rp2040_usb_init
                0x10005c64       0x4c CMakeFiles/pio-bdm.dir/C_/Pico/pico-sdk/lib/tinyusb/src/portable/raspberrypi/rp2040/rp2040_usb.c.obj
                0x10005c64                rp2040_usb_init
 .text.hw_endpoint_reset_transfer
                0x10005cb0        0xc CMakeFiles/pio-bdm.dir/C_/Pico/pico-sdk/lib/tinyusb/src/portable/raspberrypi/rp2040/rp2040_usb.c.obj
                0x10005cb0                hw_endpoint_reset_transfer
 .text._hw_endpoint_buffer_control_update32
                0x10005cbc       0x58 CMakeFiles/pio-bdm.dir/C_/Pico/pico-sdk/lib/tinyusb/src/portable/raspberrypi/rp2040/rp2040_usb.c.obj
                0x10005cbc                _hw_endpoint_buffer_control_update32
 .text._hw_endpoint_start_next_buffer
                0x10005d14       0x74 CMakeFiles/pio-bdm.dir/C_/Pico/pico-sdk/lib/tinyusb/src/portable/raspberrypi/rp2040/rp2040_usb.c.obj
 .text.hw_endpoint_xfer_start
                0x10005d88       0x48 CMakeFiles/pio-bdm.dir/C_/Pico/pico-sdk/lib/tinyusb/src/portable/raspberrypi/rp2040/rp2040_usb.c.obj
                0x10005d88                hw_endpoint_xfer_start
 .text.hw_endpoint_xfer_continue
                0x10005dd0       0x38 CMakeFiles/pio-bdm.dir/C_/Pico/pico-sdk/lib/tinyusb/src/portable/raspberrypi/rp2040/rp2040_usb.c.obj
                0x10005dd0                hw_endpoint_xfer_continue
 .text.configuration_reset
                0x10005e08       0x84 CMakeFiles/pio-bdm.dir/C_/Pico/pico-sdk/lib/tinyusb/src/device/usbd.c.obj
 .text.usbd_reset
                0x10005e8c        0xc CMakeFiles/pio-bdm.dir/C_/Pico/pico-sdk/lib/tinyusb/src/device/usbd.c.obj
 .text.invoke_class_control
                0x10005e98       0x1a CMakeFiles/pio-bdm.dir/C_/Pico/pico-sdk/lib/tinyusb/src/device/usbd.c.obj
 *fill*         0x10005eb2        0x2 
 .text.process_set_config
                0x10005eb4      0x1b0 CMakeFiles/pio-bdm.dir/C_/Pico/pico-sdk/lib/tinyusb/src/device/usbd.c.obj
 .text.process_get_descriptor
                0x10006064       0xec CMakeFiles/pio-bdm.dir/C_/Pico/pico-sdk/lib/tinyusb/src/device/usbd.c.obj
 .text.tud_mounted
                0x10006150       0x10 CMakeFiles/pio-bdm.dir/C_/Pico/pico-sdk/lib/tinyusb/src/device/usbd.c.obj
                0x10006150                tud_mounted
 .text.tud_suspended
                0x10006160       0x10 CMakeFiles/pio-bdm.dir/C_/Pico/pico-sdk/lib/tinyusb/src/device/usbd.c.obj
                0x10006160                tud_suspended
 .text.tud_inited
                0x10006170        0xc CMakeFiles/pio-bdm.dir/C_/Pico/pico-sdk/lib/tinyusb/src/device/usbd.c.obj
                0x10006170                tud_inited
 .text.tud_init
                0x1000617c       0xcc CMakeFiles/pio-bdm.dir/C_/Pico/pico-sdk/lib/tinyusb/src/device/usbd.c.obj
                0x1000617c                tud_init
 .text.dcd_event_handler
                0x10006248      0x1e0 CMakeFiles/pio-bdm.dir/C_/Pico/pico-sdk/lib/tinyusb/src/device/usbd.c.obj
                0x10006248                dcd_event_handler
 .text.dcd_event_bus_signal
                0x10006428       0x26 CMakeFiles/pio-bdm.dir/C_/Pico/pico-sdk/lib/tinyusb/src/device/usbd.c.obj
                0x10006428                dcd_event_bus_signal
 .text.dcd_event_bus_reset
                0x1000644e       0x2a CMakeFiles/pio-bdm.dir/C_/Pico/pico-sdk/lib/tinyusb/src/device/usbd.c.obj
                0x1000644e                dcd_event_bus_reset
 .text.dcd_event_setup_received
                0x10006478       0x34 CMakeFiles/pio-bdm.dir/C_/Pico/pico-sdk/lib/tinyusb/src/device/usbd.c.obj
                0x10006478                dcd_event_setup_received
 .text.dcd_event_xfer_complete
                0x100064ac       0x44 CMakeFiles/pio-bdm.dir/C_/Pico/pico-sdk/lib/tinyusb/src/device/usbd.c.obj
                0x100064ac                dcd_event_xfer_complete
 .text.usbd_edpt_open
                0x100064f0       0x58 CMakeFiles/pio-bdm.dir/C_/Pico/pico-sdk/lib/tinyusb/src/device/usbd.c.obj
                0x100064f0                usbd_edpt_open
 .text.usbd_open_edpt_pair
                0x10006548       0x8c CMakeFiles/pio-bdm.dir/C_/Pico/pico-sdk/lib/tinyusb/src/device/usbd.c.obj
                0x10006548                usbd_open_edpt_pair
 .text.usbd_edpt_claim
                0x100065d4       0x8c CMakeFiles/pio-bdm.dir/C_/Pico/pico-sdk/lib/tinyusb/src/device/usbd.c.obj
                0x100065d4                usbd_edpt_claim
 .text.usbd_edpt_release
                0x10006660       0x68 CMakeFiles/pio-bdm.dir/C_/Pico/pico-sdk/lib/tinyusb/src/device/usbd.c.obj
                0x10006660                usbd_edpt_release
 .text.usbd_edpt_xfer
                0x100066c8       0x80 CMakeFiles/pio-bdm.dir/C_/Pico/pico-sdk/lib/tinyusb/src/device/usbd.c.obj
                0x100066c8                usbd_edpt_xfer
 .text.usbd_edpt_stall
                0x10006748       0x40 CMakeFiles/pio-bdm.dir/C_/Pico/pico-sdk/lib/tinyusb/src/device/usbd.c.obj
                0x10006748                usbd_edpt_stall
 .text.usbd_edpt_clear_stall
                0x10006788       0x40 CMakeFiles/pio-bdm.dir/C_/Pico/pico-sdk/lib/tinyusb/src/device/usbd.c.obj
                0x10006788                usbd_edpt_clear_stall
 .text.usbd_edpt_stalled
                0x100067c8       0x1c CMakeFiles/pio-bdm.dir/C_/Pico/pico-sdk/lib/tinyusb/src/device/usbd.c.obj
                0x100067c8                usbd_edpt_stalled
 .text.process_control_request
                0x100067e4      0x3b8 CMakeFiles/pio-bdm.dir/C_/Pico/pico-sdk/lib/tinyusb/src/device/usbd.c.obj
 .text.tud_task
                0x10006b9c      0x218 CMakeFiles/pio-bdm.dir/C_/Pico/pico-sdk/lib/tinyusb/src/device/usbd.c.obj
                0x10006b9c                tud_task
 .text._data_stage_xact
                0x10006db4       0x58 CMakeFiles/pio-bdm.dir/C_/Pico/pico-sdk/lib/tinyusb/src/device/usbd_control.c.obj
 .text.tud_control_status
                0x10006e0c       0x38 CMakeFiles/pio-bdm.dir/C_/Pico/pico-sdk/lib/tinyusb/src/device/usbd_control.c.obj
                0x10006e0c                tud_control_status
 .text.tud_control_xfer
                0x10006e44       0xa8 CMakeFiles/pio-bdm.dir/C_/Pico/pico-sdk/lib/tinyusb/src/device/usbd_control.c.obj
                0x10006e44                tud_control_xfer
 .text.usbd_control_reset
                0x10006eec       0x14 CMakeFiles/pio-bdm.dir/C_/Pico/pico-sdk/lib/tinyusb/src/device/usbd_control.c.obj
                0x10006eec                usbd_control_reset
 .text.usbd_control_set_complete_callback
                0x10006f00        0xc CMakeFiles/pio-bdm.dir/C_/Pico/pico-sdk/lib/tinyusb/src/device/usbd_control.c.obj
                0x10006f00                usbd_control_set_complete_callback
 .text.usbd_control_set_request
                0x10006f0c       0x1c CMakeFiles/pio-bdm.dir/C_/Pico/pico-sdk/lib/tinyusb/src/device/usbd_control.c.obj
                0x10006f0c                usbd_control_set_request
 .text.usbd_control_xfer_cb
                0x10006f28       0xfc CMakeFiles/pio-bdm.dir/C_/Pico/pico-sdk/lib/tinyusb/src/device/usbd_control.c.obj
                0x10006f28                usbd_control_xfer_cb
 .text._prep_out_transaction
                0x10007024       0x46 CMakeFiles/pio-bdm.dir/C_/Pico/pico-sdk/lib/tinyusb/src/class/cdc/cdc_device.c.obj
 *fill*         0x1000706a        0x2 
 .text.tud_cdc_n_connected
                0x1000706c       0x44 CMakeFiles/pio-bdm.dir/C_/Pico/pico-sdk/lib/tinyusb/src/class/cdc/cdc_device.c.obj
                0x1000706c                tud_cdc_n_connected
 .text.tud_cdc_n_available
                0x100070b0       0x18 CMakeFiles/pio-bdm.dir/C_/Pico/pico-sdk/lib/tinyusb/src/class/cdc/cdc_device.c.obj
                0x100070b0                tud_cdc_n_available
 .text.tud_cdc_n_read
                0x100070c8       0x28 CMakeFiles/pio-bdm.dir/C_/Pico/pico-sdk/lib/tinyusb/src/class/cdc/cdc_device.c.obj
                0x100070c8                tud_cdc_n_read
 .text.tud_cdc_n_write_flush
                0x100070f0       0xcc CMakeFiles/pio-bdm.dir/C_/Pico/pico-sdk/lib/tinyusb/src/class/cdc/cdc_device.c.obj
                0x100070f0                tud_cdc_n_write_flush
 .text.tud_cdc_n_write
                0x100071bc       0x38 CMakeFiles/pio-bdm.dir/C_/Pico/pico-sdk/lib/tinyusb/src/class/cdc/cdc_device.c.obj
                0x100071bc                tud_cdc_n_write
 .text.tud_cdc_n_write_available
                0x100071f4       0x1c CMakeFiles/pio-bdm.dir/C_/Pico/pico-sdk/lib/tinyusb/src/class/cdc/cdc_device.c.obj
                0x100071f4                tud_cdc_n_write_available
 .text.cdcd_init
                0x10007210       0xbc CMakeFiles/pio-bdm.dir/C_/Pico/pico-sdk/lib/tinyusb/src/class/cdc/cdc_device.c.obj
                0x10007210                cdcd_init
 .text.cdcd_reset
                0x100072cc       0x44 CMakeFiles/pio-bdm.dir/C_/Pico/pico-sdk/lib/tinyusb/src/class/cdc/cdc_device.c.obj
                0x100072cc                cdcd_reset
 .text.cdcd_open
                0x10007310       0xf8 CMakeFiles/pio-bdm.dir/C_/Pico/pico-sdk/lib/tinyusb/src/class/cdc/cdc_device.c.obj
                0x10007310                cdcd_open
 .text.cdcd_control_xfer_cb
                0x10007408      0x134 CMakeFiles/pio-bdm.dir/C_/Pico/pico-sdk/lib/tinyusb/src/class/cdc/cdc_device.c.obj
                0x10007408                cdcd_control_xfer_cb
 .text.cdcd_xfer_cb
                0x1000753c      0x144 CMakeFiles/pio-bdm.dir/C_/Pico/pico-sdk/lib/tinyusb/src/class/cdc/cdc_device.c.obj
                0x1000753c                cdcd_xfer_cb
 .text.tusb_init
                0x10007680       0x24 CMakeFiles/pio-bdm.dir/C_/Pico/pico-sdk/lib/tinyusb/src/tusb.c.obj
                0x10007680                tusb_init
 .text.tusb_inited
                0x100076a4        0xe CMakeFiles/pio-bdm.dir/C_/Pico/pico-sdk/lib/tinyusb/src/tusb.c.obj
                0x100076a4                tusb_inited
 *fill*         0x100076b2        0x2 
 .text.tu_edpt_validate
                0x100076b4       0xa8 CMakeFiles/pio-bdm.dir/C_/Pico/pico-sdk/lib/tinyusb/src/tusb.c.obj
                0x100076b4                tu_edpt_validate
 .text.tu_edpt_bind_driver
                0x1000775c       0x2a CMakeFiles/pio-bdm.dir/C_/Pico/pico-sdk/lib/tinyusb/src/tusb.c.obj
                0x1000775c                tu_edpt_bind_driver
 .text.advance_pointer
                0x10007786       0x18 CMakeFiles/pio-bdm.dir/C_/Pico/pico-sdk/lib/tinyusb/src/common/tusb_fifo.c.obj
 .text.backward_pointer
                0x1000779e       0x1e CMakeFiles/pio-bdm.dir/C_/Pico/pico-sdk/lib/tinyusb/src/common/tusb_fifo.c.obj
 .text.get_relative_pointer
                0x100077bc       0x10 CMakeFiles/pio-bdm.dir/C_/Pico/pico-sdk/lib/tinyusb/src/common/tusb_fifo.c.obj
 .text._tu_fifo_peek
                0x100077cc       0x50 CMakeFiles/pio-bdm.dir/C_/Pico/pico-sdk/lib/tinyusb/src/common/tusb_fifo.c.obj
 .text._ff_pull_const_addr
                0x1000781c       0x4c CMakeFiles/pio-bdm.dir/C_/Pico/pico-sdk/lib/tinyusb/src/common/tusb_fifo.c.obj
 .text._ff_pull_n
                0x10007868      0x10c CMakeFiles/pio-bdm.dir/C_/Pico/pico-sdk/lib/tinyusb/src/common/tusb_fifo.c.obj
 .text._tu_fifo_peek_n
                0x10007974       0x5e CMakeFiles/pio-bdm.dir/C_/Pico/pico-sdk/lib/tinyusb/src/common/tusb_fifo.c.obj
 .text._tu_fifo_read_n
                0x100079d2       0x4e CMakeFiles/pio-bdm.dir/C_/Pico/pico-sdk/lib/tinyusb/src/common/tusb_fifo.c.obj
 .text._ff_push_const_addr
                0x10007a20       0x40 CMakeFiles/pio-bdm.dir/C_/Pico/pico-sdk/lib/tinyusb/src/common/tusb_fifo.c.obj
 .text._ff_push_n
                0x10007a60      0x108 CMakeFiles/pio-bdm.dir/C_/Pico/pico-sdk/lib/tinyusb/src/common/tusb_fifo.c.obj
 .text._tu_fifo_write_n
                0x10007b68       0x9e CMakeFiles/pio-bdm.dir/C_/Pico/pico-sdk/lib/tinyusb/src/common/tusb_fifo.c.obj
 .text.tu_fifo_config
                0x10007c06       0x72 CMakeFiles/pio-bdm.dir/C_/Pico/pico-sdk/lib/tinyusb/src/common/tusb_fifo.c.obj
                0x10007c06                tu_fifo_config
 .text.tu_fifo_count
                0x10007c78       0x26 CMakeFiles/pio-bdm.dir/C_/Pico/pico-sdk/lib/tinyusb/src/common/tusb_fifo.c.obj
                0x10007c78                tu_fifo_count
 .text.tu_fifo_empty
                0x10007c9e       0x10 CMakeFiles/pio-bdm.dir/C_/Pico/pico-sdk/lib/tinyusb/src/common/tusb_fifo.c.obj
                0x10007c9e                tu_fifo_empty
 .text.tu_fifo_remaining
                0x10007cae       0x20 CMakeFiles/pio-bdm.dir/C_/Pico/pico-sdk/lib/tinyusb/src/common/tusb_fifo.c.obj
                0x10007cae                tu_fifo_remaining
 .text.tu_fifo_read
                0x10007cce       0x42 CMakeFiles/pio-bdm.dir/C_/Pico/pico-sdk/lib/tinyusb/src/common/tusb_fifo.c.obj
                0x10007cce                tu_fifo_read
 .text.tu_fifo_read_n
                0x10007d10        0xa CMakeFiles/pio-bdm.dir/C_/Pico/pico-sdk/lib/tinyusb/src/common/tusb_fifo.c.obj
                0x10007d10                tu_fifo_read_n
 .text.tu_fifo_write
                0x10007d1a       0x6c CMakeFiles/pio-bdm.dir/C_/Pico/pico-sdk/lib/tinyusb/src/common/tusb_fifo.c.obj
                0x10007d1a                tu_fifo_write
 .text.tu_fifo_write_n
                0x10007d86        0xa CMakeFiles/pio-bdm.dir/C_/Pico/pico-sdk/lib/tinyusb/src/common/tusb_fifo.c.obj
                0x10007d86                tu_fifo_write_n
 .text.tu_fifo_clear
                0x10007d90       0x4c CMakeFiles/pio-bdm.dir/C_/Pico/pico-sdk/lib/tinyusb/src/common/tusb_fifo.c.obj
                0x10007d90                tu_fifo_clear
 .text.tu_fifo_set_overwritable
                0x10007ddc       0x3c CMakeFiles/pio-bdm.dir/C_/Pico/pico-sdk/lib/tinyusb/src/common/tusb_fifo.c.obj
                0x10007ddc                tu_fifo_set_overwritable
 .text._retrieve_unique_id_on_boot
                0x10007e18       0x10 CMakeFiles/pio-bdm.dir/C_/Pico/pico-sdk/src/rp2_common/pico_unique_id/unique_id.c.obj
 .text.pico_get_unique_board_id_string
                0x10007e28       0x60 CMakeFiles/pio-bdm.dir/C_/Pico/pico-sdk/src/rp2_common/pico_unique_id/unique_id.c.obj
                0x10007e28                pico_get_unique_board_id_string
 .text.flash_get_unique_id
                0x10007e88       0x46 CMakeFiles/pio-bdm.dir/C_/Pico/pico-sdk/src/rp2_common/hardware_flash/flash.c.obj
                0x10007e88                flash_get_unique_id
 *fill*         0x10007ece        0x2 
 .text._pio_can_add_program_at_offset
                0x10007ed0       0x3c CMakeFiles/pio-bdm.dir/C_/Pico/pico-sdk/src/rp2_common/hardware_pio/pio.c.obj
 .text._pio_find_offset_for_program
                0x10007f0c       0x7c CMakeFiles/pio-bdm.dir/C_/Pico/pico-sdk/src/rp2_common/hardware_pio/pio.c.obj
 .text._pio_add_program_at_offset
                0x10007f88       0x78 CMakeFiles/pio-bdm.dir/C_/Pico/pico-sdk/src/rp2_common/hardware_pio/pio.c.obj
 .text.pio_claim_unused_sm
                0x10008000       0x3c CMakeFiles/pio-bdm.dir/C_/Pico/pico-sdk/src/rp2_common/hardware_pio/pio.c.obj
                0x10008000                pio_claim_unused_sm
 .text.pio_add_program
                0x1000803c       0x38 CMakeFiles/pio-bdm.dir/C_/Pico/pico-sdk/src/rp2_common/hardware_pio/pio.c.obj
                0x1000803c                pio_add_program
 .text.pio_clear_instruction_memory
                0x10008074       0x3c CMakeFiles/pio-bdm.dir/C_/Pico/pico-sdk/src/rp2_common/hardware_pio/pio.c.obj
                0x10008074                pio_clear_instruction_memory
 .text.pio_sm_set_consecutive_pindirs
                0x100080b0       0x70 CMakeFiles/pio-bdm.dir/C_/Pico/pico-sdk/src/rp2_common/hardware_pio/pio.c.obj
                0x100080b0                pio_sm_set_consecutive_pindirs
 .text.pio_sm_init
                0x10008120       0xe4 CMakeFiles/pio-bdm.dir/C_/Pico/pico-sdk/src/rp2_common/hardware_pio/pio.c.obj
                0x10008120                pio_sm_init
 .text._calloc_r
                0x10008204       0x9c c:/progra~2/gnuarm~1/102021~1.10/bin/../lib/gcc/arm-none-eabi/10.3.1/../../../../arm-none-eabi/lib/thumb/v6-m/nofp\libg.a(lib_a-callocr.o)
                0x10008204                _calloc_r
 .text.__errno  0x100082a0        0xc c:/progra~2/gnuarm~1/102021~1.10/bin/../lib/gcc/arm-none-eabi/10.3.1/../../../../arm-none-eabi/lib/thumb/v6-m/nofp\libg.a(lib_a-errno.o)
                0x100082a0                __errno
 .text.malloc   0x100082ac       0x14 c:/progra~2/gnuarm~1/102021~1.10/bin/../lib/gcc/arm-none-eabi/10.3.1/../../../../arm-none-eabi/lib/thumb/v6-m/nofp\libg.a(lib_a-malloc.o)
                0x100082ac                malloc
 .text.free     0x100082c0       0x14 c:/progra~2/gnuarm~1/102021~1.10/bin/../lib/gcc/arm-none-eabi/10.3.1/../../../../arm-none-eabi/lib/thumb/v6-m/nofp\libg.a(lib_a-malloc.o)
                0x100082c0                free
 .text._malloc_r
                0x100082d4      0x584 c:/progra~2/gnuarm~1/102021~1.10/bin/../lib/gcc/arm-none-eabi/10.3.1/../../../../arm-none-eabi/lib/thumb/v6-m/nofp\libg.a(lib_a-mallocr.o)
                0x100082d4                _malloc_r
 .text.__malloc_lock
                0x10008858       0x10 c:/progra~2/gnuarm~1/102021~1.10/bin/../lib/gcc/arm-none-eabi/10.3.1/../../../../arm-none-eabi/lib/thumb/v6-m/nofp\libg.a(lib_a-mlock.o)
                0x10008858                __malloc_lock
 .text.__malloc_unlock
                0x10008868       0x10 c:/progra~2/gnuarm~1/102021~1.10/bin/../lib/gcc/arm-none-eabi/10.3.1/../../../../arm-none-eabi/lib/thumb/v6-m/nofp\libg.a(lib_a-mlock.o)
                0x10008868                __malloc_unlock
 .text.realloc  0x10008878       0x18 c:/progra~2/gnuarm~1/102021~1.10/bin/../lib/gcc/arm-none-eabi/10.3.1/../../../../arm-none-eabi/lib/thumb/v6-m/nofp\libg.a(lib_a-realloc.o)
                0x10008878                realloc
 .text._realloc_r
                0x10008890      0x354 c:/progra~2/gnuarm~1/102021~1.10/bin/../lib/gcc/arm-none-eabi/10.3.1/../../../../arm-none-eabi/lib/thumb/v6-m/nofp\libg.a(lib_a-reallocr.o)
                0x10008890                _realloc_r
 .text._sbrk_r  0x10008be4       0x24 c:/progra~2/gnuarm~1/102021~1.10/bin/../lib/gcc/arm-none-eabi/10.3.1/../../../../arm-none-eabi/lib/thumb/v6-m/nofp\libg.a(lib_a-sbrkr.o)
                0x10008be4                _sbrk_r
 .text.scanf    0x10008c08       0x24 c:/progra~2/gnuarm~1/102021~1.10/bin/../lib/gcc/arm-none-eabi/10.3.1/../../../../arm-none-eabi/lib/thumb/v6-m/nofp\libg.a(lib_a-scanf.o)
                0x10008c08                scanf
 .text.strlen   0x10008c2c       0x5c c:/progra~2/gnuarm~1/102021~1.10/bin/../lib/gcc/arm-none-eabi/10.3.1/../../../../arm-none-eabi/lib/thumb/v6-m/nofp\libg.a(lib_a-strlen-stub.o)
                0x10008c2c                strlen
 .text.__strtok_r
                0x10008c88       0x6c c:/progra~2/gnuarm~1/102021~1.10/bin/../lib/gcc/arm-none-eabi/10.3.1/../../../../arm-none-eabi/lib/thumb/v6-m/nofp\libg.a(lib_a-strtok_r.o)
                0x10008c88                __strtok_r
 .text.strtok_r
                0x10008cf4        0xc c:/progra~2/gnuarm~1/102021~1.10/bin/../lib/gcc/arm-none-eabi/10.3.1/../../../../arm-none-eabi/lib/thumb/v6-m/nofp\libg.a(lib_a-strtok_r.o)
                0x10008cf4                strtok_r
 .text._strtol_l.part.0
                0x10008d00      0x144 c:/progra~2/gnuarm~1/102021~1.10/bin/../lib/gcc/arm-none-eabi/10.3.1/../../../../arm-none-eabi/lib/thumb/v6-m/nofp\libg.a(lib_a-strtol.o)
 .text._strtol_r
                0x10008e44       0x1c c:/progra~2/gnuarm~1/102021~1.10/bin/../lib/gcc/arm-none-eabi/10.3.1/../../../../arm-none-eabi/lib/thumb/v6-m/nofp\libg.a(lib_a-strtol.o)
                0x10008e44                _strtol_r
 .text.strtol   0x10008e60       0x2c c:/progra~2/gnuarm~1/102021~1.10/bin/../lib/gcc/arm-none-eabi/10.3.1/../../../../arm-none-eabi/lib/thumb/v6-m/nofp\libg.a(lib_a-strtol.o)
                0x10008e60                strtol
 .text.__svfscanf_r
                0x10008e8c     0x17d8 c:/progra~2/gnuarm~1/102021~1.10/bin/../lib/gcc/arm-none-eabi/10.3.1/../../../../arm-none-eabi/lib/thumb/v6-m/nofp\libg.a(lib_a-vfscanf.o)
                0x10008e8c                __svfscanf_r
 .text._vfscanf_r
                0x1000a664       0x28 c:/progra~2/gnuarm~1/102021~1.10/bin/../lib/gcc/arm-none-eabi/10.3.1/../../../../arm-none-eabi/lib/thumb/v6-m/nofp\libg.a(lib_a-vfscanf.o)
                0x1000a664                _vfscanf_r
 .text._cleanup_r
                0x1000a68c       0x10 c:/progra~2/gnuarm~1/102021~1.10/bin/../lib/gcc/arm-none-eabi/10.3.1/../../../../arm-none-eabi/lib/thumb/v6-m/nofp\libg.a(lib_a-findfp.o)
                0x1000a68c                _cleanup_r
 .text.__sinit  0x1000a69c      0x120 c:/progra~2/gnuarm~1/102021~1.10/bin/../lib/gcc/arm-none-eabi/10.3.1/../../../../arm-none-eabi/lib/thumb/v6-m/nofp\libg.a(lib_a-findfp.o)
                0x1000a69c                __sinit
 .text.__sfp_lock_acquire
                0x1000a7bc       0x10 c:/progra~2/gnuarm~1/102021~1.10/bin/../lib/gcc/arm-none-eabi/10.3.1/../../../../arm-none-eabi/lib/thumb/v6-m/nofp\libg.a(lib_a-findfp.o)
                0x1000a7bc                __sfp_lock_acquire
 .text.__sfp_lock_release
                0x1000a7cc       0x10 c:/progra~2/gnuarm~1/102021~1.10/bin/../lib/gcc/arm-none-eabi/10.3.1/../../../../arm-none-eabi/lib/thumb/v6-m/nofp\libg.a(lib_a-findfp.o)
                0x1000a7cc                __sfp_lock_release
 .text._fread_r
                0x1000a7dc      0x1bc c:/progra~2/gnuarm~1/102021~1.10/bin/../lib/gcc/arm-none-eabi/10.3.1/../../../../arm-none-eabi/lib/thumb/v6-m/nofp\libg.a(lib_a-fread.o)
                0x1000a7dc                _fread_r
 .text._malloc_trim_r
                0x1000a998       0x9c c:/progra~2/gnuarm~1/102021~1.10/bin/../lib/gcc/arm-none-eabi/10.3.1/../../../../arm-none-eabi/lib/thumb/v6-m/nofp\libg.a(lib_a-freer.o)
                0x1000a998                _malloc_trim_r
 .text._free_r  0x1000aa34      0x1c4 c:/progra~2/gnuarm~1/102021~1.10/bin/../lib/gcc/arm-none-eabi/10.3.1/../../../../arm-none-eabi/lib/thumb/v6-m/nofp\libg.a(lib_a-freer.o)
                0x1000aa34                _free_r
 .text._fwalk   0x1000abf8       0x40 c:/progra~2/gnuarm~1/102021~1.10/bin/../lib/gcc/arm-none-eabi/10.3.1/../../../../arm-none-eabi/lib/thumb/v6-m/nofp\libg.a(lib_a-fwalk.o)
                0x1000abf8                _fwalk
 .text._fwalk_reent
                0x1000ac38       0x48 c:/progra~2/gnuarm~1/102021~1.10/bin/../lib/gcc/arm-none-eabi/10.3.1/../../../../arm-none-eabi/lib/thumb/v6-m/nofp\libg.a(lib_a-fwalk.o)
                0x1000ac38                _fwalk_reent
 .text.iswspace
                0x1000ac80        0xc c:/progra~2/gnuarm~1/102021~1.10/bin/../lib/gcc/arm-none-eabi/10.3.1/../../../../arm-none-eabi/lib/thumb/v6-m/nofp\libg.a(lib_a-iswspace.o)
                0x1000ac80                iswspace
 .text.iswspace_l
                0x1000ac8c       0x18 c:/progra~2/gnuarm~1/102021~1.10/bin/../lib/gcc/arm-none-eabi/10.3.1/../../../../arm-none-eabi/lib/thumb/v6-m/nofp\libg.a(lib_a-iswspace_l.o)
                0x1000ac8c                iswspace_l
 .text.__locale_mb_cur_max
                0x1000aca4       0x10 c:/progra~2/gnuarm~1/102021~1.10/bin/../lib/gcc/arm-none-eabi/10.3.1/../../../../arm-none-eabi/lib/thumb/v6-m/nofp\libg.a(lib_a-locale.o)
                0x1000aca4                __locale_mb_cur_max
 .text._localeconv_r
                0x1000acb4        0x8 c:/progra~2/gnuarm~1/102021~1.10/bin/../lib/gcc/arm-none-eabi/10.3.1/../../../../arm-none-eabi/lib/thumb/v6-m/nofp\libg.a(lib_a-localeconv.o)
                0x1000acb4                _localeconv_r
 .text.__retarget_lock_init_recursive
                0x1000acbc        0x4 c:/progra~2/gnuarm~1/102021~1.10/bin/../lib/gcc/arm-none-eabi/10.3.1/../../../../arm-none-eabi/lib/thumb/v6-m/nofp\libg.a(lib_a-lock.o)
                0x1000acbc                __retarget_lock_init_recursive
 .text.__retarget_lock_close_recursive
                0x1000acc0        0x4 c:/progra~2/gnuarm~1/102021~1.10/bin/../lib/gcc/arm-none-eabi/10.3.1/../../../../arm-none-eabi/lib/thumb/v6-m/nofp\libg.a(lib_a-lock.o)
                0x1000acc0                __retarget_lock_close_recursive
 .text.__retarget_lock_acquire_recursive
                0x1000acc4        0x4 c:/progra~2/gnuarm~1/102021~1.10/bin/../lib/gcc/arm-none-eabi/10.3.1/../../../../arm-none-eabi/lib/thumb/v6-m/nofp\libg.a(lib_a-lock.o)
                0x1000acc4                __retarget_lock_acquire_recursive
 .text.__retarget_lock_release_recursive
                0x1000acc8        0x4 c:/progra~2/gnuarm~1/102021~1.10/bin/../lib/gcc/arm-none-eabi/10.3.1/../../../../arm-none-eabi/lib/thumb/v6-m/nofp\libg.a(lib_a-lock.o)
                0x1000acc8                __retarget_lock_release_recursive
 .text._mbrtowc_r
                0x1000accc       0x4c c:/progra~2/gnuarm~1/102021~1.10/bin/../lib/gcc/arm-none-eabi/10.3.1/../../../../arm-none-eabi/lib/thumb/v6-m/nofp\libg.a(lib_a-mbrtowc.o)
                0x1000accc                _mbrtowc_r
 .text.__ascii_mbtowc
                0x1000ad18       0x2c c:/progra~2/gnuarm~1/102021~1.10/bin/../lib/gcc/arm-none-eabi/10.3.1/../../../../arm-none-eabi/lib/thumb/v6-m/nofp\libg.a(lib_a-mbtowc_r.o)
                0x1000ad18                __ascii_mbtowc
 .text.memmove  0x1000ad44       0xac c:/progra~2/gnuarm~1/102021~1.10/bin/../lib/gcc/arm-none-eabi/10.3.1/../../../../arm-none-eabi/lib/thumb/v6-m/nofp\libg.a(lib_a-memmove.o)
                0x1000ad44                memmove
 .text.lflush   0x1000adf0       0x1c c:/progra~2/gnuarm~1/102021~1.10/bin/../lib/gcc/arm-none-eabi/10.3.1/../../../../arm-none-eabi/lib/thumb/v6-m/nofp\libg.a(lib_a-refill.o)
 .text.__srefill_r
                0x1000ae0c      0x124 c:/progra~2/gnuarm~1/102021~1.10/bin/../lib/gcc/arm-none-eabi/10.3.1/../../../../arm-none-eabi/lib/thumb/v6-m/nofp\libg.a(lib_a-refill.o)
                0x1000ae0c                __srefill_r
 .text.__sccl   0x1000af30       0x80 c:/progra~2/gnuarm~1/102021~1.10/bin/../lib/gcc/arm-none-eabi/10.3.1/../../../../arm-none-eabi/lib/thumb/v6-m/nofp\libg.a(lib_a-sccl.o)
                0x1000af30                __sccl
 .text.nanf     0x1000afb0        0x8 c:/progra~2/gnuarm~1/102021~1.10/bin/../lib/gcc/arm-none-eabi/10.3.1/../../../../arm-none-eabi/lib/thumb/v6-m/nofp\libg.a(lib_a-sf_nan.o)
                0x1000afb0                nanf
 .text.__sread  0x1000afb8       0x28 c:/progra~2/gnuarm~1/102021~1.10/bin/../lib/gcc/arm-none-eabi/10.3.1/../../../../arm-none-eabi/lib/thumb/v6-m/nofp\libg.a(lib_a-stdio.o)
                0x1000afb8                __sread
 .text.__swrite
                0x1000afe0       0x40 c:/progra~2/gnuarm~1/102021~1.10/bin/../lib/gcc/arm-none-eabi/10.3.1/../../../../arm-none-eabi/lib/thumb/v6-m/nofp\libg.a(lib_a-stdio.o)
                0x1000afe0                __swrite
 .text.__sseek  0x1000b020       0x2c c:/progra~2/gnuarm~1/102021~1.10/bin/../lib/gcc/arm-none-eabi/10.3.1/../../../../arm-none-eabi/lib/thumb/v6-m/nofp\libg.a(lib_a-stdio.o)
                0x1000b020                __sseek
 .text.__sclose
                0x1000b04c        0xc c:/progra~2/gnuarm~1/102021~1.10/bin/../lib/gcc/arm-none-eabi/10.3.1/../../../../arm-none-eabi/lib/thumb/v6-m/nofp\libg.a(lib_a-stdio.o)
                0x1000b04c                __sclose
 .text._strtod_l
                0x1000b058      0xf78 c:/progra~2/gnuarm~1/102021~1.10/bin/../lib/gcc/arm-none-eabi/10.3.1/../../../../arm-none-eabi/lib/thumb/v6-m/nofp\libg.a(lib_a-strtod.o)
                0x1000b058                _strtod_l
 .text._strtod_r
                0x1000bfd0       0x10 c:/progra~2/gnuarm~1/102021~1.10/bin/../lib/gcc/arm-none-eabi/10.3.1/../../../../arm-none-eabi/lib/thumb/v6-m/nofp\libg.a(lib_a-strtod.o)
                0x1000bfd0                _strtod_r
 .text._strtoll_l.constprop.0
                0x1000bfe0      0x198 c:/progra~2/gnuarm~1/102021~1.10/bin/../lib/gcc/arm-none-eabi/10.3.1/../../../../arm-none-eabi/lib/thumb/v6-m/nofp\libg.a(lib_a-strtoll.o)
 .text._strtoll_r
                0x1000c178        0x8 c:/progra~2/gnuarm~1/102021~1.10/bin/../lib/gcc/arm-none-eabi/10.3.1/../../../../arm-none-eabi/lib/thumb/v6-m/nofp\libg.a(lib_a-strtoll.o)
                0x1000c178                _strtoll_r
 .text._strtoul_l.constprop.0
                0x1000c180      0x148 c:/progra~2/gnuarm~1/102021~1.10/bin/../lib/gcc/arm-none-eabi/10.3.1/../../../../arm-none-eabi/lib/thumb/v6-m/nofp\libg.a(lib_a-strtoul.o)
 .text._strtoul_r
                0x1000c2c8        0x8 c:/progra~2/gnuarm~1/102021~1.10/bin/../lib/gcc/arm-none-eabi/10.3.1/../../../../arm-none-eabi/lib/thumb/v6-m/nofp\libg.a(lib_a-strtoul.o)
                0x1000c2c8                _strtoul_r
 .text._strtoull_l.constprop.0
                0x1000c2d0      0x1bc c:/progra~2/gnuarm~1/102021~1.10/bin/../lib/gcc/arm-none-eabi/10.3.1/../../../../arm-none-eabi/lib/thumb/v6-m/nofp\libg.a(lib_a-strtoull.o)
 .text._strtoull_r
                0x1000c48c        0x8 c:/progra~2/gnuarm~1/102021~1.10/bin/../lib/gcc/arm-none-eabi/10.3.1/../../../../arm-none-eabi/lib/thumb/v6-m/nofp\libg.a(lib_a-strtoull.o)
                0x1000c48c                _strtoull_r
 .text.__submore
                0x1000c494       0x84 c:/progra~2/gnuarm~1/102021~1.10/bin/../lib/gcc/arm-none-eabi/10.3.1/../../../../arm-none-eabi/lib/thumb/v6-m/nofp\libg.a(lib_a-ungetc.o)
                0x1000c494                __submore
 .text._ungetc_r
                0x1000c518      0x138 c:/progra~2/gnuarm~1/102021~1.10/bin/../lib/gcc/arm-none-eabi/10.3.1/../../../../arm-none-eabi/lib/thumb/v6-m/nofp\libg.a(lib_a-ungetc.o)
                0x1000c518                _ungetc_r
 .text.__ascii_wctomb
                0x1000c650       0x1c c:/progra~2/gnuarm~1/102021~1.10/bin/../lib/gcc/arm-none-eabi/10.3.1/../../../../arm-none-eabi/lib/thumb/v6-m/nofp\libg.a(lib_a-wctomb_r.o)
                0x1000c650                __ascii_wctomb
 .text._write_r
                0x1000c66c       0x28 c:/progra~2/gnuarm~1/102021~1.10/bin/../lib/gcc/arm-none-eabi/10.3.1/../../../../arm-none-eabi/lib/thumb/v6-m/nofp\libg.a(lib_a-writer.o)
                0x1000c66c                _write_r
 .text._close_r
                0x1000c694       0x24 c:/progra~2/gnuarm~1/102021~1.10/bin/../lib/gcc/arm-none-eabi/10.3.1/../../../../arm-none-eabi/lib/thumb/v6-m/nofp\libg.a(lib_a-closer.o)
                0x1000c694                _close_r
 .text._fclose_r
                0x1000c6b8       0xdc c:/progra~2/gnuarm~1/102021~1.10/bin/../lib/gcc/arm-none-eabi/10.3.1/../../../../arm-none-eabi/lib/thumb/v6-m/nofp\libg.a(lib_a-fclose.o)
                0x1000c6b8                _fclose_r
 .text.__sflush_r
                0x1000c794      0x140 c:/progra~2/gnuarm~1/102021~1.10/bin/../lib/gcc/arm-none-eabi/10.3.1/../../../../arm-none-eabi/lib/thumb/v6-m/nofp\libg.a(lib_a-fflush.o)
                0x1000c794                __sflush_r
 .text._fflush_r
                0x1000c8d4       0x6c c:/progra~2/gnuarm~1/102021~1.10/bin/../lib/gcc/arm-none-eabi/10.3.1/../../../../arm-none-eabi/lib/thumb/v6-m/nofp\libg.a(lib_a-fflush.o)
                0x1000c8d4                _fflush_r
 .text.fflush   0x1000c940       0x78 c:/progra~2/gnuarm~1/102021~1.10/bin/../lib/gcc/arm-none-eabi/10.3.1/../../../../arm-none-eabi/lib/thumb/v6-m/nofp\libg.a(lib_a-fflush.o)
                0x1000c940                fflush
 .text.rshift   0x1000c9b8       0xa4 c:/progra~2/gnuarm~1/102021~1.10/bin/../lib/gcc/arm-none-eabi/10.3.1/../../../../arm-none-eabi/lib/thumb/v6-m/nofp\libg.a(lib_a-gdtoa-gethex.o)
 .text.__gethex
                0x1000ca5c      0x5cc c:/progra~2/gnuarm~1/102021~1.10/bin/../lib/gcc/arm-none-eabi/10.3.1/../../../../arm-none-eabi/lib/thumb/v6-m/nofp\libg.a(lib_a-gdtoa-gethex.o)
                0x1000ca5c                __gethex
 .text.__match  0x1000d028       0x2c c:/progra~2/gnuarm~1/102021~1.10/bin/../lib/gcc/arm-none-eabi/10.3.1/../../../../arm-none-eabi/lib/thumb/v6-m/nofp\libg.a(lib_a-gdtoa-hexnan.o)
                0x1000d028                __match
 .text.__hexnan
                0x1000d054      0x1d0 c:/progra~2/gnuarm~1/102021~1.10/bin/../lib/gcc/arm-none-eabi/10.3.1/../../../../arm-none-eabi/lib/thumb/v6-m/nofp\libg.a(lib_a-gdtoa-hexnan.o)
                0x1000d054                __hexnan
 .text._lseek_r
                0x1000d224       0x28 c:/progra~2/gnuarm~1/102021~1.10/bin/../lib/gcc/arm-none-eabi/10.3.1/../../../../arm-none-eabi/lib/thumb/v6-m/nofp\libg.a(lib_a-lseekr.o)
                0x1000d224                _lseek_r
 .text.__smakebuf_r
                0x1000d24c       0xe4 c:/progra~2/gnuarm~1/102021~1.10/bin/../lib/gcc/arm-none-eabi/10.3.1/../../../../arm-none-eabi/lib/thumb/v6-m/nofp\libg.a(lib_a-makebuf.o)
                0x1000d24c                __smakebuf_r
 .text._Balloc  0x1000d330       0x50 c:/progra~2/gnuarm~1/102021~1.10/bin/../lib/gcc/arm-none-eabi/10.3.1/../../../../arm-none-eabi/lib/thumb/v6-m/nofp\libg.a(lib_a-mprec.o)
                0x1000d330                _Balloc
 .text._Bfree   0x1000d380       0x14 c:/progra~2/gnuarm~1/102021~1.10/bin/../lib/gcc/arm-none-eabi/10.3.1/../../../../arm-none-eabi/lib/thumb/v6-m/nofp\libg.a(lib_a-mprec.o)
                0x1000d380                _Bfree
 .text.__multadd
                0x1000d394       0xa8 c:/progra~2/gnuarm~1/102021~1.10/bin/../lib/gcc/arm-none-eabi/10.3.1/../../../../arm-none-eabi/lib/thumb/v6-m/nofp\libg.a(lib_a-mprec.o)
                0x1000d394                __multadd
 .text.__s2b    0x1000d43c       0xb0 c:/progra~2/gnuarm~1/102021~1.10/bin/../lib/gcc/arm-none-eabi/10.3.1/../../../../arm-none-eabi/lib/thumb/v6-m/nofp\libg.a(lib_a-mprec.o)
                0x1000d43c                __s2b
 .text.__hi0bits
                0x1000d4ec       0x38 c:/progra~2/gnuarm~1/102021~1.10/bin/../lib/gcc/arm-none-eabi/10.3.1/../../../../arm-none-eabi/lib/thumb/v6-m/nofp\libg.a(lib_a-mprec.o)
                0x1000d4ec                __hi0bits
 .text.__lo0bits
                0x1000d524       0x5c c:/progra~2/gnuarm~1/102021~1.10/bin/../lib/gcc/arm-none-eabi/10.3.1/../../../../arm-none-eabi/lib/thumb/v6-m/nofp\libg.a(lib_a-mprec.o)
                0x1000d524                __lo0bits
 .text.__i2b    0x1000d580       0x60 c:/progra~2/gnuarm~1/102021~1.10/bin/../lib/gcc/arm-none-eabi/10.3.1/../../../../arm-none-eabi/lib/thumb/v6-m/nofp\libg.a(lib_a-mprec.o)
                0x1000d580                __i2b
 .text.__multiply
                0x1000d5e0      0x1a4 c:/progra~2/gnuarm~1/102021~1.10/bin/../lib/gcc/arm-none-eabi/10.3.1/../../../../arm-none-eabi/lib/thumb/v6-m/nofp\libg.a(lib_a-mprec.o)
                0x1000d5e0                __multiply
 .text.__pow5mult
                0x1000d784       0xd8 c:/progra~2/gnuarm~1/102021~1.10/bin/../lib/gcc/arm-none-eabi/10.3.1/../../../../arm-none-eabi/lib/thumb/v6-m/nofp\libg.a(lib_a-mprec.o)
                0x1000d784                __pow5mult
 .text.__lshift
                0x1000d85c       0xfc c:/progra~2/gnuarm~1/102021~1.10/bin/../lib/gcc/arm-none-eabi/10.3.1/../../../../arm-none-eabi/lib/thumb/v6-m/nofp\libg.a(lib_a-mprec.o)
                0x1000d85c                __lshift
 .text.__mcmp   0x1000d958       0x34 c:/progra~2/gnuarm~1/102021~1.10/bin/../lib/gcc/arm-none-eabi/10.3.1/../../../../arm-none-eabi/lib/thumb/v6-m/nofp\libg.a(lib_a-mprec.o)
                0x1000d958                __mcmp
 .text.__mdiff  0x1000d98c      0x18c c:/progra~2/gnuarm~1/102021~1.10/bin/../lib/gcc/arm-none-eabi/10.3.1/../../../../arm-none-eabi/lib/thumb/v6-m/nofp\libg.a(lib_a-mprec.o)
                0x1000d98c                __mdiff
 .text.__ulp    0x1000db18       0x48 c:/progra~2/gnuarm~1/102021~1.10/bin/../lib/gcc/arm-none-eabi/10.3.1/../../../../arm-none-eabi/lib/thumb/v6-m/nofp\libg.a(lib_a-mprec.o)
                0x1000db18                __ulp
 .text.__b2d    0x1000db60       0xc8 c:/progra~2/gnuarm~1/102021~1.10/bin/../lib/gcc/arm-none-eabi/10.3.1/../../../../arm-none-eabi/lib/thumb/v6-m/nofp\libg.a(lib_a-mprec.o)
                0x1000db60                __b2d
 .text.__d2b    0x1000dc28       0xd8 c:/progra~2/gnuarm~1/102021~1.10/bin/../lib/gcc/arm-none-eabi/10.3.1/../../../../arm-none-eabi/lib/thumb/v6-m/nofp\libg.a(lib_a-mprec.o)
                0x1000dc28                __d2b
 .text.__ratio  0x1000dd00       0x68 c:/progra~2/gnuarm~1/102021~1.10/bin/../lib/gcc/arm-none-eabi/10.3.1/../../../../arm-none-eabi/lib/thumb/v6-m/nofp\libg.a(lib_a-mprec.o)
                0x1000dd00                __ratio
 .text.__copybits
                0x1000dd68       0x40 c:/progra~2/gnuarm~1/102021~1.10/bin/../lib/gcc/arm-none-eabi/10.3.1/../../../../arm-none-eabi/lib/thumb/v6-m/nofp\libg.a(lib_a-mprec.o)
                0x1000dd68                __copybits
 .text.__any_on
                0x1000dda8       0x50 c:/progra~2/gnuarm~1/102021~1.10/bin/../lib/gcc/arm-none-eabi/10.3.1/../../../../arm-none-eabi/lib/thumb/v6-m/nofp\libg.a(lib_a-mprec.o)
                0x1000dda8                __any_on
 .text._read_r  0x1000ddf8       0x28 c:/progra~2/gnuarm~1/102021~1.10/bin/../lib/gcc/arm-none-eabi/10.3.1/../../../../arm-none-eabi/lib/thumb/v6-m/nofp\libg.a(lib_a-readr.o)
                0x1000ddf8                _read_r
 .text.nan      0x1000de20        0xc c:/progra~2/gnuarm~1/102021~1.10/bin/../lib/gcc/arm-none-eabi/10.3.1/../../../../arm-none-eabi/lib/thumb/v6-m/nofp\libg.a(lib_a-s_nan.o)
                0x1000de20                nan
 .text.strncmp  0x1000de2c       0x74 c:/progra~2/gnuarm~1/102021~1.10/bin/../lib/gcc/arm-none-eabi/10.3.1/../../../../arm-none-eabi/lib/thumb/v6-m/nofp\libg.a(lib_a-strncmp.o)
                0x1000de2c                strncmp
 .text._fstat_r
                0x1000dea0       0x28 c:/progra~2/gnuarm~1/102021~1.10/bin/../lib/gcc/arm-none-eabi/10.3.1/../../../../arm-none-eabi/lib/thumb/v6-m/nofp\libg.a(lib_a-fstatr.o)
                0x1000dea0                _fstat_r
 .text._isatty_r
                0x1000dec8       0x24 c:/progra~2/gnuarm~1/102021~1.10/bin/../lib/gcc/arm-none-eabi/10.3.1/../../../../arm-none-eabi/lib/thumb/v6-m/nofp\libg.a(lib_a-isattyr.o)
                0x1000dec8                _isatty_r
 .text._close   0x1000deec       0x10 c:/progra~2/gnuarm~1/102021~1.10/bin/../lib/gcc/arm-none-eabi/10.3.1/../../../../arm-none-eabi/lib/thumb/v6-m/nofp\libnosys.a(close.o)
                0x1000deec                _close
 .text._fstat   0x1000defc       0x10 c:/progra~2/gnuarm~1/102021~1.10/bin/../lib/gcc/arm-none-eabi/10.3.1/../../../../arm-none-eabi/lib/thumb/v6-m/nofp\libnosys.a(fstat.o)
                0x1000defc                _fstat
 .text._isatty  0x1000df0c       0x10 c:/progra~2/gnuarm~1/102021~1.10/bin/../lib/gcc/arm-none-eabi/10.3.1/../../../../arm-none-eabi/lib/thumb/v6-m/nofp\libnosys.a(isatty.o)
                0x1000df0c                _isatty
 .text._lseek   0x1000df1c       0x10 c:/progra~2/gnuarm~1/102021~1.10/bin/../lib/gcc/arm-none-eabi/10.3.1/../../../../arm-none-eabi/lib/thumb/v6-m/nofp\libnosys.a(lseek.o)
                0x1000df1c                _lseek
 *(.fini)
 .fini          0x1000df2c        0x4 c:/progra~2/gnuarm~1/102021~1.10/bin/../lib/gcc/arm-none-eabi/10.3.1/thumb/v6-m/nofp/crti.o
                0x1000df2c                _fini
 .fini.__stub   0x1000df30       0x70 linker stubs
 *crtbegin.o(.ctors)
 *crtbegin?.o(.ctors)
 *(EXCLUDE_FILE(*crtend.o *crtend?.o) .ctors)
 *(SORT_BY_NAME(.ctors.*))
 *(.ctors)
 *crtbegin.o(.dtors)
 *crtbegin?.o(.dtors)
 *(EXCLUDE_FILE(*crtend.o *crtend?.o) .dtors)
 *(SORT_BY_NAME(.dtors.*))
 *(.dtors)
 *(.eh_frame*)
 .eh_frame      0x1000dfa0        0x0 c:/progra~2/gnuarm~1/102021~1.10/bin/../lib/gcc/arm-none-eabi/10.3.1/thumb/v6-m/nofp/crtbegin.o
                0x1000dfa0                . = ALIGN (0x4)

.glue_7         0x1000dfa0        0x0
 .glue_7        0x1000dfa0        0x0 linker stubs

.glue_7t        0x1000dfa0        0x0
 .glue_7t       0x1000dfa0        0x0 linker stubs

.vfp11_veneer   0x1000dfa0        0x0
 .vfp11_veneer  0x1000dfa0        0x0 linker stubs

.v4_bx          0x1000dfa0        0x0
 .v4_bx         0x1000dfa0        0x0 linker stubs

.iplt           0x1000dfa0        0x0
 .iplt          0x1000dfa0        0x0 c:/progra~2/gnuarm~1/102021~1.10/bin/../lib/gcc/arm-none-eabi/10.3.1/thumb/v6-m/nofp/crtbegin.o

.rodata         0x1000dfa0     0x2764
 *(EXCLUDE_FILE(*libm.a: *libc.a:*lib_a-mem*.o *libgcc.a:) .rodata*)
 .rodata.main.str1.4
                0x1000dfa0       0x86 CMakeFiles/pio-bdm.dir/main.c.obj
 *fill*         0x1000e026        0x2 
 .rodata.is_input_data_valid.str1.4
                0x1000e028        0xe CMakeFiles/pio-bdm.dir/functions.c.obj
 *fill*         0x1000e036        0x2 
 .rodata.is_command_valid
                0x1000e038      0x284 CMakeFiles/pio-bdm.dir/functions.c.obj
 .rodata.is_delay_present
                0x1000e2bc      0x2f0 CMakeFiles/pio-bdm.dir/functions.c.obj
 .rodata.get_string.str1.4
                0x1000e5ac        0x3 CMakeFiles/pio-bdm.dir/functions.c.obj
 *fill*         0x1000e5af        0x1 
 .rodata.measure_freqs.str1.4
                0x1000e5b0       0x9e CMakeFiles/pio-bdm.dir/pio_functions.c.obj
 *fill*         0x1000e64e        0x2 
 .rodata.start_usb_connection.str1.4
                0x1000e650       0x1d CMakeFiles/pio-bdm.dir/pio_functions.c.obj
 *fill*         0x1000e66d        0x3 
 .rodata.delay.str1.4
                0x1000e670        0x6 CMakeFiles/pio-bdm.dir/pio_functions.c.obj
 *fill*         0x1000e676        0x2 
 .rodata.bdm_delay_program
                0x1000e678        0x6 CMakeFiles/pio-bdm.dir/pio_functions.c.obj
 *fill*         0x1000e67e        0x2 
 .rodata.bdm_delay_program_instructions
                0x1000e680        0xa CMakeFiles/pio-bdm.dir/pio_functions.c.obj
 *fill*         0x1000e68a        0x2 
 .rodata.bdm_out_program
                0x1000e68c        0x6 CMakeFiles/pio-bdm.dir/pio_functions.c.obj
 *fill*         0x1000e692        0x2 
 .rodata.bdm_out_program_instructions
                0x1000e694       0x14 CMakeFiles/pio-bdm.dir/pio_functions.c.obj
 .rodata.spin_lock_claim_unused.str1.4
                0x1000e6a8       0x1b CMakeFiles/pio-bdm.dir/C_/Pico/pico-sdk/src/rp2_common/hardware_sync/sync.c.obj
 *fill*         0x1000e6c3        0x1 
 .rodata.make_branch.str1.4
                0x1000e6c4       0x63 CMakeFiles/pio-bdm.dir/C_/Pico/pico-sdk/src/rp2_common/hardware_irq/irq.c.obj
 *fill*         0x1000e727        0x1 
 .rodata.insert_branch_and_link.str1.4
                0x1000e728       0x10 CMakeFiles/pio-bdm.dir/C_/Pico/pico-sdk/src/rp2_common/hardware_irq/irq.c.obj
 .rodata.irq_set_exclusive_handler.str1.4
                0x1000e738       0x36 CMakeFiles/pio-bdm.dir/C_/Pico/pico-sdk/src/rp2_common/hardware_irq/irq.c.obj
 *fill*         0x1000e76e        0x2 
 .rodata.irq_add_shared_handler.str1.4
                0x1000e770       0xd9 CMakeFiles/pio-bdm.dir/C_/Pico/pico-sdk/src/rp2_common/hardware_irq/irq.c.obj
 *fill*         0x1000e849        0x3 
 .rodata.irq_remove_handler.str1.4
                0x1000e84c       0x2a CMakeFiles/pio-bdm.dir/C_/Pico/pico-sdk/src/rp2_common/hardware_irq/irq.c.obj
 *fill*         0x1000e876        0x2 
 .rodata.irq_add_tail_to_free_list.str1.4
                0x1000e878       0x32 CMakeFiles/pio-bdm.dir/C_/Pico/pico-sdk/src/rp2_common/hardware_irq/irq.c.obj
                                 0x3a (size before relaxing)
 *fill*         0x1000e8aa        0x2 
 .rodata.user_irq_claim_unused.str1.4
                0x1000e8ac       0x1b CMakeFiles/pio-bdm.dir/C_/Pico/pico-sdk/src/rp2_common/hardware_irq/irq.c.obj
 *fill*         0x1000e8c7        0x1 
 .rodata.__func__.0
                0x1000e8c8       0x1a CMakeFiles/pio-bdm.dir/C_/Pico/pico-sdk/src/rp2_common/hardware_irq/irq.c.obj
 *fill*         0x1000e8e2        0x2 
 .rodata.__func__.1
                0x1000e8e4       0x17 CMakeFiles/pio-bdm.dir/C_/Pico/pico-sdk/src/rp2_common/hardware_irq/irq.c.obj
 *fill*         0x1000e8fb        0x1 
 .rodata.__func__.2
                0x1000e8fc       0x13 CMakeFiles/pio-bdm.dir/C_/Pico/pico-sdk/src/rp2_common/hardware_irq/irq.c.obj
 *fill*         0x1000e90f        0x1 
 .rodata.__func__.3
                0x1000e910        0xc CMakeFiles/pio-bdm.dir/C_/Pico/pico-sdk/src/rp2_common/hardware_irq/irq.c.obj
 .rodata.__func__.4
                0x1000e91c        0xf CMakeFiles/pio-bdm.dir/C_/Pico/pico-sdk/src/rp2_common/hardware_irq/irq.c.obj
 *fill*         0x1000e92b        0x1 
 .rodata.__func__.5
                0x1000e92c       0x17 CMakeFiles/pio-bdm.dir/C_/Pico/pico-sdk/src/rp2_common/hardware_irq/irq.c.obj
 *fill*         0x1000e943        0x1 
 .rodata.__func__.6
                0x1000e944       0x1a CMakeFiles/pio-bdm.dir/C_/Pico/pico-sdk/src/rp2_common/hardware_irq/irq.c.obj
 *fill*         0x1000e95e        0x2 
 .rodata.repeating_timer_callback.str1.4
                0x1000e960       0x41 CMakeFiles/pio-bdm.dir/C_/Pico/pico-sdk/src/common/pico_time/time.c.obj
 *fill*         0x1000e9a1        0x3 
 .rodata.alarm_pool_dump_key.str1.4
                0x1000e9a4       0x33 CMakeFiles/pio-bdm.dir/C_/Pico/pico-sdk/src/common/pico_time/time.c.obj
 *fill*         0x1000e9d7        0x1 
 .rodata.ph_add_child_node.str1.4
                0x1000e9d8       0x8a CMakeFiles/pio-bdm.dir/C_/Pico/pico-sdk/src/common/pico_time/time.c.obj
 *fill*         0x1000ea62        0x2 
 .rodata.add_alarm_under_lock.str1.4
                0x1000ea64       0x28 CMakeFiles/pio-bdm.dir/C_/Pico/pico-sdk/src/common/pico_time/time.c.obj
                                 0x2b (size before relaxing)
 .rodata.alarm_pool_alarm_callback.str1.4
                0x1000ea8c       0xda CMakeFiles/pio-bdm.dir/C_/Pico/pico-sdk/src/common/pico_time/time.c.obj
 *fill*         0x1000eb66        0x2 
 .rodata.alarm_pool_get_default.str1.4
                0x1000eb68       0x21 CMakeFiles/pio-bdm.dir/C_/Pico/pico-sdk/src/common/pico_time/time.c.obj
 *fill*         0x1000eb89        0x3 
 .rodata.alarm_pool_cancel_alarm.str1.4
                0x1000eb8c       0x27 CMakeFiles/pio-bdm.dir/C_/Pico/pico-sdk/src/common/pico_time/time.c.obj
 *fill*         0x1000ebb3        0x1 
 .rodata.sleep_until.str1.4
                0x1000ebb4       0x4d CMakeFiles/pio-bdm.dir/C_/Pico/pico-sdk/src/common/pico_time/time.c.obj
 *fill*         0x1000ec01        0x3 
 .rodata.__func__.1
                0x1000ec04       0x18 CMakeFiles/pio-bdm.dir/C_/Pico/pico-sdk/src/common/pico_time/time.c.obj
 .rodata.__func__.10
                0x1000ec1c       0x15 CMakeFiles/pio-bdm.dir/C_/Pico/pico-sdk/src/common/pico_time/time.c.obj
 *fill*         0x1000ec31        0x3 
 .rodata.__func__.11
                0x1000ec34       0x1a CMakeFiles/pio-bdm.dir/C_/Pico/pico-sdk/src/common/pico_time/time.c.obj
 *fill*         0x1000ec4e        0x2 
 .rodata.__func__.12
                0x1000ec50        0xa CMakeFiles/pio-bdm.dir/C_/Pico/pico-sdk/src/common/pico_time/time.c.obj
 *fill*         0x1000ec5a        0x2 
 .rodata.__func__.3
                0x1000ec5c       0x17 CMakeFiles/pio-bdm.dir/C_/Pico/pico-sdk/src/common/pico_time/time.c.obj
 *fill*         0x1000ec73        0x1 
 .rodata.__func__.4
                0x1000ec74       0x12 CMakeFiles/pio-bdm.dir/C_/Pico/pico-sdk/src/common/pico_time/time.c.obj
 *fill*         0x1000ec86        0x2 
 .rodata.__func__.5