Archive member included to satisfy reference by file (symbol)

c:/progra~2/gnuarm~1/102021~1.10/bin/../lib/gcc/arm-none-eabi/10.3.1/thumb/v6-m/nofp\libgcc.a(_dvmd_tls.o)
                              CMakeFiles/pio-bdm.dir/C_/Pico/pico-sdk/src/rp2_common/pico_divider/divider.S.obj (__aeabi_idiv0)
c:/progra~2/gnuarm~1/102021~1.10/bin/../lib/gcc/arm-none-eabi/10.3.1/../../../../arm-none-eabi/lib/thumb/v6-m/nofp\libg.a(lib_a-calloc.o)
                              CMakeFiles/pio-bdm.dir/C_/Pico/pico-sdk/src/rp2_common/pico_malloc/pico_malloc.c.obj (calloc)
c:/progra~2/gnuarm~1/102021~1.10/bin/../lib/gcc/arm-none-eabi/10.3.1/../../../../arm-none-eabi/lib/thumb/v6-m/nofp\libg.a(lib_a-callocr.o)
                              c:/progra~2/gnuarm~1/102021~1.10/bin/../lib/gcc/arm-none-eabi/10.3.1/../../../../arm-none-eabi/lib/thumb/v6-m/nofp\libg.a(lib_a-calloc.o) (_calloc_r)
c:/progra~2/gnuarm~1/102021~1.10/bin/../lib/gcc/arm-none-eabi/10.3.1/../../../../arm-none-eabi/lib/thumb/v6-m/nofp\libg.a(lib_a-ctype_.o)
                              CMakeFiles/pio-bdm.dir/C_/Pico/pico-sdk/lib/tinyusb/src/tusb.c.obj (_ctype_)
c:/progra~2/gnuarm~1/102021~1.10/bin/../lib/gcc/arm-none-eabi/10.3.1/../../../../arm-none-eabi/lib/thumb/v6-m/nofp\libg.a(lib_a-errno.o)
                              c:/progra~2/gnuarm~1/102021~1.10/bin/../lib/gcc/arm-none-eabi/10.3.1/../../../../arm-none-eabi/lib/thumb/v6-m/nofp\libg.a(lib_a-callocr.o) (__errno)
c:/progra~2/gnuarm~1/102021~1.10/bin/../lib/gcc/arm-none-eabi/10.3.1/../../../../arm-none-eabi/lib/thumb/v6-m/nofp\libg.a(lib_a-impure.o)
                              c:/progra~2/gnuarm~1/102021~1.10/bin/../lib/gcc/arm-none-eabi/10.3.1/../../../../arm-none-eabi/lib/thumb/v6-m/nofp\libg.a(lib_a-calloc.o) (_impure_ptr)
c:/progra~2/gnuarm~1/102021~1.10/bin/../lib/gcc/arm-none-eabi/10.3.1/../../../../arm-none-eabi/lib/thumb/v6-m/nofp\libg.a(lib_a-init.o)
                              c:/progra~2/gnuarm~1/102021~1.10/bin/../lib/gcc/arm-none-eabi/10.3.1/../../../../arm-none-eabi/lib/thumb/v6-m/nofp/crt0.o (__libc_init_array)
c:/progra~2/gnuarm~1/102021~1.10/bin/../lib/gcc/arm-none-eabi/10.3.1/../../../../arm-none-eabi/lib/thumb/v6-m/nofp\libg.a(lib_a-malloc.o)
                              CMakeFiles/pio-bdm.dir/C_/Pico/pico-sdk/src/rp2_common/pico_malloc/pico_malloc.c.obj (malloc)
c:/progra~2/gnuarm~1/102021~1.10/bin/../lib/gcc/arm-none-eabi/10.3.1/../../../../arm-none-eabi/lib/thumb/v6-m/nofp\libg.a(lib_a-mallocr.o)
                              c:/progra~2/gnuarm~1/102021~1.10/bin/../lib/gcc/arm-none-eabi/10.3.1/../../../../arm-none-eabi/lib/thumb/v6-m/nofp\libg.a(lib_a-callocr.o) (_malloc_r)
c:/progra~2/gnuarm~1/102021~1.10/bin/../lib/gcc/arm-none-eabi/10.3.1/../../../../arm-none-eabi/lib/thumb/v6-m/nofp\libg.a(lib_a-mlock.o)
                              c:/progra~2/gnuarm~1/102021~1.10/bin/../lib/gcc/arm-none-eabi/10.3.1/../../../../arm-none-eabi/lib/thumb/v6-m/nofp\libg.a(lib_a-mallocr.o) (__malloc_lock)
c:/progra~2/gnuarm~1/102021~1.10/bin/../lib/gcc/arm-none-eabi/10.3.1/../../../../arm-none-eabi/lib/thumb/v6-m/nofp\libg.a(lib_a-realloc.o)
                              CMakeFiles/pio-bdm.dir/C_/Pico/pico-sdk/src/rp2_common/pico_malloc/pico_malloc.c.obj (realloc)
c:/progra~2/gnuarm~1/102021~1.10/bin/../lib/gcc/arm-none-eabi/10.3.1/../../../../arm-none-eabi/lib/thumb/v6-m/nofp\libg.a(lib_a-reallocr.o)
                              c:/progra~2/gnuarm~1/102021~1.10/bin/../lib/gcc/arm-none-eabi/10.3.1/../../../../arm-none-eabi/lib/thumb/v6-m/nofp\libg.a(lib_a-realloc.o) (_realloc_r)
c:/progra~2/gnuarm~1/102021~1.10/bin/../lib/gcc/arm-none-eabi/10.3.1/../../../../arm-none-eabi/lib/thumb/v6-m/nofp\libg.a(lib_a-sbrkr.o)
                              c:/progra~2/gnuarm~1/102021~1.10/bin/../lib/gcc/arm-none-eabi/10.3.1/../../../../arm-none-eabi/lib/thumb/v6-m/nofp\libg.a(lib_a-mallocr.o) (_sbrk_r)
c:/progra~2/gnuarm~1/102021~1.10/bin/../lib/gcc/arm-none-eabi/10.3.1/../../../../arm-none-eabi/lib/thumb/v6-m/nofp\libg.a(lib_a-scanf.o)
                              CMakeFiles/pio-bdm.dir/functions.c.obj (scanf)
c:/progra~2/gnuarm~1/102021~1.10/bin/../lib/gcc/arm-none-eabi/10.3.1/../../../../arm-none-eabi/lib/thumb/v6-m/nofp\libg.a(lib_a-strcmp.o)
                              CMakeFiles/pio-bdm.dir/functions.c.obj (strcmp)
c:/progra~2/gnuarm~1/102021~1.10/bin/../lib/gcc/arm-none-eabi/10.3.1/../../../../arm-none-eabi/lib/thumb/v6-m/nofp\libg.a(lib_a-strlen-stub.o)
                              CMakeFiles/pio-bdm.dir/main.c.obj (strlen)
c:/progra~2/gnuarm~1/102021~1.10/bin/../lib/gcc/arm-none-eabi/10.3.1/../../../../arm-none-eabi/lib/thumb/v6-m/nofp\libg.a(lib_a-strtok_r.o)
                              CMakeFiles/pio-bdm.dir/main.c.obj (strtok_r)
c:/progra~2/gnuarm~1/102021~1.10/bin/../lib/gcc/arm-none-eabi/10.3.1/../../../../arm-none-eabi/lib/thumb/v6-m/nofp\libg.a(lib_a-strtol.o)
                              CMakeFiles/pio-bdm.dir/functions.c.obj (strtol)
[...]
Memory Configuration

Name             Origin             Length             Attributes
FLASH            0x10000000         0x00200000         xr
RAM              0x20000000         0x00040000         xrw
SCRATCH_X        0x20040000         0x00001000         xrw
SCRATCH_Y        0x20041000         0x00001000         xrw
*default*        0x00000000         0xffffffff

Linker script and memory map

LOAD c:/progra~2/gnuarm~1/102021~1.10/bin/../lib/gcc/arm-none-eabi/10.3.1/thumb/v6-m/nofp/crti.o
LOAD c:/progra~2/gnuarm~1/102021~1.10/bin/../lib/gcc/arm-none-eabi/10.3.1/thumb/v6-m/nofp/crtbegin.o
LOAD c:/progra~2/gnuarm~1/102021~1.10/bin/../lib/gcc/arm-none-eabi/10.3.1/../../../../arm-none-eabi/lib/thumb/v6-m/nofp/crt0.o

.flash_begin    0x10000000        0x0
                0x10000000                __flash_binary_start = .

.boot2          0x10000000      0x100
                0x10000000                __boot2_start__ = .
 *(.boot2)
 .boot2         0x10000000      0x100 C:\Users\Lori\AppData\Local\Temp\ccqbqUoF.o
                0x10000100                __boot2_end__ = .
                0x00000001                ASSERT (((__boot2_end__ - __boot2_start__) == 0x100), ERROR: Pico second stage bootloader must be 256 bytes in size)

.text           0x10000100     0xe3e0
                0x10000100                __logical_binary_start = .
 *(.vectors)
 .vectors       0x10000100       0xd4 CMakeFiles/pio-bdm.dir/C_/Pico/pico-sdk/src/rp2_common/pico_standard_link/crt0.S.obj
                0x10000100                __VECTOR_TABLE
                0x10000100                __vectors
                0x100001c0                isr_invalid
                0x100001c0                __default_isrs_start
                0x100001c2                isr_nmi
                0x100001c4                isr_hardfault
                0x100001c6                isr_svcall
                0x100001c8                isr_pendsv
                0x100001ca                isr_systick
                0x100001cc                isr_irq23
                0x100001cc                isr_irq18
                0x100001cc                isr_irq11
                0x100001cc                isr_irq28
                0x100001cc                isr_irq19
                0x100001cc                isr_irq0
                0x100001cc                isr_irq6
                0x100001cc                isr_irq5
                0x100001cc                isr_irq12
                0x100001cc                isr_irq22
                0x100001cc                isr_irq31
                0x100001cc                isr_irq17
                0x100001cc                isr_irq27
                0x100001cc                isr_irq30
                0x100001cc                isr_irq2
                0x100001cc                isr_irq10
                0x100001cc                isr_irq8
                0x100001cc                isr_irq24
                0x100001cc                isr_irq1
                0x100001cc                isr_irq7
                0x100001cc                isr_irq21
                0x100001cc                isr_irq20
                0x100001cc                isr_irq15
                0x100001cc                isr_irq25
                0x100001cc                isr_irq13
                0x100001cc                __unhandled_user_irq
                0x100001cc                isr_irq4
                0x100001cc                isr_irq16
                0x100001cc                isr_irq29
                0x100001cc                isr_irq26
                0x100001cc                __default_isrs_end
                0x100001cc                isr_irq3
                0x100001cc                isr_irq14
                0x100001cc                isr_irq9
                0x100001d2                unhandled_user_irq_num_in_r0
 *(.binary_info_header)
 .binary_info_header
                0x100001d4       0x14 CMakeFiles/pio-bdm.dir/C_/Pico/pico-sdk/src/rp2_common/pico_standard_link/crt0.S.obj
                0x100001e8                __binary_info_header_end = .
 *(.reset)
 .reset         0x100001e8       0xa8 CMakeFiles/pio-bdm.dir/C_/Pico/pico-sdk/src/rp2_common/pico_standard_link/crt0.S.obj
                0x100001e8                _entry_point
                0x10000266                __get_current_exception
 .reset         0x10000290       0x30 CMakeFiles/pio-bdm.dir/C_/Pico/pico-sdk/src/rp2_common/pico_standard_link/binary_info.c.obj
 *(.init)
 .init          0x100002c0        0x4 c:/progra~2/gnuarm~1/102021~1.10/bin/../lib/gcc/arm-none-eabi/10.3.1/thumb/v6-m/nofp/crti.o
                0x100002c0                _init
 *(EXCLUDE_FILE(*libm.a: *libc.a:*lib_a-mem*.o *libgcc.a:) .text*)
 .text          0x100002c4       0x48 c:/progra~2/gnuarm~1/102021~1.10/bin/../lib/gcc/arm-none-eabi/10.3.1/thumb/v6-m/nofp/crtbegin.o
 .text.main     0x1000030c      0x250 CMakeFiles/pio-bdm.dir/main.c.obj
                0x1000030c                main
 .text.is_input_data_valid
                0x1000055c       0x3c CMakeFiles/pio-bdm.dir/functions.c.obj
                0x1000055c                is_input_data_valid
 .text.is_output_data_valid
                0x10000598       0x3c CMakeFiles/pio-bdm.dir/functions.c.obj
                0x10000598                is_output_data_valid
 .text.convert_to_hex
                0x100005d4        0xc CMakeFiles/pio-bdm.dir/functions.c.obj
                0x100005d4                convert_to_hex
 .text.is_command_valid
                0x100005e0       0x58 CMakeFiles/pio-bdm.dir/functions.c.obj
                0x100005e0                is_command_valid
 .text.get_delay_position
                0x10000638       0x70 CMakeFiles/pio-bdm.dir/functions.c.obj
                0x10000638                get_delay_position
 .text.get_string
                0x100006a8       0x4c CMakeFiles/pio-bdm.dir/functions.c.obj
                0x100006a8                get_string
 .text.is_command_sync
                0x100006f4       0x14 CMakeFiles/pio-bdm.dir/functions.c.obj
                0x100006f4                is_command_sync
 .text.bdm_out_program_init
                0x10000708      0x170 CMakeFiles/pio-bdm.dir/pio_functions.c.obj
                0x10000708                bdm_out_program_init
 .text.bdm_in_program_init
                0x10000878      0x164 CMakeFiles/pio-bdm.dir/pio_functions.c.obj
                0x10000878                bdm_in_program_init
 .text.bdm_delay_program_init
                0x100009dc       0xd8 CMakeFiles/pio-bdm.dir/pio_functions.c.obj
                0x100009dc                bdm_delay_program_init
 .text.bdm_sync_program_init
                0x10000ab4      0x120 CMakeFiles/pio-bdm.dir/pio_functions.c.obj
                0x10000ab4                bdm_sync_program_init
 .text.measure_freqs
                0x10000bd4       0xb8 CMakeFiles/pio-bdm.dir/pio_functions.c.obj
                0x10000bd4                measure_freqs
 .text.get_pio_clk_div
                0x10000c8c       0x16 CMakeFiles/pio-bdm.dir/pio_functions.c.obj
                0x10000c8c                get_pio_clk_div
 *fill*         0x10000ca2        0x2 
 .text.start_usb_connection
                0x10000ca4       0x28 CMakeFiles/pio-bdm.dir/pio_functions.c.obj
                0x10000ca4                start_usb_connection
 .text.put_tx_fifo
                0x10000ccc       0x26 CMakeFiles/pio-bdm.dir/pio_functions.c.obj
                0x10000ccc                put_tx_fifo
 .text.wait_end_operation
                0x10000cf2       0x12 CMakeFiles/pio-bdm.dir/pio_functions.c.obj
                0x10000cf2                wait_end_operation
 .text.pio_init
                0x10000d04       0x38 CMakeFiles/pio-bdm.dir/pio_functions.c.obj
                0x10000d04                pio_init
 .text.pio_data_out
                0x10000d3c       0x5c CMakeFiles/pio-bdm.dir/pio_functions.c.obj
                0x10000d3c                pio_data_out
 .text.pio_data_in
                0x10000d98       0x64 CMakeFiles/pio-bdm.dir/pio_functions.c.obj
                0x10000d98                pio_data_in
 .text.delay    0x10000dfc       0x64 CMakeFiles/pio-bdm.dir/pio_functions.c.obj
                0x10000dfc                delay
 .text.sync     0x10000e60       0xb0 CMakeFiles/pio-bdm.dir/pio_functions.c.obj
                0x10000e60                sync
 .text.set_sys_clock_pll
                0x10000f10       0x78 CMakeFiles/pio-bdm.dir/C_/Pico/pico-sdk/src/rp2_common/pico_stdlib/stdlib.c.obj
                0x10000f10                set_sys_clock_pll
 .text.gpio_set_function
                0x10000f88       0x30 CMakeFiles/pio-bdm.dir/C_/Pico/pico-sdk/src/rp2_common/hardware_gpio/gpio.c.obj
                0x10000f88                gpio_set_function
 .text.gpio_set_pulls
                0x10000fb8       0x34 CMakeFiles/pio-bdm.dir/C_/Pico/pico-sdk/src/rp2_common/hardware_gpio/gpio.c.obj
                0x10000fb8                gpio_set_pulls
 .text.gpio_init
                0x10000fec       0x16 CMakeFiles/pio-bdm.dir/C_/Pico/pico-sdk/src/rp2_common/hardware_gpio/gpio.c.obj
                0x10000fec                gpio_init
 *fill*         0x10001002        0x2 
 .text.hw_claim_lock
                0x10001004       0x18 CMakeFiles/pio-bdm.dir/C_/Pico/pico-sdk/src/rp2_common/hardware_claim/claim.c.obj
                0x10001004                hw_claim_lock
 .text.hw_claim_unlock
                0x1000101c       0x14 CMakeFiles/pio-bdm.dir/C_/Pico/pico-sdk/src/rp2_common/hardware_claim/claim.c.obj
                0x1000101c                hw_claim_unlock
 .text.hw_claim_or_assert
                0x10001030       0x32 CMakeFiles/pio-bdm.dir/C_/Pico/pico-sdk/src/rp2_common/hardware_claim/claim.c.obj
                0x10001030                hw_claim_or_assert
 .text.hw_claim_unused_from_range
                0x10001062       0x50 CMakeFiles/pio-bdm.dir/C_/Pico/pico-sdk/src/rp2_common/hardware_claim/claim.c.obj
                0x10001062                hw_claim_unused_from_range
 *fill*         0x100010b2        0x2 
 .text.running_on_fpga
                0x100010b4       0x14 CMakeFiles/pio-bdm.dir/C_/Pico/pico-sdk/src/rp2_common/pico_platform/platform.c.obj
                0x100010b4                running_on_fpga
 .text.spin_locks_reset
                0x100010c8       0x20 CMakeFiles/pio-bdm.dir/C_/Pico/pico-sdk/src/rp2_common/hardware_sync/sync.c.obj
                0x100010c8                spin_locks_reset
 .text.next_striped_spin_lock_num
                0x100010e8       0x1c CMakeFiles/pio-bdm.dir/C_/Pico/pico-sdk/src/rp2_common/hardware_sync/sync.c.obj
                0x100010e8                next_striped_spin_lock_num
 .text.spin_lock_claim_unused
                0x10001104       0x20 CMakeFiles/pio-bdm.dir/C_/Pico/pico-sdk/src/rp2_common/hardware_sync/sync.c.obj
                0x10001104                spin_lock_claim_unused
 .text.set_raw_irq_handler_and_unlock
                0x10001124       0x28 CMakeFiles/pio-bdm.dir/C_/Pico/pico-sdk/src/rp2_common/hardware_irq/irq.c.obj
 .text.make_branch
                0x1000114c       0x48 CMakeFiles/pio-bdm.dir/C_/Pico/pico-sdk/src/rp2_common/hardware_irq/irq.c.obj
 .text.insert_branch_and_link
                0x10001194       0x40 CMakeFiles/pio-bdm.dir/C_/Pico/pico-sdk/src/rp2_common/hardware_irq/irq.c.obj
 .text.irq_is_enabled
                0x100011d4       0x18 CMakeFiles/pio-bdm.dir/C_/Pico/pico-sdk/src/rp2_common/hardware_irq/irq.c.obj
                0x100011d4                irq_is_enabled
 .text.irq_set_mask_enabled
                0x100011ec       0x20 CMakeFiles/pio-bdm.dir/C_/Pico/pico-sdk/src/rp2_common/hardware_irq/irq.c.obj
                0x100011ec                irq_set_mask_enabled
 .text.irq_set_enabled
                0x1000120c        0xe CMakeFiles/pio-bdm.dir/C_/Pico/pico-sdk/src/rp2_common/hardware_irq/irq.c.obj
                0x1000120c                irq_set_enabled
 *fill*         0x1000121a        0x2 
 .text.irq_set_pending
                0x1000121c       0x10 CMakeFiles/pio-bdm.dir/C_/Pico/pico-sdk/src/rp2_common/hardware_irq/irq.c.obj
                0x1000121c                irq_set_pending
 .text.irq_get_vtable_handler
                0x1000122c       0x10 CMakeFiles/pio-bdm.dir/C_/Pico/pico-sdk/src/rp2_common/hardware_irq/irq.c.obj
                0x1000122c                irq_get_vtable_handler
 .text.irq_has_shared_handler
                0x1000123c       0x24 CMakeFiles/pio-bdm.dir/C_/Pico/pico-sdk/src/rp2_common/hardware_irq/irq.c.obj
                0x1000123c                irq_has_shared_handler
 .text.irq_set_exclusive_handler
                0x10001260       0x54 CMakeFiles/pio-bdm.dir/C_/Pico/pico-sdk/src/rp2_common/hardware_irq/irq.c.obj
                0x10001260                irq_set_exclusive_handler
 .text.irq_add_shared_handler
                0x100012b4      0x230 CMakeFiles/pio-bdm.dir/C_/Pico/pico-sdk/src/rp2_common/hardware_irq/irq.c.obj
                0x100012b4                irq_add_shared_handler
 .text.irq_remove_handler
                0x100014e4      0x1a8 CMakeFiles/pio-bdm.dir/C_/Pico/pico-sdk/src/rp2_common/hardware_irq/irq.c.obj
                0x100014e4                irq_remove_handler
 .text.irq_add_tail_to_free_list
                0x1000168c       0xf0 CMakeFiles/pio-bdm.dir/C_/Pico/pico-sdk/src/rp2_common/hardware_irq/irq.c.obj
                0x1000168c                irq_add_tail_to_free_list
 .text.irq_init_priorities
                0x1000177c       0x1c CMakeFiles/pio-bdm.dir/C_/Pico/pico-sdk/src/rp2_common/hardware_irq/irq.c.obj
                0x1000177c                irq_init_priorities
 .text.user_irq_claim_unused
                0x10001798       0x30 CMakeFiles/pio-bdm.dir/C_/Pico/pico-sdk/src/rp2_common/hardware_irq/irq.c.obj
                0x10001798                user_irq_claim_unused
 .text.lock_init
                0x100017c8       0x10 CMakeFiles/pio-bdm.dir/C_/Pico/pico-sdk/src/common/pico_sync/lock_core.c.obj
                0x100017c8                lock_init
 .text.alarm_pool_post_alloc_init
                0x100017d8       0x40 CMakeFiles/pio-bdm.dir/C_/Pico/pico-sdk/src/common/pico_time/time.c.obj
 .text.sleep_until_callback
                0x10001818       0x30 CMakeFiles/pio-bdm.dir/C_/Pico/pico-sdk/src/common/pico_time/time.c.obj
 .text.timer_pool_entry_comparator
                0x10001848       0x7c CMakeFiles/pio-bdm.dir/C_/Pico/pico-sdk/src/common/pico_time/time.c.obj
                0x10001848                timer_pool_entry_comparator
 .text.ph_add_child_node
                0x100018c4       0xa4 CMakeFiles/pio-bdm.dir/C_/Pico/pico-sdk/src/common/pico_time/time.c.obj
 .text.ph_merge_nodes
                0x10001968       0x3e CMakeFiles/pio-bdm.dir/C_/Pico/pico-sdk/src/common/pico_time/time.c.obj
 *fill*         0x100019a6        0x2 
 .text.add_alarm_under_lock
                0x100019a8      0x174 CMakeFiles/pio-bdm.dir/C_/Pico/pico-sdk/src/common/pico_time/time.c.obj
 .text.alarm_pool_alarm_callback
                0x10001b1c      0x328 CMakeFiles/pio-bdm.dir/C_/Pico/pico-sdk/src/common/pico_time/time.c.obj
 .text.alarm_pool_init_default
                0x10001e44       0x38 CMakeFiles/pio-bdm.dir/C_/Pico/pico-sdk/src/common/pico_time/time.c.obj
                0x10001e44                alarm_pool_init_default
 .text.alarm_pool_get_default
                0x10001e7c       0x2c CMakeFiles/pio-bdm.dir/C_/Pico/pico-sdk/src/common/pico_time/time.c.obj
                0x10001e7c                alarm_pool_get_default
 .text.alarm_pool_add_alarm_at
                0x10001ea8      0x170 CMakeFiles/pio-bdm.dir/C_/Pico/pico-sdk/src/common/pico_time/time.c.obj
                0x10001ea8                alarm_pool_add_alarm_at
 .text.alarm_pool_cancel_alarm
                0x10002018       0xf0 CMakeFiles/pio-bdm.dir/C_/Pico/pico-sdk/src/common/pico_time/time.c.obj
                0x10002018                alarm_pool_cancel_alarm
 .text.sleep_until
                0x10002108       0xfc CMakeFiles/pio-bdm.dir/C_/Pico/pico-sdk/src/common/pico_time/time.c.obj
                0x10002108                sleep_until
 .text.sleep_us
                0x10002204       0x58 CMakeFiles/pio-bdm.dir/C_/Pico/pico-sdk/src/common/pico_time/time.c.obj
                0x10002204                sleep_us
 .text.sleep_ms
                0x1000225c       0x14 CMakeFiles/pio-bdm.dir/C_/Pico/pico-sdk/src/common/pico_time/time.c.obj
                0x1000225c                sleep_ms
 .text.best_effort_wfe_or_timeout
                0x10002270       0x80 CMakeFiles/pio-bdm.dir/C_/Pico/pico-sdk/src/common/pico_time/time.c.obj
                0x10002270                best_effort_wfe_or_timeout
 .text.hardware_alarm_irq_handler
                0x100022f0       0x8c CMakeFiles/pio-bdm.dir/C_/Pico/pico-sdk/src/rp2_common/hardware_timer/timer.c.obj
 .text.hardware_alarm_claim
                0x1000237c       0x18 CMakeFiles/pio-bdm.dir/C_/Pico/pico-sdk/src/rp2_common/hardware_timer/timer.c.obj
                0x1000237c                hardware_alarm_claim
 .text.time_us_64
                0x10002394       0x18 CMakeFiles/pio-bdm.dir/C_/Pico/pico-sdk/src/rp2_common/hardware_timer/timer.c.obj
                0x10002394                time_us_64
 .text.busy_wait_until
                0x100023ac       0x28 CMakeFiles/pio-bdm.dir/C_/Pico/pico-sdk/src/rp2_common/hardware_timer/timer.c.obj
                0x100023ac                busy_wait_until
 .text.busy_wait_us
                0x100023d4       0x48 CMakeFiles/pio-bdm.dir/C_/Pico/pico-sdk/src/rp2_common/hardware_timer/timer.c.obj
                0x100023d4                busy_wait_us
 .text.hardware_alarm_set_callback
                0x1000241c       0x90 CMakeFiles/pio-bdm.dir/C_/Pico/pico-sdk/src/rp2_common/hardware_timer/timer.c.obj
                0x1000241c                hardware_alarm_set_callback
 .text.hardware_alarm_set_target
                0x100024ac       0xe8 CMakeFiles/pio-bdm.dir/C_/Pico/pico-sdk/src/rp2_common/hardware_timer/timer.c.obj
                0x100024ac                hardware_alarm_set_target
 .text.hardware_alarm_cancel
                0x10002594       0x40 CMakeFiles/pio-bdm.dir/C_/Pico/pico-sdk/src/rp2_common/hardware_timer/timer.c.obj
                0x10002594                hardware_alarm_cancel
 .text.ph_add_child_node
                0x100025d4       0xa4 CMakeFiles/pio-bdm.dir/C_/Pico/pico-sdk/src/common/pico_util/pheap.c.obj
 .text.ph_merge_nodes
                0x10002678       0x3e CMakeFiles/pio-bdm.dir/C_/Pico/pico-sdk/src/common/pico_util/pheap.c.obj
 *fill*         0x100026b6        0x2 
 .text.ph_clear
                0x100026b8       0x70 CMakeFiles/pio-bdm.dir/C_/Pico/pico-sdk/src/common/pico_util/pheap.c.obj
                0x100026b8                ph_clear
 .text.ph_post_alloc_init
                0x10002728        0xe CMakeFiles/pio-bdm.dir/C_/Pico/pico-sdk/src/common/pico_util/pheap.c.obj
                0x10002728                ph_post_alloc_init
 *fill*         0x10002736        0x2 
 .text.ph_merge_two_pass
                0x10002738       0xa8 CMakeFiles/pio-bdm.dir/C_/Pico/pico-sdk/src/common/pico_util/pheap.c.obj
                0x10002738                ph_merge_two_pass
 .text.ph_remove_any_head
                0x100027e0      0x108 CMakeFiles/pio-bdm.dir/C_/Pico/pico-sdk/src/common/pico_util/pheap.c.obj
 .text.ph_remove_head
                0x100028e8       0x14 CMakeFiles/pio-bdm.dir/C_/Pico/pico-sdk/src/common/pico_util/pheap.c.obj
                0x100028e8                ph_remove_head
 .text.ph_remove_and_free_node
                0x100028fc       0xf8 CMakeFiles/pio-bdm.dir/C_/Pico/pico-sdk/src/common/pico_util/pheap.c.obj
                0x100028fc                ph_remove_and_free_node
 .text.mutex_init
                0x100029f4       0x1a CMakeFiles/pio-bdm.dir/C_/Pico/pico-sdk/src/common/pico_sync/mutex.c.obj
                0x100029f4                mutex_init
 .text.recursive_mutex_init
                0x10002a0e       0x1e CMakeFiles/pio-bdm.dir/C_/Pico/pico-sdk/src/common/pico_sync/mutex.c.obj
                0x10002a0e                recursive_mutex_init
 .text.critical_section_init_with_lock_num
                0x10002a2c       0x14 CMakeFiles/pio-bdm.dir/C_/Pico/pico-sdk/src/common/pico_sync/critical_section.c.obj
                0x10002a2c                critical_section_init_with_lock_num
 .text.critical_section_init
                0x10002a40       0x14 CMakeFiles/pio-bdm.dir/C_/Pico/pico-sdk/src/common/pico_sync/critical_section.c.obj
                0x10002a40                critical_section_init
 .text._exit    0x10002a54        0x4 CMakeFiles/pio-bdm.dir/C_/Pico/pico-sdk/src/rp2_common/pico_runtime/runtime.c.obj
                0x10002a54                _exit
 .text._sbrk    0x10002a58       0x38 CMakeFiles/pio-bdm.dir/C_/Pico/pico-sdk/src/rp2_common/pico_runtime/runtime.c.obj
                0x10002a58                _sbrk
 .text.exit     0x10002a90        0x6 CMakeFiles/pio-bdm.dir/C_/Pico/pico-sdk/src/rp2_common/pico_runtime/runtime.c.obj
                0x10002a90                exit
 *fill*         0x10002a96        0x2 
 .text.__assert_func
                0x10002a98       0x3c CMakeFiles/pio-bdm.dir/C_/Pico/pico-sdk/src/rp2_common/pico_runtime/runtime.c.obj
                0x10002a98                __assert_func
 .text.runtime_init
                0x10002ad4       0xf8 CMakeFiles/pio-bdm.dir/C_/Pico/pico-sdk/src/rp2_common/pico_runtime/runtime.c.obj
                0x10002ad4                runtime_init
 .text.panic    0x10002bcc       0x30 CMakeFiles/pio-bdm.dir/C_/Pico/pico-sdk/src/rp2_common/pico_runtime/runtime.c.obj
                0x10002bcc                panic
 .text.clock_configure
                0x10002bfc      0x104 CMakeFiles/pio-bdm.dir/C_/Pico/pico-sdk/src/rp2_common/hardware_clocks/clocks.c.obj
                0x10002bfc                clock_configure
 .text.clocks_init
                0x10002d00      0x100 CMakeFiles/pio-bdm.dir/C_/Pico/pico-sdk/src/rp2_common/hardware_clocks/clocks.c.obj
                0x10002d00                clocks_init
 .text.clock_get_hz
                0x10002e00        0xc CMakeFiles/pio-bdm.dir/C_/Pico/pico-sdk/src/rp2_common/hardware_clocks/clocks.c.obj
                0x10002e00                clock_get_hz
 .text.frequency_count_khz
                0x10002e0c       0x40 CMakeFiles/pio-bdm.dir/C_/Pico/pico-sdk/src/rp2_common/hardware_clocks/clocks.c.obj
                0x10002e0c                frequency_count_khz
 .text.pll_init
                0x10002e4c      0x140 CMakeFiles/pio-bdm.dir/C_/Pico/pico-sdk/src/rp2_common/hardware_pll/pll.c.obj
                0x10002e4c                pll_init
 .text.watchdog_start_tick
                0x10002f8c       0x10 CMakeFiles/pio-bdm.dir/C_/Pico/pico-sdk/src/rp2_common/hardware_watchdog/watchdog.c.obj
                0x10002f8c                watchdog_start_tick
 .text.watchdog_update
                0x10002f9c       0x14 CMakeFiles/pio-bdm.dir/C_/Pico/pico-sdk/src/rp2_common/hardware_watchdog/watchdog.c.obj
                0x10002f9c                watchdog_update
 .text._watchdog_enable
                0x10002fb0       0x78 CMakeFiles/pio-bdm.dir/C_/Pico/pico-sdk/src/rp2_common/hardware_watchdog/watchdog.c.obj
                0x10002fb0                _watchdog_enable
 .text.watchdog_reboot
                0x10003028       0x48 CMakeFiles/pio-bdm.dir/C_/Pico/pico-sdk/src/rp2_common/hardware_watchdog/watchdog.c.obj
                0x10003028                watchdog_reboot
 .text.xosc_init
                0x10003070       0x28 CMakeFiles/pio-bdm.dir/C_/Pico/pico-sdk/src/rp2_common/hardware_xosc/xosc.c.obj
                0x10003070                xosc_init
 .text._out_buffer
                0x10003098        0x8 CMakeFiles/pio-bdm.dir/C_/Pico/pico-sdk/src/rp2_common/pico_printf/printf.c.obj
 .text._out_null
                0x100030a0        0x2 CMakeFiles/pio-bdm.dir/C_/Pico/pico-sdk/src/rp2_common/pico_printf/printf.c.obj
 .text._out_fct
                0x100030a2        0xe CMakeFiles/pio-bdm.dir/C_/Pico/pico-sdk/src/rp2_common/pico_printf/printf.c.obj
 .text._atoi    0x100030b0       0x24 CMakeFiles/pio-bdm.dir/C_/Pico/pico-sdk/src/rp2_common/pico_printf/printf.c.obj
 .text._out_rev
                0x100030d4       0xae CMakeFiles/pio-bdm.dir/C_/Pico/pico-sdk/src/rp2_common/pico_printf/printf.c.obj
 .text._ntoa_format
                0x10003182      0x112 CMakeFiles/pio-bdm.dir/C_/Pico/pico-sdk/src/rp2_common/pico_printf/printf.c.obj
 .text._ntoa_long
                0x10003294       0xbc CMakeFiles/pio-bdm.dir/C_/Pico/pico-sdk/src/rp2_common/pico_printf/printf.c.obj
 .text._ntoa_long_long
                0x10003350       0xe2 CMakeFiles/pio-bdm.dir/C_/Pico/pico-sdk/src/rp2_common/pico_printf/printf.c.obj
 *fill*         0x10003432        0x2 
 .text._etoa    0x10003434      0x414 CMakeFiles/pio-bdm.dir/C_/Pico/pico-sdk/src/rp2_common/pico_printf/printf.c.obj
 .text._ftoa    0x10003848      0x354 CMakeFiles/pio-bdm.dir/C_/Pico/pico-sdk/src/rp2_common/pico_printf/printf.c.obj
 .text._vsnprintf
                0x10003b9c      0x624 CMakeFiles/pio-bdm.dir/C_/Pico/pico-sdk/src/rp2_common/pico_printf/printf.c.obj
 .text.__wrap_sprintf
                0x100041c0       0x28 CMakeFiles/pio-bdm.dir/C_/Pico/pico-sdk/src/rp2_common/pico_printf/printf.c.obj
                0x100041c0                __wrap_sprintf
 .text.vfctprintf
                0x100041e8       0x20 CMakeFiles/pio-bdm.dir/C_/Pico/pico-sdk/src/rp2_common/pico_printf/printf.c.obj
                0x100041e8                vfctprintf
 .text          0x10004208       0x10 CMakeFiles/pio-bdm.dir/C_/Pico/pico-sdk/src/rp2_common/pico_bit_ops/bit_ops_aeabi.S.obj
 .text.rom_func_lookup
                0x10004218       0x10 CMakeFiles/pio-bdm.dir/C_/Pico/pico-sdk/src/rp2_common/pico_bootrom/bootrom.c.obj
                0x10004218                rom_func_lookup
 .text.rom_data_lookup
                0x10004228       0x10 CMakeFiles/pio-bdm.dir/C_/Pico/pico-sdk/src/rp2_common/pico_bootrom/bootrom.c.obj
                0x10004228                rom_data_lookup
 .text.rom_funcs_lookup
                0x10004238       0x36 CMakeFiles/pio-bdm.dir/C_/Pico/pico-sdk/src/rp2_common/pico_bootrom/bootrom.c.obj
                0x10004238                rom_funcs_lookup
 *fill*         0x1000426e        0x2 
 .text.__wrap___aeabi_idiv
                0x10004270       0x50 CMakeFiles/pio-bdm.dir/C_/Pico/pico-sdk/src/rp2_common/pico_divider/divider.S.obj
                0x10004270                __wrap___aeabi_idivmod
                0x10004270                divmod_s32s32
                0x10004270                div_s32s32
                0x10004270                __wrap___aeabi_idiv
                0x10004278                divmod_s32s32_unsafe
                0x100042a4                divmod_s32s32_savestate
 .text.__wrap___aeabi_uidiv
                0x100042c0       0x4c CMakeFiles/pio-bdm.dir/C_/Pico/pico-sdk/src/rp2_common/pico_divider/divider.S.obj
                0x100042c0                __wrap___aeabi_uidiv
                0x100042c0                __wrap___aeabi_uidivmod
                0x100042c0                div_u32u32
                0x100042c0                divmod_u32u32
                0x100042c8                divmod_u32u32_unsafe
                0x100042f0                divmod_u32u32_savestate
 .text.__wrap___aeabi_ldiv
                0x1000430c      0x434 CMakeFiles/pio-bdm.dir/C_/Pico/pico-sdk/src/rp2_common/pico_divider/divider.S.obj
                0x1000430c                div_s64s64
                0x1000430c                divmod_s64s64
                0x1000430c                __wrap___aeabi_ldivmod
                0x10004344                divmod_u64u64
                0x10004344                div_u64u64
                0x10004344                __wrap___aeabi_uldivmod
                0x10004354                divmod_u64u64_savestate
                0x1000437c                divmod_s64s64_unsafe
                0x10004404                divmod_u64u64_unsafe
 .text.__wrap___aeabi_darithmetic
                0x10004740       0x80 CMakeFiles/pio-bdm.dir/C_/Pico/pico-sdk/src/rp2_common/pico_double/double_aeabi.S.obj
                0x10004740                __wrap___aeabi_drsub
                0x10004746                __wrap___aeabi_dsub
                0x10004758                __wrap___aeabi_dadd
                0x1000476a                __wrap___aeabi_ddiv
                0x100047a6                __wrap___aeabi_dmul
 .text.__wrap___aeabi_cdcmple
                0x100047c0       0x6c CMakeFiles/pio-bdm.dir/C_/Pico/pico-sdk/src/rp2_common/pico_double/double_aeabi.S.obj
                0x100047c0                __wrap___aeabi_cdrcmple
                0x100047d0                __wrap___aeabi_cdcmpeq
                0x100047d0                __wrap___aeabi_cdcmple
 .text.__wrap___aeabi_dcmpeq
                0x1000482c       0x10 CMakeFiles/pio-bdm.dir/C_/Pico/pico-sdk/src/rp2_common/pico_double/double_aeabi.S.obj
                0x1000482c                __wrap___aeabi_dcmpeq
 .text.__wrap___aeabi_dcmplt
                0x1000483c        0xc CMakeFiles/pio-bdm.dir/C_/Pico/pico-sdk/src/rp2_common/pico_double/double_aeabi.S.obj
                0x1000483c                __wrap___aeabi_dcmplt
 .text.__wrap___aeabi_dcmple
                0x10004848       0x10 CMakeFiles/pio-bdm.dir/C_/Pico/pico-sdk/src/rp2_common/pico_double/double_aeabi.S.obj
                0x10004848                __wrap___aeabi_dcmple
 .text.__wrap___aeabi_dcmpge
                0x10004858       0x10 CMakeFiles/pio-bdm.dir/C_/Pico/pico-sdk/src/rp2_common/pico_double/double_aeabi.S.obj
                0x10004858                __wrap___aeabi_dcmpge
 .text.__wrap___aeabi_dcmpgt
                0x10004868        0xa CMakeFiles/pio-bdm.dir/C_/Pico/pico-sdk/src/rp2_common/pico_double/double_aeabi.S.obj
                0x10004868                __wrap___aeabi_dcmpgt
 .text.__wrap___aeabi_dcmpun
                0x10004872       0x1c CMakeFiles/pio-bdm.dir/C_/Pico/pico-sdk/src/rp2_common/pico_double/double_aeabi.S.obj
                0x10004872                __wrap___aeabi_dcmpun
 *fill*         0x1000488e        0x2 
 .text.__wrap___aeabi_i2d
                0x10004890       0x38 CMakeFiles/pio-bdm.dir/C_/Pico/pico-sdk/src/rp2_common/pico_double/double_aeabi.S.obj
                0x10004890                __wrap___aeabi_ui2d
                0x10004898                __wrap___aeabi_i2d
 .text.__wrap___aeabi_d2iz
                0x100048c8       0x48 CMakeFiles/pio-bdm.dir/C_/Pico/pico-sdk/src/rp2_common/pico_double/double_aeabi.S.obj
                0x100048c8                double2int_z
                0x100048c8                __wrap___aeabi_d2iz
 .text.__wrap___aeabi_d2uiz
                0x10004910       0x18 CMakeFiles/pio-bdm.dir/C_/Pico/pico-sdk/src/rp2_common/pico_double/double_aeabi.S.obj
                0x10004910                __wrap___aeabi_d2uiz
                0x10004910                double2uint
 .text.__wrap___aeabi_l2d
                0x10004928       0x18 CMakeFiles/pio-bdm.dir/C_/Pico/pico-sdk/src/rp2_common/pico_double/double_aeabi.S.obj
                0x10004928                __wrap___aeabi_l2d
 .text.__wrap___aeabi_d2lz
                0x10004940       0x26 CMakeFiles/pio-bdm.dir/C_/Pico/pico-sdk/src/rp2_common/pico_double/double_aeabi.S.obj
                0x10004940                double2int64_z
                0x10004940                __wrap___aeabi_d2lz
 *fill*         0x10004966        0x2 
 .text.double2int64
                0x10004968       0x18 CMakeFiles/pio-bdm.dir/C_/Pico/pico-sdk/src/rp2_common/pico_double/double_aeabi.S.obj
                0x10004968                double2int64
 .text.double2ufix64
                0x10004980       0x18 CMakeFiles/pio-bdm.dir/C_/Pico/pico-sdk/src/rp2_common/pico_double/double_aeabi.S.obj
                0x10004980                double2ufix64
 .text.__wrap___aeabi_d2f
                0x10004998       0x18 CMakeFiles/pio-bdm.dir/C_/Pico/pico-sdk/src/rp2_common/pico_double/double_aeabi.S.obj
                0x10004998                __wrap___aeabi_d2f
 .text.__aeabi_double_init
                0x100049b0       0xc8 CMakeFiles/pio-bdm.dir/C_/Pico/pico-sdk/src/rp2_common/pico_double/double_init_rom.c.obj
                0x100049b0                __aeabi_double_init
 .text.double_table_shim_on_use_helper
                0x10004a78       0x34 CMakeFiles/pio-bdm.dir/C_/Pico/pico-sdk/src/rp2_common/pico_double/double_v1_rom_shim.S.obj
                0x10004a78                double_table_shim_on_use_helper
 .text.__wrap___aeabi_dsub
                0x10004aac       0x10 CMakeFiles/pio-bdm.dir/C_/Pico/pico-sdk/src/rp2_common/pico_double/double_v1_rom_shim.S.obj
                0x10004aac                drsub_shim
                0x10004ab2                dsub_shim
 .text.dadd_shim
                0x10004abc      0x15c CMakeFiles/pio-bdm.dir/C_/Pico/pico-sdk/src/rp2_common/pico_double/double_v1_rom_shim.S.obj
                0x10004abc                dadd_shim
 .text.dmul_shim
                0x10004c18      0x15c CMakeFiles/pio-bdm.dir/C_/Pico/pico-sdk/src/rp2_common/pico_double/double_v1_rom_shim.S.obj
                0x10004c18                dmul_shim
 .text.ddiv_shim
                0x10004d74      0x1b0 CMakeFiles/pio-bdm.dir/C_/Pico/pico-sdk/src/rp2_common/pico_double/double_v1_rom_shim.S.obj
                0x10004d74                ddiv_shim
 .text.double2uint_shim
                0x10004f24        0xe CMakeFiles/pio-bdm.dir/C_/Pico/pico-sdk/src/rp2_common/pico_double/double_v1_rom_shim.S.obj
                0x10004f24                double2uint_shim
                0x10004f26                double2ufix_shim
 .text.double2int64_shim
                0x10004f32       0x1a CMakeFiles/pio-bdm.dir/C_/Pico/pico-sdk/src/rp2_common/pico_double/double_v1_rom_shim.S.obj
                0x10004f32                double2int64_shim
                0x10004f34                double2fix64_shim
 .text.double2uint64_shim
                0x10004f4c       0x70 CMakeFiles/pio-bdm.dir/C_/Pico/pico-sdk/src/rp2_common/pico_double/double_v1_rom_shim.S.obj
                0x10004f4c                double2uint64_shim
                0x10004f4e                double2ufix64_shim
                0x10004f6e                d2fix_a
 .text.double2float_shim
                0x10004fbc       0x5c CMakeFiles/pio-bdm.dir/C_/Pico/pico-sdk/src/rp2_common/pico_double/double_v1_rom_shim.S.obj
                0x10004fbc                double2float_shim
 .text.x2double_shims
                0x10005018       0x90 CMakeFiles/pio-bdm.dir/C_/Pico/pico-sdk/src/rp2_common/pico_double/double_v1_rom_shim.S.obj
                0x10005018                uint2double_shim
                0x1000501a                ufix2double_shim
                0x10005020                int2double_shim
                0x10005022                fix2double_shim
                0x10005028                uint642double_shim
                0x1000502a                ufix642double_shim
                0x10005030                int642double_shim
                0x10005032                fix642double_shim
 .text.dunpacks
                0x100050a8       0x3c CMakeFiles/pio-bdm.dir/C_/Pico/pico-sdk/src/rp2_common/pico_double/double_v1_rom_shim.S.obj
                0x100050a8                dunpacks
 .text.__aeabi_lmul
                0x100050e4       0x32 CMakeFiles/pio-bdm.dir/C_/Pico/pico-sdk/src/rp2_common/pico_int64_ops/pico_int64_ops_aeabi.S.obj
                0x100050e4                __wrap___aeabi_lmul
 *fill*         0x10005116        0x2 
 .text.__wrap___aeabi_farithmetic
                0x10005118       0x58 CMakeFiles/pio-bdm.dir/C_/Pico/pico-sdk/src/rp2_common/pico_float/float_aeabi.S.obj
                0x10005118                __wrap___aeabi_frsub
                0x1000511e                __wrap___aeabi_fsub
                0x10005128                __wrap___aeabi_fadd
                0x10005132                __wrap___aeabi_fdiv
                0x1000515e                __wrap___aeabi_fmul
 .text.__wrap___aeabi_ui2f
                0x10005170        0xa CMakeFiles/pio-bdm.dir/C_/Pico/pico-sdk/src/rp2_common/pico_float/float_aeabi.S.obj
                0x10005170                __wrap___aeabi_ui2f
 *fill*         0x1000517a        0x2 
 .text.__wrap___aeabi_i2f
                0x1000517c       0x44 CMakeFiles/pio-bdm.dir/C_/Pico/pico-sdk/src/rp2_common/pico_float/float_aeabi.S.obj
                0x1000517c                __wrap___aeabi_i2f
 .text.__wrap___aeabi_f2uiz
                0x100051c0       0x10 CMakeFiles/pio-bdm.dir/C_/Pico/pico-sdk/src/rp2_common/pico_float/float_aeabi.S.obj
                0x100051c0                __wrap___aeabi_f2uiz
 .text.__wrap___aeabi_ul2f
                0x100051d0       0x20 CMakeFiles/pio-bdm.dir/C_/Pico/pico-sdk/src/rp2_common/pico_float/float_aeabi.S.obj
                0x100051d4                __wrap___aeabi_ul2f
 .text.__aeabi_float_init
                0x100051f0       0xfc CMakeFiles/pio-bdm.dir/C_/Pico/pico-sdk/src/rp2_common/pico_float/float_init_rom.c.obj
                0x100051f0                __aeabi_float_init
 .text.float_table_shim_on_use_helper
                0x100052ec       0x34 CMakeFiles/pio-bdm.dir/C_/Pico/pico-sdk/src/rp2_common/pico_float/float_v1_rom_shim.S.obj
                0x100052ec                float_table_shim_on_use_helper
 .text.642float_shims
                0x10005320       0x44 CMakeFiles/pio-bdm.dir/C_/Pico/pico-sdk/src/rp2_common/pico_float/float_v1_rom_shim.S.obj
                0x10005320                uint642float_shim
                0x10005322                ufix642float_shim
                0x10005332                int642float_shim
                0x10005334                fix642float_shim
 .text.__wrap_malloc
                0x10005364       0x24 CMakeFiles/pio-bdm.dir/C_/Pico/pico-sdk/src/rp2_common/pico_malloc/pico_malloc.c.obj
                0x10005364                __wrap_malloc
 .text.__wrap_realloc
                0x10005388       0x24 CMakeFiles/pio-bdm.dir/C_/Pico/pico-sdk/src/rp2_common/pico_malloc/pico_malloc.c.obj
                0x10005388                __wrap_realloc
 .text.__wrap_free
                0x100053ac        0x8 CMakeFiles/pio-bdm.dir/C_/Pico/pico-sdk/src/rp2_common/pico_malloc/pico_malloc.c.obj
                0x100053ac                __wrap_free
 .text          0x100053b4       0x10 CMakeFiles/pio-bdm.dir/C_/Pico/pico-sdk/src/rp2_common/pico_mem_ops/mem_ops_aeabi.S.obj
                0x100053b4                __aeabi_mem_init
 .text.memset   0x100053c4        0xc CMakeFiles/pio-bdm.dir/C_/Pico/pico-sdk/src/rp2_common/pico_mem_ops/mem_ops_aeabi.S.obj
                0x100053c4                __wrap_memset
 .text.memcpy   0x100053d0        0xc CMakeFiles/pio-bdm.dir/C_/Pico/pico-sdk/src/rp2_common/pico_mem_ops/mem_ops_aeabi.S.obj
                0x100053d0                __wrap_memcpy
                0x100053d0                __wrap___aeabi_memcpy
 .text.stdio_out_chars_no_crlf
                0x100053dc        0xe CMakeFiles/pio-bdm.dir/C_/Pico/pico-sdk/src/rp2_common/pico_stdio/stdio.c.obj
 *fill*         0x100053ea        0x2 
 .text.stdio_out_chars_crlf
                0x100053ec       0x80 CMakeFiles/pio-bdm.dir/C_/Pico/pico-sdk/src/rp2_common/pico_stdio/stdio.c.obj
 .text.stdio_stack_buffer_flush
                0x1000546c       0x44 CMakeFiles/pio-bdm.dir/C_/Pico/pico-sdk/src/rp2_common/pico_stdio/stdio.c.obj
 .text.stdio_buffered_printer
                0x100054b0       0x20 CMakeFiles/pio-bdm.dir/C_/Pico/pico-sdk/src/rp2_common/pico_stdio/stdio.c.obj
 .text.stdio_get_until
                0x100054d0       0x80 CMakeFiles/pio-bdm.dir/C_/Pico/pico-sdk/src/rp2_common/pico_stdio/stdio.c.obj
 .text.stdout_serialize_begin
                0x10005550       0x30 CMakeFiles/pio-bdm.dir/C_/Pico/pico-sdk/src/rp2_common/pico_stdio/stdio.c.obj
                0x10005550                stdout_serialize_begin
 .text.stdout_serialize_end
                0x10005580       0x10 CMakeFiles/pio-bdm.dir/C_/Pico/pico-sdk/src/rp2_common/pico_stdio/stdio.c.obj
                0x10005580                stdout_serialize_end
 .text.stdio_put_string
                0x10005590       0x98 CMakeFiles/pio-bdm.dir/C_/Pico/pico-sdk/src/rp2_common/pico_stdio/stdio.c.obj
 .text.__wrap_putchar
                0x10005628       0x1c CMakeFiles/pio-bdm.dir/C_/Pico/pico-sdk/src/rp2_common/pico_stdio/stdio.c.obj
                0x10005628                __wrap_putchar
 .text._read    0x10005644       0x24 CMakeFiles/pio-bdm.dir/C_/Pico/pico-sdk/src/rp2_common/pico_stdio/stdio.c.obj
                0x10005644                _read
 .text._write   0x10005668       0x22 CMakeFiles/pio-bdm.dir/C_/Pico/pico-sdk/src/rp2_common/pico_stdio/stdio.c.obj
                0x10005668                _write
 *fill*         0x1000568a        0x2 
 .text.stdio_set_driver_enabled
                0x1000568c       0x2c CMakeFiles/pio-bdm.dir/C_/Pico/pico-sdk/src/rp2_common/pico_stdio/stdio.c.obj
                0x1000568c                stdio_set_driver_enabled
 .text.stdio_flush
                0x100056b8       0x20 CMakeFiles/pio-bdm.dir/C_/Pico/pico-sdk/src/rp2_common/pico_stdio/stdio.c.obj
                0x100056b8                stdio_flush
 .text.__wrap_puts
                0x100056d8       0x1e CMakeFiles/pio-bdm.dir/C_/Pico/pico-sdk/src/rp2_common/pico_stdio/stdio.c.obj
                0x100056d8                __wrap_puts
 *fill*         0x100056f6        0x2 
 .text.__wrap_vprintf
                0x100056f8       0x44 CMakeFiles/pio-bdm.dir/C_/Pico/pico-sdk/src/rp2_common/pico_stdio/stdio.c.obj
                0x100056f8                __wrap_vprintf
 .text.__wrap_printf
                0x1000573c       0x18 CMakeFiles/pio-bdm.dir/C_/Pico/pico-sdk/src/rp2_common/pico_stdio/stdio.c.obj
                0x1000573c                __wrap_printf
 .text.stdio_init_all
                0x10005754        0x8 CMakeFiles/pio-bdm.dir/C_/Pico/pico-sdk/src/rp2_common/pico_stdio/stdio.c.obj
                0x10005754                stdio_init_all
 .text.resetd_init
                0x1000575c        0x2 CMakeFiles/pio-bdm.dir/C_/Pico/pico-sdk/src/rp2_common/pico_stdio_usb/reset_interface.c.obj
 *fill*         0x1000575e        0x2 
 .text.resetd_reset
                0x10005760        0xc CMakeFiles/pio-bdm.dir/C_/Pico/pico-sdk/src/rp2_common/pico_stdio_usb/reset_interface.c.obj
 .text.resetd_open
                0x1000576c       0x34 CMakeFiles/pio-bdm.dir/C_/Pico/pico-sdk/src/rp2_common/pico_stdio_usb/reset_interface.c.obj
 .text.resetd_xfer_cb
                0x100057a0        0x4 CMakeFiles/pio-bdm.dir/C_/Pico/pico-sdk/src/rp2_common/pico_stdio_usb/reset_interface.c.obj
 .text.reset_usb_boot
                0x100057a4       0x18 CMakeFiles/pio-bdm.dir/C_/Pico/pico-sdk/src/rp2_common/pico_stdio_usb/reset_interface.c.obj
 .text.resetd_control_xfer_cb
                0x100057bc       0x5c CMakeFiles/pio-bdm.dir/C_/Pico/pico-sdk/src/rp2_common/pico_stdio_usb/reset_interface.c.obj
 .text.usbd_app_driver_get_cb
                0x10005818        0xc CMakeFiles/pio-bdm.dir/C_/Pico/pico-sdk/src/rp2_common/pico_stdio_usb/reset_interface.c.obj
                0x10005818                usbd_app_driver_get_cb
 .text.tud_cdc_line_coding_cb
                0x10005824       0x28 CMakeFiles/pio-bdm.dir/C_/Pico/pico-sdk/src/rp2_common/pico_stdio_usb/reset_interface.c.obj
                0x10005824                tud_cdc_line_coding_cb
 .text.stdio_usb_in_chars
                0x1000584c       0x70 CMakeFiles/pio-bdm.dir/C_/Pico/pico-sdk/src/rp2_common/pico_stdio_usb/stdio_usb.c.obj
                0x1000584c                stdio_usb_in_chars
 .text.low_priority_worker_irq
                0x100058bc       0x20 CMakeFiles/pio-bdm.dir/C_/Pico/pico-sdk/src/rp2_common/pico_stdio_usb/stdio_usb.c.obj
 .text.stdio_usb_out_chars
                0x100058dc       0xd4 CMakeFiles/pio-bdm.dir/C_/Pico/pico-sdk/src/rp2_common/pico_stdio_usb/stdio_usb.c.obj
 .text.timer_task
                0x100059b0       0x40 CMakeFiles/pio-bdm.dir/C_/Pico/pico-sdk/src/rp2_common/pico_stdio_usb/stdio_usb.c.obj
 .text.usb_irq  0x100059f0       0x10 CMakeFiles/pio-bdm.dir/C_/Pico/pico-sdk/src/rp2_common/pico_stdio_usb/stdio_usb.c.obj
 .text.stdio_usb_init
                0x10005a00       0xec CMakeFiles/pio-bdm.dir/C_/Pico/pico-sdk/src/rp2_common/pico_stdio_usb/stdio_usb.c.obj
                0x10005a00                stdio_usb_init
 .text.tud_descriptor_device_cb
                0x10005aec        0x8 CMakeFiles/pio-bdm.dir/C_/Pico/pico-sdk/src/rp2_common/pico_stdio_usb/stdio_usb_descriptors.c.obj
                0x10005aec                tud_descriptor_device_cb
 .text.tud_descriptor_configuration_cb
                0x10005af4        0x8 CMakeFiles/pio-bdm.dir/C_/Pico/pico-sdk/src/rp2_common/pico_stdio_usb/stdio_usb_descriptors.c.obj
                0x10005af4                tud_descriptor_configuration_cb
 .text.tud_descriptor_string_cb
                0x10005afc       0x6c CMakeFiles/pio-bdm.dir/C_/Pico/pico-sdk/src/rp2_common/pico_stdio_usb/stdio_usb_descriptors.c.obj
                0x10005afc                tud_descriptor_string_cb
 .text.hw_endpoint_get_by_addr
                0x10005b68       0x18 CMakeFiles/pio-bdm.dir/C_/Pico/pico-sdk/lib/tinyusb/src/portable/raspberrypi/rp2040/dcd_rp2040.c.obj
 .text.reset_ep0_pid
                0x10005b80       0x28 CMakeFiles/pio-bdm.dir/C_/Pico/pico-sdk/lib/tinyusb/src/portable/raspberrypi/rp2040/dcd_rp2040.c.obj
 .text._hw_endpoint_alloc
                0x10005ba8       0x70 CMakeFiles/pio-bdm.dir/C_/Pico/pico-sdk/lib/tinyusb/src/portable/raspberrypi/rp2040/dcd_rp2040.c.obj
 .text.hw_endpoint_init
                0x10005c18       0x88 CMakeFiles/pio-bdm.dir/C_/Pico/pico-sdk/lib/tinyusb/src/portable/raspberrypi/rp2040/dcd_rp2040.c.obj
 .text.reset_non_control_endpoints
                0x10005ca0       0x40 CMakeFiles/pio-bdm.dir/C_/Pico/pico-sdk/lib/tinyusb/src/portable/raspberrypi/rp2040/dcd_rp2040.c.obj
 .text.hw_handle_buff_status
                0x10005ce0       0x8c CMakeFiles/pio-bdm.dir/C_/Pico/pico-sdk/lib/tinyusb/src/portable/raspberrypi/rp2040/dcd_rp2040.c.obj
 .text.dcd_rp2040_irq
                0x10005d6c       0xc0 CMakeFiles/pio-bdm.dir/C_/Pico/pico-sdk/lib/tinyusb/src/portable/raspberrypi/rp2040/dcd_rp2040.c.obj
 .text.hw_endpoint_xfer
                0x10005e2c       0x14 CMakeFiles/pio-bdm.dir/C_/Pico/pico-sdk/lib/tinyusb/src/portable/raspberrypi/rp2040/dcd_rp2040.c.obj
 .text.dcd_int_enable
                0x10005e40       0x2c CMakeFiles/pio-bdm.dir/C_/Pico/pico-sdk/lib/tinyusb/src/portable/raspberrypi/rp2040/dcd_rp2040.c.obj
                0x10005e40                dcd_int_enable
 .text.dcd_set_address
                0x10005e6c       0x2c CMakeFiles/pio-bdm.dir/C_/Pico/pico-sdk/lib/tinyusb/src/portable/raspberrypi/rp2040/dcd_rp2040.c.obj
                0x10005e6c                dcd_set_address
 .text.dcd_connect
                0x10005e98       0x10 CMakeFiles/pio-bdm.dir/C_/Pico/pico-sdk/lib/tinyusb/src/portable/raspberrypi/rp2040/dcd_rp2040.c.obj
                0x10005e98                dcd_connect
 .text.dcd_init
                0x10005ea8       0x7c CMakeFiles/pio-bdm.dir/C_/Pico/pico-sdk/lib/tinyusb/src/portable/raspberrypi/rp2040/dcd_rp2040.c.obj
                0x10005ea8                dcd_init
 .text.dcd_edpt0_status_complete
                0x10005f24       0x1c CMakeFiles/pio-bdm.dir/C_/Pico/pico-sdk/lib/tinyusb/src/portable/raspberrypi/rp2040/dcd_rp2040.c.obj
                0x10005f24                dcd_edpt0_status_complete
 .text.dcd_edpt_open
                0x10005f40       0x40 CMakeFiles/pio-bdm.dir/C_/Pico/pico-sdk/lib/tinyusb/src/portable/raspberrypi/rp2040/dcd_rp2040.c.obj
                0x10005f40                dcd_edpt_open
 .text.dcd_edpt_close_all
                0x10005f80        0x8 CMakeFiles/pio-bdm.dir/C_/Pico/pico-sdk/lib/tinyusb/src/portable/raspberrypi/rp2040/dcd_rp2040.c.obj
                0x10005f80                dcd_edpt_close_all
 .text.dcd_edpt_xfer
                0x10005f88       0x30 CMakeFiles/pio-bdm.dir/C_/Pico/pico-sdk/lib/tinyusb/src/portable/raspberrypi/rp2040/dcd_rp2040.c.obj
                0x10005f88                dcd_edpt_xfer
 .text.dcd_edpt_stall
                0x10005fb8       0x2c CMakeFiles/pio-bdm.dir/C_/Pico/pico-sdk/lib/tinyusb/src/portable/raspberrypi/rp2040/dcd_rp2040.c.obj
                0x10005fb8                dcd_edpt_stall
 .text.dcd_edpt_clear_stall
                0x10005fe4       0x20 CMakeFiles/pio-bdm.dir/C_/Pico/pico-sdk/lib/tinyusb/src/portable/raspberrypi/rp2040/dcd_rp2040.c.obj
                0x10005fe4                dcd_edpt_clear_stall
 .text.prepare_ep_buffer
                0x10006004       0x70 CMakeFiles/pio-bdm.dir/C_/Pico/pico-sdk/lib/tinyusb/src/portable/raspberrypi/rp2040/rp2040_usb.c.obj
 .text.sync_ep_buffer
                0x10006074       0x7c CMakeFiles/pio-bdm.dir/C_/Pico/pico-sdk/lib/tinyusb/src/portable/raspberrypi/rp2040/rp2040_usb.c.obj
 .text._hw_endpoint_xfer_sync
                0x100060f0       0x28 CMakeFiles/pio-bdm.dir/C_/Pico/pico-sdk/lib/tinyusb/src/portable/raspberrypi/rp2040/rp2040_usb.c.obj
 .text.rp2040_usb_init
                0x10006118       0x4c CMakeFiles/pio-bdm.dir/C_/Pico/pico-sdk/lib/tinyusb/src/portable/raspberrypi/rp2040/rp2040_usb.c.obj
                0x10006118                rp2040_usb_init
 .text.hw_endpoint_reset_transfer
                0x10006164        0xc CMakeFiles/pio-bdm.dir/C_/Pico/pico-sdk/lib/tinyusb/src/portable/raspberrypi/rp2040/rp2040_usb.c.obj
                0x10006164                hw_endpoint_reset_transfer
 .text._hw_endpoint_buffer_control_update32
                0x10006170       0x58 CMakeFiles/pio-bdm.dir/C_/Pico/pico-sdk/lib/tinyusb/src/portable/raspberrypi/rp2040/rp2040_usb.c.obj
                0x10006170                _hw_endpoint_buffer_control_update32
 .text._hw_endpoint_start_next_buffer
                0x100061c8       0x74 CMakeFiles/pio-bdm.dir/C_/Pico/pico-sdk/lib/tinyusb/src/portable/raspberrypi/rp2040/rp2040_usb.c.obj
 .text.hw_endpoint_xfer_start
                0x1000623c       0x48 CMakeFiles/pio-bdm.dir/C_/Pico/pico-sdk/lib/tinyusb/src/portable/raspberrypi/rp2040/rp2040_usb.c.obj
                0x1000623c                hw_endpoint_xfer_start
 .text.hw_endpoint_xfer_continue
                0x10006284       0x38 CMakeFiles/pio-bdm.dir/C_/Pico/pico-sdk/lib/tinyusb/src/portable/raspberrypi/rp2040/rp2040_usb.c.obj
                0x10006284                hw_endpoint_xfer_continue
 .text.configuration_reset
                0x100062bc       0x84 CMakeFiles/pio-bdm.dir/C_/Pico/pico-sdk/lib/tinyusb/src/device/usbd.c.obj
 .text.usbd_reset
                0x10006340        0xc CMakeFiles/pio-bdm.dir/C_/Pico/pico-sdk/lib/tinyusb/src/device/usbd.c.obj
 .text.invoke_class_control
                0x1000634c       0x1a CMakeFiles/pio-bdm.dir/C_/Pico/pico-sdk/lib/tinyusb/src/device/usbd.c.obj
 *fill*         0x10006366        0x2 
 .text.process_set_config
                0x10006368      0x1b0 CMakeFiles/pio-bdm.dir/C_/Pico/pico-sdk/lib/tinyusb/src/device/usbd.c.obj
 .text.process_get_descriptor
                0x10006518       0xec CMakeFiles/pio-bdm.dir/C_/Pico/pico-sdk/lib/tinyusb/src/device/usbd.c.obj
 .text.tud_mounted
                0x10006604       0x10 CMakeFiles/pio-bdm.dir/C_/Pico/pico-sdk/lib/tinyusb/src/device/usbd.c.obj
                0x10006604                tud_mounted
 .text.tud_suspended
                0x10006614       0x10 CMakeFiles/pio-bdm.dir/C_/Pico/pico-sdk/lib/tinyusb/src/device/usbd.c.obj
                0x10006614                tud_suspended
 .text.tud_inited
                0x10006624        0xc CMakeFiles/pio-bdm.dir/C_/Pico/pico-sdk/lib/tinyusb/src/device/usbd.c.obj
                0x10006624                tud_inited
 .text.tud_init
                0x10006630       0xcc CMakeFiles/pio-bdm.dir/C_/Pico/pico-sdk/lib/tinyusb/src/device/usbd.c.obj
                0x10006630                tud_init
 .text.dcd_event_handler
                0x100066fc      0x1e0 CMakeFiles/pio-bdm.dir/C_/Pico/pico-sdk/lib/tinyusb/src/device/usbd.c.obj
                0x100066fc                dcd_event_handler
 .text.dcd_event_bus_signal
                0x100068dc       0x26 CMakeFiles/pio-bdm.dir/C_/Pico/pico-sdk/lib/tinyusb/src/device/usbd.c.obj
                0x100068dc                dcd_event_bus_signal
 .text.dcd_event_bus_reset
                0x10006902       0x2a CMakeFiles/pio-bdm.dir/C_/Pico/pico-sdk/lib/tinyusb/src/device/usbd.c.obj
                0x10006902                dcd_event_bus_reset
 .text.dcd_event_setup_received
                0x1000692c       0x34 CMakeFiles/pio-bdm.dir/C_/Pico/pico-sdk/lib/tinyusb/src/device/usbd.c.obj
                0x1000692c                dcd_event_setup_received
 .text.dcd_event_xfer_complete
                0x10006960       0x44 CMakeFiles/pio-bdm.dir/C_/Pico/pico-sdk/lib/tinyusb/src/device/usbd.c.obj
                0x10006960                dcd_event_xfer_complete
 .text.usbd_edpt_open
                0x100069a4       0x58 CMakeFiles/pio-bdm.dir/C_/Pico/pico-sdk/lib/tinyusb/src/device/usbd.c.obj
                0x100069a4                usbd_edpt_open
 .text.usbd_open_edpt_pair
                0x100069fc       0x8c CMakeFiles/pio-bdm.dir/C_/Pico/pico-sdk/lib/tinyusb/src/device/usbd.c.obj
                0x100069fc                usbd_open_edpt_pair
 .text.usbd_edpt_claim
                0x10006a88       0x8c CMakeFiles/pio-bdm.dir/C_/Pico/pico-sdk/lib/tinyusb/src/device/usbd.c.obj
                0x10006a88                usbd_edpt_claim
 .text.usbd_edpt_release
                0x10006b14       0x68 CMakeFiles/pio-bdm.dir/C_/Pico/pico-sdk/lib/tinyusb/src/device/usbd.c.obj
                0x10006b14                usbd_edpt_release
 .text.usbd_edpt_xfer
                0x10006b7c       0x80 CMakeFiles/pio-bdm.dir/C_/Pico/pico-sdk/lib/tinyusb/src/device/usbd.c.obj
                0x10006b7c                usbd_edpt_xfer
 .text.usbd_edpt_stall
                0x10006bfc       0x40 CMakeFiles/pio-bdm.dir/C_/Pico/pico-sdk/lib/tinyusb/src/device/usbd.c.obj
                0x10006bfc                usbd_edpt_stall
 .text.usbd_edpt_clear_stall
                0x10006c3c       0x40 CMakeFiles/pio-bdm.dir/C_/Pico/pico-sdk/lib/tinyusb/src/device/usbd.c.obj
                0x10006c3c                usbd_edpt_clear_stall
 .text.usbd_edpt_stalled
                0x10006c7c       0x1c CMakeFiles/pio-bdm.dir/C_/Pico/pico-sdk/lib/tinyusb/src/device/usbd.c.obj
                0x10006c7c                usbd_edpt_stalled
 .text.process_control_request
                0x10006c98      0x3b8 CMakeFiles/pio-bdm.dir/C_/Pico/pico-sdk/lib/tinyusb/src/device/usbd.c.obj
 .text.tud_task
                0x10007050      0x218 CMakeFiles/pio-bdm.dir/C_/Pico/pico-sdk/lib/tinyusb/src/device/usbd.c.obj
                0x10007050                tud_task
 .text._data_stage_xact
                0x10007268       0x58 CMakeFiles/pio-bdm.dir/C_/Pico/pico-sdk/lib/tinyusb/src/device/usbd_control.c.obj
 .text.tud_control_status
                0x100072c0       0x38 CMakeFiles/pio-bdm.dir/C_/Pico/pico-sdk/lib/tinyusb/src/device/usbd_control.c.obj
                0x100072c0                tud_control_status
 .text.tud_control_xfer
                0x100072f8       0xa8 CMakeFiles/pio-bdm.dir/C_/Pico/pico-sdk/lib/tinyusb/src/device/usbd_control.c.obj
                0x100072f8                tud_control_xfer
 .text.usbd_control_reset
                0x100073a0       0x14 CMakeFiles/pio-bdm.dir/C_/Pico/pico-sdk/lib/tinyusb/src/device/usbd_control.c.obj
                0x100073a0                usbd_control_reset
 .text.usbd_control_set_complete_callback
                0x100073b4        0xc CMakeFiles/pio-bdm.dir/C_/Pico/pico-sdk/lib/tinyusb/src/device/usbd_control.c.obj
                0x100073b4                usbd_control_set_complete_callback
 .text.usbd_control_set_request
                0x100073c0       0x1c CMakeFiles/pio-bdm.dir/C_/Pico/pico-sdk/lib/tinyusb/src/device/usbd_control.c.obj
                0x100073c0                usbd_control_set_request
 .text.usbd_control_xfer_cb
                0x100073dc       0xfc CMakeFiles/pio-bdm.dir/C_/Pico/pico-sdk/lib/tinyusb/src/device/usbd_control.c.obj
                0x100073dc                usbd_control_xfer_cb
 .text._prep_out_transaction
                0x100074d8       0x46 CMakeFiles/pio-bdm.dir/C_/Pico/pico-sdk/lib/tinyusb/src/class/cdc/cdc_device.c.obj
 *fill*         0x1000751e        0x2 
 .text.tud_cdc_n_connected
                0x10007520       0x44 CMakeFiles/pio-bdm.dir/C_/Pico/pico-sdk/lib/tinyusb/src/class/cdc/cdc_device.c.obj
                0x10007520                tud_cdc_n_connected
 .text.tud_cdc_n_available
                0x10007564       0x18 CMakeFiles/pio-bdm.dir/C_/Pico/pico-sdk/lib/tinyusb/src/class/cdc/cdc_device.c.obj
                0x10007564                tud_cdc_n_available
 .text.tud_cdc_n_read
                0x1000757c       0x28 CMakeFiles/pio-bdm.dir/C_/Pico/pico-sdk/lib/tinyusb/src/class/cdc/cdc_device.c.obj
                0x1000757c                tud_cdc_n_read
 .text.tud_cdc_n_write_flush
                0x100075a4       0xcc CMakeFiles/pio-bdm.dir/C_/Pico/pico-sdk/lib/tinyusb/src/class/cdc/cdc_device.c.obj
                0x100075a4                tud_cdc_n_write_flush
 .text.tud_cdc_n_write
                0x10007670       0x38 CMakeFiles/pio-bdm.dir/C_/Pico/pico-sdk/lib/tinyusb/src/class/cdc/cdc_device.c.obj
                0x10007670                tud_cdc_n_write
 .text.tud_cdc_n_write_available
                0x100076a8       0x1c CMakeFiles/pio-bdm.dir/C_/Pico/pico-sdk/lib/tinyusb/src/class/cdc/cdc_device.c.obj
                0x100076a8                tud_cdc_n_write_available
 .text.cdcd_init
                0x100076c4       0xbc CMakeFiles/pio-bdm.dir/C_/Pico/pico-sdk/lib/tinyusb/src/class/cdc/cdc_device.c.obj
                0x100076c4                cdcd_init
 .text.cdcd_reset
                0x10007780       0x44 CMakeFiles/pio-bdm.dir/C_/Pico/pico-sdk/lib/tinyusb/src/class/cdc/cdc_device.c.obj
                0x10007780                cdcd_reset
 .text.cdcd_open
                0x100077c4       0xf8 CMakeFiles/pio-bdm.dir/C_/Pico/pico-sdk/lib/tinyusb/src/class/cdc/cdc_device.c.obj
                0x100077c4                cdcd_open
 .text.cdcd_control_xfer_cb
                0x100078bc      0x134 CMakeFiles/pio-bdm.dir/C_/Pico/pico-sdk/lib/tinyusb/src/class/cdc/cdc_device.c.obj
                0x100078bc                cdcd_control_xfer_cb
 .text.cdcd_xfer_cb
                0x100079f0      0x144 CMakeFiles/pio-bdm.dir/C_/Pico/pico-sdk/lib/tinyusb/src/class/cdc/cdc_device.c.obj
                0x100079f0                cdcd_xfer_cb
 .text.tusb_init
                0x10007b34       0x24 CMakeFiles/pio-bdm.dir/C_/Pico/pico-sdk/lib/tinyusb/src/tusb.c.obj
                0x10007b34                tusb_init
 .text.tusb_inited
                0x10007b58        0xe CMakeFiles/pio-bdm.dir/C_/Pico/pico-sdk/lib/tinyusb/src/tusb.c.obj
                0x10007b58                tusb_inited
 *fill*         0x10007b66        0x2 
 .text.tu_edpt_validate
                0x10007b68       0xa8 CMakeFiles/pio-bdm.dir/C_/Pico/pico-sdk/lib/tinyusb/src/tusb.c.obj
                0x10007b68                tu_edpt_validate
 .text.tu_edpt_bind_driver
                0x10007c10       0x2a CMakeFiles/pio-bdm.dir/C_/Pico/pico-sdk/lib/tinyusb/src/tusb.c.obj
                0x10007c10                tu_edpt_bind_driver
 .text.advance_pointer
                0x10007c3a       0x18 CMakeFiles/pio-bdm.dir/C_/Pico/pico-sdk/lib/tinyusb/src/common/tusb_fifo.c.obj
 .text.backward_pointer
                0x10007c52       0x1e CMakeFiles/pio-bdm.dir/C_/Pico/pico-sdk/lib/tinyusb/src/common/tusb_fifo.c.obj
 .text.get_relative_pointer
                0x10007c70       0x10 CMakeFiles/pio-bdm.dir/C_/Pico/pico-sdk/lib/tinyusb/src/common/tusb_fifo.c.obj
 .text._tu_fifo_peek
                0x10007c80       0x50 CMakeFiles/pio-bdm.dir/C_/Pico/pico-sdk/lib/tinyusb/src/common/tusb_fifo.c.obj
 .text._ff_pull_const_addr
                0x10007cd0       0x4c CMakeFiles/pio-bdm.dir/C_/Pico/pico-sdk/lib/tinyusb/src/common/tusb_fifo.c.obj
 .text._ff_pull_n
                0x10007d1c      0x10c CMakeFiles/pio-bdm.dir/C_/Pico/pico-sdk/lib/tinyusb/src/common/tusb_fifo.c.obj
 .text._tu_fifo_peek_n
                0x10007e28       0x5e CMakeFiles/pio-bdm.dir/C_/Pico/pico-sdk/lib/tinyusb/src/common/tusb_fifo.c.obj
 .text._tu_fifo_read_n
                0x10007e86       0x4e CMakeFiles/pio-bdm.dir/C_/Pico/pico-sdk/lib/tinyusb/src/common/tusb_fifo.c.obj
 .text._ff_push_const_addr
                0x10007ed4       0x40 CMakeFiles/pio-bdm.dir/C_/Pico/pico-sdk/lib/tinyusb/src/common/tusb_fifo.c.obj
 .text._ff_push_n
                0x10007f14      0x108 CMakeFiles/pio-bdm.dir/C_/Pico/pico-sdk/lib/tinyusb/src/common/tusb_fifo.c.obj
 .text._tu_fifo_write_n
                0x1000801c       0x9e CMakeFiles/pio-bdm.dir/C_/Pico/pico-sdk/lib/tinyusb/src/common/tusb_fifo.c.obj
 .text.tu_fifo_config
                0x100080ba       0x72 CMakeFiles/pio-bdm.dir/C_/Pico/pico-sdk/lib/tinyusb/src/common/tusb_fifo.c.obj
                0x100080ba                tu_fifo_config
 .text.tu_fifo_count
                0x1000812c       0x26 CMakeFiles/pio-bdm.dir/C_/Pico/pico-sdk/lib/tinyusb/src/common/tusb_fifo.c.obj
                0x1000812c                tu_fifo_count
 .text.tu_fifo_empty
                0x10008152       0x10 CMakeFiles/pio-bdm.dir/C_/Pico/pico-sdk/lib/tinyusb/src/common/tusb_fifo.c.obj
                0x10008152                tu_fifo_empty
 .text.tu_fifo_remaining
                0x10008162       0x20 CMakeFiles/pio-bdm.dir/C_/Pico/pico-sdk/lib/tinyusb/src/common/tusb_fifo.c.obj
                0x10008162                tu_fifo_remaining
 .text.tu_fifo_read
                0x10008182       0x42 CMakeFiles/pio-bdm.dir/C_/Pico/pico-sdk/lib/tinyusb/src/common/tusb_fifo.c.obj
                0x10008182                tu_fifo_read
 .text.tu_fifo_read_n
                0x100081c4        0xa CMakeFiles/pio-bdm.dir/C_/Pico/pico-sdk/lib/tinyusb/src/common/tusb_fifo.c.obj
                0x100081c4                tu_fifo_read_n
 .text.tu_fifo_write
                0x100081ce       0x6c CMakeFiles/pio-bdm.dir/C_/Pico/pico-sdk/lib/tinyusb/src/common/tusb_fifo.c.obj
                0x100081ce                tu_fifo_write
 .text.tu_fifo_write_n
                0x1000823a        0xa CMakeFiles/pio-bdm.dir/C_/Pico/pico-sdk/lib/tinyusb/src/common/tusb_fifo.c.obj
                0x1000823a                tu_fifo_write_n
 .text.tu_fifo_clear
                0x10008244       0x4c CMakeFiles/pio-bdm.dir/C_/Pico/pico-sdk/lib/tinyusb/src/common/tusb_fifo.c.obj
                0x10008244                tu_fifo_clear
 .text.tu_fifo_set_overwritable
                0x10008290       0x3c CMakeFiles/pio-bdm.dir/C_/Pico/pico-sdk/lib/tinyusb/src/common/tusb_fifo.c.obj
                0x10008290                tu_fifo_set_overwritable
 .text._retrieve_unique_id_on_boot
                0x100082cc       0x10 CMakeFiles/pio-bdm.dir/C_/Pico/pico-sdk/src/rp2_common/pico_unique_id/unique_id.c.obj
 .text.pico_get_unique_board_id_string
                0x100082dc       0x60 CMakeFiles/pio-bdm.dir/C_/Pico/pico-sdk/src/rp2_common/pico_unique_id/unique_id.c.obj
                0x100082dc                pico_get_unique_board_id_string
 .text.flash_get_unique_id
                0x1000833c       0x46 CMakeFiles/pio-bdm.dir/C_/Pico/pico-sdk/src/rp2_common/hardware_flash/flash.c.obj
                0x1000833c                flash_get_unique_id
 *fill*         0x10008382        0x2 
 .text._pio_can_add_program_at_offset
                0x10008384       0x3c CMakeFiles/pio-bdm.dir/C_/Pico/pico-sdk/src/rp2_common/hardware_pio/pio.c.obj
 .text._pio_find_offset_for_program
                0x100083c0       0x7c CMakeFiles/pio-bdm.dir/C_/Pico/pico-sdk/src/rp2_common/hardware_pio/pio.c.obj
 .text._pio_add_program_at_offset
                0x1000843c       0x78 CMakeFiles/pio-bdm.dir/C_/Pico/pico-sdk/src/rp2_common/hardware_pio/pio.c.obj
 .text.pio_claim_unused_sm
                0x100084b4       0x3c CMakeFiles/pio-bdm.dir/C_/Pico/pico-sdk/src/rp2_common/hardware_pio/pio.c.obj
                0x100084b4                pio_claim_unused_sm
 .text.pio_add_program
                0x100084f0       0x38 CMakeFiles/pio-bdm.dir/C_/Pico/pico-sdk/src/rp2_common/hardware_pio/pio.c.obj
                0x100084f0                pio_add_program
 .text.pio_clear_instruction_memory
                0x10008528       0x3c CMakeFiles/pio-bdm.dir/C_/Pico/pico-sdk/src/rp2_common/hardware_pio/pio.c.obj
                0x10008528                pio_clear_instruction_memory
 .text.pio_sm_set_consecutive_pindirs
                0x10008564       0x70 CMakeFiles/pio-bdm.dir/C_/Pico/pico-sdk/src/rp2_common/hardware_pio/pio.c.obj
                0x10008564                pio_sm_set_consecutive_pindirs
 .text.pio_sm_init
                0x100085d4       0xe4 CMakeFiles/pio-bdm.dir/C_/Pico/pico-sdk/src/rp2_common/hardware_pio/pio.c.obj
                0x100085d4                pio_sm_init
 .text._calloc_r
                0x100086b8       0x9c c:/progra~2/gnuarm~1/102021~1.10/bin/../lib/gcc/arm-none-eabi/10.3.1/../../../../arm-none-eabi/lib/thumb/v6-m/nofp\libg.a(lib_a-callocr.o)
                0x100086b8                _calloc_r
 .text.__errno  0x10008754        0xc c:/progra~2/gnuarm~1/102021~1.10/bin/../lib/gcc/arm-none-eabi/10.3.1/../../../../arm-none-eabi/lib/thumb/v6-m/nofp\libg.a(lib_a-errno.o)
                0x10008754                __errno
 .text.malloc   0x10008760       0x14 c:/progra~2/gnuarm~1/102021~1.10/bin/../lib/gcc/arm-none-eabi/10.3.1/../../../../arm-none-eabi/lib/thumb/v6-m/nofp\libg.a(lib_a-malloc.o)
                0x10008760                malloc
 .text.free     0x10008774       0x14 c:/progra~2/gnuarm~1/102021~1.10/bin/../lib/gcc/arm-none-eabi/10.3.1/../../../../arm-none-eabi/lib/thumb/v6-m/nofp\libg.a(lib_a-malloc.o)
                0x10008774                free
 .text._malloc_r
                0x10008788      0x584 c:/progra~2/gnuarm~1/102021~1.10/bin/../lib/gcc/arm-none-eabi/10.3.1/../../../../arm-none-eabi/lib/thumb/v6-m/nofp\libg.a(lib_a-mallocr.o)
                0x10008788                _malloc_r
 .text.__malloc_lock
                0x10008d0c       0x10 c:/progra~2/gnuarm~1/102021~1.10/bin/../lib/gcc/arm-none-eabi/10.3.1/../../../../arm-none-eabi/lib/thumb/v6-m/nofp\libg.a(lib_a-mlock.o)
                0x10008d0c                __malloc_lock
 .text.__malloc_unlock
                0x10008d1c       0x10 c:/progra~2/gnuarm~1/102021~1.10/bin/../lib/gcc/arm-none-eabi/10.3.1/../../../../arm-none-eabi/lib/thumb/v6-m/nofp\libg.a(lib_a-mlock.o)
                0x10008d1c                __malloc_unlock
 .text.realloc  0x10008d2c       0x18 c:/progra~2/gnuarm~1/102021~1.10/bin/../lib/gcc/arm-none-eabi/10.3.1/../../../../arm-none-eabi/lib/thumb/v6-m/nofp\libg.a(lib_a-realloc.o)
                0x10008d2c                realloc
 .text._realloc_r
                0x10008d44      0x354 c:/progra~2/gnuarm~1/102021~1.10/bin/../lib/gcc/arm-none-eabi/10.3.1/../../../../arm-none-eabi/lib/thumb/v6-m/nofp\libg.a(lib_a-reallocr.o)
                0x10008d44                _realloc_r
 .text._sbrk_r  0x10009098       0x24 c:/progra~2/gnuarm~1/102021~1.10/bin/../lib/gcc/arm-none-eabi/10.3.1/../../../../arm-none-eabi/lib/thumb/v6-m/nofp\libg.a(lib_a-sbrkr.o)
                0x10009098                _sbrk_r
 .text.scanf    0x100090bc       0x24 c:/progra~2/gnuarm~1/102021~1.10/bin/../lib/gcc/arm-none-eabi/10.3.1/../../../../arm-none-eabi/lib/thumb/v6-m/nofp\libg.a(lib_a-scanf.o)
                0x100090bc                scanf
 .text          0x100090e0       0x88 c:/progra~2/gnuarm~1/102021~1.10/bin/../lib/gcc/arm-none-eabi/10.3.1/../../../../arm-none-eabi/lib/thumb/v6-m/nofp\libg.a(lib_a-strcmp.o)
                0x100090e0                strcmp
 .text.strlen   0x10009168       0x5c c:/progra~2/gnuarm~1/102021~1.10/bin/../lib/gcc/arm-none-eabi/10.3.1/../../../../arm-none-eabi/lib/thumb/v6-m/nofp\libg.a(lib_a-strlen-stub.o)
                0x10009168                strlen
 .text.__strtok_r
                0x100091c4       0x6c c:/progra~2/gnuarm~1/102021~1.10/bin/../lib/gcc/arm-none-eabi/10.3.1/../../../../arm-none-eabi/lib/thumb/v6-m/nofp\libg.a(lib_a-strtok_r.o)
                0x100091c4                __strtok_r
 .text.strtok_r
                0x10009230        0xc c:/progra~2/gnuarm~1/102021~1.10/bin/../lib/gcc/arm-none-eabi/10.3.1/../../../../arm-none-eabi/lib/thumb/v6-m/nofp\libg.a(lib_a-strtok_r.o)
                0x10009230                strtok_r
 .text._strtol_l.part.0
                0x1000923c      0x144 c:/progra~2/gnuarm~1/102021~1.10/bin/../lib/gcc/arm-none-eabi/10.3.1/../../../../arm-none-eabi/lib/thumb/v6-m/nofp\libg.a(lib_a-strtol.o)
 .text._strtol_r
                0x10009380       0x1c c:/progra~2/gnuarm~1/102021~1.10/bin/../lib/gcc/arm-none-eabi/10.3.1/../../../../arm-none-eabi/lib/thumb/v6-m/nofp\libg.a(lib_a-strtol.o)
                0x10009380                _strtol_r
 .text.strtol   0x1000939c       0x2c c:/progra~2/gnuarm~1/102021~1.10/bin/../lib/gcc/arm-none-eabi/10.3.1/../../../../arm-none-eabi/lib/thumb/v6-m/nofp\libg.a(lib_a-strtol.o)
                0x1000939c                strtol
 .text.__svfscanf_r
                0x100093c8     0x17d8 c:/progra~2/gnuarm~1/102021~1.10/bin/../lib/gcc/arm-none-eabi/10.3.1/../../../../arm-none-eabi/lib/thumb/v6-m/nofp\libg.a(lib_a-vfscanf.o)
                0x100093c8                __svfscanf_r
 .text._vfscanf_r
                0x1000aba0       0x28 c:/progra~2/gnuarm~1/102021~1.10/bin/../lib/gcc/arm-none-eabi/10.3.1/../../../../arm-none-eabi/lib/thumb/v6-m/nofp\libg.a(lib_a-vfscanf.o)
                0x1000aba0                _vfscanf_r
 .text._cleanup_r
                0x1000abc8       0x10 c:/progra~2/gnuarm~1/102021~1.10/bin/../lib/gcc/arm-none-eabi/10.3.1/../../../../arm-none-eabi/lib/thumb/v6-m/nofp\libg.a(lib_a-findfp.o)
                0x1000abc8                _cleanup_r
 .text.__sinit  0x1000abd8      0x120 c:/progra~2/gnuarm~1/102021~1.10/bin/../lib/gcc/arm-none-eabi/10.3.1/../../../../arm-none-eabi/lib/thumb/v6-m/nofp\libg.a(lib_a-findfp.o)
                0x1000abd8                __sinit
 .text.__sfp_lock_acquire
                0x1000acf8       0x10 c:/progra~2/gnuarm~1/102021~1.10/bin/../lib/gcc/arm-none-eabi/10.3.1/../../../../arm-none-eabi/lib/thumb/v6-m/nofp\libg.a(lib_a-findfp.o)
                0x1000acf8                __sfp_lock_acquire
 .text.__sfp_lock_release
                0x1000ad08       0x10 c:/progra~2/gnuarm~1/102021~1.10/bin/../lib/gcc/arm-none-eabi/10.3.1/../../../../arm-none-eabi/lib/thumb/v6-m/nofp\libg.a(lib_a-findfp.o)
                0x1000ad08                __sfp_lock_release
 .text._fread_r
                0x1000ad18      0x1bc c:/progra~2/gnuarm~1/102021~1.10/bin/../lib/gcc/arm-none-eabi/10.3.1/../../../../arm-none-eabi/lib/thumb/v6-m/nofp\libg.a(lib_a-fread.o)
                0x1000ad18                _fread_r
 .text._malloc_trim_r
                0x1000aed4       0x9c c:/progra~2/gnuarm~1/102021~1.10/bin/../lib/gcc/arm-none-eabi/10.3.1/../../../../arm-none-eabi/lib/thumb/v6-m/nofp\libg.a(lib_a-freer.o)
                0x1000aed4                _malloc_trim_r
 .text._free_r  0x1000af70      0x1c4 c:/progra~2/gnuarm~1/102021~1.10/bin/../lib/gcc/arm-none-eabi/10.3.1/../../../../arm-none-eabi/lib/thumb/v6-m/nofp\libg.a(lib_a-freer.o)
                0x1000af70                _free_r
 .text._fwalk   0x1000b134       0x40 c:/progra~2/gnuarm~1/102021~1.10/bin/../lib/gcc/arm-none-eabi/10.3.1/../../../../arm-none-eabi/lib/thumb/v6-m/nofp\libg.a(lib_a-fwalk.o)
                0x1000b134                _fwalk
 .text._fwalk_reent
                0x1000b174       0x48 c:/progra~2/gnuarm~1/102021~1.10/bin/../lib/gcc/arm-none-eabi/10.3.1/../../../../arm-none-eabi/lib/thumb/v6-m/nofp\libg.a(lib_a-fwalk.o)
                0x1000b174                _fwalk_reent
 .text.iswspace
                0x1000b1bc        0xc c:/progra~2/gnuarm~1/102021~1.10/bin/../lib/gcc/arm-none-eabi/10.3.1/../../../../arm-none-eabi/lib/thumb/v6-m/nofp\libg.a(lib_a-iswspace.o)
                0x1000b1bc                iswspace
 .text.iswspace_l
                0x1000b1c8       0x18 c:/progra~2/gnuarm~1/102021~1.10/bin/../lib/gcc/arm-none-eabi/10.3.1/../../../../arm-none-eabi/lib/thumb/v6-m/nofp\libg.a(lib_a-iswspace_l.o)
                0x1000b1c8                iswspace_l
 .text.__locale_mb_cur_max
                0x1000b1e0       0x10 c:/progra~2/gnuarm~1/102021~1.10/bin/../lib/gcc/arm-none-eabi/10.3.1/../../../../arm-none-eabi/lib/thumb/v6-m/nofp\libg.a(lib_a-locale.o)
                0x1000b1e0                __locale_mb_cur_max
 .text._localeconv_r
                0x1000b1f0        0x8 c:/progra~2/gnuarm~1/102021~1.10/bin/../lib/gcc/arm-none-eabi/10.3.1/../../../../arm-none-eabi/lib/thumb/v6-m/nofp\libg.a(lib_a-localeconv.o)
                0x1000b1f0                _localeconv_r
 .text.__retarget_lock_init_recursive
                0x1000b1f8        0x4 c:/progra~2/gnuarm~1/102021~1.10/bin/../lib/gcc/arm-none-eabi/10.3.1/../../../../arm-none-eabi/lib/thumb/v6-m/nofp\libg.a(lib_a-lock.o)
                0x1000b1f8                __retarget_lock_init_recursive
 .text.__retarget_lock_close_recursive
                0x1000b1fc        0x4 c:/progra~2/gnuarm~1/102021~1.10/bin/../lib/gcc/arm-none-eabi/10.3.1/../../../../arm-none-eabi/lib/thumb/v6-m/nofp\libg.a(lib_a-lock.o)
                0x1000b1fc                __retarget_lock_close_recursive
 .text.__retarget_lock_acquire_recursive
                0x1000b200        0x4 c:/progra~2/gnuarm~1/102021~1.10/bin/../lib/gcc/arm-none-eabi/10.3.1/../../../../arm-none-eabi/lib/thumb/v6-m/nofp\libg.a(lib_a-lock.o)
                0x1000b200                __retarget_lock_acquire_recursive
 .text.__retarget_lock_release_recursive
                0x1000b204        0x4 c:/progra~2/gnuarm~1/102021~1.10/bin/../lib/gcc/arm-none-eabi/10.3.1/../../../../arm-none-eabi/lib/thumb/v6-m/nofp\libg.a(lib_a-lock.o)
                0x1000b204                __retarget_lock_release_recursive
 .text._mbrtowc_r
                0x1000b208       0x4c c:/progra~2/gnuarm~1/102021~1.10/bin/../lib/gcc/arm-none-eabi/10.3.1/../../../../arm-none-eabi/lib/thumb/v6-m/nofp\libg.a(lib_a-mbrtowc.o)
                0x1000b208                _mbrtowc_r
 .text.__ascii_mbtowc
                0x1000b254       0x2c c:/progra~2/gnuarm~1/102021~1.10/bin/../lib/gcc/arm-none-eabi/10.3.1/../../../../arm-none-eabi/lib/thumb/v6-m/nofp\libg.a(lib_a-mbtowc_r.o)
                0x1000b254                __ascii_mbtowc
 .text.memmove  0x1000b280       0xac c:/progra~2/gnuarm~1/102021~1.10/bin/../lib/gcc/arm-none-eabi/10.3.1/../../../../arm-none-eabi/lib/thumb/v6-m/nofp\libg.a(lib_a-memmove.o)
                0x1000b280                memmove
 .text.lflush   0x1000b32c       0x1c c:/progra~2/gnuarm~1/102021~1.10/bin/../lib/gcc/arm-none-eabi/10.3.1/../../../../arm-none-eabi/lib/thumb/v6-m/nofp\libg.a(lib_a-refill.o)
 .text.__srefill_r
                0x1000b348      0x124 c:/progra~2/gnuarm~1/102021~1.10/bin/../lib/gcc/arm-none-eabi/10.3.1/../../../../arm-none-eabi/lib/thumb/v6-m/nofp\libg.a(lib_a-refill.o)
                0x1000b348                __srefill_r
 .text.__sccl   0x1000b46c       0x80 c:/progra~2/gnuarm~1/102021~1.10/bin/../lib/gcc/arm-none-eabi/10.3.1/../../../../arm-none-eabi/lib/thumb/v6-m/nofp\libg.a(lib_a-sccl.o)
                0x1000b46c                __sccl
 .text.nanf     0x1000b4ec        0x8 c:/progra~2/gnuarm~1/102021~1.10/bin/../lib/gcc/arm-none-eabi/10.3.1/../../../../arm-none-eabi/lib/thumb/v6-m/nofp\libg.a(lib_a-sf_nan.o)
                0x1000b4ec                nanf
 .text.__sread  0x1000b4f4       0x28 c:/progra~2/gnuarm~1/102021~1.10/bin/../lib/gcc/arm-none-eabi/10.3.1/../../../../arm-none-eabi/lib/thumb/v6-m/nofp\libg.a(lib_a-stdio.o)
                0x1000b4f4                __sread
 .text.__swrite
                0x1000b51c       0x40 c:/progra~2/gnuarm~1/102021~1.10/bin/../lib/gcc/arm-none-eabi/10.3.1/../../../../arm-none-eabi/lib/thumb/v6-m/nofp\libg.a(lib_a-stdio.o)
                0x1000b51c                __swrite
 .text.__sseek  0x1000b55c       0x2c c:/progra~2/gnuarm~1/102021~1.10/bin/../lib/gcc/arm-none-eabi/10.3.1/../../../../arm-none-eabi/lib/thumb/v6-m/nofp\libg.a(lib_a-stdio.o)
                0x1000b55c                __sseek
 .text.__sclose
                0x1000b588        0xc c:/progra~2/gnuarm~1/102021~1.10/bin/../lib/gcc/arm-none-eabi/10.3.1/../../../../arm-none-eabi/lib/thumb/v6-m/nofp\libg.a(lib_a-stdio.o)
                0x1000b588                __sclose
 .text._strtod_l
                0x1000b594      0xf78 c:/progra~2/gnuarm~1/102021~1.10/bin/../lib/gcc/arm-none-eabi/10.3.1/../../../../arm-none-eabi/lib/thumb/v6-m/nofp\libg.a(lib_a-strtod.o)
                0x1000b594                _strtod_l
 .text._strtod_r
                0x1000c50c       0x10 c:/progra~2/gnuarm~1/102021~1.10/bin/../lib/gcc/arm-none-eabi/10.3.1/../../../../arm-none-eabi/lib/thumb/v6-m/nofp\libg.a(lib_a-strtod.o)
                0x1000c50c                _strtod_r
 .text._strtoll_l.constprop.0
                0x1000c51c      0x198 c:/progra~2/gnuarm~1/102021~1.10/bin/../lib/gcc/arm-none-eabi/10.3.1/../../../../arm-none-eabi/lib/thumb/v6-m/nofp\libg.a(lib_a-strtoll.o)
 .text._strtoll_r
                0x1000c6b4        0x8 c:/progra~2/gnuarm~1/102021~1.10/bin/../lib/gcc/arm-none-eabi/10.3.1/../../../../arm-none-eabi/lib/thumb/v6-m/nofp\libg.a(lib_a-strtoll.o)
                0x1000c6b4                _strtoll_r
 .text._strtoul_l.constprop.0
                0x1000c6bc      0x148 c:/progra~2/gnuarm~1/102021~1.10/bin/../lib/gcc/arm-none-eabi/10.3.1/../../../../arm-none-eabi/lib/thumb/v6-m/nofp\libg.a(lib_a-strtoul.o)
 .text._strtoul_r
                0x1000c804        0x8 c:/progra~2/gnuarm~1/102021~1.10/bin/../lib/gcc/arm-none-eabi/10.3.1/../../../../arm-none-eabi/lib/thumb/v6-m/nofp\libg.a(lib_a-strtoul.o)
                0x1000c804                _strtoul_r
 .text._strtoull_l.constprop.0
                0x1000c80c      0x1bc c:/progra~2/gnuarm~1/102021~1.10/bin/../lib/gcc/arm-none-eabi/10.3.1/../../../../arm-none-eabi/lib/thumb/v6-m/nofp\libg.a(lib_a-strtoull.o)
 .text._strtoull_r
                0x1000c9c8        0x8 c:/progra~2/gnuarm~1/102021~1.10/bin/../lib/gcc/arm-none-eabi/10.3.1/../../../../arm-none-eabi/lib/thumb/v6-m/nofp\libg.a(lib_a-strtoull.o)
                0x1000c9c8                _strtoull_r
 .text.__submore
                0x1000c9d0       0x84 c:/progra~2/gnuarm~1/102021~1.10/bin/../lib/gcc/arm-none-eabi/10.3.1/../../../../arm-none-eabi/lib/thumb/v6-m/nofp\libg.a(lib_a-ungetc.o)
                0x1000c9d0                __submore
 .text._ungetc_r
                0x1000ca54      0x138 c:/progra~2/gnuarm~1/102021~1.10/bin/../lib/gcc/arm-none-eabi/10.3.1/../../../../arm-none-eabi/lib/thumb/v6-m/nofp\libg.a(lib_a-ungetc.o)
                0x1000ca54                _ungetc_r
 .text.__ascii_wctomb
                0x1000cb8c       0x1c c:/progra~2/gnuarm~1/102021~1.10/bin/../lib/gcc/arm-none-eabi/10.3.1/../../../../arm-none-eabi/lib/thumb/v6-m/nofp\libg.a(lib_a-wctomb_r.o)
                0x1000cb8c                __ascii_wctomb
 .text._write_r
                0x1000cba8       0x28 c:/progra~2/gnuarm~1/102021~1.10/bin/../lib/gcc/arm-none-eabi/10.3.1/../../../../arm-none-eabi/lib/thumb/v6-m/nofp\libg.a(lib_a-writer.o)
                0x1000cba8                _write_r
 .text._close_r
                0x1000cbd0       0x24 c:/progra~2/gnuarm~1/102021~1.10/bin/../lib/gcc/arm-none-eabi/10.3.1/../../../../arm-none-eabi/lib/thumb/v6-m/nofp\libg.a(lib_a-closer.o)
                0x1000cbd0                _close_r
 .text._fclose_r
                0x1000cbf4       0xdc c:/progra~2/gnuarm~1/102021~1.10/bin/../lib/gcc/arm-none-eabi/10.3.1/../../../../arm-none-eabi/lib/thumb/v6-m/nofp\libg.a(lib_a-fclose.o)
                0x1000cbf4                _fclose_r
 .text.__sflush_r
                0x1000ccd0      0x140 c:/progra~2/gnuarm~1/102021~1.10/bin/../lib/gcc/arm-none-eabi/10.3.1/../../../../arm-none-eabi/lib/thumb/v6-m/nofp\libg.a(lib_a-fflush.o)
                0x1000ccd0                __sflush_r
 .text._fflush_r
                0x1000ce10       0x6c c:/progra~2/gnuarm~1/102021~1.10/bin/../lib/gcc/arm-none-eabi/10.3.1/../../../../arm-none-eabi/lib/thumb/v6-m/nofp\libg.a(lib_a-fflush.o)
                0x1000ce10                _fflush_r
 .text.fflush   0x1000ce7c       0x78 c:/progra~2/gnuarm~1/102021~1.10/bin/../lib/gcc/arm-none-eabi/10.3.1/../../../../arm-none-eabi/lib/thumb/v6-m/nofp\libg.a(lib_a-fflush.o)
                0x1000ce7c                fflush
 .text.rshift   0x1000cef4       0xa4 c:/progra~2/gnuarm~1/102021~1.10/bin/../lib/gcc/arm-none-eabi/10.3.1/../../../../arm-none-eabi/lib/thumb/v6-m/nofp\libg.a(lib_a-gdtoa-gethex.o)
 .text.__gethex
                0x1000cf98      0x5cc c:/progra~2/gnuarm~1/102021~1.10/bin/../lib/gcc/arm-none-eabi/10.3.1/../../../../arm-none-eabi/lib/thumb/v6-m/nofp\libg.a(lib_a-gdtoa-gethex.o)
                0x1000cf98                __gethex
 .text.__match  0x1000d564       0x2c c:/progra~2/gnuarm~1/102021~1.10/bin/../lib/gcc/arm-none-eabi/10.3.1/../../../../arm-none-eabi/lib/thumb/v6-m/nofp\libg.a(lib_a-gdtoa-hexnan.o)
                0x1000d564                __match
 .text.__hexnan
                0x1000d590      0x1d0 c:/progra~2/gnuarm~1/102021~1.10/bin/../lib/gcc/arm-none-eabi/10.3.1/../../../../arm-none-eabi/lib/thumb/v6-m/nofp\libg.a(lib_a-gdtoa-hexnan.o)
                0x1000d590                __hexnan
 .text._lseek_r
                0x1000d760       0x28 c:/progra~2/gnuarm~1/102021~1.10/bin/../lib/gcc/arm-none-eabi/10.3.1/../../../../arm-none-eabi/lib/thumb/v6-m/nofp\libg.a(lib_a-lseekr.o)
                0x1000d760                _lseek_r
 .text.__smakebuf_r
                0x1000d788       0xe4 c:/progra~2/gnuarm~1/102021~1.10/bin/../lib/gcc/arm-none-eabi/10.3.1/../../../../arm-none-eabi/lib/thumb/v6-m/nofp\libg.a(lib_a-makebuf.o)
                0x1000d788                __smakebuf_r
 .text._Balloc  0x1000d86c       0x50 c:/progra~2/gnuarm~1/102021~1.10/bin/../lib/gcc/arm-none-eabi/10.3.1/../../../../arm-none-eabi/lib/thumb/v6-m/nofp\libg.a(lib_a-mprec.o)
                0x1000d86c                _Balloc
 .text._Bfree   0x1000d8bc       0x14 c:/progra~2/gnuarm~1/102021~1.10/bin/../lib/gcc/arm-none-eabi/10.3.1/../../../../arm-none-eabi/lib/thumb/v6-m/nofp\libg.a(lib_a-mprec.o)
                0x1000d8bc                _Bfree
 .text.__multadd
                0x1000d8d0       0xa8 c:/progra~2/gnuarm~1/102021~1.10/bin/../lib/gcc/arm-none-eabi/10.3.1/../../../../arm-none-eabi/lib/thumb/v6-m/nofp\libg.a(lib_a-mprec.o)
                0x1000d8d0                __multadd
 .text.__s2b    0x1000d978       0xb0 c:/progra~2/gnuarm~1/102021~1.10/bin/../lib/gcc/arm-none-eabi/10.3.1/../../../../arm-none-eabi/lib/thumb/v6-m/nofp\libg.a(lib_a-mprec.o)
                0x1000d978                __s2b
 .text.__hi0bits
                0x1000da28       0x38 c:/progra~2/gnuarm~1/102021~1.10/bin/../lib/gcc/arm-none-eabi/10.3.1/../../../../arm-none-eabi/lib/thumb/v6-m/nofp\libg.a(lib_a-mprec.o)
                0x1000da28                __hi0bits
 .text.__lo0bits
                0x1000da60       0x5c c:/progra~2/gnuarm~1/102021~1.10/bin/../lib/gcc/arm-none-eabi/10.3.1/../../../../arm-none-eabi/lib/thumb/v6-m/nofp\libg.a(lib_a-mprec.o)
                0x1000da60                __lo0bits
 .text.__i2b    0x1000dabc       0x60 c:/progra~2/gnuarm~1/102021~1.10/bin/../lib/gcc/arm-none-eabi/10.3.1/../../../../arm-none-eabi/lib/thumb/v6-m/nofp\libg.a(lib_a-mprec.o)
                0x1000dabc                __i2b
 .text.__multiply
                0x1000db1c      0x1a4 c:/progra~2/gnuarm~1/102021~1.10/bin/../lib/gcc/arm-none-eabi/10.3.1/../../../../arm-none-eabi/lib/thumb/v6-m/nofp\libg.a(lib_a-mprec.o)
                0x1000db1c                __multiply
 .text.__pow5mult
                0x1000dcc0       0xd8 c:/progra~2/gnuarm~1/102021~1.10/bin/../lib/gcc/arm-none-eabi/10.3.1/../../../../arm-none-eabi/lib/thumb/v6-m/nofp\libg.a(lib_a-mprec.o)
                0x1000dcc0                __pow5mult
 .text.__lshift
                0x1000dd98       0xfc c:/progra~2/gnuarm~1/102021~1.10/bin/../lib/gcc/arm-none-eabi/10.3.1/../../../../arm-none-eabi/lib/thumb/v6-m/nofp\libg.a(lib_a-mprec.o)
                0x1000dd98                __lshift
 .text.__mcmp   0x1000de94       0x34 c:/progra~2/gnuarm~1/102021~1.10/bin/../lib/gcc/arm-none-eabi/10.3.1/../../../../arm-none-eabi/lib/thumb/v6-m/nofp\libg.a(lib_a-mprec.o)
                0x1000de94                __mcmp
 .text.__mdiff  0x1000dec8      0x18c c:/progra~2/gnuarm~1/102021~1.10/bin/../lib/gcc/arm-none-eabi/10.3.1/../../../../arm-none-eabi/lib/thumb/v6-m/nofp\libg.a(lib_a-mprec.o)
                0x1000dec8                __mdiff
 .text.__ulp    0x1000e054       0x48 c:/progra~2/gnuarm~1/102021~1.10/bin/../lib/gcc/arm-none-eabi/10.3.1/../../../../arm-none-eabi/lib/thumb/v6-m/nofp\libg.a(lib_a-mprec.o)
                0x1000e054                __ulp
 .text.__b2d    0x1000e09c       0xc8 c:/progra~2/gnuarm~1/102021~1.10/bin/../lib/gcc/arm-none-eabi/10.3.1/../../../../arm-none-eabi/lib/thumb/v6-m/nofp\libg.a(lib_a-mprec.o)
                0x1000e09c                __b2d
 .text.__d2b    0x1000e164       0xd8 c:/progra~2/gnuarm~1/102021~1.10/bin/../lib/gcc/arm-none-eabi/10.3.1/../../../../arm-none-eabi/lib/thumb/v6-m/nofp\libg.a(lib_a-mprec.o)
                0x1000e164                __d2b
 .text.__ratio  0x1000e23c       0x68 c:/progra~2/gnuarm~1/102021~1.10/bin/../lib/gcc/arm-none-eabi/10.3.1/../../../../arm-none-eabi/lib/thumb/v6-m/nofp\libg.a(lib_a-mprec.o)
                0x1000e23c                __ratio
 .text.__copybits
                0x1000e2a4       0x40 c:/progra~2/gnuarm~1/102021~1.10/bin/../lib/gcc/arm-none-eabi/10.3.1/../../../../arm-none-eabi/lib/thumb/v6-m/nofp\libg.a(lib_a-mprec.o)
                0x1000e2a4                __copybits
 .text.__any_on
                0x1000e2e4       0x50 c:/progra~2/gnuarm~1/102021~1.10/bin/../lib/gcc/arm-none-eabi/10.3.1/../../../../arm-none-eabi/lib/thumb/v6-m/nofp\libg.a(lib_a-mprec.o)
                0x1000e2e4                __any_on
 .text._read_r  0x1000e334       0x28 c:/progra~2/gnuarm~1/102021~1.10/bin/../lib/gcc/arm-none-eabi/10.3.1/../../../../arm-none-eabi/lib/thumb/v6-m/nofp\libg.a(lib_a-readr.o)
                0x1000e334                _read_r
 .text.nan      0x1000e35c        0xc c:/progra~2/gnuarm~1/102021~1.10/bin/../lib/gcc/arm-none-eabi/10.3.1/../../../../arm-none-eabi/lib/thumb/v6-m/nofp\libg.a(lib_a-s_nan.o)
                0x1000e35c                nan
 .text.strncmp  0x1000e368       0x74 c:/progra~2/gnuarm~1/102021~1.10/bin/../lib/gcc/arm-none-eabi/10.3.1/../../../../arm-none-eabi/lib/thumb/v6-m/nofp\libg.a(lib_a-strncmp.o)
                0x1000e368                strncmp
 .text._fstat_r
                0x1000e3dc       0x28 c:/progra~2/gnuarm~1/102021~1.10/bin/../lib/gcc/arm-none-eabi/10.3.1/../../../../arm-none-eabi/lib/thumb/v6-m/nofp\libg.a(lib_a-fstatr.o)
                0x1000e3dc                _fstat_r
 .text._isatty_r
                0x1000e404       0x24 c:/progra~2/gnuarm~1/102021~1.10/bin/../lib/gcc/arm-none-eabi/10.3.1/../../../../arm-none-eabi/lib/thumb/v6-m/nofp\libg.a(lib_a-isattyr.o)
                0x1000e404                _isatty_r
 .text._close   0x1000e428       0x10 c:/progra~2/gnuarm~1/102021~1.10/bin/../lib/gcc/arm-none-eabi/10.3.1/../../../../arm-none-eabi/lib/thumb/v6-m/nofp\libnosys.a(close.o)
                0x1000e428                _close
 .text._fstat   0x1000e438       0x10 c:/progra~2/gnuarm~1/102021~1.10/bin/../lib/gcc/arm-none-eabi/10.3.1/../../../../arm-none-eabi/lib/thumb/v6-m/nofp\libnosys.a(fstat.o)
                0x1000e438                _fstat
 .text._isatty  0x1000e448       0x10 c:/progra~2/gnuarm~1/102021~1.10/bin/../lib/gcc/arm-none-eabi/10.3.1/../../../../arm-none-eabi/lib/thumb/v6-m/nofp\libnosys.a(isatty.o)
                0x1000e448                _isatty
 .text._lseek   0x1000e458       0x10 c:/progra~2/gnuarm~1/102021~1.10/bin/../lib/gcc/arm-none-eabi/10.3.1/../../../../arm-none-eabi/lib/thumb/v6-m/nofp\libnosys.a(lseek.o)
                0x1000e458                _lseek
 *(.fini)
 .fini          0x1000e468        0x4 c:/progra~2/gnuarm~1/102021~1.10/bin/../lib/gcc/arm-none-eabi/10.3.1/thumb/v6-m/nofp/crti.o
                0x1000e468                _fini
 *fill*         0x1000e46c        0x4 
 .fini.__stub   0x1000e470       0x70 linker stubs
 *crtbegin.o(.ctors)
 *crtbegin?.o(.ctors)
 *(EXCLUDE_FILE(*crtend.o *crtend?.o) .ctors)
 *(SORT_BY_NAME(.ctors.*))
 *(.ctors)
 *crtbegin.o(.dtors)
 *crtbegin?.o(.dtors)
 *(EXCLUDE_FILE(*crtend.o *crtend?.o) .dtors)
 *(SORT_BY_NAME(.dtors.*))
 *(.dtors)
 *(.eh_frame*)
 .eh_frame      0x1000e4e0        0x0 c:/progra~2/gnuarm~1/102021~1.10/bin/../lib/gcc/arm-none-eabi/10.3.1/thumb/v6-m/nofp/crtbegin.o
                0x1000e4e0                . = ALIGN (0x4)

.glue_7         0x1000e4e0        0x0
 .glue_7        0x1000e4e0        0x0 linker stubs

.glue_7t        0x1000e4e0        0x0
 .glue_7t       0x1000e4e0        0x0 linker stubs

.vfp11_veneer   0x1000e4e0        0x0
 .vfp11_veneer  0x1000e4e0        0x0 linker stubs

.v4_bx          0x1000e4e0        0x0
 .v4_bx         0x1000e4e0        0x0 linker stubs

.iplt           0x1000e4e0        0x0
 .iplt          0x1000e4e0        0x0 c:/progra~2/gnuarm~1/102021~1.10/bin/../lib/gcc/arm-none-eabi/10.3.1/thumb/v6-m/nofp/crtbegin.o

.rodata         0x1000e4e0     0x27ec
 *(EXCLUDE_FILE(*libm.a: *libc.a:*lib_a-mem*.o *libgcc.a:) .rodata*)
 .rodata.main.str1.4
                0x1000e4e0       0x9e CMakeFiles/pio-bdm.dir/main.c.obj
 *fill*         0x1000e57e        0x2 
 .rodata.is_input_data_valid.str1.4
                0x1000e580        0xe CMakeFiles/pio-bdm.dir/functions.c.obj
 *fill*         0x1000e58e        0x2 
 .rodata.is_command_valid
                0x1000e590      0x284 CMakeFiles/pio-bdm.dir/functions.c.obj
 .rodata.get_delay_position
                0x1000e814      0x310 CMakeFiles/pio-bdm.dir/functions.c.obj
 .rodata.get_string.str1.4
                0x1000eb24        0x3 CMakeFiles/pio-bdm.dir/functions.c.obj
 *fill*         0x1000eb27        0x1 
 .rodata.is_command_sync.str1.4
                0x1000eb28        0x5 CMakeFiles/pio-bdm.dir/functions.c.obj
 *fill*         0x1000eb2d        0x3 
 .rodata.measure_freqs.str1.4
                0x1000eb30       0x9e CMakeFiles/pio-bdm.dir/pio_functions.c.obj
 *fill*         0x1000ebce        0x2 
 .rodata.start_usb_connection.str1.4
                0x1000ebd0       0x1d CMakeFiles/pio-bdm.dir/pio_functions.c.obj
 *fill*         0x1000ebed        0x3 
 .rodata.sync.str1.4
                0x1000ebf0       0x57 CMakeFiles/pio-bdm.dir/pio_functions.c.obj
 *fill*         0x1000ec47        0x1 
 .rodata.__func__.0
                0x1000ec48       0x15 CMakeFiles/pio-bdm.dir/pio_functions.c.obj
 *fill*         0x1000ec5d        0x3 
 .rodata.bdm_delay_program
                0x1000ec60        0x6 CMakeFiles/pio-bdm.dir/pio_functions.c.obj
 *fill*         0x1000ec66        0x2 
 .rodata.bdm_delay_program_instructions
                0x1000ec68        0xa CMakeFiles/pio-bdm.dir/pio_functions.c.obj
 *fill*         0x1000ec72        0x2 
 .rodata.bdm_in_program
                0x1000ec74        0x6 CMakeFiles/pio-bdm.dir/pio_functions.c.obj
 *fill*         0x1000ec7a        0x2 
 .rodata.bdm_in_program_instructions
                0x1000ec7c       0x10 CMakeFiles/pio-bdm.dir/pio_functions.c.obj
 .rodata.bdm_out_program
                0x1000ec8c        0x6 CMakeFiles/pio-bdm.dir/pio_functions.c.obj
 *fill*         0x1000ec92        0x2 
 .rodata.bdm_out_program_instructions
                0x1000ec94       0x14 CMakeFiles/pio-bdm.dir/pio_functions.c.obj
 .rodata.bdm_sync_program
                0x1000eca8        0x6 CMakeFiles/pio-bdm.dir/pio_functions.c.obj
 *fill*         0x1000ecae        0x2 
 .rodata.bdm_sync_program_instructions
                0x1000ecb0       0x16 CMakeFiles/pio-bdm.dir/pio_functions.c.obj
 *fill*         0x1000ecc6        0x2 
 .rodata.spin_lock_claim_unused.str1.4
                0x1000ecc8       0x1b CMakeFiles/pio-bdm.dir/C_/Pico/pico-sdk/src/rp2_common/hardware_sync/sync.c.obj
 *fill*         0x1000ece3        0x1 
 .rodata.make_branch.str1.4
                0x1000ece4       0x63 CMakeFiles/pio-bdm.dir/C_/Pico/pico-sdk/src/rp2_common/hardware_irq/irq.c.obj
 *fill*         0x1000ed47        0x1 
 .rodata.insert_branch_and_link.str1.4
                0x1000ed48       0x10 CMakeFiles/pio-bdm.dir/C_/Pico/pico-sdk/src/rp2_common/hardware_irq/irq.c.obj
 .rodata.irq_set_exclusive_handler.str1.4
                0x1000ed58       0x36 CMakeFiles/pio-bdm.dir/C_/Pico/pico-sdk/src/rp2_common/hardware_irq/irq.c.obj
 *fill*         0x1000ed8e        0x2 
 .rodata.irq_add_shared_handler.str1.4
                0x1000ed90       0xd9 CMakeFiles/pio-bdm.dir/C_/Pico/pico-sdk/src/rp2_common/hardware_irq/irq.c.obj
 *fill*         0x1000ee69        0x3 
 .rodata.irq_remove_handler.str1.4
                0x1000ee6c       0x2a CMakeFiles/pio-bdm.dir/C_/Pico/pico-sdk/src/rp2_common/hardware_irq/irq.c.obj
 *fill*         0x1000ee96        0x2 
 .rodata.irq_add_tail_to_free_list.str1.4
                0x1000ee98       0x32 CMakeFiles/pio-bdm.dir/C_/Pico/pico-sdk/src/rp2_common/hardware_irq/irq.c.obj
                                 0x3a (size before relaxing)
 *fill*         0x1000eeca        0x2 
 .rodata.user_irq_claim_unused.str1.4
                0x1000eecc       0x1b CMakeFiles/pio-bdm.dir/C_/Pico/pico-sdk/src/rp2_common/hardware_irq/irq.c.obj
 *fill*         0x1000eee7        0x1 
 .rodata.__func__.0
                0x1000eee8       0x1a CMakeFiles/pio-bdm.dir/C_/Pico/pico-sdk/src/rp2_common/hardware_irq/irq.c.obj
 *fill*         0x1000ef02        0x2 
 .rodata.__func__.1
                0x1000ef04       0x17 CMakeFiles/pio-bdm.dir/C_/Pico/pico-sdk/src/rp2_common/hardware_irq/irq.c.obj
 *fill*         0x1000ef1b        0x1 
 .rodata.__func__.2
                0x1000ef1c       0x13 CMakeFiles/pio-bdm.dir/C_/Pico/pico-sdk/src/rp2_common/hardware_irq/irq.c.obj
 *fill*         0x1000ef2f        0x1 
 .rodata.__func__.3
                0x1000ef30        0xc CMakeFiles/pio-bdm.dir/C_/Pico/pico-sdk/src/rp2_common/hardware_irq/irq.c.obj
 .rodata.__func__.4
                0x1000ef3c        0xf CMakeFiles/pio-bdm.dir/C_/Pico/pico-sdk/src/rp2_common/hardware_irq/irq.c.obj
 *fill*         0x1000ef4b        0x1 
 .rodata.__func__.5