Archive member included to satisfy reference by file (symbol)

c:/progra~2/gnuarm~1/102021~1.10/bin/../lib/gcc/arm-none-eabi/10.3.1/thumb/v6-m/nofp\libgcc.a(_dvmd_tls.o)
                              CMakeFiles/pio-bdm.dir/C_/Pico/pico-sdk/src/rp2_common/pico_divider/divider.S.obj (__aeabi_idiv0)
c:/progra~2/gnuarm~1/102021~1.10/bin/../lib/gcc/arm-none-eabi/10.3.1/../../../../arm-none-eabi/lib/thumb/v6-m/nofp\libg.a(lib_a-calloc.o)
                              CMakeFiles/pio-bdm.dir/C_/Pico/pico-sdk/src/rp2_common/pico_malloc/pico_malloc.c.obj (calloc)
c:/progra~2/gnuarm~1/102021~1.10/bin/../lib/gcc/arm-none-eabi/10.3.1/../../../../arm-none-eabi/lib/thumb/v6-m/nofp\libg.a(lib_a-callocr.o)
                              c:/progra~2/gnuarm~1/102021~1.10/bin/../lib/gcc/arm-none-eabi/10.3.1/../../../../arm-none-eabi/lib/thumb/v6-m/nofp\libg.a(lib_a-calloc.o) (_calloc_r)
c:/progra~2/gnuarm~1/102021~1.10/bin/../lib/gcc/arm-none-eabi/10.3.1/../../../../arm-none-eabi/lib/thumb/v6-m/nofp\libg.a(lib_a-ctype_.o)
                              CMakeFiles/pio-bdm.dir/C_/Pico/pico-sdk/lib/tinyusb/src/tusb.c.obj (_ctype_)
c:/progra~2/gnuarm~1/102021~1.10/bin/../lib/gcc/arm-none-eabi/10.3.1/../../../../arm-none-eabi/lib/thumb/v6-m/nofp\libg.a(lib_a-errno.o)
                              c:/progra~2/gnuarm~1/102021~1.10/bin/../lib/gcc/arm-none-eabi/10.3.1/../../../../arm-none-eabi/lib/thumb/v6-m/nofp\libg.a(lib_a-callocr.o) (__errno)
c:/progra~2/gnuarm~1/102021~1.10/bin/../lib/gcc/arm-none-eabi/10.3.1/../../../../arm-none-eabi/lib/thumb/v6-m/nofp\libg.a(lib_a-impure.o)
                              c:/progra~2/gnuarm~1/102021~1.10/bin/../lib/gcc/arm-none-eabi/10.3.1/../../../../arm-none-eabi/lib/thumb/v6-m/nofp\libg.a(lib_a-calloc.o) (_impure_ptr)
c:/progra~2/gnuarm~1/102021~1.10/bin/../lib/gcc/arm-none-eabi/10.3.1/../../../../arm-none-eabi/lib/thumb/v6-m/nofp\libg.a(lib_a-init.o)
                              c:/progra~2/gnuarm~1/102021~1.10/bin/../lib/gcc/arm-none-eabi/10.3.1/../../../../arm-none-eabi/lib/thumb/v6-m/nofp/crt0.o (__libc_init_array)
c:/progra~2/gnuarm~1/102021~1.10/bin/../lib/gcc/arm-none-eabi/10.3.1/../../../../arm-none-eabi/lib/thumb/v6-m/nofp\libg.a(lib_a-malloc.o)
                              CMakeFiles/pio-bdm.dir/C_/Pico/pico-sdk/src/rp2_common/pico_malloc/pico_malloc.c.obj (malloc)
c:/progra~2/gnuarm~1/102021~1.10/bin/../lib/gcc/arm-none-eabi/10.3.1/../../../../arm-none-eabi/lib/thumb/v6-m/nofp\libg.a(lib_a-mallocr.o)
                              c:/progra~2/gnuarm~1/102021~1.10/bin/../lib/gcc/arm-none-eabi/10.3.1/../../../../arm-none-eabi/lib/thumb/v6-m/nofp\libg.a(lib_a-callocr.o) (_malloc_r)
c:/progra~2/gnuarm~1/102021~1.10/bin/../lib/gcc/arm-none-eabi/10.3.1/../../../../arm-none-eabi/lib/thumb/v6-m/nofp\libg.a(lib_a-mlock.o)
                              c:/progra~2/gnuarm~1/102021~1.10/bin/../lib/gcc/arm-none-eabi/10.3.1/../../../../arm-none-eabi/lib/thumb/v6-m/nofp\libg.a(lib_a-mallocr.o) (__malloc_lock)
c:/progra~2/gnuarm~1/102021~1.10/bin/../lib/gcc/arm-none-eabi/10.3.1/../../../../arm-none-eabi/lib/thumb/v6-m/nofp\libg.a(lib_a-realloc.o)
                              CMakeFiles/pio-bdm.dir/C_/Pico/pico-sdk/src/rp2_common/pico_malloc/pico_malloc.c.obj (realloc)
c:/progra~2/gnuarm~1/102021~1.10/bin/../lib/gcc/arm-none-eabi/10.3.1/../../../../arm-none-eabi/lib/thumb/v6-m/nofp\libg.a(lib_a-reallocr.o)
                              c:/progra~2/gnuarm~1/102021~1.10/bin/../lib/gcc/arm-none-eabi/10.3.1/../../../../arm-none-eabi/lib/thumb/v6-m/nofp\libg.a(lib_a-realloc.o) (_realloc_r)
c:/progra~2/gnuarm~1/102021~1.10/bin/../lib/gcc/arm-none-eabi/10.3.1/../../../../arm-none-eabi/lib/thumb/v6-m/nofp\libg.a(lib_a-sbrkr.o)
                              c:/progra~2/gnuarm~1/102021~1.10/bin/../lib/gcc/arm-none-eabi/10.3.1/../../../../arm-none-eabi/lib/thumb/v6-m/nofp\libg.a(lib_a-mallocr.o) (_sbrk_r)
c:/progra~2/gnuarm~1/102021~1.10/bin/../lib/gcc/arm-none-eabi/10.3.1/../../../../arm-none-eabi/lib/thumb/v6-m/nofp\libg.a(lib_a-scanf.o)
                              CMakeFiles/pio-bdm.dir/functions.c.obj (scanf)
c:/progra~2/gnuarm~1/102021~1.10/bin/../lib/gcc/arm-none-eabi/10.3.1/../../../../arm-none-eabi/lib/thumb/v6-m/nofp\libg.a(lib_a-strlen-stub.o)
                              CMakeFiles/pio-bdm.dir/main.c.obj (strlen)
c:/progra~2/gnuarm~1/102021~1.10/bin/../lib/gcc/arm-none-eabi/10.3.1/../../../../arm-none-eabi/lib/thumb/v6-m/nofp\libg.a(lib_a-strtok_r.o)
                              CMakeFiles/pio-bdm.dir/main.c.obj (strtok_r)
c:/progra~2/gnuarm~1/102021~1.10/bin/../lib/gcc/arm-none-eabi/10.3.1/../../../../arm-none-eabi/lib/thumb/v6-m/nofp\libg.a(lib_a-strtol.o)
                              CMakeFiles/pio-bdm.dir/functions.c.obj (strtol)
c:/progra~2/gnuarm~1/102021~1.10/bin/../lib/gcc/arm-none-eabi/10.3.1/../../../../arm-none-eabi/lib/thumb/v6-m/nofp\libg.a(lib_a-vfscanf.o)
[...]
Memory Configuration

Name             Origin             Length             Attributes
FLASH            0x10000000         0x00200000         xr
RAM              0x20000000         0x00040000         xrw
SCRATCH_X        0x20040000         0x00001000         xrw
SCRATCH_Y        0x20041000         0x00001000         xrw
*default*        0x00000000         0xffffffff

Linker script and memory map

LOAD c:/progra~2/gnuarm~1/102021~1.10/bin/../lib/gcc/arm-none-eabi/10.3.1/thumb/v6-m/nofp/crti.o
LOAD c:/progra~2/gnuarm~1/102021~1.10/bin/../lib/gcc/arm-none-eabi/10.3.1/thumb/v6-m/nofp/crtbegin.o
LOAD c:/progra~2/gnuarm~1/102021~1.10/bin/../lib/gcc/arm-none-eabi/10.3.1/../../../../arm-none-eabi/lib/thumb/v6-m/nofp/crt0.o

.flash_begin    0x10000000        0x0
                0x10000000                __flash_binary_start = .

.boot2          0x10000000      0x100
                0x10000000                __boot2_start__ = .
 *(.boot2)
 .boot2         0x10000000      0x100 C:\Users\Lori\AppData\Local\Temp\ccSWCaYa.o
                0x10000100                __boot2_end__ = .
                0x00000001                ASSERT (((__boot2_end__ - __boot2_start__) == 0x100), ERROR: Pico second stage bootloader must be 256 bytes in size)

.text           0x10000100     0xe0e0
                0x10000100                __logical_binary_start = .
 *(.vectors)
 .vectors       0x10000100       0xd4 CMakeFiles/pio-bdm.dir/C_/Pico/pico-sdk/src/rp2_common/pico_standard_link/crt0.S.obj
                0x10000100                __VECTOR_TABLE
                0x10000100                __vectors
                0x100001c0                isr_invalid
                0x100001c0                __default_isrs_start
                0x100001c2                isr_nmi
                0x100001c4                isr_hardfault
                0x100001c6                isr_svcall
                0x100001c8                isr_pendsv
                0x100001ca                isr_systick
                0x100001cc                isr_irq23
                0x100001cc                isr_irq18
                0x100001cc                isr_irq11
                0x100001cc                isr_irq28
                0x100001cc                isr_irq19
                0x100001cc                isr_irq0
                0x100001cc                isr_irq6
                0x100001cc                isr_irq5
                0x100001cc                isr_irq12
                0x100001cc                isr_irq22
                0x100001cc                isr_irq31
                0x100001cc                isr_irq17
                0x100001cc                isr_irq27
                0x100001cc                isr_irq30
                0x100001cc                isr_irq2
                0x100001cc                isr_irq10
                0x100001cc                isr_irq8
                0x100001cc                isr_irq24
                0x100001cc                isr_irq1
                0x100001cc                isr_irq7
                0x100001cc                isr_irq21
                0x100001cc                isr_irq20
                0x100001cc                isr_irq15
                0x100001cc                isr_irq25
                0x100001cc                isr_irq13
                0x100001cc                __unhandled_user_irq
                0x100001cc                isr_irq4
                0x100001cc                isr_irq16
                0x100001cc                isr_irq29
                0x100001cc                isr_irq26
                0x100001cc                __default_isrs_end
                0x100001cc                isr_irq3
                0x100001cc                isr_irq14
                0x100001cc                isr_irq9
                0x100001d2                unhandled_user_irq_num_in_r0
 *(.binary_info_header)
 .binary_info_header
                0x100001d4       0x14 CMakeFiles/pio-bdm.dir/C_/Pico/pico-sdk/src/rp2_common/pico_standard_link/crt0.S.obj
                0x100001e8                __binary_info_header_end = .
 *(.reset)
 .reset         0x100001e8       0xa8 CMakeFiles/pio-bdm.dir/C_/Pico/pico-sdk/src/rp2_common/pico_standard_link/crt0.S.obj
                0x100001e8                _entry_point
                0x10000266                __get_current_exception
 .reset         0x10000290       0x30 CMakeFiles/pio-bdm.dir/C_/Pico/pico-sdk/src/rp2_common/pico_standard_link/binary_info.c.obj
 *(.init)
 .init          0x100002c0        0x4 c:/progra~2/gnuarm~1/102021~1.10/bin/../lib/gcc/arm-none-eabi/10.3.1/thumb/v6-m/nofp/crti.o
                0x100002c0                _init
 *(EXCLUDE_FILE(*libm.a: *libc.a:*lib_a-mem*.o *libgcc.a:) .text*)
 .text          0x100002c4       0x48 c:/progra~2/gnuarm~1/102021~1.10/bin/../lib/gcc/arm-none-eabi/10.3.1/thumb/v6-m/nofp/crtbegin.o
 .text.main     0x1000030c      0x1c8 CMakeFiles/pio-bdm.dir/main.c.obj
                0x1000030c                main
 .text.is_input_data_valid
                0x100004d4       0x3c CMakeFiles/pio-bdm.dir/functions.c.obj
                0x100004d4                is_input_data_valid
 .text.is_output_data_valid
                0x10000510       0x3c CMakeFiles/pio-bdm.dir/functions.c.obj
                0x10000510                is_output_data_valid
 .text.convert_to_hex
                0x1000054c        0xc CMakeFiles/pio-bdm.dir/functions.c.obj
                0x1000054c                convert_to_hex
 .text.is_command_valid
                0x10000558       0x58 CMakeFiles/pio-bdm.dir/functions.c.obj
                0x10000558                is_command_valid
 .text.get_delay_position
                0x100005b0       0x70 CMakeFiles/pio-bdm.dir/functions.c.obj
                0x100005b0                get_delay_position
 .text.get_string
                0x10000620       0x4c CMakeFiles/pio-bdm.dir/functions.c.obj
                0x10000620                get_string
 .text.bdm_out_program_init
                0x1000066c      0x170 CMakeFiles/pio-bdm.dir/pio_functions.c.obj
                0x1000066c                bdm_out_program_init
 .text.bdm_in_program_init
                0x100007dc      0x164 CMakeFiles/pio-bdm.dir/pio_functions.c.obj
                0x100007dc                bdm_in_program_init
 .text.bdm_delay_program_init
                0x10000940      0x110 CMakeFiles/pio-bdm.dir/pio_functions.c.obj
                0x10000940                bdm_delay_program_init
 .text.measure_freqs
                0x10000a50       0xb8 CMakeFiles/pio-bdm.dir/pio_functions.c.obj
                0x10000a50                measure_freqs
 .text.get_pio_clk_div
                0x10000b08       0x16 CMakeFiles/pio-bdm.dir/pio_functions.c.obj
                0x10000b08                get_pio_clk_div
 *fill*         0x10000b1e        0x2 
 .text.start_usb_connection
                0x10000b20       0x28 CMakeFiles/pio-bdm.dir/pio_functions.c.obj
                0x10000b20                start_usb_connection
 .text.put_tx_fifo
                0x10000b48       0x1e CMakeFiles/pio-bdm.dir/pio_functions.c.obj
                0x10000b48                put_tx_fifo
 .text.wait_end_operation
                0x10000b66       0x12 CMakeFiles/pio-bdm.dir/pio_functions.c.obj
                0x10000b66                wait_end_operation
 .text.pio_data_out
                0x10000b78       0x88 CMakeFiles/pio-bdm.dir/pio_functions.c.obj
                0x10000b78                pio_data_out
 .text.pio_data_in
                0x10000c00       0x7c CMakeFiles/pio-bdm.dir/pio_functions.c.obj
                0x10000c00                pio_data_in
 .text.delay    0x10000c7c       0x9c CMakeFiles/pio-bdm.dir/pio_functions.c.obj
                0x10000c7c                delay
 .text.set_sys_clock_pll
                0x10000d18       0x78 CMakeFiles/pio-bdm.dir/C_/Pico/pico-sdk/src/rp2_common/pico_stdlib/stdlib.c.obj
                0x10000d18                set_sys_clock_pll
 .text.gpio_set_function
                0x10000d90       0x30 CMakeFiles/pio-bdm.dir/C_/Pico/pico-sdk/src/rp2_common/hardware_gpio/gpio.c.obj
                0x10000d90                gpio_set_function
 .text.gpio_set_pulls
                0x10000dc0       0x34 CMakeFiles/pio-bdm.dir/C_/Pico/pico-sdk/src/rp2_common/hardware_gpio/gpio.c.obj
                0x10000dc0                gpio_set_pulls
 .text.hw_claim_lock
                0x10000df4       0x18 CMakeFiles/pio-bdm.dir/C_/Pico/pico-sdk/src/rp2_common/hardware_claim/claim.c.obj
                0x10000df4                hw_claim_lock
 .text.hw_claim_unlock
                0x10000e0c       0x14 CMakeFiles/pio-bdm.dir/C_/Pico/pico-sdk/src/rp2_common/hardware_claim/claim.c.obj
                0x10000e0c                hw_claim_unlock
 .text.hw_claim_or_assert
                0x10000e20       0x32 CMakeFiles/pio-bdm.dir/C_/Pico/pico-sdk/src/rp2_common/hardware_claim/claim.c.obj
                0x10000e20                hw_claim_or_assert
 .text.hw_claim_unused_from_range
                0x10000e52       0x50 CMakeFiles/pio-bdm.dir/C_/Pico/pico-sdk/src/rp2_common/hardware_claim/claim.c.obj
                0x10000e52                hw_claim_unused_from_range
 *fill*         0x10000ea2        0x2 
 .text.running_on_fpga
                0x10000ea4       0x14 CMakeFiles/pio-bdm.dir/C_/Pico/pico-sdk/src/rp2_common/pico_platform/platform.c.obj
                0x10000ea4                running_on_fpga
 .text.spin_locks_reset
                0x10000eb8       0x20 CMakeFiles/pio-bdm.dir/C_/Pico/pico-sdk/src/rp2_common/hardware_sync/sync.c.obj
                0x10000eb8                spin_locks_reset
 .text.next_striped_spin_lock_num
                0x10000ed8       0x1c CMakeFiles/pio-bdm.dir/C_/Pico/pico-sdk/src/rp2_common/hardware_sync/sync.c.obj
                0x10000ed8                next_striped_spin_lock_num
 .text.spin_lock_claim_unused
                0x10000ef4       0x20 CMakeFiles/pio-bdm.dir/C_/Pico/pico-sdk/src/rp2_common/hardware_sync/sync.c.obj
                0x10000ef4                spin_lock_claim_unused
 .text.set_raw_irq_handler_and_unlock
                0x10000f14       0x28 CMakeFiles/pio-bdm.dir/C_/Pico/pico-sdk/src/rp2_common/hardware_irq/irq.c.obj
 .text.make_branch
                0x10000f3c       0x48 CMakeFiles/pio-bdm.dir/C_/Pico/pico-sdk/src/rp2_common/hardware_irq/irq.c.obj
 .text.insert_branch_and_link
                0x10000f84       0x40 CMakeFiles/pio-bdm.dir/C_/Pico/pico-sdk/src/rp2_common/hardware_irq/irq.c.obj
 .text.irq_is_enabled
                0x10000fc4       0x18 CMakeFiles/pio-bdm.dir/C_/Pico/pico-sdk/src/rp2_common/hardware_irq/irq.c.obj
                0x10000fc4                irq_is_enabled
 .text.irq_set_mask_enabled
                0x10000fdc       0x20 CMakeFiles/pio-bdm.dir/C_/Pico/pico-sdk/src/rp2_common/hardware_irq/irq.c.obj
                0x10000fdc                irq_set_mask_enabled
 .text.irq_set_enabled
                0x10000ffc        0xe CMakeFiles/pio-bdm.dir/C_/Pico/pico-sdk/src/rp2_common/hardware_irq/irq.c.obj
                0x10000ffc                irq_set_enabled
 *fill*         0x1000100a        0x2 
 .text.irq_set_pending
                0x1000100c       0x10 CMakeFiles/pio-bdm.dir/C_/Pico/pico-sdk/src/rp2_common/hardware_irq/irq.c.obj
                0x1000100c                irq_set_pending
 .text.irq_get_vtable_handler
                0x1000101c       0x10 CMakeFiles/pio-bdm.dir/C_/Pico/pico-sdk/src/rp2_common/hardware_irq/irq.c.obj
                0x1000101c                irq_get_vtable_handler
 .text.irq_has_shared_handler
                0x1000102c       0x24 CMakeFiles/pio-bdm.dir/C_/Pico/pico-sdk/src/rp2_common/hardware_irq/irq.c.obj
                0x1000102c                irq_has_shared_handler
 .text.irq_set_exclusive_handler
                0x10001050       0x54 CMakeFiles/pio-bdm.dir/C_/Pico/pico-sdk/src/rp2_common/hardware_irq/irq.c.obj
                0x10001050                irq_set_exclusive_handler
 .text.irq_add_shared_handler
                0x100010a4      0x230 CMakeFiles/pio-bdm.dir/C_/Pico/pico-sdk/src/rp2_common/hardware_irq/irq.c.obj
                0x100010a4                irq_add_shared_handler
 .text.irq_remove_handler
                0x100012d4      0x1a8 CMakeFiles/pio-bdm.dir/C_/Pico/pico-sdk/src/rp2_common/hardware_irq/irq.c.obj
                0x100012d4                irq_remove_handler
 .text.irq_add_tail_to_free_list
                0x1000147c       0xf0 CMakeFiles/pio-bdm.dir/C_/Pico/pico-sdk/src/rp2_common/hardware_irq/irq.c.obj
                0x1000147c                irq_add_tail_to_free_list
 .text.irq_init_priorities
                0x1000156c       0x1c CMakeFiles/pio-bdm.dir/C_/Pico/pico-sdk/src/rp2_common/hardware_irq/irq.c.obj
                0x1000156c                irq_init_priorities
 .text.user_irq_claim_unused
                0x10001588       0x30 CMakeFiles/pio-bdm.dir/C_/Pico/pico-sdk/src/rp2_common/hardware_irq/irq.c.obj
                0x10001588                user_irq_claim_unused
 .text.lock_init
                0x100015b8       0x10 CMakeFiles/pio-bdm.dir/C_/Pico/pico-sdk/src/common/pico_sync/lock_core.c.obj
                0x100015b8                lock_init
 .text.alarm_pool_post_alloc_init
                0x100015c8       0x40 CMakeFiles/pio-bdm.dir/C_/Pico/pico-sdk/src/common/pico_time/time.c.obj
 .text.sleep_until_callback
                0x10001608       0x30 CMakeFiles/pio-bdm.dir/C_/Pico/pico-sdk/src/common/pico_time/time.c.obj
 .text.timer_pool_entry_comparator
                0x10001638       0x7c CMakeFiles/pio-bdm.dir/C_/Pico/pico-sdk/src/common/pico_time/time.c.obj
                0x10001638                timer_pool_entry_comparator
 .text.ph_add_child_node
                0x100016b4       0xa4 CMakeFiles/pio-bdm.dir/C_/Pico/pico-sdk/src/common/pico_time/time.c.obj
 .text.ph_merge_nodes
                0x10001758       0x3e CMakeFiles/pio-bdm.dir/C_/Pico/pico-sdk/src/common/pico_time/time.c.obj
 *fill*         0x10001796        0x2 
 .text.add_alarm_under_lock
                0x10001798      0x174 CMakeFiles/pio-bdm.dir/C_/Pico/pico-sdk/src/common/pico_time/time.c.obj
 .text.alarm_pool_alarm_callback
                0x1000190c      0x328 CMakeFiles/pio-bdm.dir/C_/Pico/pico-sdk/src/common/pico_time/time.c.obj
 .text.alarm_pool_init_default
                0x10001c34       0x38 CMakeFiles/pio-bdm.dir/C_/Pico/pico-sdk/src/common/pico_time/time.c.obj
                0x10001c34                alarm_pool_init_default
 .text.alarm_pool_get_default
                0x10001c6c       0x2c CMakeFiles/pio-bdm.dir/C_/Pico/pico-sdk/src/common/pico_time/time.c.obj
                0x10001c6c                alarm_pool_get_default
 .text.alarm_pool_add_alarm_at
                0x10001c98      0x170 CMakeFiles/pio-bdm.dir/C_/Pico/pico-sdk/src/common/pico_time/time.c.obj
                0x10001c98                alarm_pool_add_alarm_at
 .text.alarm_pool_cancel_alarm
                0x10001e08       0xf0 CMakeFiles/pio-bdm.dir/C_/Pico/pico-sdk/src/common/pico_time/time.c.obj
                0x10001e08                alarm_pool_cancel_alarm
 .text.sleep_until
                0x10001ef8       0xfc CMakeFiles/pio-bdm.dir/C_/Pico/pico-sdk/src/common/pico_time/time.c.obj
                0x10001ef8                sleep_until
 .text.sleep_us
                0x10001ff4       0x58 CMakeFiles/pio-bdm.dir/C_/Pico/pico-sdk/src/common/pico_time/time.c.obj
                0x10001ff4                sleep_us
 .text.sleep_ms
                0x1000204c       0x14 CMakeFiles/pio-bdm.dir/C_/Pico/pico-sdk/src/common/pico_time/time.c.obj
                0x1000204c                sleep_ms
 .text.best_effort_wfe_or_timeout
                0x10002060       0x80 CMakeFiles/pio-bdm.dir/C_/Pico/pico-sdk/src/common/pico_time/time.c.obj
                0x10002060                best_effort_wfe_or_timeout
 .text.hardware_alarm_irq_handler
                0x100020e0       0x8c CMakeFiles/pio-bdm.dir/C_/Pico/pico-sdk/src/rp2_common/hardware_timer/timer.c.obj
 .text.hardware_alarm_claim
                0x1000216c       0x18 CMakeFiles/pio-bdm.dir/C_/Pico/pico-sdk/src/rp2_common/hardware_timer/timer.c.obj
                0x1000216c                hardware_alarm_claim
 .text.time_us_64
                0x10002184       0x18 CMakeFiles/pio-bdm.dir/C_/Pico/pico-sdk/src/rp2_common/hardware_timer/timer.c.obj
                0x10002184                time_us_64
 .text.busy_wait_until
                0x1000219c       0x28 CMakeFiles/pio-bdm.dir/C_/Pico/pico-sdk/src/rp2_common/hardware_timer/timer.c.obj
                0x1000219c                busy_wait_until
 .text.busy_wait_us
                0x100021c4       0x48 CMakeFiles/pio-bdm.dir/C_/Pico/pico-sdk/src/rp2_common/hardware_timer/timer.c.obj
                0x100021c4                busy_wait_us
 .text.hardware_alarm_set_callback
                0x1000220c       0x90 CMakeFiles/pio-bdm.dir/C_/Pico/pico-sdk/src/rp2_common/hardware_timer/timer.c.obj
                0x1000220c                hardware_alarm_set_callback
 .text.hardware_alarm_set_target
                0x1000229c       0xe8 CMakeFiles/pio-bdm.dir/C_/Pico/pico-sdk/src/rp2_common/hardware_timer/timer.c.obj
                0x1000229c                hardware_alarm_set_target
 .text.hardware_alarm_cancel
                0x10002384       0x40 CMakeFiles/pio-bdm.dir/C_/Pico/pico-sdk/src/rp2_common/hardware_timer/timer.c.obj
                0x10002384                hardware_alarm_cancel
 .text.ph_add_child_node
                0x100023c4       0xa4 CMakeFiles/pio-bdm.dir/C_/Pico/pico-sdk/src/common/pico_util/pheap.c.obj
 .text.ph_merge_nodes
                0x10002468       0x3e CMakeFiles/pio-bdm.dir/C_/Pico/pico-sdk/src/common/pico_util/pheap.c.obj
 *fill*         0x100024a6        0x2 
 .text.ph_clear
                0x100024a8       0x70 CMakeFiles/pio-bdm.dir/C_/Pico/pico-sdk/src/common/pico_util/pheap.c.obj
                0x100024a8                ph_clear
 .text.ph_post_alloc_init
                0x10002518        0xe CMakeFiles/pio-bdm.dir/C_/Pico/pico-sdk/src/common/pico_util/pheap.c.obj
                0x10002518                ph_post_alloc_init
 *fill*         0x10002526        0x2 
 .text.ph_merge_two_pass
                0x10002528       0xa8 CMakeFiles/pio-bdm.dir/C_/Pico/pico-sdk/src/common/pico_util/pheap.c.obj
                0x10002528                ph_merge_two_pass
 .text.ph_remove_any_head
                0x100025d0      0x108 CMakeFiles/pio-bdm.dir/C_/Pico/pico-sdk/src/common/pico_util/pheap.c.obj
 .text.ph_remove_head
                0x100026d8       0x14 CMakeFiles/pio-bdm.dir/C_/Pico/pico-sdk/src/common/pico_util/pheap.c.obj
                0x100026d8                ph_remove_head
 .text.ph_remove_and_free_node
                0x100026ec       0xf8 CMakeFiles/pio-bdm.dir/C_/Pico/pico-sdk/src/common/pico_util/pheap.c.obj
                0x100026ec                ph_remove_and_free_node
 .text.mutex_init
                0x100027e4       0x1a CMakeFiles/pio-bdm.dir/C_/Pico/pico-sdk/src/common/pico_sync/mutex.c.obj
                0x100027e4                mutex_init
 .text.recursive_mutex_init
                0x100027fe       0x1e CMakeFiles/pio-bdm.dir/C_/Pico/pico-sdk/src/common/pico_sync/mutex.c.obj
                0x100027fe                recursive_mutex_init
 .text.critical_section_init_with_lock_num
                0x1000281c       0x14 CMakeFiles/pio-bdm.dir/C_/Pico/pico-sdk/src/common/pico_sync/critical_section.c.obj
                0x1000281c                critical_section_init_with_lock_num
 .text.critical_section_init
                0x10002830       0x14 CMakeFiles/pio-bdm.dir/C_/Pico/pico-sdk/src/common/pico_sync/critical_section.c.obj
                0x10002830                critical_section_init
 .text._exit    0x10002844        0x4 CMakeFiles/pio-bdm.dir/C_/Pico/pico-sdk/src/rp2_common/pico_runtime/runtime.c.obj
                0x10002844                _exit
 .text._sbrk    0x10002848       0x38 CMakeFiles/pio-bdm.dir/C_/Pico/pico-sdk/src/rp2_common/pico_runtime/runtime.c.obj
                0x10002848                _sbrk
 .text.exit     0x10002880        0x6 CMakeFiles/pio-bdm.dir/C_/Pico/pico-sdk/src/rp2_common/pico_runtime/runtime.c.obj
                0x10002880                exit
 *fill*         0x10002886        0x2 
 .text.__assert_func
                0x10002888       0x3c CMakeFiles/pio-bdm.dir/C_/Pico/pico-sdk/src/rp2_common/pico_runtime/runtime.c.obj
                0x10002888                __assert_func
 .text.runtime_init
                0x100028c4       0xf8 CMakeFiles/pio-bdm.dir/C_/Pico/pico-sdk/src/rp2_common/pico_runtime/runtime.c.obj
                0x100028c4                runtime_init
 .text.panic    0x100029bc       0x30 CMakeFiles/pio-bdm.dir/C_/Pico/pico-sdk/src/rp2_common/pico_runtime/runtime.c.obj
                0x100029bc                panic
 .text.clock_configure
                0x100029ec      0x104 CMakeFiles/pio-bdm.dir/C_/Pico/pico-sdk/src/rp2_common/hardware_clocks/clocks.c.obj
                0x100029ec                clock_configure
 .text.clocks_init
                0x10002af0      0x100 CMakeFiles/pio-bdm.dir/C_/Pico/pico-sdk/src/rp2_common/hardware_clocks/clocks.c.obj
                0x10002af0                clocks_init
 .text.clock_get_hz
                0x10002bf0        0xc CMakeFiles/pio-bdm.dir/C_/Pico/pico-sdk/src/rp2_common/hardware_clocks/clocks.c.obj
                0x10002bf0                clock_get_hz
 .text.frequency_count_khz
                0x10002bfc       0x40 CMakeFiles/pio-bdm.dir/C_/Pico/pico-sdk/src/rp2_common/hardware_clocks/clocks.c.obj
                0x10002bfc                frequency_count_khz
 .text.pll_init
                0x10002c3c      0x140 CMakeFiles/pio-bdm.dir/C_/Pico/pico-sdk/src/rp2_common/hardware_pll/pll.c.obj
                0x10002c3c                pll_init
 .text.watchdog_start_tick
                0x10002d7c       0x10 CMakeFiles/pio-bdm.dir/C_/Pico/pico-sdk/src/rp2_common/hardware_watchdog/watchdog.c.obj
                0x10002d7c                watchdog_start_tick
 .text.watchdog_update
                0x10002d8c       0x14 CMakeFiles/pio-bdm.dir/C_/Pico/pico-sdk/src/rp2_common/hardware_watchdog/watchdog.c.obj
                0x10002d8c                watchdog_update
 .text._watchdog_enable
                0x10002da0       0x78 CMakeFiles/pio-bdm.dir/C_/Pico/pico-sdk/src/rp2_common/hardware_watchdog/watchdog.c.obj
                0x10002da0                _watchdog_enable
 .text.watchdog_reboot
                0x10002e18       0x48 CMakeFiles/pio-bdm.dir/C_/Pico/pico-sdk/src/rp2_common/hardware_watchdog/watchdog.c.obj
                0x10002e18                watchdog_reboot
 .text.xosc_init
                0x10002e60       0x28 CMakeFiles/pio-bdm.dir/C_/Pico/pico-sdk/src/rp2_common/hardware_xosc/xosc.c.obj
                0x10002e60                xosc_init
 .text._out_buffer
                0x10002e88        0x8 CMakeFiles/pio-bdm.dir/C_/Pico/pico-sdk/src/rp2_common/pico_printf/printf.c.obj
 .text._out_null
                0x10002e90        0x2 CMakeFiles/pio-bdm.dir/C_/Pico/pico-sdk/src/rp2_common/pico_printf/printf.c.obj
 .text._out_fct
                0x10002e92        0xe CMakeFiles/pio-bdm.dir/C_/Pico/pico-sdk/src/rp2_common/pico_printf/printf.c.obj
 .text._atoi    0x10002ea0       0x24 CMakeFiles/pio-bdm.dir/C_/Pico/pico-sdk/src/rp2_common/pico_printf/printf.c.obj
 .text._out_rev
                0x10002ec4       0xae CMakeFiles/pio-bdm.dir/C_/Pico/pico-sdk/src/rp2_common/pico_printf/printf.c.obj
 .text._ntoa_format
                0x10002f72      0x112 CMakeFiles/pio-bdm.dir/C_/Pico/pico-sdk/src/rp2_common/pico_printf/printf.c.obj
 .text._ntoa_long
                0x10003084       0xbc CMakeFiles/pio-bdm.dir/C_/Pico/pico-sdk/src/rp2_common/pico_printf/printf.c.obj
 .text._ntoa_long_long
                0x10003140       0xe2 CMakeFiles/pio-bdm.dir/C_/Pico/pico-sdk/src/rp2_common/pico_printf/printf.c.obj
 *fill*         0x10003222        0x2 
 .text._etoa    0x10003224      0x414 CMakeFiles/pio-bdm.dir/C_/Pico/pico-sdk/src/rp2_common/pico_printf/printf.c.obj
 .text._ftoa    0x10003638      0x354 CMakeFiles/pio-bdm.dir/C_/Pico/pico-sdk/src/rp2_common/pico_printf/printf.c.obj
 .text._vsnprintf
                0x1000398c      0x624 CMakeFiles/pio-bdm.dir/C_/Pico/pico-sdk/src/rp2_common/pico_printf/printf.c.obj
 .text.__wrap_sprintf
                0x10003fb0       0x28 CMakeFiles/pio-bdm.dir/C_/Pico/pico-sdk/src/rp2_common/pico_printf/printf.c.obj
                0x10003fb0                __wrap_sprintf
 .text.vfctprintf
                0x10003fd8       0x20 CMakeFiles/pio-bdm.dir/C_/Pico/pico-sdk/src/rp2_common/pico_printf/printf.c.obj
                0x10003fd8                vfctprintf
 .text          0x10003ff8       0x10 CMakeFiles/pio-bdm.dir/C_/Pico/pico-sdk/src/rp2_common/pico_bit_ops/bit_ops_aeabi.S.obj
 .text.rom_func_lookup
                0x10004008       0x10 CMakeFiles/pio-bdm.dir/C_/Pico/pico-sdk/src/rp2_common/pico_bootrom/bootrom.c.obj
                0x10004008                rom_func_lookup
 .text.rom_data_lookup
                0x10004018       0x10 CMakeFiles/pio-bdm.dir/C_/Pico/pico-sdk/src/rp2_common/pico_bootrom/bootrom.c.obj
                0x10004018                rom_data_lookup
 .text.rom_funcs_lookup
                0x10004028       0x36 CMakeFiles/pio-bdm.dir/C_/Pico/pico-sdk/src/rp2_common/pico_bootrom/bootrom.c.obj
                0x10004028                rom_funcs_lookup
 *fill*         0x1000405e        0x2 
 .text.__wrap___aeabi_idiv
                0x10004060       0x50 CMakeFiles/pio-bdm.dir/C_/Pico/pico-sdk/src/rp2_common/pico_divider/divider.S.obj
                0x10004060                __wrap___aeabi_idivmod
                0x10004060                divmod_s32s32
                0x10004060                div_s32s32
                0x10004060                __wrap___aeabi_idiv
                0x10004068                divmod_s32s32_unsafe
                0x10004094                divmod_s32s32_savestate
 .text.__wrap___aeabi_uidiv
                0x100040b0       0x4c CMakeFiles/pio-bdm.dir/C_/Pico/pico-sdk/src/rp2_common/pico_divider/divider.S.obj
                0x100040b0                __wrap___aeabi_uidiv
                0x100040b0                __wrap___aeabi_uidivmod
                0x100040b0                div_u32u32
                0x100040b0                divmod_u32u32
                0x100040b8                divmod_u32u32_unsafe
                0x100040e0                divmod_u32u32_savestate
 .text.__wrap___aeabi_ldiv
                0x100040fc      0x434 CMakeFiles/pio-bdm.dir/C_/Pico/pico-sdk/src/rp2_common/pico_divider/divider.S.obj
                0x100040fc                div_s64s64
                0x100040fc                divmod_s64s64
                0x100040fc                __wrap___aeabi_ldivmod
                0x10004134                divmod_u64u64
                0x10004134                div_u64u64
                0x10004134                __wrap___aeabi_uldivmod
                0x10004144                divmod_u64u64_savestate
                0x1000416c                divmod_s64s64_unsafe
                0x100041f4                divmod_u64u64_unsafe
 .text.__wrap___aeabi_darithmetic
                0x10004530       0x80 CMakeFiles/pio-bdm.dir/C_/Pico/pico-sdk/src/rp2_common/pico_double/double_aeabi.S.obj
                0x10004530                __wrap___aeabi_drsub
                0x10004536                __wrap___aeabi_dsub
                0x10004548                __wrap___aeabi_dadd
                0x1000455a                __wrap___aeabi_ddiv
                0x10004596                __wrap___aeabi_dmul
 .text.__wrap___aeabi_cdcmple
                0x100045b0       0x6c CMakeFiles/pio-bdm.dir/C_/Pico/pico-sdk/src/rp2_common/pico_double/double_aeabi.S.obj
                0x100045b0                __wrap___aeabi_cdrcmple
                0x100045c0                __wrap___aeabi_cdcmpeq
                0x100045c0                __wrap___aeabi_cdcmple
 .text.__wrap___aeabi_dcmpeq
                0x1000461c       0x10 CMakeFiles/pio-bdm.dir/C_/Pico/pico-sdk/src/rp2_common/pico_double/double_aeabi.S.obj
                0x1000461c                __wrap___aeabi_dcmpeq
 .text.__wrap___aeabi_dcmplt
                0x1000462c        0xc CMakeFiles/pio-bdm.dir/C_/Pico/pico-sdk/src/rp2_common/pico_double/double_aeabi.S.obj
                0x1000462c                __wrap___aeabi_dcmplt
 .text.__wrap___aeabi_dcmple
                0x10004638       0x10 CMakeFiles/pio-bdm.dir/C_/Pico/pico-sdk/src/rp2_common/pico_double/double_aeabi.S.obj
                0x10004638                __wrap___aeabi_dcmple
 .text.__wrap___aeabi_dcmpge
                0x10004648       0x10 CMakeFiles/pio-bdm.dir/C_/Pico/pico-sdk/src/rp2_common/pico_double/double_aeabi.S.obj
                0x10004648                __wrap___aeabi_dcmpge
 .text.__wrap___aeabi_dcmpgt
                0x10004658        0xa CMakeFiles/pio-bdm.dir/C_/Pico/pico-sdk/src/rp2_common/pico_double/double_aeabi.S.obj
                0x10004658                __wrap___aeabi_dcmpgt
 .text.__wrap___aeabi_dcmpun
                0x10004662       0x1c CMakeFiles/pio-bdm.dir/C_/Pico/pico-sdk/src/rp2_common/pico_double/double_aeabi.S.obj
                0x10004662                __wrap___aeabi_dcmpun
 *fill*         0x1000467e        0x2 
 .text.__wrap___aeabi_i2d
                0x10004680       0x38 CMakeFiles/pio-bdm.dir/C_/Pico/pico-sdk/src/rp2_common/pico_double/double_aeabi.S.obj
                0x10004680                __wrap___aeabi_ui2d
                0x10004688                __wrap___aeabi_i2d
 .text.__wrap___aeabi_d2iz
                0x100046b8       0x48 CMakeFiles/pio-bdm.dir/C_/Pico/pico-sdk/src/rp2_common/pico_double/double_aeabi.S.obj
                0x100046b8                double2int_z
                0x100046b8                __wrap___aeabi_d2iz
 .text.__wrap___aeabi_d2uiz
                0x10004700       0x18 CMakeFiles/pio-bdm.dir/C_/Pico/pico-sdk/src/rp2_common/pico_double/double_aeabi.S.obj
                0x10004700                __wrap___aeabi_d2uiz
                0x10004700                double2uint
 .text.__wrap___aeabi_l2d
                0x10004718       0x18 CMakeFiles/pio-bdm.dir/C_/Pico/pico-sdk/src/rp2_common/pico_double/double_aeabi.S.obj
                0x10004718                __wrap___aeabi_l2d
 .text.__wrap___aeabi_d2lz
                0x10004730       0x26 CMakeFiles/pio-bdm.dir/C_/Pico/pico-sdk/src/rp2_common/pico_double/double_aeabi.S.obj
                0x10004730                double2int64_z
                0x10004730                __wrap___aeabi_d2lz
 *fill*         0x10004756        0x2 
 .text.double2int64
                0x10004758       0x18 CMakeFiles/pio-bdm.dir/C_/Pico/pico-sdk/src/rp2_common/pico_double/double_aeabi.S.obj
                0x10004758                double2int64
 .text.double2ufix64
                0x10004770       0x18 CMakeFiles/pio-bdm.dir/C_/Pico/pico-sdk/src/rp2_common/pico_double/double_aeabi.S.obj
                0x10004770                double2ufix64
 .text.__wrap___aeabi_d2f
                0x10004788       0x18 CMakeFiles/pio-bdm.dir/C_/Pico/pico-sdk/src/rp2_common/pico_double/double_aeabi.S.obj
                0x10004788                __wrap___aeabi_d2f
 .text.__aeabi_double_init
                0x100047a0       0xc8 CMakeFiles/pio-bdm.dir/C_/Pico/pico-sdk/src/rp2_common/pico_double/double_init_rom.c.obj
                0x100047a0                __aeabi_double_init
 .text.double_table_shim_on_use_helper
                0x10004868       0x34 CMakeFiles/pio-bdm.dir/C_/Pico/pico-sdk/src/rp2_common/pico_double/double_v1_rom_shim.S.obj
                0x10004868                double_table_shim_on_use_helper
 .text.__wrap___aeabi_dsub
                0x1000489c       0x10 CMakeFiles/pio-bdm.dir/C_/Pico/pico-sdk/src/rp2_common/pico_double/double_v1_rom_shim.S.obj
                0x1000489c                drsub_shim
                0x100048a2                dsub_shim
 .text.dadd_shim
                0x100048ac      0x15c CMakeFiles/pio-bdm.dir/C_/Pico/pico-sdk/src/rp2_common/pico_double/double_v1_rom_shim.S.obj
                0x100048ac                dadd_shim
 .text.dmul_shim
                0x10004a08      0x15c CMakeFiles/pio-bdm.dir/C_/Pico/pico-sdk/src/rp2_common/pico_double/double_v1_rom_shim.S.obj
                0x10004a08                dmul_shim
 .text.ddiv_shim
                0x10004b64      0x1b0 CMakeFiles/pio-bdm.dir/C_/Pico/pico-sdk/src/rp2_common/pico_double/double_v1_rom_shim.S.obj
                0x10004b64                ddiv_shim
 .text.double2uint_shim
                0x10004d14        0xe CMakeFiles/pio-bdm.dir/C_/Pico/pico-sdk/src/rp2_common/pico_double/double_v1_rom_shim.S.obj
                0x10004d14                double2uint_shim
                0x10004d16                double2ufix_shim
 .text.double2int64_shim
                0x10004d22       0x1a CMakeFiles/pio-bdm.dir/C_/Pico/pico-sdk/src/rp2_common/pico_double/double_v1_rom_shim.S.obj
                0x10004d22                double2int64_shim
                0x10004d24                double2fix64_shim
 .text.double2uint64_shim
                0x10004d3c       0x70 CMakeFiles/pio-bdm.dir/C_/Pico/pico-sdk/src/rp2_common/pico_double/double_v1_rom_shim.S.obj
                0x10004d3c                double2uint64_shim
                0x10004d3e                double2ufix64_shim
                0x10004d5e                d2fix_a
 .text.double2float_shim
                0x10004dac       0x5c CMakeFiles/pio-bdm.dir/C_/Pico/pico-sdk/src/rp2_common/pico_double/double_v1_rom_shim.S.obj
                0x10004dac                double2float_shim
 .text.x2double_shims
                0x10004e08       0x90 CMakeFiles/pio-bdm.dir/C_/Pico/pico-sdk/src/rp2_common/pico_double/double_v1_rom_shim.S.obj
                0x10004e08                uint2double_shim
                0x10004e0a                ufix2double_shim
                0x10004e10                int2double_shim
                0x10004e12                fix2double_shim
                0x10004e18                uint642double_shim
                0x10004e1a                ufix642double_shim
                0x10004e20                int642double_shim
                0x10004e22                fix642double_shim
 .text.dunpacks
                0x10004e98       0x3c CMakeFiles/pio-bdm.dir/C_/Pico/pico-sdk/src/rp2_common/pico_double/double_v1_rom_shim.S.obj
                0x10004e98                dunpacks
 .text.__aeabi_lmul
                0x10004ed4       0x32 CMakeFiles/pio-bdm.dir/C_/Pico/pico-sdk/src/rp2_common/pico_int64_ops/pico_int64_ops_aeabi.S.obj
                0x10004ed4                __wrap___aeabi_lmul
 *fill*         0x10004f06        0x2 
 .text.__wrap___aeabi_farithmetic
                0x10004f08       0x58 CMakeFiles/pio-bdm.dir/C_/Pico/pico-sdk/src/rp2_common/pico_float/float_aeabi.S.obj
                0x10004f08                __wrap___aeabi_frsub
                0x10004f0e                __wrap___aeabi_fsub
                0x10004f18                __wrap___aeabi_fadd
                0x10004f22                __wrap___aeabi_fdiv
                0x10004f4e                __wrap___aeabi_fmul
 .text.__wrap___aeabi_ui2f
                0x10004f60        0xa CMakeFiles/pio-bdm.dir/C_/Pico/pico-sdk/src/rp2_common/pico_float/float_aeabi.S.obj
                0x10004f60                __wrap___aeabi_ui2f
 *fill*         0x10004f6a        0x2 
 .text.__wrap___aeabi_i2f
                0x10004f6c       0x44 CMakeFiles/pio-bdm.dir/C_/Pico/pico-sdk/src/rp2_common/pico_float/float_aeabi.S.obj
                0x10004f6c                __wrap___aeabi_i2f
 .text.__wrap___aeabi_f2uiz
                0x10004fb0       0x10 CMakeFiles/pio-bdm.dir/C_/Pico/pico-sdk/src/rp2_common/pico_float/float_aeabi.S.obj
                0x10004fb0                __wrap___aeabi_f2uiz
 .text.__aeabi_float_init
                0x10004fc0       0xfc CMakeFiles/pio-bdm.dir/C_/Pico/pico-sdk/src/rp2_common/pico_float/float_init_rom.c.obj
                0x10004fc0                __aeabi_float_init
 .text.float_table_shim_on_use_helper
                0x100050bc       0x34 CMakeFiles/pio-bdm.dir/C_/Pico/pico-sdk/src/rp2_common/pico_float/float_v1_rom_shim.S.obj
                0x100050bc                float_table_shim_on_use_helper
 .text.__wrap_malloc
                0x100050f0       0x24 CMakeFiles/pio-bdm.dir/C_/Pico/pico-sdk/src/rp2_common/pico_malloc/pico_malloc.c.obj
                0x100050f0                __wrap_malloc
 .text.__wrap_realloc
                0x10005114       0x24 CMakeFiles/pio-bdm.dir/C_/Pico/pico-sdk/src/rp2_common/pico_malloc/pico_malloc.c.obj
                0x10005114                __wrap_realloc
 .text.__wrap_free
                0x10005138        0x8 CMakeFiles/pio-bdm.dir/C_/Pico/pico-sdk/src/rp2_common/pico_malloc/pico_malloc.c.obj
                0x10005138                __wrap_free
 .text          0x10005140       0x10 CMakeFiles/pio-bdm.dir/C_/Pico/pico-sdk/src/rp2_common/pico_mem_ops/mem_ops_aeabi.S.obj
                0x10005140                __aeabi_mem_init
 .text.memset   0x10005150        0xc CMakeFiles/pio-bdm.dir/C_/Pico/pico-sdk/src/rp2_common/pico_mem_ops/mem_ops_aeabi.S.obj
                0x10005150                __wrap_memset
 .text.memcpy   0x1000515c        0xc CMakeFiles/pio-bdm.dir/C_/Pico/pico-sdk/src/rp2_common/pico_mem_ops/mem_ops_aeabi.S.obj
                0x1000515c                __wrap_memcpy
                0x1000515c                __wrap___aeabi_memcpy
 .text.stdio_out_chars_no_crlf
                0x10005168        0xe CMakeFiles/pio-bdm.dir/C_/Pico/pico-sdk/src/rp2_common/pico_stdio/stdio.c.obj
 *fill*         0x10005176        0x2 
 .text.stdio_out_chars_crlf
                0x10005178       0x80 CMakeFiles/pio-bdm.dir/C_/Pico/pico-sdk/src/rp2_common/pico_stdio/stdio.c.obj
 .text.stdio_stack_buffer_flush
                0x100051f8       0x44 CMakeFiles/pio-bdm.dir/C_/Pico/pico-sdk/src/rp2_common/pico_stdio/stdio.c.obj
 .text.stdio_buffered_printer
                0x1000523c       0x20 CMakeFiles/pio-bdm.dir/C_/Pico/pico-sdk/src/rp2_common/pico_stdio/stdio.c.obj
 .text.stdio_get_until
                0x1000525c       0x80 CMakeFiles/pio-bdm.dir/C_/Pico/pico-sdk/src/rp2_common/pico_stdio/stdio.c.obj
 .text.stdout_serialize_begin
                0x100052dc       0x30 CMakeFiles/pio-bdm.dir/C_/Pico/pico-sdk/src/rp2_common/pico_stdio/stdio.c.obj
                0x100052dc                stdout_serialize_begin
 .text.stdout_serialize_end
                0x1000530c       0x10 CMakeFiles/pio-bdm.dir/C_/Pico/pico-sdk/src/rp2_common/pico_stdio/stdio.c.obj
                0x1000530c                stdout_serialize_end
 .text.stdio_put_string
                0x1000531c       0x98 CMakeFiles/pio-bdm.dir/C_/Pico/pico-sdk/src/rp2_common/pico_stdio/stdio.c.obj
 .text.__wrap_putchar
                0x100053b4       0x1c CMakeFiles/pio-bdm.dir/C_/Pico/pico-sdk/src/rp2_common/pico_stdio/stdio.c.obj
                0x100053b4                __wrap_putchar
 .text._read    0x100053d0       0x24 CMakeFiles/pio-bdm.dir/C_/Pico/pico-sdk/src/rp2_common/pico_stdio/stdio.c.obj
                0x100053d0                _read
 .text._write   0x100053f4       0x22 CMakeFiles/pio-bdm.dir/C_/Pico/pico-sdk/src/rp2_common/pico_stdio/stdio.c.obj
                0x100053f4                _write
 *fill*         0x10005416        0x2 
 .text.stdio_set_driver_enabled
                0x10005418       0x2c CMakeFiles/pio-bdm.dir/C_/Pico/pico-sdk/src/rp2_common/pico_stdio/stdio.c.obj
                0x10005418                stdio_set_driver_enabled
 .text.stdio_flush
                0x10005444       0x20 CMakeFiles/pio-bdm.dir/C_/Pico/pico-sdk/src/rp2_common/pico_stdio/stdio.c.obj
                0x10005444                stdio_flush
 .text.__wrap_puts
                0x10005464       0x1e CMakeFiles/pio-bdm.dir/C_/Pico/pico-sdk/src/rp2_common/pico_stdio/stdio.c.obj
                0x10005464                __wrap_puts
 *fill*         0x10005482        0x2 
 .text.__wrap_vprintf
                0x10005484       0x44 CMakeFiles/pio-bdm.dir/C_/Pico/pico-sdk/src/rp2_common/pico_stdio/stdio.c.obj
                0x10005484                __wrap_vprintf
 .text.__wrap_printf
                0x100054c8       0x18 CMakeFiles/pio-bdm.dir/C_/Pico/pico-sdk/src/rp2_common/pico_stdio/stdio.c.obj
                0x100054c8                __wrap_printf
 .text.stdio_init_all
                0x100054e0        0x8 CMakeFiles/pio-bdm.dir/C_/Pico/pico-sdk/src/rp2_common/pico_stdio/stdio.c.obj
                0x100054e0                stdio_init_all
 .text.resetd_init
                0x100054e8        0x2 CMakeFiles/pio-bdm.dir/C_/Pico/pico-sdk/src/rp2_common/pico_stdio_usb/reset_interface.c.obj
 *fill*         0x100054ea        0x2 
 .text.resetd_reset
                0x100054ec        0xc CMakeFiles/pio-bdm.dir/C_/Pico/pico-sdk/src/rp2_common/pico_stdio_usb/reset_interface.c.obj
 .text.resetd_open
                0x100054f8       0x34 CMakeFiles/pio-bdm.dir/C_/Pico/pico-sdk/src/rp2_common/pico_stdio_usb/reset_interface.c.obj
 .text.resetd_xfer_cb
                0x1000552c        0x4 CMakeFiles/pio-bdm.dir/C_/Pico/pico-sdk/src/rp2_common/pico_stdio_usb/reset_interface.c.obj
 .text.reset_usb_boot
                0x10005530       0x18 CMakeFiles/pio-bdm.dir/C_/Pico/pico-sdk/src/rp2_common/pico_stdio_usb/reset_interface.c.obj
 .text.resetd_control_xfer_cb
                0x10005548       0x5c CMakeFiles/pio-bdm.dir/C_/Pico/pico-sdk/src/rp2_common/pico_stdio_usb/reset_interface.c.obj
 .text.usbd_app_driver_get_cb
                0x100055a4        0xc CMakeFiles/pio-bdm.dir/C_/Pico/pico-sdk/src/rp2_common/pico_stdio_usb/reset_interface.c.obj
                0x100055a4                usbd_app_driver_get_cb
 .text.tud_cdc_line_coding_cb
                0x100055b0       0x28 CMakeFiles/pio-bdm.dir/C_/Pico/pico-sdk/src/rp2_common/pico_stdio_usb/reset_interface.c.obj
                0x100055b0                tud_cdc_line_coding_cb
 .text.stdio_usb_in_chars
                0x100055d8       0x70 CMakeFiles/pio-bdm.dir/C_/Pico/pico-sdk/src/rp2_common/pico_stdio_usb/stdio_usb.c.obj
                0x100055d8                stdio_usb_in_chars
 .text.low_priority_worker_irq
                0x10005648       0x20 CMakeFiles/pio-bdm.dir/C_/Pico/pico-sdk/src/rp2_common/pico_stdio_usb/stdio_usb.c.obj
 .text.stdio_usb_out_chars
                0x10005668       0xd4 CMakeFiles/pio-bdm.dir/C_/Pico/pico-sdk/src/rp2_common/pico_stdio_usb/stdio_usb.c.obj
 .text.timer_task
                0x1000573c       0x40 CMakeFiles/pio-bdm.dir/C_/Pico/pico-sdk/src/rp2_common/pico_stdio_usb/stdio_usb.c.obj
 .text.usb_irq  0x1000577c       0x10 CMakeFiles/pio-bdm.dir/C_/Pico/pico-sdk/src/rp2_common/pico_stdio_usb/stdio_usb.c.obj
 .text.stdio_usb_init
                0x1000578c       0xec CMakeFiles/pio-bdm.dir/C_/Pico/pico-sdk/src/rp2_common/pico_stdio_usb/stdio_usb.c.obj
                0x1000578c                stdio_usb_init
 .text.tud_descriptor_device_cb
                0x10005878        0x8 CMakeFiles/pio-bdm.dir/C_/Pico/pico-sdk/src/rp2_common/pico_stdio_usb/stdio_usb_descriptors.c.obj
                0x10005878                tud_descriptor_device_cb
 .text.tud_descriptor_configuration_cb
                0x10005880        0x8 CMakeFiles/pio-bdm.dir/C_/Pico/pico-sdk/src/rp2_common/pico_stdio_usb/stdio_usb_descriptors.c.obj
                0x10005880                tud_descriptor_configuration_cb
 .text.tud_descriptor_string_cb
                0x10005888       0x6c CMakeFiles/pio-bdm.dir/C_/Pico/pico-sdk/src/rp2_common/pico_stdio_usb/stdio_usb_descriptors.c.obj
                0x10005888                tud_descriptor_string_cb
 .text.hw_endpoint_get_by_addr
                0x100058f4       0x18 CMakeFiles/pio-bdm.dir/C_/Pico/pico-sdk/lib/tinyusb/src/portable/raspberrypi/rp2040/dcd_rp2040.c.obj
 .text.reset_ep0_pid
                0x1000590c       0x28 CMakeFiles/pio-bdm.dir/C_/Pico/pico-sdk/lib/tinyusb/src/portable/raspberrypi/rp2040/dcd_rp2040.c.obj
 .text._hw_endpoint_alloc
                0x10005934       0x70 CMakeFiles/pio-bdm.dir/C_/Pico/pico-sdk/lib/tinyusb/src/portable/raspberrypi/rp2040/dcd_rp2040.c.obj
 .text.hw_endpoint_init
                0x100059a4       0x88 CMakeFiles/pio-bdm.dir/C_/Pico/pico-sdk/lib/tinyusb/src/portable/raspberrypi/rp2040/dcd_rp2040.c.obj
 .text.reset_non_control_endpoints
                0x10005a2c       0x40 CMakeFiles/pio-bdm.dir/C_/Pico/pico-sdk/lib/tinyusb/src/portable/raspberrypi/rp2040/dcd_rp2040.c.obj
 .text.hw_handle_buff_status
                0x10005a6c       0x8c CMakeFiles/pio-bdm.dir/C_/Pico/pico-sdk/lib/tinyusb/src/portable/raspberrypi/rp2040/dcd_rp2040.c.obj
 .text.dcd_rp2040_irq
                0x10005af8       0xc0 CMakeFiles/pio-bdm.dir/C_/Pico/pico-sdk/lib/tinyusb/src/portable/raspberrypi/rp2040/dcd_rp2040.c.obj
 .text.hw_endpoint_xfer
                0x10005bb8       0x14 CMakeFiles/pio-bdm.dir/C_/Pico/pico-sdk/lib/tinyusb/src/portable/raspberrypi/rp2040/dcd_rp2040.c.obj
 .text.dcd_int_enable
                0x10005bcc       0x2c CMakeFiles/pio-bdm.dir/C_/Pico/pico-sdk/lib/tinyusb/src/portable/raspberrypi/rp2040/dcd_rp2040.c.obj
                0x10005bcc                dcd_int_enable
 .text.dcd_set_address
                0x10005bf8       0x2c CMakeFiles/pio-bdm.dir/C_/Pico/pico-sdk/lib/tinyusb/src/portable/raspberrypi/rp2040/dcd_rp2040.c.obj
                0x10005bf8                dcd_set_address
 .text.dcd_connect
                0x10005c24       0x10 CMakeFiles/pio-bdm.dir/C_/Pico/pico-sdk/lib/tinyusb/src/portable/raspberrypi/rp2040/dcd_rp2040.c.obj
                0x10005c24                dcd_connect
 .text.dcd_init
                0x10005c34       0x7c CMakeFiles/pio-bdm.dir/C_/Pico/pico-sdk/lib/tinyusb/src/portable/raspberrypi/rp2040/dcd_rp2040.c.obj
                0x10005c34                dcd_init
 .text.dcd_edpt0_status_complete
                0x10005cb0       0x1c CMakeFiles/pio-bdm.dir/C_/Pico/pico-sdk/lib/tinyusb/src/portable/raspberrypi/rp2040/dcd_rp2040.c.obj
                0x10005cb0                dcd_edpt0_status_complete
 .text.dcd_edpt_open
                0x10005ccc       0x40 CMakeFiles/pio-bdm.dir/C_/Pico/pico-sdk/lib/tinyusb/src/portable/raspberrypi/rp2040/dcd_rp2040.c.obj
                0x10005ccc                dcd_edpt_open
 .text.dcd_edpt_close_all
                0x10005d0c        0x8 CMakeFiles/pio-bdm.dir/C_/Pico/pico-sdk/lib/tinyusb/src/portable/raspberrypi/rp2040/dcd_rp2040.c.obj
                0x10005d0c                dcd_edpt_close_all
 .text.dcd_edpt_xfer
                0x10005d14       0x30 CMakeFiles/pio-bdm.dir/C_/Pico/pico-sdk/lib/tinyusb/src/portable/raspberrypi/rp2040/dcd_rp2040.c.obj
                0x10005d14                dcd_edpt_xfer
 .text.dcd_edpt_stall
                0x10005d44       0x2c CMakeFiles/pio-bdm.dir/C_/Pico/pico-sdk/lib/tinyusb/src/portable/raspberrypi/rp2040/dcd_rp2040.c.obj
                0x10005d44                dcd_edpt_stall
 .text.dcd_edpt_clear_stall
                0x10005d70       0x20 CMakeFiles/pio-bdm.dir/C_/Pico/pico-sdk/lib/tinyusb/src/portable/raspberrypi/rp2040/dcd_rp2040.c.obj
                0x10005d70                dcd_edpt_clear_stall
 .text.prepare_ep_buffer
                0x10005d90       0x70 CMakeFiles/pio-bdm.dir/C_/Pico/pico-sdk/lib/tinyusb/src/portable/raspberrypi/rp2040/rp2040_usb.c.obj
 .text.sync_ep_buffer
                0x10005e00       0x7c CMakeFiles/pio-bdm.dir/C_/Pico/pico-sdk/lib/tinyusb/src/portable/raspberrypi/rp2040/rp2040_usb.c.obj
 .text._hw_endpoint_xfer_sync
                0x10005e7c       0x28 CMakeFiles/pio-bdm.dir/C_/Pico/pico-sdk/lib/tinyusb/src/portable/raspberrypi/rp2040/rp2040_usb.c.obj
 .text.rp2040_usb_init
                0x10005ea4       0x4c CMakeFiles/pio-bdm.dir/C_/Pico/pico-sdk/lib/tinyusb/src/portable/raspberrypi/rp2040/rp2040_usb.c.obj
                0x10005ea4                rp2040_usb_init
 .text.hw_endpoint_reset_transfer
                0x10005ef0        0xc CMakeFiles/pio-bdm.dir/C_/Pico/pico-sdk/lib/tinyusb/src/portable/raspberrypi/rp2040/rp2040_usb.c.obj
                0x10005ef0                hw_endpoint_reset_transfer
 .text._hw_endpoint_buffer_control_update32
                0x10005efc       0x58 CMakeFiles/pio-bdm.dir/C_/Pico/pico-sdk/lib/tinyusb/src/portable/raspberrypi/rp2040/rp2040_usb.c.obj
                0x10005efc                _hw_endpoint_buffer_control_update32
 .text._hw_endpoint_start_next_buffer
                0x10005f54       0x74 CMakeFiles/pio-bdm.dir/C_/Pico/pico-sdk/lib/tinyusb/src/portable/raspberrypi/rp2040/rp2040_usb.c.obj
 .text.hw_endpoint_xfer_start
                0x10005fc8       0x48 CMakeFiles/pio-bdm.dir/C_/Pico/pico-sdk/lib/tinyusb/src/portable/raspberrypi/rp2040/rp2040_usb.c.obj
                0x10005fc8                hw_endpoint_xfer_start
 .text.hw_endpoint_xfer_continue
                0x10006010       0x38 CMakeFiles/pio-bdm.dir/C_/Pico/pico-sdk/lib/tinyusb/src/portable/raspberrypi/rp2040/rp2040_usb.c.obj
                0x10006010                hw_endpoint_xfer_continue
 .text.configuration_reset
                0x10006048       0x84 CMakeFiles/pio-bdm.dir/C_/Pico/pico-sdk/lib/tinyusb/src/device/usbd.c.obj
 .text.usbd_reset
                0x100060cc        0xc CMakeFiles/pio-bdm.dir/C_/Pico/pico-sdk/lib/tinyusb/src/device/usbd.c.obj
 .text.invoke_class_control
                0x100060d8       0x1a CMakeFiles/pio-bdm.dir/C_/Pico/pico-sdk/lib/tinyusb/src/device/usbd.c.obj
 *fill*         0x100060f2        0x2 
 .text.process_set_config
                0x100060f4      0x1b0 CMakeFiles/pio-bdm.dir/C_/Pico/pico-sdk/lib/tinyusb/src/device/usbd.c.obj
 .text.process_get_descriptor
                0x100062a4       0xec CMakeFiles/pio-bdm.dir/C_/Pico/pico-sdk/lib/tinyusb/src/device/usbd.c.obj
 .text.tud_mounted
                0x10006390       0x10 CMakeFiles/pio-bdm.dir/C_/Pico/pico-sdk/lib/tinyusb/src/device/usbd.c.obj
                0x10006390                tud_mounted
 .text.tud_suspended
                0x100063a0       0x10 CMakeFiles/pio-bdm.dir/C_/Pico/pico-sdk/lib/tinyusb/src/device/usbd.c.obj
                0x100063a0                tud_suspended
 .text.tud_inited
                0x100063b0        0xc CMakeFiles/pio-bdm.dir/C_/Pico/pico-sdk/lib/tinyusb/src/device/usbd.c.obj
                0x100063b0                tud_inited
 .text.tud_init
                0x100063bc       0xcc CMakeFiles/pio-bdm.dir/C_/Pico/pico-sdk/lib/tinyusb/src/device/usbd.c.obj
                0x100063bc                tud_init
 .text.dcd_event_handler
                0x10006488      0x1e0 CMakeFiles/pio-bdm.dir/C_/Pico/pico-sdk/lib/tinyusb/src/device/usbd.c.obj
                0x10006488                dcd_event_handler
 .text.dcd_event_bus_signal
                0x10006668       0x26 CMakeFiles/pio-bdm.dir/C_/Pico/pico-sdk/lib/tinyusb/src/device/usbd.c.obj
                0x10006668                dcd_event_bus_signal
 .text.dcd_event_bus_reset
                0x1000668e       0x2a CMakeFiles/pio-bdm.dir/C_/Pico/pico-sdk/lib/tinyusb/src/device/usbd.c.obj
                0x1000668e                dcd_event_bus_reset
 .text.dcd_event_setup_received
                0x100066b8       0x34 CMakeFiles/pio-bdm.dir/C_/Pico/pico-sdk/lib/tinyusb/src/device/usbd.c.obj
                0x100066b8                dcd_event_setup_received
 .text.dcd_event_xfer_complete
                0x100066ec       0x44 CMakeFiles/pio-bdm.dir/C_/Pico/pico-sdk/lib/tinyusb/src/device/usbd.c.obj
                0x100066ec                dcd_event_xfer_complete
 .text.usbd_edpt_open
                0x10006730       0x58 CMakeFiles/pio-bdm.dir/C_/Pico/pico-sdk/lib/tinyusb/src/device/usbd.c.obj
                0x10006730                usbd_edpt_open
 .text.usbd_open_edpt_pair
                0x10006788       0x8c CMakeFiles/pio-bdm.dir/C_/Pico/pico-sdk/lib/tinyusb/src/device/usbd.c.obj
                0x10006788                usbd_open_edpt_pair
 .text.usbd_edpt_claim
                0x10006814       0x8c CMakeFiles/pio-bdm.dir/C_/Pico/pico-sdk/lib/tinyusb/src/device/usbd.c.obj
                0x10006814                usbd_edpt_claim
 .text.usbd_edpt_release
                0x100068a0       0x68 CMakeFiles/pio-bdm.dir/C_/Pico/pico-sdk/lib/tinyusb/src/device/usbd.c.obj
                0x100068a0                usbd_edpt_release
 .text.usbd_edpt_xfer
                0x10006908       0x80 CMakeFiles/pio-bdm.dir/C_/Pico/pico-sdk/lib/tinyusb/src/device/usbd.c.obj
                0x10006908                usbd_edpt_xfer
 .text.usbd_edpt_stall
                0x10006988       0x40 CMakeFiles/pio-bdm.dir/C_/Pico/pico-sdk/lib/tinyusb/src/device/usbd.c.obj
                0x10006988                usbd_edpt_stall
 .text.usbd_edpt_clear_stall
                0x100069c8       0x40 CMakeFiles/pio-bdm.dir/C_/Pico/pico-sdk/lib/tinyusb/src/device/usbd.c.obj
                0x100069c8                usbd_edpt_clear_stall
 .text.usbd_edpt_stalled
                0x10006a08       0x1c CMakeFiles/pio-bdm.dir/C_/Pico/pico-sdk/lib/tinyusb/src/device/usbd.c.obj
                0x10006a08                usbd_edpt_stalled
 .text.process_control_request
                0x10006a24      0x3b8 CMakeFiles/pio-bdm.dir/C_/Pico/pico-sdk/lib/tinyusb/src/device/usbd.c.obj
 .text.tud_task
                0x10006ddc      0x218 CMakeFiles/pio-bdm.dir/C_/Pico/pico-sdk/lib/tinyusb/src/device/usbd.c.obj
                0x10006ddc                tud_task
 .text._data_stage_xact
                0x10006ff4       0x58 CMakeFiles/pio-bdm.dir/C_/Pico/pico-sdk/lib/tinyusb/src/device/usbd_control.c.obj
 .text.tud_control_status
                0x1000704c       0x38 CMakeFiles/pio-bdm.dir/C_/Pico/pico-sdk/lib/tinyusb/src/device/usbd_control.c.obj
                0x1000704c                tud_control_status
 .text.tud_control_xfer
                0x10007084       0xa8 CMakeFiles/pio-bdm.dir/C_/Pico/pico-sdk/lib/tinyusb/src/device/usbd_control.c.obj
                0x10007084                tud_control_xfer
 .text.usbd_control_reset
                0x1000712c       0x14 CMakeFiles/pio-bdm.dir/C_/Pico/pico-sdk/lib/tinyusb/src/device/usbd_control.c.obj
                0x1000712c                usbd_control_reset
 .text.usbd_control_set_complete_callback
                0x10007140        0xc CMakeFiles/pio-bdm.dir/C_/Pico/pico-sdk/lib/tinyusb/src/device/usbd_control.c.obj
                0x10007140                usbd_control_set_complete_callback
 .text.usbd_control_set_request
                0x1000714c       0x1c CMakeFiles/pio-bdm.dir/C_/Pico/pico-sdk/lib/tinyusb/src/device/usbd_control.c.obj
                0x1000714c                usbd_control_set_request
 .text.usbd_control_xfer_cb
                0x10007168       0xfc CMakeFiles/pio-bdm.dir/C_/Pico/pico-sdk/lib/tinyusb/src/device/usbd_control.c.obj
                0x10007168                usbd_control_xfer_cb
 .text._prep_out_transaction
                0x10007264       0x46 CMakeFiles/pio-bdm.dir/C_/Pico/pico-sdk/lib/tinyusb/src/class/cdc/cdc_device.c.obj
 *fill*         0x100072aa        0x2 
 .text.tud_cdc_n_connected
                0x100072ac       0x44 CMakeFiles/pio-bdm.dir/C_/Pico/pico-sdk/lib/tinyusb/src/class/cdc/cdc_device.c.obj
                0x100072ac                tud_cdc_n_connected
 .text.tud_cdc_n_available
                0x100072f0       0x18 CMakeFiles/pio-bdm.dir/C_/Pico/pico-sdk/lib/tinyusb/src/class/cdc/cdc_device.c.obj
                0x100072f0                tud_cdc_n_available
 .text.tud_cdc_n_read
                0x10007308       0x28 CMakeFiles/pio-bdm.dir/C_/Pico/pico-sdk/lib/tinyusb/src/class/cdc/cdc_device.c.obj
                0x10007308                tud_cdc_n_read
 .text.tud_cdc_n_write_flush
                0x10007330       0xcc CMakeFiles/pio-bdm.dir/C_/Pico/pico-sdk/lib/tinyusb/src/class/cdc/cdc_device.c.obj
                0x10007330                tud_cdc_n_write_flush
 .text.tud_cdc_n_write
                0x100073fc       0x38 CMakeFiles/pio-bdm.dir/C_/Pico/pico-sdk/lib/tinyusb/src/class/cdc/cdc_device.c.obj
                0x100073fc                tud_cdc_n_write
 .text.tud_cdc_n_write_available
                0x10007434       0x1c CMakeFiles/pio-bdm.dir/C_/Pico/pico-sdk/lib/tinyusb/src/class/cdc/cdc_device.c.obj
                0x10007434                tud_cdc_n_write_available
 .text.cdcd_init
                0x10007450       0xbc CMakeFiles/pio-bdm.dir/C_/Pico/pico-sdk/lib/tinyusb/src/class/cdc/cdc_device.c.obj
                0x10007450                cdcd_init
 .text.cdcd_reset
                0x1000750c       0x44 CMakeFiles/pio-bdm.dir/C_/Pico/pico-sdk/lib/tinyusb/src/class/cdc/cdc_device.c.obj
                0x1000750c                cdcd_reset
 .text.cdcd_open
                0x10007550       0xf8 CMakeFiles/pio-bdm.dir/C_/Pico/pico-sdk/lib/tinyusb/src/class/cdc/cdc_device.c.obj
                0x10007550                cdcd_open
 .text.cdcd_control_xfer_cb
                0x10007648      0x134 CMakeFiles/pio-bdm.dir/C_/Pico/pico-sdk/lib/tinyusb/src/class/cdc/cdc_device.c.obj
                0x10007648                cdcd_control_xfer_cb
 .text.cdcd_xfer_cb
                0x1000777c      0x144 CMakeFiles/pio-bdm.dir/C_/Pico/pico-sdk/lib/tinyusb/src/class/cdc/cdc_device.c.obj
                0x1000777c                cdcd_xfer_cb
 .text.tusb_init
                0x100078c0       0x24 CMakeFiles/pio-bdm.dir/C_/Pico/pico-sdk/lib/tinyusb/src/tusb.c.obj
                0x100078c0                tusb_init
 .text.tusb_inited
                0x100078e4        0xe CMakeFiles/pio-bdm.dir/C_/Pico/pico-sdk/lib/tinyusb/src/tusb.c.obj
                0x100078e4                tusb_inited
 *fill*         0x100078f2        0x2 
 .text.tu_edpt_validate
                0x100078f4       0xa8 CMakeFiles/pio-bdm.dir/C_/Pico/pico-sdk/lib/tinyusb/src/tusb.c.obj
                0x100078f4                tu_edpt_validate
 .text.tu_edpt_bind_driver
                0x1000799c       0x2a CMakeFiles/pio-bdm.dir/C_/Pico/pico-sdk/lib/tinyusb/src/tusb.c.obj
                0x1000799c                tu_edpt_bind_driver
 .text.advance_pointer
                0x100079c6       0x18 CMakeFiles/pio-bdm.dir/C_/Pico/pico-sdk/lib/tinyusb/src/common/tusb_fifo.c.obj
 .text.backward_pointer
                0x100079de       0x1e CMakeFiles/pio-bdm.dir/C_/Pico/pico-sdk/lib/tinyusb/src/common/tusb_fifo.c.obj
 .text.get_relative_pointer
                0x100079fc       0x10 CMakeFiles/pio-bdm.dir/C_/Pico/pico-sdk/lib/tinyusb/src/common/tusb_fifo.c.obj
 .text._tu_fifo_peek
                0x10007a0c       0x50 CMakeFiles/pio-bdm.dir/C_/Pico/pico-sdk/lib/tinyusb/src/common/tusb_fifo.c.obj
 .text._ff_pull_const_addr
                0x10007a5c       0x4c CMakeFiles/pio-bdm.dir/C_/Pico/pico-sdk/lib/tinyusb/src/common/tusb_fifo.c.obj
 .text._ff_pull_n
                0x10007aa8      0x10c CMakeFiles/pio-bdm.dir/C_/Pico/pico-sdk/lib/tinyusb/src/common/tusb_fifo.c.obj
 .text._tu_fifo_peek_n
                0x10007bb4       0x5e CMakeFiles/pio-bdm.dir/C_/Pico/pico-sdk/lib/tinyusb/src/common/tusb_fifo.c.obj
 .text._tu_fifo_read_n
                0x10007c12       0x4e CMakeFiles/pio-bdm.dir/C_/Pico/pico-sdk/lib/tinyusb/src/common/tusb_fifo.c.obj
 .text._ff_push_const_addr
                0x10007c60       0x40 CMakeFiles/pio-bdm.dir/C_/Pico/pico-sdk/lib/tinyusb/src/common/tusb_fifo.c.obj
 .text._ff_push_n
                0x10007ca0      0x108 CMakeFiles/pio-bdm.dir/C_/Pico/pico-sdk/lib/tinyusb/src/common/tusb_fifo.c.obj
 .text._tu_fifo_write_n
                0x10007da8       0x9e CMakeFiles/pio-bdm.dir/C_/Pico/pico-sdk/lib/tinyusb/src/common/tusb_fifo.c.obj
 .text.tu_fifo_config
                0x10007e46       0x72 CMakeFiles/pio-bdm.dir/C_/Pico/pico-sdk/lib/tinyusb/src/common/tusb_fifo.c.obj
                0x10007e46                tu_fifo_config
 .text.tu_fifo_count
                0x10007eb8       0x26 CMakeFiles/pio-bdm.dir/C_/Pico/pico-sdk/lib/tinyusb/src/common/tusb_fifo.c.obj
                0x10007eb8                tu_fifo_count
 .text.tu_fifo_empty
                0x10007ede       0x10 CMakeFiles/pio-bdm.dir/C_/Pico/pico-sdk/lib/tinyusb/src/common/tusb_fifo.c.obj
                0x10007ede                tu_fifo_empty
 .text.tu_fifo_remaining
                0x10007eee       0x20 CMakeFiles/pio-bdm.dir/C_/Pico/pico-sdk/lib/tinyusb/src/common/tusb_fifo.c.obj
                0x10007eee                tu_fifo_remaining
 .text.tu_fifo_read
                0x10007f0e       0x42 CMakeFiles/pio-bdm.dir/C_/Pico/pico-sdk/lib/tinyusb/src/common/tusb_fifo.c.obj
                0x10007f0e                tu_fifo_read
 .text.tu_fifo_read_n
                0x10007f50        0xa CMakeFiles/pio-bdm.dir/C_/Pico/pico-sdk/lib/tinyusb/src/common/tusb_fifo.c.obj
                0x10007f50                tu_fifo_read_n
 .text.tu_fifo_write
                0x10007f5a       0x6c CMakeFiles/pio-bdm.dir/C_/Pico/pico-sdk/lib/tinyusb/src/common/tusb_fifo.c.obj
                0x10007f5a                tu_fifo_write
 .text.tu_fifo_write_n
                0x10007fc6        0xa CMakeFiles/pio-bdm.dir/C_/Pico/pico-sdk/lib/tinyusb/src/common/tusb_fifo.c.obj
                0x10007fc6                tu_fifo_write_n
 .text.tu_fifo_clear
                0x10007fd0       0x4c CMakeFiles/pio-bdm.dir/C_/Pico/pico-sdk/lib/tinyusb/src/common/tusb_fifo.c.obj
                0x10007fd0                tu_fifo_clear
 .text.tu_fifo_set_overwritable
                0x1000801c       0x3c CMakeFiles/pio-bdm.dir/C_/Pico/pico-sdk/lib/tinyusb/src/common/tusb_fifo.c.obj
                0x1000801c                tu_fifo_set_overwritable
 .text._retrieve_unique_id_on_boot
                0x10008058       0x10 CMakeFiles/pio-bdm.dir/C_/Pico/pico-sdk/src/rp2_common/pico_unique_id/unique_id.c.obj
 .text.pico_get_unique_board_id_string
                0x10008068       0x60 CMakeFiles/pio-bdm.dir/C_/Pico/pico-sdk/src/rp2_common/pico_unique_id/unique_id.c.obj
                0x10008068                pico_get_unique_board_id_string
 .text.flash_get_unique_id
                0x100080c8       0x46 CMakeFiles/pio-bdm.dir/C_/Pico/pico-sdk/src/rp2_common/hardware_flash/flash.c.obj
                0x100080c8                flash_get_unique_id
 *fill*         0x1000810e        0x2 
 .text._pio_can_add_program_at_offset
                0x10008110       0x3c CMakeFiles/pio-bdm.dir/C_/Pico/pico-sdk/src/rp2_common/hardware_pio/pio.c.obj
 .text._pio_find_offset_for_program
                0x1000814c       0x7c CMakeFiles/pio-bdm.dir/C_/Pico/pico-sdk/src/rp2_common/hardware_pio/pio.c.obj
 .text._pio_add_program_at_offset
                0x100081c8       0x78 CMakeFiles/pio-bdm.dir/C_/Pico/pico-sdk/src/rp2_common/hardware_pio/pio.c.obj
 .text.pio_claim_unused_sm
                0x10008240       0x3c CMakeFiles/pio-bdm.dir/C_/Pico/pico-sdk/src/rp2_common/hardware_pio/pio.c.obj
                0x10008240                pio_claim_unused_sm
 .text.pio_add_program
                0x1000827c       0x38 CMakeFiles/pio-bdm.dir/C_/Pico/pico-sdk/src/rp2_common/hardware_pio/pio.c.obj
                0x1000827c                pio_add_program
 .text.pio_clear_instruction_memory
                0x100082b4       0x3c CMakeFiles/pio-bdm.dir/C_/Pico/pico-sdk/src/rp2_common/hardware_pio/pio.c.obj
                0x100082b4                pio_clear_instruction_memory
 .text.pio_sm_set_consecutive_pindirs
                0x100082f0       0x70 CMakeFiles/pio-bdm.dir/C_/Pico/pico-sdk/src/rp2_common/hardware_pio/pio.c.obj
                0x100082f0                pio_sm_set_consecutive_pindirs
 .text.pio_sm_init
                0x10008360       0xe4 CMakeFiles/pio-bdm.dir/C_/Pico/pico-sdk/src/rp2_common/hardware_pio/pio.c.obj
                0x10008360                pio_sm_init
 .text._calloc_r
                0x10008444       0x9c c:/progra~2/gnuarm~1/102021~1.10/bin/../lib/gcc/arm-none-eabi/10.3.1/../../../../arm-none-eabi/lib/thumb/v6-m/nofp\libg.a(lib_a-callocr.o)
                0x10008444                _calloc_r
 .text.__errno  0x100084e0        0xc c:/progra~2/gnuarm~1/102021~1.10/bin/../lib/gcc/arm-none-eabi/10.3.1/../../../../arm-none-eabi/lib/thumb/v6-m/nofp\libg.a(lib_a-errno.o)
                0x100084e0                __errno
 .text.malloc   0x100084ec       0x14 c:/progra~2/gnuarm~1/102021~1.10/bin/../lib/gcc/arm-none-eabi/10.3.1/../../../../arm-none-eabi/lib/thumb/v6-m/nofp\libg.a(lib_a-malloc.o)
                0x100084ec                malloc
 .text.free     0x10008500       0x14 c:/progra~2/gnuarm~1/102021~1.10/bin/../lib/gcc/arm-none-eabi/10.3.1/../../../../arm-none-eabi/lib/thumb/v6-m/nofp\libg.a(lib_a-malloc.o)
                0x10008500                free
 .text._malloc_r
                0x10008514      0x584 c:/progra~2/gnuarm~1/102021~1.10/bin/../lib/gcc/arm-none-eabi/10.3.1/../../../../arm-none-eabi/lib/thumb/v6-m/nofp\libg.a(lib_a-mallocr.o)
                0x10008514                _malloc_r
 .text.__malloc_lock
                0x10008a98       0x10 c:/progra~2/gnuarm~1/102021~1.10/bin/../lib/gcc/arm-none-eabi/10.3.1/../../../../arm-none-eabi/lib/thumb/v6-m/nofp\libg.a(lib_a-mlock.o)
                0x10008a98                __malloc_lock
 .text.__malloc_unlock
                0x10008aa8       0x10 c:/progra~2/gnuarm~1/102021~1.10/bin/../lib/gcc/arm-none-eabi/10.3.1/../../../../arm-none-eabi/lib/thumb/v6-m/nofp\libg.a(lib_a-mlock.o)
                0x10008aa8                __malloc_unlock
 .text.realloc  0x10008ab8       0x18 c:/progra~2/gnuarm~1/102021~1.10/bin/../lib/gcc/arm-none-eabi/10.3.1/../../../../arm-none-eabi/lib/thumb/v6-m/nofp\libg.a(lib_a-realloc.o)
                0x10008ab8                realloc
 .text._realloc_r
                0x10008ad0      0x354 c:/progra~2/gnuarm~1/102021~1.10/bin/../lib/gcc/arm-none-eabi/10.3.1/../../../../arm-none-eabi/lib/thumb/v6-m/nofp\libg.a(lib_a-reallocr.o)
                0x10008ad0                _realloc_r
 .text._sbrk_r  0x10008e24       0x24 c:/progra~2/gnuarm~1/102021~1.10/bin/../lib/gcc/arm-none-eabi/10.3.1/../../../../arm-none-eabi/lib/thumb/v6-m/nofp\libg.a(lib_a-sbrkr.o)
                0x10008e24                _sbrk_r
 .text.scanf    0x10008e48       0x24 c:/progra~2/gnuarm~1/102021~1.10/bin/../lib/gcc/arm-none-eabi/10.3.1/../../../../arm-none-eabi/lib/thumb/v6-m/nofp\libg.a(lib_a-scanf.o)
                0x10008e48                scanf
 .text.strlen   0x10008e6c       0x5c c:/progra~2/gnuarm~1/102021~1.10/bin/../lib/gcc/arm-none-eabi/10.3.1/../../../../arm-none-eabi/lib/thumb/v6-m/nofp\libg.a(lib_a-strlen-stub.o)
                0x10008e6c                strlen
 .text.__strtok_r
                0x10008ec8       0x6c c:/progra~2/gnuarm~1/102021~1.10/bin/../lib/gcc/arm-none-eabi/10.3.1/../../../../arm-none-eabi/lib/thumb/v6-m/nofp\libg.a(lib_a-strtok_r.o)
                0x10008ec8                __strtok_r
 .text.strtok_r
                0x10008f34        0xc c:/progra~2/gnuarm~1/102021~1.10/bin/../lib/gcc/arm-none-eabi/10.3.1/../../../../arm-none-eabi/lib/thumb/v6-m/nofp\libg.a(lib_a-strtok_r.o)
                0x10008f34                strtok_r
 .text._strtol_l.part.0
                0x10008f40      0x144 c:/progra~2/gnuarm~1/102021~1.10/bin/../lib/gcc/arm-none-eabi/10.3.1/../../../../arm-none-eabi/lib/thumb/v6-m/nofp\libg.a(lib_a-strtol.o)
 .text._strtol_r
                0x10009084       0x1c c:/progra~2/gnuarm~1/102021~1.10/bin/../lib/gcc/arm-none-eabi/10.3.1/../../../../arm-none-eabi/lib/thumb/v6-m/nofp\libg.a(lib_a-strtol.o)
                0x10009084                _strtol_r
 .text.strtol   0x100090a0       0x2c c:/progra~2/gnuarm~1/102021~1.10/bin/../lib/gcc/arm-none-eabi/10.3.1/../../../../arm-none-eabi/lib/thumb/v6-m/nofp\libg.a(lib_a-strtol.o)
                0x100090a0                strtol
 .text.__svfscanf_r
                0x100090cc     0x17d8 c:/progra~2/gnuarm~1/102021~1.10/bin/../lib/gcc/arm-none-eabi/10.3.1/../../../../arm-none-eabi/lib/thumb/v6-m/nofp\libg.a(lib_a-vfscanf.o)
                0x100090cc                __svfscanf_r
 .text._vfscanf_r
                0x1000a8a4       0x28 c:/progra~2/gnuarm~1/102021~1.10/bin/../lib/gcc/arm-none-eabi/10.3.1/../../../../arm-none-eabi/lib/thumb/v6-m/nofp\libg.a(lib_a-vfscanf.o)
                0x1000a8a4                _vfscanf_r
 .text._cleanup_r
                0x1000a8cc       0x10 c:/progra~2/gnuarm~1/102021~1.10/bin/../lib/gcc/arm-none-eabi/10.3.1/../../../../arm-none-eabi/lib/thumb/v6-m/nofp\libg.a(lib_a-findfp.o)
                0x1000a8cc                _cleanup_r
 .text.__sinit  0x1000a8dc      0x120 c:/progra~2/gnuarm~1/102021~1.10/bin/../lib/gcc/arm-none-eabi/10.3.1/../../../../arm-none-eabi/lib/thumb/v6-m/nofp\libg.a(lib_a-findfp.o)
                0x1000a8dc                __sinit
 .text.__sfp_lock_acquire
                0x1000a9fc       0x10 c:/progra~2/gnuarm~1/102021~1.10/bin/../lib/gcc/arm-none-eabi/10.3.1/../../../../arm-none-eabi/lib/thumb/v6-m/nofp\libg.a(lib_a-findfp.o)
                0x1000a9fc                __sfp_lock_acquire
 .text.__sfp_lock_release
                0x1000aa0c       0x10 c:/progra~2/gnuarm~1/102021~1.10/bin/../lib/gcc/arm-none-eabi/10.3.1/../../../../arm-none-eabi/lib/thumb/v6-m/nofp\libg.a(lib_a-findfp.o)
                0x1000aa0c                __sfp_lock_release
 .text._fread_r
                0x1000aa1c      0x1bc c:/progra~2/gnuarm~1/102021~1.10/bin/../lib/gcc/arm-none-eabi/10.3.1/../../../../arm-none-eabi/lib/thumb/v6-m/nofp\libg.a(lib_a-fread.o)
                0x1000aa1c                _fread_r
 .text._malloc_trim_r
                0x1000abd8       0x9c c:/progra~2/gnuarm~1/102021~1.10/bin/../lib/gcc/arm-none-eabi/10.3.1/../../../../arm-none-eabi/lib/thumb/v6-m/nofp\libg.a(lib_a-freer.o)
                0x1000abd8                _malloc_trim_r
 .text._free_r  0x1000ac74      0x1c4 c:/progra~2/gnuarm~1/102021~1.10/bin/../lib/gcc/arm-none-eabi/10.3.1/../../../../arm-none-eabi/lib/thumb/v6-m/nofp\libg.a(lib_a-freer.o)
                0x1000ac74                _free_r
 .text._fwalk   0x1000ae38       0x40 c:/progra~2/gnuarm~1/102021~1.10/bin/../lib/gcc/arm-none-eabi/10.3.1/../../../../arm-none-eabi/lib/thumb/v6-m/nofp\libg.a(lib_a-fwalk.o)
                0x1000ae38                _fwalk
 .text._fwalk_reent
                0x1000ae78       0x48 c:/progra~2/gnuarm~1/102021~1.10/bin/../lib/gcc/arm-none-eabi/10.3.1/../../../../arm-none-eabi/lib/thumb/v6-m/nofp\libg.a(lib_a-fwalk.o)
                0x1000ae78                _fwalk_reent
 .text.iswspace
                0x1000aec0        0xc c:/progra~2/gnuarm~1/102021~1.10/bin/../lib/gcc/arm-none-eabi/10.3.1/../../../../arm-none-eabi/lib/thumb/v6-m/nofp\libg.a(lib_a-iswspace.o)
                0x1000aec0                iswspace
 .text.iswspace_l
                0x1000aecc       0x18 c:/progra~2/gnuarm~1/102021~1.10/bin/../lib/gcc/arm-none-eabi/10.3.1/../../../../arm-none-eabi/lib/thumb/v6-m/nofp\libg.a(lib_a-iswspace_l.o)
                0x1000aecc                iswspace_l
 .text.__locale_mb_cur_max
                0x1000aee4       0x10 c:/progra~2/gnuarm~1/102021~1.10/bin/../lib/gcc/arm-none-eabi/10.3.1/../../../../arm-none-eabi/lib/thumb/v6-m/nofp\libg.a(lib_a-locale.o)
                0x1000aee4                __locale_mb_cur_max
 .text._localeconv_r
                0x1000aef4        0x8 c:/progra~2/gnuarm~1/102021~1.10/bin/../lib/gcc/arm-none-eabi/10.3.1/../../../../arm-none-eabi/lib/thumb/v6-m/nofp\libg.a(lib_a-localeconv.o)
                0x1000aef4                _localeconv_r
 .text.__retarget_lock_init_recursive
                0x1000aefc        0x4 c:/progra~2/gnuarm~1/102021~1.10/bin/../lib/gcc/arm-none-eabi/10.3.1/../../../../arm-none-eabi/lib/thumb/v6-m/nofp\libg.a(lib_a-lock.o)
                0x1000aefc                __retarget_lock_init_recursive
 .text.__retarget_lock_close_recursive
                0x1000af00        0x4 c:/progra~2/gnuarm~1/102021~1.10/bin/../lib/gcc/arm-none-eabi/10.3.1/../../../../arm-none-eabi/lib/thumb/v6-m/nofp\libg.a(lib_a-lock.o)
                0x1000af00                __retarget_lock_close_recursive
 .text.__retarget_lock_acquire_recursive
                0x1000af04        0x4 c:/progra~2/gnuarm~1/102021~1.10/bin/../lib/gcc/arm-none-eabi/10.3.1/../../../../arm-none-eabi/lib/thumb/v6-m/nofp\libg.a(lib_a-lock.o)
                0x1000af04                __retarget_lock_acquire_recursive
 .text.__retarget_lock_release_recursive
                0x1000af08        0x4 c:/progra~2/gnuarm~1/102021~1.10/bin/../lib/gcc/arm-none-eabi/10.3.1/../../../../arm-none-eabi/lib/thumb/v6-m/nofp\libg.a(lib_a-lock.o)
                0x1000af08                __retarget_lock_release_recursive
 .text._mbrtowc_r
                0x1000af0c       0x4c c:/progra~2/gnuarm~1/102021~1.10/bin/../lib/gcc/arm-none-eabi/10.3.1/../../../../arm-none-eabi/lib/thumb/v6-m/nofp\libg.a(lib_a-mbrtowc.o)
                0x1000af0c                _mbrtowc_r
 .text.__ascii_mbtowc
                0x1000af58       0x2c c:/progra~2/gnuarm~1/102021~1.10/bin/../lib/gcc/arm-none-eabi/10.3.1/../../../../arm-none-eabi/lib/thumb/v6-m/nofp\libg.a(lib_a-mbtowc_r.o)
                0x1000af58                __ascii_mbtowc
 .text.memmove  0x1000af84       0xac c:/progra~2/gnuarm~1/102021~1.10/bin/../lib/gcc/arm-none-eabi/10.3.1/../../../../arm-none-eabi/lib/thumb/v6-m/nofp\libg.a(lib_a-memmove.o)
                0x1000af84                memmove
 .text.lflush   0x1000b030       0x1c c:/progra~2/gnuarm~1/102021~1.10/bin/../lib/gcc/arm-none-eabi/10.3.1/../../../../arm-none-eabi/lib/thumb/v6-m/nofp\libg.a(lib_a-refill.o)
 .text.__srefill_r
                0x1000b04c      0x124 c:/progra~2/gnuarm~1/102021~1.10/bin/../lib/gcc/arm-none-eabi/10.3.1/../../../../arm-none-eabi/lib/thumb/v6-m/nofp\libg.a(lib_a-refill.o)
                0x1000b04c                __srefill_r
 .text.__sccl   0x1000b170       0x80 c:/progra~2/gnuarm~1/102021~1.10/bin/../lib/gcc/arm-none-eabi/10.3.1/../../../../arm-none-eabi/lib/thumb/v6-m/nofp\libg.a(lib_a-sccl.o)
                0x1000b170                __sccl
 .text.nanf     0x1000b1f0        0x8 c:/progra~2/gnuarm~1/102021~1.10/bin/../lib/gcc/arm-none-eabi/10.3.1/../../../../arm-none-eabi/lib/thumb/v6-m/nofp\libg.a(lib_a-sf_nan.o)
                0x1000b1f0                nanf
 .text.__sread  0x1000b1f8       0x28 c:/progra~2/gnuarm~1/102021~1.10/bin/../lib/gcc/arm-none-eabi/10.3.1/../../../../arm-none-eabi/lib/thumb/v6-m/nofp\libg.a(lib_a-stdio.o)
                0x1000b1f8                __sread
 .text.__swrite
                0x1000b220       0x40 c:/progra~2/gnuarm~1/102021~1.10/bin/../lib/gcc/arm-none-eabi/10.3.1/../../../../arm-none-eabi/lib/thumb/v6-m/nofp\libg.a(lib_a-stdio.o)
                0x1000b220                __swrite
 .text.__sseek  0x1000b260       0x2c c:/progra~2/gnuarm~1/102021~1.10/bin/../lib/gcc/arm-none-eabi/10.3.1/../../../../arm-none-eabi/lib/thumb/v6-m/nofp\libg.a(lib_a-stdio.o)
                0x1000b260                __sseek
 .text.__sclose
                0x1000b28c        0xc c:/progra~2/gnuarm~1/102021~1.10/bin/../lib/gcc/arm-none-eabi/10.3.1/../../../../arm-none-eabi/lib/thumb/v6-m/nofp\libg.a(lib_a-stdio.o)
                0x1000b28c                __sclose
 .text._strtod_l
                0x1000b298      0xf78 c:/progra~2/gnuarm~1/102021~1.10/bin/../lib/gcc/arm-none-eabi/10.3.1/../../../../arm-none-eabi/lib/thumb/v6-m/nofp\libg.a(lib_a-strtod.o)
                0x1000b298                _strtod_l
 .text._strtod_r
                0x1000c210       0x10 c:/progra~2/gnuarm~1/102021~1.10/bin/../lib/gcc/arm-none-eabi/10.3.1/../../../../arm-none-eabi/lib/thumb/v6-m/nofp\libg.a(lib_a-strtod.o)
                0x1000c210                _strtod_r
 .text._strtoll_l.constprop.0
                0x1000c220      0x198 c:/progra~2/gnuarm~1/102021~1.10/bin/../lib/gcc/arm-none-eabi/10.3.1/../../../../arm-none-eabi/lib/thumb/v6-m/nofp\libg.a(lib_a-strtoll.o)
 .text._strtoll_r
                0x1000c3b8        0x8 c:/progra~2/gnuarm~1/102021~1.10/bin/../lib/gcc/arm-none-eabi/10.3.1/../../../../arm-none-eabi/lib/thumb/v6-m/nofp\libg.a(lib_a-strtoll.o)
                0x1000c3b8                _strtoll_r
 .text._strtoul_l.constprop.0
                0x1000c3c0      0x148 c:/progra~2/gnuarm~1/102021~1.10/bin/../lib/gcc/arm-none-eabi/10.3.1/../../../../arm-none-eabi/lib/thumb/v6-m/nofp\libg.a(lib_a-strtoul.o)
 .text._strtoul_r
                0x1000c508        0x8 c:/progra~2/gnuarm~1/102021~1.10/bin/../lib/gcc/arm-none-eabi/10.3.1/../../../../arm-none-eabi/lib/thumb/v6-m/nofp\libg.a(lib_a-strtoul.o)
                0x1000c508                _strtoul_r
 .text._strtoull_l.constprop.0
                0x1000c510      0x1bc c:/progra~2/gnuarm~1/102021~1.10/bin/../lib/gcc/arm-none-eabi/10.3.1/../../../../arm-none-eabi/lib/thumb/v6-m/nofp\libg.a(lib_a-strtoull.o)
 .text._strtoull_r
                0x1000c6cc        0x8 c:/progra~2/gnuarm~1/102021~1.10/bin/../lib/gcc/arm-none-eabi/10.3.1/../../../../arm-none-eabi/lib/thumb/v6-m/nofp\libg.a(lib_a-strtoull.o)
                0x1000c6cc                _strtoull_r
 .text.__submore
                0x1000c6d4       0x84 c:/progra~2/gnuarm~1/102021~1.10/bin/../lib/gcc/arm-none-eabi/10.3.1/../../../../arm-none-eabi/lib/thumb/v6-m/nofp\libg.a(lib_a-ungetc.o)
                0x1000c6d4                __submore
 .text._ungetc_r
                0x1000c758      0x138 c:/progra~2/gnuarm~1/102021~1.10/bin/../lib/gcc/arm-none-eabi/10.3.1/../../../../arm-none-eabi/lib/thumb/v6-m/nofp\libg.a(lib_a-ungetc.o)
                0x1000c758                _ungetc_r
 .text.__ascii_wctomb
                0x1000c890       0x1c c:/progra~2/gnuarm~1/102021~1.10/bin/../lib/gcc/arm-none-eabi/10.3.1/../../../../arm-none-eabi/lib/thumb/v6-m/nofp\libg.a(lib_a-wctomb_r.o)
                0x1000c890                __ascii_wctomb
 .text._write_r
                0x1000c8ac       0x28 c:/progra~2/gnuarm~1/102021~1.10/bin/../lib/gcc/arm-none-eabi/10.3.1/../../../../arm-none-eabi/lib/thumb/v6-m/nofp\libg.a(lib_a-writer.o)
                0x1000c8ac                _write_r
 .text._close_r
                0x1000c8d4       0x24 c:/progra~2/gnuarm~1/102021~1.10/bin/../lib/gcc/arm-none-eabi/10.3.1/../../../../arm-none-eabi/lib/thumb/v6-m/nofp\libg.a(lib_a-closer.o)
                0x1000c8d4                _close_r
 .text._fclose_r
                0x1000c8f8       0xdc c:/progra~2/gnuarm~1/102021~1.10/bin/../lib/gcc/arm-none-eabi/10.3.1/../../../../arm-none-eabi/lib/thumb/v6-m/nofp\libg.a(lib_a-fclose.o)
                0x1000c8f8                _fclose_r
 .text.__sflush_r
                0x1000c9d4      0x140 c:/progra~2/gnuarm~1/102021~1.10/bin/../lib/gcc/arm-none-eabi/10.3.1/../../../../arm-none-eabi/lib/thumb/v6-m/nofp\libg.a(lib_a-fflush.o)
                0x1000c9d4                __sflush_r
 .text._fflush_r
                0x1000cb14       0x6c c:/progra~2/gnuarm~1/102021~1.10/bin/../lib/gcc/arm-none-eabi/10.3.1/../../../../arm-none-eabi/lib/thumb/v6-m/nofp\libg.a(lib_a-fflush.o)
                0x1000cb14                _fflush_r
 .text.fflush   0x1000cb80       0x78 c:/progra~2/gnuarm~1/102021~1.10/bin/../lib/gcc/arm-none-eabi/10.3.1/../../../../arm-none-eabi/lib/thumb/v6-m/nofp\libg.a(lib_a-fflush.o)
                0x1000cb80                fflush
 .text.rshift   0x1000cbf8       0xa4 c:/progra~2/gnuarm~1/102021~1.10/bin/../lib/gcc/arm-none-eabi/10.3.1/../../../../arm-none-eabi/lib/thumb/v6-m/nofp\libg.a(lib_a-gdtoa-gethex.o)
 .text.__gethex
                0x1000cc9c      0x5cc c:/progra~2/gnuarm~1/102021~1.10/bin/../lib/gcc/arm-none-eabi/10.3.1/../../../../arm-none-eabi/lib/thumb/v6-m/nofp\libg.a(lib_a-gdtoa-gethex.o)
                0x1000cc9c                __gethex
 .text.__match  0x1000d268       0x2c c:/progra~2/gnuarm~1/102021~1.10/bin/../lib/gcc/arm-none-eabi/10.3.1/../../../../arm-none-eabi/lib/thumb/v6-m/nofp\libg.a(lib_a-gdtoa-hexnan.o)
                0x1000d268                __match
 .text.__hexnan
                0x1000d294      0x1d0 c:/progra~2/gnuarm~1/102021~1.10/bin/../lib/gcc/arm-none-eabi/10.3.1/../../../../arm-none-eabi/lib/thumb/v6-m/nofp\libg.a(lib_a-gdtoa-hexnan.o)
                0x1000d294                __hexnan
 .text._lseek_r
                0x1000d464       0x28 c:/progra~2/gnuarm~1/102021~1.10/bin/../lib/gcc/arm-none-eabi/10.3.1/../../../../arm-none-eabi/lib/thumb/v6-m/nofp\libg.a(lib_a-lseekr.o)
                0x1000d464                _lseek_r
 .text.__smakebuf_r
                0x1000d48c       0xe4 c:/progra~2/gnuarm~1/102021~1.10/bin/../lib/gcc/arm-none-eabi/10.3.1/../../../../arm-none-eabi/lib/thumb/v6-m/nofp\libg.a(lib_a-makebuf.o)
                0x1000d48c                __smakebuf_r
 .text._Balloc  0x1000d570       0x50 c:/progra~2/gnuarm~1/102021~1.10/bin/../lib/gcc/arm-none-eabi/10.3.1/../../../../arm-none-eabi/lib/thumb/v6-m/nofp\libg.a(lib_a-mprec.o)
                0x1000d570                _Balloc
 .text._Bfree   0x1000d5c0       0x14 c:/progra~2/gnuarm~1/102021~1.10/bin/../lib/gcc/arm-none-eabi/10.3.1/../../../../arm-none-eabi/lib/thumb/v6-m/nofp\libg.a(lib_a-mprec.o)
                0x1000d5c0                _Bfree
 .text.__multadd
                0x1000d5d4       0xa8 c:/progra~2/gnuarm~1/102021~1.10/bin/../lib/gcc/arm-none-eabi/10.3.1/../../../../arm-none-eabi/lib/thumb/v6-m/nofp\libg.a(lib_a-mprec.o)
                0x1000d5d4                __multadd
 .text.__s2b    0x1000d67c       0xb0 c:/progra~2/gnuarm~1/102021~1.10/bin/../lib/gcc/arm-none-eabi/10.3.1/../../../../arm-none-eabi/lib/thumb/v6-m/nofp\libg.a(lib_a-mprec.o)
                0x1000d67c                __s2b
 .text.__hi0bits
                0x1000d72c       0x38 c:/progra~2/gnuarm~1/102021~1.10/bin/../lib/gcc/arm-none-eabi/10.3.1/../../../../arm-none-eabi/lib/thumb/v6-m/nofp\libg.a(lib_a-mprec.o)
                0x1000d72c                __hi0bits
 .text.__lo0bits
                0x1000d764       0x5c c:/progra~2/gnuarm~1/102021~1.10/bin/../lib/gcc/arm-none-eabi/10.3.1/../../../../arm-none-eabi/lib/thumb/v6-m/nofp\libg.a(lib_a-mprec.o)
                0x1000d764                __lo0bits
 .text.__i2b    0x1000d7c0       0x60 c:/progra~2/gnuarm~1/102021~1.10/bin/../lib/gcc/arm-none-eabi/10.3.1/../../../../arm-none-eabi/lib/thumb/v6-m/nofp\libg.a(lib_a-mprec.o)
                0x1000d7c0                __i2b
 .text.__multiply
                0x1000d820      0x1a4 c:/progra~2/gnuarm~1/102021~1.10/bin/../lib/gcc/arm-none-eabi/10.3.1/../../../../arm-none-eabi/lib/thumb/v6-m/nofp\libg.a(lib_a-mprec.o)
                0x1000d820                __multiply
 .text.__pow5mult
                0x1000d9c4       0xd8 c:/progra~2/gnuarm~1/102021~1.10/bin/../lib/gcc/arm-none-eabi/10.3.1/../../../../arm-none-eabi/lib/thumb/v6-m/nofp\libg.a(lib_a-mprec.o)
                0x1000d9c4                __pow5mult
 .text.__lshift
                0x1000da9c       0xfc c:/progra~2/gnuarm~1/102021~1.10/bin/../lib/gcc/arm-none-eabi/10.3.1/../../../../arm-none-eabi/lib/thumb/v6-m/nofp\libg.a(lib_a-mprec.o)
                0x1000da9c                __lshift
 .text.__mcmp   0x1000db98       0x34 c:/progra~2/gnuarm~1/102021~1.10/bin/../lib/gcc/arm-none-eabi/10.3.1/../../../../arm-none-eabi/lib/thumb/v6-m/nofp\libg.a(lib_a-mprec.o)
                0x1000db98                __mcmp
 .text.__mdiff  0x1000dbcc      0x18c c:/progra~2/gnuarm~1/102021~1.10/bin/../lib/gcc/arm-none-eabi/10.3.1/../../../../arm-none-eabi/lib/thumb/v6-m/nofp\libg.a(lib_a-mprec.o)
                0x1000dbcc                __mdiff
 .text.__ulp    0x1000dd58       0x48 c:/progra~2/gnuarm~1/102021~1.10/bin/../lib/gcc/arm-none-eabi/10.3.1/../../../../arm-none-eabi/lib/thumb/v6-m/nofp\libg.a(lib_a-mprec.o)
                0x1000dd58                __ulp
 .text.__b2d    0x1000dda0       0xc8 c:/progra~2/gnuarm~1/102021~1.10/bin/../lib/gcc/arm-none-eabi/10.3.1/../../../../arm-none-eabi/lib/thumb/v6-m/nofp\libg.a(lib_a-mprec.o)
                0x1000dda0                __b2d
 .text.__d2b    0x1000de68       0xd8 c:/progra~2/gnuarm~1/102021~1.10/bin/../lib/gcc/arm-none-eabi/10.3.1/../../../../arm-none-eabi/lib/thumb/v6-m/nofp\libg.a(lib_a-mprec.o)
                0x1000de68                __d2b
 .text.__ratio  0x1000df40       0x68 c:/progra~2/gnuarm~1/102021~1.10/bin/../lib/gcc/arm-none-eabi/10.3.1/../../../../arm-none-eabi/lib/thumb/v6-m/nofp\libg.a(lib_a-mprec.o)
                0x1000df40                __ratio
 .text.__copybits
                0x1000dfa8       0x40 c:/progra~2/gnuarm~1/102021~1.10/bin/../lib/gcc/arm-none-eabi/10.3.1/../../../../arm-none-eabi/lib/thumb/v6-m/nofp\libg.a(lib_a-mprec.o)
                0x1000dfa8                __copybits
 .text.__any_on
                0x1000dfe8       0x50 c:/progra~2/gnuarm~1/102021~1.10/bin/../lib/gcc/arm-none-eabi/10.3.1/../../../../arm-none-eabi/lib/thumb/v6-m/nofp\libg.a(lib_a-mprec.o)
                0x1000dfe8                __any_on
 .text._read_r  0x1000e038       0x28 c:/progra~2/gnuarm~1/102021~1.10/bin/../lib/gcc/arm-none-eabi/10.3.1/../../../../arm-none-eabi/lib/thumb/v6-m/nofp\libg.a(lib_a-readr.o)
                0x1000e038                _read_r
 .text.nan      0x1000e060        0xc c:/progra~2/gnuarm~1/102021~1.10/bin/../lib/gcc/arm-none-eabi/10.3.1/../../../../arm-none-eabi/lib/thumb/v6-m/nofp\libg.a(lib_a-s_nan.o)
                0x1000e060                nan
 .text.strncmp  0x1000e06c       0x74 c:/progra~2/gnuarm~1/102021~1.10/bin/../lib/gcc/arm-none-eabi/10.3.1/../../../../arm-none-eabi/lib/thumb/v6-m/nofp\libg.a(lib_a-strncmp.o)
                0x1000e06c                strncmp
 .text._fstat_r
                0x1000e0e0       0x28 c:/progra~2/gnuarm~1/102021~1.10/bin/../lib/gcc/arm-none-eabi/10.3.1/../../../../arm-none-eabi/lib/thumb/v6-m/nofp\libg.a(lib_a-fstatr.o)
                0x1000e0e0                _fstat_r
 .text._isatty_r
                0x1000e108       0x24 c:/progra~2/gnuarm~1/102021~1.10/bin/../lib/gcc/arm-none-eabi/10.3.1/../../../../arm-none-eabi/lib/thumb/v6-m/nofp\libg.a(lib_a-isattyr.o)
                0x1000e108                _isatty_r
 .text._close   0x1000e12c       0x10 c:/progra~2/gnuarm~1/102021~1.10/bin/../lib/gcc/arm-none-eabi/10.3.1/../../../../arm-none-eabi/lib/thumb/v6-m/nofp\libnosys.a(close.o)
                0x1000e12c                _close
 .text._fstat   0x1000e13c       0x10 c:/progra~2/gnuarm~1/102021~1.10/bin/../lib/gcc/arm-none-eabi/10.3.1/../../../../arm-none-eabi/lib/thumb/v6-m/nofp\libnosys.a(fstat.o)
                0x1000e13c                _fstat
 .text._isatty  0x1000e14c       0x10 c:/progra~2/gnuarm~1/102021~1.10/bin/../lib/gcc/arm-none-eabi/10.3.1/../../../../arm-none-eabi/lib/thumb/v6-m/nofp\libnosys.a(isatty.o)
                0x1000e14c                _isatty
 .text._lseek   0x1000e15c       0x10 c:/progra~2/gnuarm~1/102021~1.10/bin/../lib/gcc/arm-none-eabi/10.3.1/../../../../arm-none-eabi/lib/thumb/v6-m/nofp\libnosys.a(lseek.o)
                0x1000e15c                _lseek
 *(.fini)
 .fini          0x1000e16c        0x4 c:/progra~2/gnuarm~1/102021~1.10/bin/../lib/gcc/arm-none-eabi/10.3.1/thumb/v6-m/nofp/crti.o
                0x1000e16c                _fini
 .fini.__stub   0x1000e170       0x70 linker stubs
 *crtbegin.o(.ctors)
 *crtbegin?.o(.ctors)
 *(EXCLUDE_FILE(*crtend.o *crtend?.o) .ctors)
 *(SORT_BY_NAME(.ctors.*))
 *(.ctors)
 *crtbegin.o(.dtors)
 *crtbegin?.o(.dtors)
 *(EXCLUDE_FILE(*crtend.o *crtend?.o) .dtors)
 *(SORT_BY_NAME(.dtors.*))
 *(.dtors)
 *(.eh_frame*)
 .eh_frame      0x1000e1e0        0x0 c:/progra~2/gnuarm~1/102021~1.10/bin/../lib/gcc/arm-none-eabi/10.3.1/thumb/v6-m/nofp/crtbegin.o
                0x1000e1e0                . = ALIGN (0x4)

.glue_7         0x1000e1e0        0x0
 .glue_7        0x1000e1e0        0x0 linker stubs

.glue_7t        0x1000e1e0        0x0
 .glue_7t       0x1000e1e0        0x0 linker stubs

.vfp11_veneer   0x1000e1e0        0x0
 .vfp11_veneer  0x1000e1e0        0x0 linker stubs

.v4_bx          0x1000e1e0        0x0
 .v4_bx         0x1000e1e0        0x0 linker stubs

.iplt           0x1000e1e0        0x0
 .iplt          0x1000e1e0        0x0 c:/progra~2/gnuarm~1/102021~1.10/bin/../lib/gcc/arm-none-eabi/10.3.1/thumb/v6-m/nofp/crtbegin.o

.rodata         0x1000e1e0     0x27ac
 *(EXCLUDE_FILE(*libm.a: *libc.a:*lib_a-mem*.o *libgcc.a:) .rodata*)
 .rodata.main.str1.4
                0x1000e1e0       0x96 CMakeFiles/pio-bdm.dir/main.c.obj
 *fill*         0x1000e276        0x2 
 .rodata.is_input_data_valid.str1.4
                0x1000e278        0xe CMakeFiles/pio-bdm.dir/functions.c.obj
 *fill*         0x1000e286        0x2 
 .rodata.is_command_valid
                0x1000e288      0x284 CMakeFiles/pio-bdm.dir/functions.c.obj
 .rodata.get_delay_position
                0x1000e50c      0x310 CMakeFiles/pio-bdm.dir/functions.c.obj
 .rodata.get_string.str1.4
                0x1000e81c        0x3 CMakeFiles/pio-bdm.dir/functions.c.obj
 *fill*         0x1000e81f        0x1 
 .rodata.measure_freqs.str1.4
                0x1000e820       0x9e CMakeFiles/pio-bdm.dir/pio_functions.c.obj
 *fill*         0x1000e8be        0x2 
 .rodata.start_usb_connection.str1.4
                0x1000e8c0       0x1d CMakeFiles/pio-bdm.dir/pio_functions.c.obj
 *fill*         0x1000e8dd        0x3 
 .rodata.delay.str1.4
                0x1000e8e0        0x6 CMakeFiles/pio-bdm.dir/pio_functions.c.obj
 *fill*         0x1000e8e6        0x2 
 .rodata.bdm_delay_program
                0x1000e8e8        0x6 CMakeFiles/pio-bdm.dir/pio_functions.c.obj
 *fill*         0x1000e8ee        0x2 
 .rodata.bdm_delay_program_instructions
                0x1000e8f0        0xa CMakeFiles/pio-bdm.dir/pio_functions.c.obj
 *fill*         0x1000e8fa        0x2 
 .rodata.bdm_in_program
                0x1000e8fc        0x6 CMakeFiles/pio-bdm.dir/pio_functions.c.obj
 *fill*         0x1000e902        0x2 
 .rodata.bdm_in_program_instructions
                0x1000e904       0x10 CMakeFiles/pio-bdm.dir/pio_functions.c.obj
 .rodata.bdm_out_program
                0x1000e914        0x6 CMakeFiles/pio-bdm.dir/pio_functions.c.obj
 *fill*         0x1000e91a        0x2 
 .rodata.bdm_out_program_instructions
                0x1000e91c       0x14 CMakeFiles/pio-bdm.dir/pio_functions.c.obj
 .rodata.spin_lock_claim_unused.str1.4
                0x1000e930       0x1b CMakeFiles/pio-bdm.dir/C_/Pico/pico-sdk/src/rp2_common/hardware_sync/sync.c.obj
 *fill*         0x1000e94b        0x1 
 .rodata.make_branch.str1.4
                0x1000e94c       0x63 CMakeFiles/pio-bdm.dir/C_/Pico/pico-sdk/src/rp2_common/hardware_irq/irq.c.obj
 *fill*         0x1000e9af        0x1 
 .rodata.insert_branch_and_link.str1.4
                0x1000e9b0       0x10 CMakeFiles/pio-bdm.dir/C_/Pico/pico-sdk/src/rp2_common/hardware_irq/irq.c.obj
 .rodata.irq_set_exclusive_handler.str1.4
                0x1000e9c0       0x36 CMakeFiles/pio-bdm.dir/C_/Pico/pico-sdk/src/rp2_common/hardware_irq/irq.c.obj
 *fill*         0x1000e9f6        0x2 
 .rodata.irq_add_shared_handler.str1.4
                0x1000e9f8       0xd9 CMakeFiles/pio-bdm.dir/C_/Pico/pico-sdk/src/rp2_common/hardware_irq/irq.c.obj
 *fill*         0x1000ead1        0x3 
 .rodata.irq_remove_handler.str1.4
                0x1000ead4       0x2a CMakeFiles/pio-bdm.dir/C_/Pico/pico-sdk/src/rp2_common/hardware_irq/irq.c.obj
 *fill*         0x1000eafe        0x2 
 .rodata.irq_add_tail_to_free_list.str1.4
                0x1000eb00       0x32 CMakeFiles/pio-bdm.dir/C_/Pico/pico-sdk/src/rp2_common/hardware_irq/irq.c.obj
                                 0x3a (size before relaxing)
 *fill*         0x1000eb32        0x2 
 .rodata.user_irq_claim_unused.str1.4
                0x1000eb34       0x1b CMakeFiles/pio-bdm.dir/C_/Pico/pico-sdk/src/rp2_common/hardware_irq/irq.c.obj
 *fill*         0x1000eb4f        0x1 
 .rodata.__func__.0
                0x1000eb50       0x1a CMakeFiles/pio-bdm.dir/C_/Pico/pico-sdk/src/rp2_common/hardware_irq/irq.c.obj
 *fill*         0x1000eb6a        0x2 
 .rodata.__func__.1
                0x1000eb6c       0x17 CMakeFiles/pio-bdm.dir/C_/Pico/pico-sdk/src/rp2_common/hardware_irq/irq.c.obj
 *fill*         0x1000eb83        0x1 
 .rodata.__func__.2
                0x1000eb84       0x13 CMakeFiles/pio-bdm.dir/C_/Pico/pico-sdk/src/rp2_common/hardware_irq/irq.c.obj
 *fill*         0x1000eb97        0x1 
 .rodata.__func__.3
                0x1000eb98        0xc CMakeFiles/pio-bdm.dir/C_/Pico/pico-sdk/src/rp2_common/hardware_irq/irq.c.obj
 .rodata.__func__.4
                0x1000eba4        0xf CMakeFiles/pio-bdm.dir/C_/Pico/pico-sdk/src/rp2_common/hardware_irq/irq.c.obj
 *fill*         0x1000ebb3        0x1 
 .rodata.__func__.5
                0x1000ebb4       0x17 CMakeFiles/pio-bdm.dir/C_/Pico/pico-sdk/src/rp2_common/hardware_irq/irq.c.obj
 *fill*         0x1000ebcb        0x1 
 .rodata.__func__.6
                0x1000ebcc       0x1a CMakeFiles/pio-bdm.dir/C_/Pico/pico-sdk/src/rp2_common/hardware_irq/irq.c.obj
 *fill*         0x1000ebe6        0x2 
 .rodata.repeating_timer_callback.str1.4
                0x1000ebe8       0x41 CMakeFiles/pio-bdm.dir/C_/Pico/pico-sdk/src/common/pico_time/time.c.obj
 *fill*         0x1000ec29        0x3 
 .rodata.alarm_pool_dump_key.str1.4
                0x1000ec2c       0x33 CMakeFiles/pio-bdm.dir/C_/Pico/pico-sdk/src/common/pico_time/time.c.obj
 *fill*         0x1000ec5f        0x1 
 .rodata.ph_add_child_node.str1.4
                0x1000ec60       0x8a CMakeFiles/pio-bdm.dir/C_/Pico/pico-sdk/src/common/pico_time/time.c.obj
 *fill*         0x1000ecea        0x2 
 .rodata.add_alarm_under_lock.str1.4
                0x1000ecec       0x28 CMakeFiles/pio-bdm.dir/C_/Pico/pico-sdk/src/common/pico_time/time.c.obj
                                 0x2b (size before relaxing)
 .rodata.alarm_pool_alarm_callback.str1.4
                0x1000ed14       0xda CMakeFiles/pio-bdm.dir/C_/Pico/pico-sdk/src/common/pico_time/time.c.obj
 *fill*         0x1000edee        0x2 
 .rodata.alarm_pool_get_default.str1.4
                0x1000edf0       0x21 CMakeFiles/pio-bdm.dir/C_/Pico/pico-sdk/src/common/pico_time/time.c.obj
 *fill*         0x1000ee11        0x3 
 .rodata.alarm_pool_cancel_alarm.str1.4
                0x1000ee14       0x27 CMakeFiles/pio-bdm.dir/C_/Pico/pico-sdk/src/common/pico_time/time.c.obj
 *fill*         0x1000ee3b        0x1 
 .rodata.sleep_until.str1.4
                0x1000ee3c       0x4d CMakeFiles/pio-bdm.dir/C_/Pico/pico-sdk/src/common/pico_time/time.c.obj
 *fill*         0x1000ee89        0x3 
 .rodata.__func__.1
                0x1000ee8c       0x18 CMakeFiles/pio-bdm.dir/C_/Pico/pico-sdk/src/common/pico_time/time.c.obj
 .rodata.__func__.10
                0x1000eea4       0x15 CMakeFiles/pio-bdm.dir/C_/Pico/pico-sdk/src/common/pico_time/time.c.obj
 *fill*         0x1000eeb9        0x3 
 .rodata.__func__.11
                0x1000eebc       0x1a CMakeFiles/pio-bdm.dir/C_/Pico/pico-sdk/src/common/pico_time/time.c.obj
 *fill*         0x1000eed6        0x2 
 .rodata.__func__.12